======================================================================
STARTING SLURM SAMPLED PPO CONTROL SWEEP
Comparing: Sampled E Minimization vs TD(lambda)
Start Time: 2026-09-14 09:39:40
Environments: EightRooms FourRooms-misc Whirlpool MountainCar-v0
Algorithms: sampled_E sampled_td_lambda
Seeds: 8 | Timesteps: 2048000
Critic LR Grid: 0.005 0.001 0.0003 | Actor LR Grid: 0.001 0.0003
Value Lambda Grid: 0.9 0.99 1.0
Fixed GAE Lambda: 0.9
Base Config: {"NUM_ENVS": 64, "NUM_STEPS": 256, "MINIBATCH_SIZE": 1024, "TOTAL_TIMESTEPS": 2048000, "NUM_EPOCHS": 4, "GAE_LAMBDA": 0.9}
Optimization Metric: V_start (AUC, higher is better)
======================================================================

======================================================================
Running Sampled PPO Control Sweep: Environment=EightRooms
Sweep Root Directory: results/ppo/sweeps/ppo_EightRooms_20260914_093940_sampled
======================================================================

--> [1/2] Sweeping sampled_E (LR: 0.005 0.001 0.0003 | ACTOR_LR: 0.001 0.0003 | VALUE_LAMBDA: 0.9 0.99 1.0)...
Command: /home/users/ds541/.pyenv/versions/3.10.15/envs/gymnax/bin/python scripts/sweep_pipeline.py         --policy ppo         --env-name EightRooms         --algos sampled_E         --lr-grid 0.005 0.001 0.0003         --actor-lr-grid 0.001 0.0003         --value-lambda-grid 0.9 0.99 1.0         --config '{"NUM_ENVS": 64, "NUM_STEPS": 256, "MINIBATCH_SIZE": 1024, "TOTAL_TIMESTEPS": 2048000, "NUM_EPOCHS": 4, "GAE_LAMBDA": 0.9}'         --n-seeds 8         --total-timesteps 2048000         --metric V_start         --rank-by final_window         --window-size 500         --higher-is-better         --sweep-root-dir results/ppo/sweeps/ppo_EightRooms_20260914_093940_sampled         --no-log-scale

======================================================================
STARTING SWEEP PIPELINE: PPO POLICY
Environment: EightRooms | Timesteps: 2048000 | Seeds: 8
NUM_ENVS: 64 | NUM_STEPS: 256 | MINIBATCH_SIZE: 1024 | NUM_EPOCHS: 4
Critic LR_END: None | Actor LR_END: None
Algorithms to sweep: ['sampled_E']
Ranking: final_window (higher is better)
Output Root Directory: results/ppo/sweeps/ppo_EightRooms_20260914_093940_sampled
======================================================================


[1/1] Running sweep for algorithm: sampled_E...
Env: EightRooms
Default Obs Shape: (25, 13, 2)
Obs Shape: (25, 13, 2)
Action Shape: ()

============================================================
RUNNING SWEEP: 18 configs x 8 seeds = 144 runs
Environment: EightRooms | Primary Metric: V_start
Hyperparameters: ['LR', 'VALUE_LAMBDA', 'ACTOR_LR']
Ranking By: final_window (higher is better)
============================================================

[1/18] Evaluating: LR=0.005, VALUE_LAMBDA=0.9, ACTOR_LR=0.001 ...- obs shape for initialization is  (25, 13, 2)
number of features is  16
 done (201.2s)
[2/18] Evaluating: LR=0.005, VALUE_LAMBDA=0.9, ACTOR_LR=0.0003 ... done (178.4s)
[3/18] Evaluating: LR=0.005, VALUE_LAMBDA=0.99, ACTOR_LR=0.001 ... done (178.5s)
[4/18] Evaluating: LR=0.005, VALUE_LAMBDA=0.99, ACTOR_LR=0.0003 ... done (178.9s)
[5/18] Evaluating: LR=0.005, VALUE_LAMBDA=1.0, ACTOR_LR=0.001 ... done (178.6s)
[6/18] Evaluating: LR=0.005, VALUE_LAMBDA=1.0, ACTOR_LR=0.0003 ... done (178.7s)
[7/18] Evaluating: LR=0.001, VALUE_LAMBDA=0.9, ACTOR_LR=0.001 ... done (179.1s)
[8/18] Evaluating: LR=0.001, VALUE_LAMBDA=0.9, ACTOR_LR=0.0003 ... done (179.3s)
[9/18] Evaluating: LR=0.001, VALUE_LAMBDA=0.99, ACTOR_LR=0.001 ... done (179.3s)
[10/18] Evaluating: LR=0.001, VALUE_LAMBDA=0.99, ACTOR_LR=0.0003 ... done (179.3s)
[11/18] Evaluating: LR=0.001, VALUE_LAMBDA=1.0, ACTOR_LR=0.001 ... done (179.3s)
[12/18] Evaluating: LR=0.001, VALUE_LAMBDA=1.0, ACTOR_LR=0.0003 ... done (179.4s)
[13/18] Evaluating: LR=0.0003, VALUE_LAMBDA=0.9, ACTOR_LR=0.001 ... done (179.3s)
[14/18] Evaluating: LR=0.0003, VALUE_LAMBDA=0.9, ACTOR_LR=0.0003 ... done (179.6s)
[15/18] Evaluating: LR=0.0003, VALUE_LAMBDA=0.99, ACTOR_LR=0.001 ... done (179.4s)
[16/18] Evaluating: LR=0.0003, VALUE_LAMBDA=0.99, ACTOR_LR=0.0003 ... done (179.6s)
[17/18] Evaluating: LR=0.0003, VALUE_LAMBDA=1.0, ACTOR_LR=0.001 ... done (179.4s)
[18/18] Evaluating: LR=0.0003, VALUE_LAMBDA=1.0, ACTOR_LR=0.0003 ... done (179.6s)

Tuning summary saved to results/ppo/sweeps/ppo_EightRooms_20260914_093940_sampled/sampled_E/tuning/20260914_093946/EightRooms/tuning_summary.csv
Best configuration saved to results/ppo/sweeps/ppo_EightRooms_20260914_093940_sampled/sampled_E/tuning/20260914_093946/EightRooms/best_config.json

============================================================
★ TOP CONFIGURATION: LR=0.001, VALUE_LAMBDA=1.0, ACTOR_LR=0.001 (Ranked by final_window [higher is better])
  AUC V_start:          5.2642e-01
  Final Window (125 steps): 5.2642e-01
  Final V_start:         6.1188e-01 (±1.2169e-03)
  Min V_start:           1.0655e-03
============================================================

Top 5 Configurations:
 rank  config_idx     LR  VALUE_LAMBDA  ACTOR_LR  auc_V_start  final_window_V_start  final_V_start_mean  final_V_start_std  min_V_start  max_V_start  mean_V_start
    1          10 0.0010          1.00    0.0010     0.526417              0.526417            0.611876           0.001217     0.001065     0.613291      0.526417
    2           8 0.0010          0.99    0.0010     0.521770              0.521770            0.612340           0.001981     0.001065     0.612983      0.521770
    3          16 0.0003          1.00    0.0010     0.503415              0.503415            0.613491           0.001620     0.001065     0.613498      0.503415
    4           9 0.0010          0.99    0.0003     0.493803              0.493803            0.617373           0.000823     0.001077     0.617697      0.493803
    5          11 0.0010          1.00    0.0003     0.491955              0.491955            0.617489           0.001258     0.001077     0.617627      0.491955
============================================================

Results saved to results/ppo/sweeps/ppo_EightRooms_20260914_093940_sampled/sampled_E/tuning/20260914_093946/EightRooms/out.pkl
Config saved to results/ppo/sweeps/ppo_EightRooms_20260914_093940_sampled/sampled_E/tuning/20260914_093946/EightRooms/config.json
Config saved to results/ppo/sweeps/ppo_EightRooms_20260914_093940_sampled/sampled_E/tuning/20260914_093946/EightRooms/config.json
Sweep plot saved to results/ppo/sweeps/ppo_EightRooms_20260914_093940_sampled/sampled_E/tuning/20260914_093946/EightRooms/hyperparameter_sweep_V_start.png
Best config seeds plot saved to results/ppo/sweeps/ppo_EightRooms_20260914_093940_sampled/sampled_E/tuning/20260914_093946/EightRooms/best_config_seeds.png

======================================================================
GENERATING CROSS-ALGORITHM COMPARISON
======================================================================
Comparison summary saved to results/ppo/sweeps/ppo_EightRooms_20260914_093940_sampled/comparison/comparison_summary.csv

SUMMARY OF BEST PERFORMING CONFIGURATIONS:
 Rank Algorithm                       Best Hyperparameters  AUC V_start  Final Window (125 steps)  Final V_start (Mean)  Final V_start (Std)  Min V_start  Max V_start  Seeds Run Dir
    1 sampled_E LR=0.001, VALUE_LAMBDA=1.0, ACTOR_LR=0.001     0.526417                  0.526417              0.611876             0.001217     0.001065     0.614334      8     N/A
Comparison plot saved to results/ppo/sweeps/ppo_EightRooms_20260914_093940_sampled/comparison/comparison_best_configs.png

======================================================================
SWEEP PIPELINE COMPLETED SUCCESSFULLY!
Results & Plots saved in: results/ppo/sweeps/ppo_EightRooms_20260914_093940_sampled
Comparison Plot: results/ppo/sweeps/ppo_EightRooms_20260914_093940_sampled/comparison/comparison_best_configs.png
======================================================================


--> [2/2] Sweeping sampled_td_lambda (LR: 0.005 0.001 0.0003 | ACTOR_LR: 0.001 0.0003 | VALUE_LAMBDA: 0.9 0.99 1.0)...
Command: /home/users/ds541/.pyenv/versions/3.10.15/envs/gymnax/bin/python scripts/sweep_pipeline.py         --policy ppo         --env-name EightRooms         --algos sampled_td_lambda         --lr-grid 0.005 0.001 0.0003         --actor-lr-grid 0.001 0.0003         --value-lambda-grid 0.9 0.99 1.0         --config '{"NUM_ENVS": 64, "NUM_STEPS": 256, "MINIBATCH_SIZE": 1024, "TOTAL_TIMESTEPS": 2048000, "NUM_EPOCHS": 4, "GAE_LAMBDA": 0.9}'         --n-seeds 8         --total-timesteps 2048000         --metric V_start         --rank-by final_window         --window-size 500         --higher-is-better         --sweep-root-dir results/ppo/sweeps/ppo_EightRooms_20260914_093940_sampled         --no-log-scale

======================================================================
STARTING SWEEP PIPELINE: PPO POLICY
Environment: EightRooms | Timesteps: 2048000 | Seeds: 8
NUM_ENVS: 64 | NUM_STEPS: 256 | MINIBATCH_SIZE: 1024 | NUM_EPOCHS: 4
Critic LR_END: None | Actor LR_END: None
Algorithms to sweep: ['sampled_td_lambda']
Ranking: final_window (higher is better)
Output Root Directory: results/ppo/sweeps/ppo_EightRooms_20260914_093940_sampled
======================================================================


[1/1] Running sweep for algorithm: sampled_td_lambda...
Env: EightRooms
Default Obs Shape: (25, 13, 2)
Obs Shape: (25, 13, 2)
Action Shape: ()

============================================================
RUNNING SWEEP: 18 configs x 8 seeds = 144 runs
Environment: EightRooms | Primary Metric: V_start
Hyperparameters: ['LR', 'VALUE_LAMBDA', 'ACTOR_LR']
Ranking By: final_window (higher is better)
============================================================

[1/18] Evaluating: LR=0.005, VALUE_LAMBDA=0.9, ACTOR_LR=0.001 ...- obs shape for initialization is  (25, 13, 2)
number of features is  16
 done (128.8s)
[2/18] Evaluating: LR=0.005, VALUE_LAMBDA=0.9, ACTOR_LR=0.0003 ... done (106.7s)
[3/18] Evaluating: LR=0.005, VALUE_LAMBDA=0.99, ACTOR_LR=0.001 ... done (106.8s)
[4/18] Evaluating: LR=0.005, VALUE_LAMBDA=0.99, ACTOR_LR=0.0003 ... done (107.0s)
[5/18] Evaluating: LR=0.005, VALUE_LAMBDA=1.0, ACTOR_LR=0.001 ... done (106.8s)
[6/18] Evaluating: LR=0.005, VALUE_LAMBDA=1.0, ACTOR_LR=0.0003 ... done (107.0s)
[7/18] Evaluating: LR=0.001, VALUE_LAMBDA=0.9, ACTOR_LR=0.001 ... done (107.2s)
[8/18] Evaluating: LR=0.001, VALUE_LAMBDA=0.9, ACTOR_LR=0.0003 ... done (107.3s)
[9/18] Evaluating: LR=0.001, VALUE_LAMBDA=0.99, ACTOR_LR=0.001 ... done (107.2s)
[10/18] Evaluating: LR=0.001, VALUE_LAMBDA=0.99, ACTOR_LR=0.0003 ... done (107.3s)
[11/18] Evaluating: LR=0.001, VALUE_LAMBDA=1.0, ACTOR_LR=0.001 ... done (107.2s)
[12/18] Evaluating: LR=0.001, VALUE_LAMBDA=1.0, ACTOR_LR=0.0003 ... done (107.3s)
[13/18] Evaluating: LR=0.0003, VALUE_LAMBDA=0.9, ACTOR_LR=0.001 ... done (107.3s)
[14/18] Evaluating: LR=0.0003, VALUE_LAMBDA=0.9, ACTOR_LR=0.0003 ... done (107.4s)
[15/18] Evaluating: LR=0.0003, VALUE_LAMBDA=0.99, ACTOR_LR=0.001 ... done (107.3s)
[16/18] Evaluating: LR=0.0003, VALUE_LAMBDA=0.99, ACTOR_LR=0.0003 ... done (107.4s)
[17/18] Evaluating: LR=0.0003, VALUE_LAMBDA=1.0, ACTOR_LR=0.001 ... done (107.3s)
[18/18] Evaluating: LR=0.0003, VALUE_LAMBDA=1.0, ACTOR_LR=0.0003 ... done (107.5s)

Tuning summary saved to results/ppo/sweeps/ppo_EightRooms_20260914_093940_sampled/sampled_td_lambda/tuning/20260914_103425/EightRooms/tuning_summary.csv
Best configuration saved to results/ppo/sweeps/ppo_EightRooms_20260914_093940_sampled/sampled_td_lambda/tuning/20260914_103425/EightRooms/best_config.json

============================================================
★ TOP CONFIGURATION: LR=0.001, VALUE_LAMBDA=0.99, ACTOR_LR=0.001 (Ranked by final_window [higher is better])
  AUC V_start:          5.4178e-01
  Final Window (125 steps): 5.4178e-01
  Final V_start:         6.2029e-01 (±7.9793e-04)
  Min V_start:           1.0655e-03
============================================================

Top 5 Configurations:
 rank  config_idx     LR  VALUE_LAMBDA  ACTOR_LR  auc_V_start  final_window_V_start  final_V_start_mean  final_V_start_std  min_V_start  max_V_start  mean_V_start
    1           8 0.0010          0.99     0.001     0.541779              0.541779            0.620290           0.000798     0.001065     0.620477      0.541779
    2          10 0.0010          1.00     0.001     0.539781              0.539781            0.620532           0.000892     0.001065     0.620966      0.539781
    3          14 0.0003          0.99     0.001     0.534701              0.534701            0.620838           0.000893     0.001065     0.621283      0.534701
    4          16 0.0003          1.00     0.001     0.532553              0.532553            0.620023           0.000845     0.001065     0.621073      0.532553
    5           6 0.0010          0.90     0.001     0.527248              0.527248            0.620463           0.000847     0.001065     0.621171      0.527248
============================================================

Results saved to results/ppo/sweeps/ppo_EightRooms_20260914_093940_sampled/sampled_td_lambda/tuning/20260914_103425/EightRooms/out.pkl
Config saved to results/ppo/sweeps/ppo_EightRooms_20260914_093940_sampled/sampled_td_lambda/tuning/20260914_103425/EightRooms/config.json
Config saved to results/ppo/sweeps/ppo_EightRooms_20260914_093940_sampled/sampled_td_lambda/tuning/20260914_103425/EightRooms/config.json
Sweep plot saved to results/ppo/sweeps/ppo_EightRooms_20260914_093940_sampled/sampled_td_lambda/tuning/20260914_103425/EightRooms/hyperparameter_sweep_V_start.png
Best config seeds plot saved to results/ppo/sweeps/ppo_EightRooms_20260914_093940_sampled/sampled_td_lambda/tuning/20260914_103425/EightRooms/best_config_seeds.png

======================================================================
GENERATING CROSS-ALGORITHM COMPARISON
======================================================================
Comparison summary saved to results/ppo/sweeps/ppo_EightRooms_20260914_093940_sampled/comparison/comparison_summary.csv

SUMMARY OF BEST PERFORMING CONFIGURATIONS:
 Rank         Algorithm                        Best Hyperparameters  AUC V_start  Final Window (125 steps)  Final V_start (Mean)  Final V_start (Std)  Min V_start  Max V_start  Seeds                                                                                               Run Dir
    1 sampled_td_lambda LR=0.001, VALUE_LAMBDA=0.99, ACTOR_LR=0.001     0.541779                  0.541779              0.620290             0.000798     0.001065     0.621145      8                                                                                                   N/A
    2         sampled_E  LR=0.001, VALUE_LAMBDA=1.0, ACTOR_LR=0.001     0.526417                  0.526417              0.611876             0.001217     0.001065     0.614334      8 results/ppo/sweeps/ppo_EightRooms_20260914_093940_sampled/sampled_E/tuning/20260914_093946/EightRooms
Comparison plot saved to results/ppo/sweeps/ppo_EightRooms_20260914_093940_sampled/comparison/comparison_best_configs.png

======================================================================
SWEEP PIPELINE COMPLETED SUCCESSFULLY!
Results & Plots saved in: results/ppo/sweeps/ppo_EightRooms_20260914_093940_sampled
Comparison Plot: results/ppo/sweeps/ppo_EightRooms_20260914_093940_sampled/comparison/comparison_best_configs.png
======================================================================


--> Generating Final Cross-Algorithm Comparison Plot & Summary...
usage: analyze_sweeps.py [-h] [--sweep-dir SWEEP_DIR]
                         [--policy {fixed,random,ppo,hybrid}]
                         [--env-name ENV_NAME] [--metric METRIC]
                         [--use-geom-mean]
                         [--rank-by {auc,final_window,final_step,min,max}]
                         [--rank-order {lower,higher}] [--higher-is-better]
                         [--window-size WINDOW_SIZE] [--linear-scale]
analyze_sweeps.py: error: unrecognized arguments: --final-window 500

======================================================================
Running Sampled PPO Control Sweep: Environment=FourRooms-misc
Sweep Root Directory: results/ppo/sweeps/ppo_FourRooms-misc_20260914_110726_sampled
======================================================================

--> [1/2] Sweeping sampled_E (LR: 0.005 0.001 0.0003 | ACTOR_LR: 0.001 0.0003 | VALUE_LAMBDA: 0.9 0.99 1.0)...
Command: /home/users/ds541/.pyenv/versions/3.10.15/envs/gymnax/bin/python scripts/sweep_pipeline.py         --policy ppo         --env-name FourRooms-misc         --algos sampled_E         --lr-grid 0.005 0.001 0.0003         --actor-lr-grid 0.001 0.0003         --value-lambda-grid 0.9 0.99 1.0         --config '{"NUM_ENVS": 64, "NUM_STEPS": 256, "MINIBATCH_SIZE": 1024, "TOTAL_TIMESTEPS": 2048000, "NUM_EPOCHS": 4, "GAE_LAMBDA": 0.9}'         --n-seeds 8         --total-timesteps 2048000         --metric V_start         --rank-by final_window         --window-size 500         --higher-is-better         --sweep-root-dir results/ppo/sweeps/ppo_FourRooms-misc_20260914_110726_sampled         --no-log-scale

======================================================================
STARTING SWEEP PIPELINE: PPO POLICY
Environment: FourRooms-misc | Timesteps: 2048000 | Seeds: 8
NUM_ENVS: 64 | NUM_STEPS: 256 | MINIBATCH_SIZE: 1024 | NUM_EPOCHS: 4
Critic LR_END: None | Actor LR_END: None
Algorithms to sweep: ['sampled_E']
Ranking: final_window (higher is better)
Output Root Directory: results/ppo/sweeps/ppo_FourRooms-misc_20260914_110726_sampled
======================================================================


[1/1] Running sweep for algorithm: sampled_E...
Env: FourRooms-misc
Default Obs Shape: (13, 13, 2)
Obs Shape: (13, 13, 2)
Action Shape: ()

============================================================
RUNNING SWEEP: 18 configs x 8 seeds = 144 runs
Environment: FourRooms-misc | Primary Metric: V_start
Hyperparameters: ['LR', 'VALUE_LAMBDA', 'ACTOR_LR']
Ranking By: final_window (higher is better)
============================================================

[1/18] Evaluating: LR=0.005, VALUE_LAMBDA=0.9, ACTOR_LR=0.001 ...- obs shape for initialization is  (13, 13, 2)
number of features is  16
 done (142.6s)
[2/18] Evaluating: LR=0.005, VALUE_LAMBDA=0.9, ACTOR_LR=0.0003 ... done (121.5s)
[3/18] Evaluating: LR=0.005, VALUE_LAMBDA=0.99, ACTOR_LR=0.001 ... done (121.4s)
[4/18] Evaluating: LR=0.005, VALUE_LAMBDA=0.99, ACTOR_LR=0.0003 ... done (121.5s)
[5/18] Evaluating: LR=0.005, VALUE_LAMBDA=1.0, ACTOR_LR=0.001 ... done (121.4s)
[6/18] Evaluating: LR=0.005, VALUE_LAMBDA=1.0, ACTOR_LR=0.0003 ... done (121.4s)
[7/18] Evaluating: LR=0.001, VALUE_LAMBDA=0.9, ACTOR_LR=0.001 ... done (121.5s)
[8/18] Evaluating: LR=0.001, VALUE_LAMBDA=0.9, ACTOR_LR=0.0003 ... done (121.5s)
[9/18] Evaluating: LR=0.001, VALUE_LAMBDA=0.99, ACTOR_LR=0.001 ... done (121.5s)
[10/18] Evaluating: LR=0.001, VALUE_LAMBDA=0.99, ACTOR_LR=0.0003 ... done (121.5s)
[11/18] Evaluating: LR=0.001, VALUE_LAMBDA=1.0, ACTOR_LR=0.001 ... done (121.4s)
[12/18] Evaluating: LR=0.001, VALUE_LAMBDA=1.0, ACTOR_LR=0.0003 ... done (121.5s)
[13/18] Evaluating: LR=0.0003, VALUE_LAMBDA=0.9, ACTOR_LR=0.001 ... done (121.5s)
[14/18] Evaluating: LR=0.0003, VALUE_LAMBDA=0.9, ACTOR_LR=0.0003 ... done (121.5s)
[15/18] Evaluating: LR=0.0003, VALUE_LAMBDA=0.99, ACTOR_LR=0.001 ... done (121.5s)
[16/18] Evaluating: LR=0.0003, VALUE_LAMBDA=0.99, ACTOR_LR=0.0003 ... done (121.5s)
[17/18] Evaluating: LR=0.0003, VALUE_LAMBDA=1.0, ACTOR_LR=0.001 ... done (121.5s)
[18/18] Evaluating: LR=0.0003, VALUE_LAMBDA=1.0, ACTOR_LR=0.0003 ... done (121.5s)

Tuning summary saved to results/ppo/sweeps/ppo_FourRooms-misc_20260914_110726_sampled/sampled_E/tuning/20260914_110729/FourRooms-misc/tuning_summary.csv
Best configuration saved to results/ppo/sweeps/ppo_FourRooms-misc_20260914_110726_sampled/sampled_E/tuning/20260914_110729/FourRooms-misc/best_config.json

============================================================
★ TOP CONFIGURATION: LR=0.005, VALUE_LAMBDA=1.0, ACTOR_LR=0.001 (Ranked by final_window [higher is better])
  AUC V_start:          6.9184e-01
  Final Window (125 steps): 6.9184e-01
  Final V_start:         7.4946e-01 (±7.5509e-04)
  Min V_start:           2.6305e-02
============================================================

Top 5 Configurations:
 rank  config_idx    LR  VALUE_LAMBDA  ACTOR_LR  auc_V_start  final_window_V_start  final_V_start_mean  final_V_start_std  min_V_start  max_V_start  mean_V_start
    1           4 0.005          1.00     0.001     0.691841              0.691841            0.749460           0.000755     0.026305     0.750151      0.691841
    2           2 0.005          0.99     0.001     0.691415              0.691415            0.749254           0.000911     0.026305     0.750128      0.691415
    3           0 0.005          0.90     0.001     0.689065              0.689065            0.746643           0.000827     0.026305     0.747181      0.689065
    4          10 0.001          1.00     0.001     0.687101              0.687101            0.749035           0.000654     0.026305     0.750048      0.687101
    5           8 0.001          0.99     0.001     0.687008              0.687008            0.748743           0.000818     0.026305     0.749869      0.687008
============================================================

Results saved to results/ppo/sweeps/ppo_FourRooms-misc_20260914_110726_sampled/sampled_E/tuning/20260914_110729/FourRooms-misc/out.pkl
Config saved to results/ppo/sweeps/ppo_FourRooms-misc_20260914_110726_sampled/sampled_E/tuning/20260914_110729/FourRooms-misc/config.json
Config saved to results/ppo/sweeps/ppo_FourRooms-misc_20260914_110726_sampled/sampled_E/tuning/20260914_110729/FourRooms-misc/config.json
Sweep plot saved to results/ppo/sweeps/ppo_FourRooms-misc_20260914_110726_sampled/sampled_E/tuning/20260914_110729/FourRooms-misc/hyperparameter_sweep_V_start.png
Best config seeds plot saved to results/ppo/sweeps/ppo_FourRooms-misc_20260914_110726_sampled/sampled_E/tuning/20260914_110729/FourRooms-misc/best_config_seeds.png

======================================================================
GENERATING CROSS-ALGORITHM COMPARISON
======================================================================
Comparison summary saved to results/ppo/sweeps/ppo_FourRooms-misc_20260914_110726_sampled/comparison/comparison_summary.csv

SUMMARY OF BEST PERFORMING CONFIGURATIONS:
 Rank Algorithm                       Best Hyperparameters  AUC V_start  Final Window (125 steps)  Final V_start (Mean)  Final V_start (Std)  Min V_start  Max V_start  Seeds Run Dir
    1 sampled_E LR=0.005, VALUE_LAMBDA=1.0, ACTOR_LR=0.001     0.691841                  0.691841               0.74946             0.000755     0.026305     0.750989      8     N/A
Comparison plot saved to results/ppo/sweeps/ppo_FourRooms-misc_20260914_110726_sampled/comparison/comparison_best_configs.png

======================================================================
SWEEP PIPELINE COMPLETED SUCCESSFULLY!
Results & Plots saved in: results/ppo/sweeps/ppo_FourRooms-misc_20260914_110726_sampled
Comparison Plot: results/ppo/sweeps/ppo_FourRooms-misc_20260914_110726_sampled/comparison/comparison_best_configs.png
======================================================================


--> [2/2] Sweeping sampled_td_lambda (LR: 0.005 0.001 0.0003 | ACTOR_LR: 0.001 0.0003 | VALUE_LAMBDA: 0.9 0.99 1.0)...
Command: /home/users/ds541/.pyenv/versions/3.10.15/envs/gymnax/bin/python scripts/sweep_pipeline.py         --policy ppo         --env-name FourRooms-misc         --algos sampled_td_lambda         --lr-grid 0.005 0.001 0.0003         --actor-lr-grid 0.001 0.0003         --value-lambda-grid 0.9 0.99 1.0         --config '{"NUM_ENVS": 64, "NUM_STEPS": 256, "MINIBATCH_SIZE": 1024, "TOTAL_TIMESTEPS": 2048000, "NUM_EPOCHS": 4, "GAE_LAMBDA": 0.9}'         --n-seeds 8         --total-timesteps 2048000         --metric V_start         --rank-by final_window         --window-size 500         --higher-is-better         --sweep-root-dir results/ppo/sweeps/ppo_FourRooms-misc_20260914_110726_sampled         --no-log-scale

======================================================================
STARTING SWEEP PIPELINE: PPO POLICY
Environment: FourRooms-misc | Timesteps: 2048000 | Seeds: 8
NUM_ENVS: 64 | NUM_STEPS: 256 | MINIBATCH_SIZE: 1024 | NUM_EPOCHS: 4
Critic LR_END: None | Actor LR_END: None
Algorithms to sweep: ['sampled_td_lambda']
Ranking: final_window (higher is better)
Output Root Directory: results/ppo/sweeps/ppo_FourRooms-misc_20260914_110726_sampled
======================================================================


[1/1] Running sweep for algorithm: sampled_td_lambda...
Env: FourRooms-misc
Default Obs Shape: (13, 13, 2)
Obs Shape: (13, 13, 2)
Action Shape: ()

============================================================
RUNNING SWEEP: 18 configs x 8 seeds = 144 runs
Environment: FourRooms-misc | Primary Metric: V_start
Hyperparameters: ['LR', 'VALUE_LAMBDA', 'ACTOR_LR']
Ranking By: final_window (higher is better)
============================================================

[1/18] Evaluating: LR=0.005, VALUE_LAMBDA=0.9, ACTOR_LR=0.001 ...- obs shape for initialization is  (13, 13, 2)
number of features is  16
 done (90.5s)
[2/18] Evaluating: LR=0.005, VALUE_LAMBDA=0.9, ACTOR_LR=0.0003 ... done (70.0s)
[3/18] Evaluating: LR=0.005, VALUE_LAMBDA=0.99, ACTOR_LR=0.001 ... done (70.1s)
[4/18] Evaluating: LR=0.005, VALUE_LAMBDA=0.99, ACTOR_LR=0.0003 ... done (70.1s)
[5/18] Evaluating: LR=0.005, VALUE_LAMBDA=1.0, ACTOR_LR=0.001 ... done (70.2s)
[6/18] Evaluating: LR=0.005, VALUE_LAMBDA=1.0, ACTOR_LR=0.0003 ... done (70.3s)
[7/18] Evaluating: LR=0.001, VALUE_LAMBDA=0.9, ACTOR_LR=0.001 ... done (70.3s)
[8/18] Evaluating: LR=0.001, VALUE_LAMBDA=0.9, ACTOR_LR=0.0003 ... done (70.3s)
[9/18] Evaluating: LR=0.001, VALUE_LAMBDA=0.99, ACTOR_LR=0.001 ... done (70.3s)
[10/18] Evaluating: LR=0.001, VALUE_LAMBDA=0.99, ACTOR_LR=0.0003 ... done (70.3s)
[11/18] Evaluating: LR=0.001, VALUE_LAMBDA=1.0, ACTOR_LR=0.001 ... done (70.4s)
[12/18] Evaluating: LR=0.001, VALUE_LAMBDA=1.0, ACTOR_LR=0.0003 ... done (70.4s)
[13/18] Evaluating: LR=0.0003, VALUE_LAMBDA=0.9, ACTOR_LR=0.001 ... done (70.4s)
[14/18] Evaluating: LR=0.0003, VALUE_LAMBDA=0.9, ACTOR_LR=0.0003 ... done (70.4s)
[15/18] Evaluating: LR=0.0003, VALUE_LAMBDA=0.99, ACTOR_LR=0.001 ... done (70.4s)
[16/18] Evaluating: LR=0.0003, VALUE_LAMBDA=0.99, ACTOR_LR=0.0003 ... done (70.4s)
[17/18] Evaluating: LR=0.0003, VALUE_LAMBDA=1.0, ACTOR_LR=0.001 ... done (70.4s)
[18/18] Evaluating: LR=0.0003, VALUE_LAMBDA=1.0, ACTOR_LR=0.0003 ... done (70.4s)

Tuning summary saved to results/ppo/sweeps/ppo_FourRooms-misc_20260914_110726_sampled/sampled_td_lambda/tuning/20260914_114437/FourRooms-misc/tuning_summary.csv
Best configuration saved to results/ppo/sweeps/ppo_FourRooms-misc_20260914_110726_sampled/sampled_td_lambda/tuning/20260914_114437/FourRooms-misc/best_config.json

============================================================
★ TOP CONFIGURATION: LR=0.005, VALUE_LAMBDA=0.99, ACTOR_LR=0.001 (Ranked by final_window [higher is better])
  AUC V_start:          6.9720e-01
  Final Window (125 steps): 6.9720e-01
  Final V_start:         7.5416e-01 (±2.2257e-04)
  Min V_start:           2.6305e-02
============================================================

Top 5 Configurations:
 rank  config_idx    LR  VALUE_LAMBDA  ACTOR_LR  auc_V_start  final_window_V_start  final_V_start_mean  final_V_start_std  min_V_start  max_V_start  mean_V_start
    1           2 0.005          0.99     0.001     0.697204              0.697204            0.754159           0.000223     0.026305     0.754576      0.697204
    2           4 0.005          1.00     0.001     0.696493              0.696493            0.754211           0.000250     0.026305     0.754555      0.696493
    3           0 0.005          0.90     0.001     0.695952              0.695952            0.754408           0.000214     0.026305     0.754669      0.695952
    4           8 0.001          0.99     0.001     0.694801              0.694801            0.754255           0.000388     0.026305     0.754547      0.694801
    5           6 0.001          0.90     0.001     0.694547              0.694547            0.754414           0.000449     0.026305     0.754701      0.694547
============================================================

Results saved to results/ppo/sweeps/ppo_FourRooms-misc_20260914_110726_sampled/sampled_td_lambda/tuning/20260914_114437/FourRooms-misc/out.pkl
Config saved to results/ppo/sweeps/ppo_FourRooms-misc_20260914_110726_sampled/sampled_td_lambda/tuning/20260914_114437/FourRooms-misc/config.json
Config saved to results/ppo/sweeps/ppo_FourRooms-misc_20260914_110726_sampled/sampled_td_lambda/tuning/20260914_114437/FourRooms-misc/config.json
Sweep plot saved to results/ppo/sweeps/ppo_FourRooms-misc_20260914_110726_sampled/sampled_td_lambda/tuning/20260914_114437/FourRooms-misc/hyperparameter_sweep_V_start.png
Best config seeds plot saved to results/ppo/sweeps/ppo_FourRooms-misc_20260914_110726_sampled/sampled_td_lambda/tuning/20260914_114437/FourRooms-misc/best_config_seeds.png

======================================================================
GENERATING CROSS-ALGORITHM COMPARISON
======================================================================
Comparison summary saved to results/ppo/sweeps/ppo_FourRooms-misc_20260914_110726_sampled/comparison/comparison_summary.csv

SUMMARY OF BEST PERFORMING CONFIGURATIONS:
 Rank         Algorithm                        Best Hyperparameters  AUC V_start  Final Window (125 steps)  Final V_start (Mean)  Final V_start (Std)  Min V_start  Max V_start  Seeds                                                                                                       Run Dir
    1 sampled_td_lambda LR=0.005, VALUE_LAMBDA=0.99, ACTOR_LR=0.001     0.697204                  0.697204              0.754159             0.000223     0.026305     0.754801      8                                                                                                           N/A
    2         sampled_E  LR=0.005, VALUE_LAMBDA=1.0, ACTOR_LR=0.001     0.691841                  0.691841              0.749460             0.000755     0.026305     0.750989      8 results/ppo/sweeps/ppo_FourRooms-misc_20260914_110726_sampled/sampled_E/tuning/20260914_110729/FourRooms-misc
Comparison plot saved to results/ppo/sweeps/ppo_FourRooms-misc_20260914_110726_sampled/comparison/comparison_best_configs.png

======================================================================
SWEEP PIPELINE COMPLETED SUCCESSFULLY!
Results & Plots saved in: results/ppo/sweeps/ppo_FourRooms-misc_20260914_110726_sampled
Comparison Plot: results/ppo/sweeps/ppo_FourRooms-misc_20260914_110726_sampled/comparison/comparison_best_configs.png
======================================================================


--> Generating Final Cross-Algorithm Comparison Plot & Summary...
usage: analyze_sweeps.py [-h] [--sweep-dir SWEEP_DIR]
                         [--policy {fixed,random,ppo,hybrid}]
                         [--env-name ENV_NAME] [--metric METRIC]
                         [--use-geom-mean]
                         [--rank-by {auc,final_window,final_step,min,max}]
                         [--rank-order {lower,higher}] [--higher-is-better]
                         [--window-size WINDOW_SIZE] [--linear-scale]
analyze_sweeps.py: error: unrecognized arguments: --final-window 500

======================================================================
Running Sampled PPO Control Sweep: Environment=Whirlpool
Sweep Root Directory: results/ppo/sweeps/ppo_Whirlpool_20260914_120623_sampled
======================================================================

--> [1/2] Sweeping sampled_E (LR: 0.005 0.001 0.0003 | ACTOR_LR: 0.001 0.0003 | VALUE_LAMBDA: 0.9 0.99 1.0)...
Command: /home/users/ds541/.pyenv/versions/3.10.15/envs/gymnax/bin/python scripts/sweep_pipeline.py         --policy ppo         --env-name Whirlpool         --algos sampled_E         --lr-grid 0.005 0.001 0.0003         --actor-lr-grid 0.001 0.0003         --value-lambda-grid 0.9 0.99 1.0         --config '{"NUM_ENVS": 64, "NUM_STEPS": 256, "MINIBATCH_SIZE": 1024, "TOTAL_TIMESTEPS": 2048000, "NUM_EPOCHS": 4, "GAE_LAMBDA": 0.9}'         --n-seeds 8         --total-timesteps 2048000         --metric V_start         --rank-by final_window         --window-size 500         --higher-is-better         --sweep-root-dir results/ppo/sweeps/ppo_Whirlpool_20260914_120623_sampled         --no-log-scale

======================================================================
STARTING SWEEP PIPELINE: PPO POLICY
Environment: Whirlpool | Timesteps: 2048000 | Seeds: 8
NUM_ENVS: 64 | NUM_STEPS: 256 | MINIBATCH_SIZE: 1024 | NUM_EPOCHS: 4
Critic LR_END: None | Actor LR_END: None
Algorithms to sweep: ['sampled_E']
Ranking: final_window (higher is better)
Output Root Directory: results/ppo/sweeps/ppo_Whirlpool_20260914_120623_sampled
======================================================================


[1/1] Running sweep for algorithm: sampled_E...
Env: Whirlpool
Default Obs Shape: (21, 21, 2)
Obs Shape: (21, 21, 2)
Action Shape: ()

============================================================
RUNNING SWEEP: 18 configs x 8 seeds = 144 runs
Environment: Whirlpool | Primary Metric: V_start
Hyperparameters: ['LR', 'VALUE_LAMBDA', 'ACTOR_LR']
Ranking By: final_window (higher is better)
============================================================

[1/18] Evaluating: LR=0.005, VALUE_LAMBDA=0.9, ACTOR_LR=0.001 ...- obs shape for initialization is  (21, 21, 2)
number of features is  16
 done (266.5s)
[2/18] Evaluating: LR=0.005, VALUE_LAMBDA=0.9, ACTOR_LR=0.0003 ... done (240.8s)
[3/18] Evaluating: LR=0.005, VALUE_LAMBDA=0.99, ACTOR_LR=0.001 ... done (240.7s)
[4/18] Evaluating: LR=0.005, VALUE_LAMBDA=0.99, ACTOR_LR=0.0003 ... done (240.6s)
[5/18] Evaluating: LR=0.005, VALUE_LAMBDA=1.0, ACTOR_LR=0.001 ... done (240.4s)
[6/18] Evaluating: LR=0.005, VALUE_LAMBDA=1.0, ACTOR_LR=0.0003 ... done (240.6s)
[7/18] Evaluating: LR=0.001, VALUE_LAMBDA=0.9, ACTOR_LR=0.001 ... done (240.8s)
[8/18] Evaluating: LR=0.001, VALUE_LAMBDA=0.9, ACTOR_LR=0.0003 ... done (241.0s)
[9/18] Evaluating: LR=0.001, VALUE_LAMBDA=0.99, ACTOR_LR=0.001 ... done (240.9s)
[10/18] Evaluating: LR=0.001, VALUE_LAMBDA=0.99, ACTOR_LR=0.0003 ... done (241.1s)
[11/18] Evaluating: LR=0.001, VALUE_LAMBDA=1.0, ACTOR_LR=0.001 ... done (240.7s)
[12/18] Evaluating: LR=0.001, VALUE_LAMBDA=1.0, ACTOR_LR=0.0003 ... done (241.0s)
[13/18] Evaluating: LR=0.0003, VALUE_LAMBDA=0.9, ACTOR_LR=0.001 ... done (241.0s)
[14/18] Evaluating: LR=0.0003, VALUE_LAMBDA=0.9, ACTOR_LR=0.0003 ... done (241.0s)
[15/18] Evaluating: LR=0.0003, VALUE_LAMBDA=0.99, ACTOR_LR=0.001 ... done (240.7s)
[16/18] Evaluating: LR=0.0003, VALUE_LAMBDA=0.99, ACTOR_LR=0.0003 ... done (240.8s)
[17/18] Evaluating: LR=0.0003, VALUE_LAMBDA=1.0, ACTOR_LR=0.001 ... done (240.6s)
[18/18] Evaluating: LR=0.0003, VALUE_LAMBDA=1.0, ACTOR_LR=0.0003 ... done (240.9s)

Tuning summary saved to results/ppo/sweeps/ppo_Whirlpool_20260914_120623_sampled/sampled_E/tuning/20260914_120626/Whirlpool/tuning_summary.csv
Best configuration saved to results/ppo/sweeps/ppo_Whirlpool_20260914_120623_sampled/sampled_E/tuning/20260914_120626/Whirlpool/best_config.json

============================================================
★ TOP CONFIGURATION: LR=0.005, VALUE_LAMBDA=1.0, ACTOR_LR=0.001 (Ranked by final_window [higher is better])
  AUC V_start:          4.6873e-02
  Final Window (125 steps): 4.6873e-02
  Final V_start:         7.7609e-02 (±2.7323e-03)
  Min V_start:           7.0677e-04
============================================================

Top 5 Configurations:
 rank  config_idx    LR  VALUE_LAMBDA  ACTOR_LR  auc_V_start  final_window_V_start  final_V_start_mean  final_V_start_std  min_V_start  max_V_start  mean_V_start
    1           4 0.005          1.00    0.0010     0.046873              0.046873            0.077609           0.002732     0.000707     0.077609      0.046873
    2           2 0.005          0.99    0.0010     0.046347              0.046347            0.077273           0.000958     0.000707     0.077486      0.046347
    3          10 0.001          1.00    0.0010     0.045256              0.045256            0.076411           0.001616     0.000707     0.076771      0.045256
    4           8 0.001          0.99    0.0010     0.044738              0.044738            0.076305           0.001425     0.000707     0.076314      0.044738
    5           5 0.005          1.00    0.0003     0.043938              0.043938            0.078568           0.001035     0.000707     0.078568      0.043938
============================================================

Results saved to results/ppo/sweeps/ppo_Whirlpool_20260914_120623_sampled/sampled_E/tuning/20260914_120626/Whirlpool/out.pkl
Config saved to results/ppo/sweeps/ppo_Whirlpool_20260914_120623_sampled/sampled_E/tuning/20260914_120626/Whirlpool/config.json
Config saved to results/ppo/sweeps/ppo_Whirlpool_20260914_120623_sampled/sampled_E/tuning/20260914_120626/Whirlpool/config.json
Sweep plot saved to results/ppo/sweeps/ppo_Whirlpool_20260914_120623_sampled/sampled_E/tuning/20260914_120626/Whirlpool/hyperparameter_sweep_V_start.png
Best config seeds plot saved to results/ppo/sweeps/ppo_Whirlpool_20260914_120623_sampled/sampled_E/tuning/20260914_120626/Whirlpool/best_config_seeds.png

======================================================================
GENERATING CROSS-ALGORITHM COMPARISON
======================================================================
Comparison summary saved to results/ppo/sweeps/ppo_Whirlpool_20260914_120623_sampled/comparison/comparison_summary.csv

SUMMARY OF BEST PERFORMING CONFIGURATIONS:
 Rank Algorithm                       Best Hyperparameters  AUC V_start  Final Window (125 steps)  Final V_start (Mean)  Final V_start (Std)  Min V_start  Max V_start  Seeds Run Dir
    1 sampled_E LR=0.005, VALUE_LAMBDA=1.0, ACTOR_LR=0.001     0.046873                  0.046873              0.077609             0.002732     0.000707     0.078447      8     N/A
Comparison plot saved to results/ppo/sweeps/ppo_Whirlpool_20260914_120623_sampled/comparison/comparison_best_configs.png

======================================================================
SWEEP PIPELINE COMPLETED SUCCESSFULLY!
Results & Plots saved in: results/ppo/sweeps/ppo_Whirlpool_20260914_120623_sampled
Comparison Plot: results/ppo/sweeps/ppo_Whirlpool_20260914_120623_sampled/comparison/comparison_best_configs.png
======================================================================


--> [2/2] Sweeping sampled_td_lambda (LR: 0.005 0.001 0.0003 | ACTOR_LR: 0.001 0.0003 | VALUE_LAMBDA: 0.9 0.99 1.0)...
Command: /home/users/ds541/.pyenv/versions/3.10.15/envs/gymnax/bin/python scripts/sweep_pipeline.py         --policy ppo         --env-name Whirlpool         --algos sampled_td_lambda         --lr-grid 0.005 0.001 0.0003         --actor-lr-grid 0.001 0.0003         --value-lambda-grid 0.9 0.99 1.0         --config '{"NUM_ENVS": 64, "NUM_STEPS": 256, "MINIBATCH_SIZE": 1024, "TOTAL_TIMESTEPS": 2048000, "NUM_EPOCHS": 4, "GAE_LAMBDA": 0.9}'         --n-seeds 8         --total-timesteps 2048000         --metric V_start         --rank-by final_window         --window-size 500         --higher-is-better         --sweep-root-dir results/ppo/sweeps/ppo_Whirlpool_20260914_120623_sampled         --no-log-scale

======================================================================
STARTING SWEEP PIPELINE: PPO POLICY
Environment: Whirlpool | Timesteps: 2048000 | Seeds: 8
NUM_ENVS: 64 | NUM_STEPS: 256 | MINIBATCH_SIZE: 1024 | NUM_EPOCHS: 4
Critic LR_END: None | Actor LR_END: None
Algorithms to sweep: ['sampled_td_lambda']
Ranking: final_window (higher is better)
Output Root Directory: results/ppo/sweeps/ppo_Whirlpool_20260914_120623_sampled
======================================================================


[1/1] Running sweep for algorithm: sampled_td_lambda...
Env: Whirlpool
Default Obs Shape: (21, 21, 2)
Obs Shape: (21, 21, 2)
Action Shape: ()

============================================================
RUNNING SWEEP: 18 configs x 8 seeds = 144 runs
Environment: Whirlpool | Primary Metric: V_start
Hyperparameters: ['LR', 'VALUE_LAMBDA', 'ACTOR_LR']
Ranking By: final_window (higher is better)
============================================================

[1/18] Evaluating: LR=0.005, VALUE_LAMBDA=0.9, ACTOR_LR=0.001 ...- obs shape for initialization is  (21, 21, 2)
number of features is  16
 done (177.0s)
[2/18] Evaluating: LR=0.005, VALUE_LAMBDA=0.9, ACTOR_LR=0.0003 ... done (152.1s)
[3/18] Evaluating: LR=0.005, VALUE_LAMBDA=0.99, ACTOR_LR=0.001 ... done (151.7s)
[4/18] Evaluating: LR=0.005, VALUE_LAMBDA=0.99, ACTOR_LR=0.0003 ... done (152.1s)
[5/18] Evaluating: LR=0.005, VALUE_LAMBDA=1.0, ACTOR_LR=0.001 ... done (151.7s)
[6/18] Evaluating: LR=0.005, VALUE_LAMBDA=1.0, ACTOR_LR=0.0003 ... done (152.0s)
[7/18] Evaluating: LR=0.001, VALUE_LAMBDA=0.9, ACTOR_LR=0.001 ... done (151.9s)
[8/18] Evaluating: LR=0.001, VALUE_LAMBDA=0.9, ACTOR_LR=0.0003 ... done (152.2s)
[9/18] Evaluating: LR=0.001, VALUE_LAMBDA=0.99, ACTOR_LR=0.001 ... done (151.8s)
[10/18] Evaluating: LR=0.001, VALUE_LAMBDA=0.99, ACTOR_LR=0.0003 ... done (152.2s)
[11/18] Evaluating: LR=0.001, VALUE_LAMBDA=1.0, ACTOR_LR=0.001 ... done (151.9s)
[12/18] Evaluating: LR=0.001, VALUE_LAMBDA=1.0, ACTOR_LR=0.0003 ... done (152.1s)
[13/18] Evaluating: LR=0.0003, VALUE_LAMBDA=0.9, ACTOR_LR=0.001 ... done (152.2s)
[14/18] Evaluating: LR=0.0003, VALUE_LAMBDA=0.9, ACTOR_LR=0.0003 ... done (152.4s)
[15/18] Evaluating: LR=0.0003, VALUE_LAMBDA=0.99, ACTOR_LR=0.001 ... done (152.1s)
[16/18] Evaluating: LR=0.0003, VALUE_LAMBDA=0.99, ACTOR_LR=0.0003 ... done (152.3s)
[17/18] Evaluating: LR=0.0003, VALUE_LAMBDA=1.0, ACTOR_LR=0.001 ... done (152.0s)
[18/18] Evaluating: LR=0.0003, VALUE_LAMBDA=1.0, ACTOR_LR=0.0003 ... done (152.3s)

Tuning summary saved to results/ppo/sweeps/ppo_Whirlpool_20260914_120623_sampled/sampled_td_lambda/tuning/20260914_131926/Whirlpool/tuning_summary.csv
Best configuration saved to results/ppo/sweeps/ppo_Whirlpool_20260914_120623_sampled/sampled_td_lambda/tuning/20260914_131926/Whirlpool/best_config.json

============================================================
★ TOP CONFIGURATION: LR=0.005, VALUE_LAMBDA=0.99, ACTOR_LR=0.001 (Ranked by final_window [higher is better])
  AUC V_start:          4.5028e-02
  Final Window (125 steps): 4.5028e-02
  Final V_start:         7.5628e-02 (±1.3243e-03)
  Min V_start:           7.0677e-04
============================================================

Top 5 Configurations:
 rank  config_idx     LR  VALUE_LAMBDA  ACTOR_LR  auc_V_start  final_window_V_start  final_V_start_mean  final_V_start_std  min_V_start  max_V_start  mean_V_start
    1           2 0.0050          0.99     0.001     0.045028              0.045028            0.075628           0.001324     0.000707     0.075628      0.045028
    2           8 0.0010          0.99     0.001     0.044762              0.044762            0.076054           0.001288     0.000707     0.076121      0.044762
    3          14 0.0003          0.99     0.001     0.044314              0.044314            0.076640           0.002593     0.000707     0.076721      0.044314
    4          16 0.0003          1.00     0.001     0.043904              0.043904            0.074898           0.002045     0.000707     0.074898      0.043904
    5          10 0.0010          1.00     0.001     0.043707              0.043707            0.073946           0.002611     0.000707     0.073946      0.043707
============================================================

Results saved to results/ppo/sweeps/ppo_Whirlpool_20260914_120623_sampled/sampled_td_lambda/tuning/20260914_131926/Whirlpool/out.pkl
Config saved to results/ppo/sweeps/ppo_Whirlpool_20260914_120623_sampled/sampled_td_lambda/tuning/20260914_131926/Whirlpool/config.json
Config saved to results/ppo/sweeps/ppo_Whirlpool_20260914_120623_sampled/sampled_td_lambda/tuning/20260914_131926/Whirlpool/config.json
Sweep plot saved to results/ppo/sweeps/ppo_Whirlpool_20260914_120623_sampled/sampled_td_lambda/tuning/20260914_131926/Whirlpool/hyperparameter_sweep_V_start.png
Best config seeds plot saved to results/ppo/sweeps/ppo_Whirlpool_20260914_120623_sampled/sampled_td_lambda/tuning/20260914_131926/Whirlpool/best_config_seeds.png

======================================================================
GENERATING CROSS-ALGORITHM COMPARISON
======================================================================
Comparison summary saved to results/ppo/sweeps/ppo_Whirlpool_20260914_120623_sampled/comparison/comparison_summary.csv

SUMMARY OF BEST PERFORMING CONFIGURATIONS:
 Rank         Algorithm                        Best Hyperparameters  AUC V_start  Final Window (125 steps)  Final V_start (Mean)  Final V_start (Std)  Min V_start  Max V_start  Seeds                                                                                             Run Dir
    1         sampled_E  LR=0.005, VALUE_LAMBDA=1.0, ACTOR_LR=0.001     0.046873                  0.046873              0.077609             0.002732     0.000707     0.078447      8 results/ppo/sweeps/ppo_Whirlpool_20260914_120623_sampled/sampled_E/tuning/20260914_120626/Whirlpool
    2 sampled_td_lambda LR=0.005, VALUE_LAMBDA=0.99, ACTOR_LR=0.001     0.045028                  0.045028              0.075628             0.001324     0.000707     0.076099      8                                                                                                 N/A
Comparison plot saved to results/ppo/sweeps/ppo_Whirlpool_20260914_120623_sampled/comparison/comparison_best_configs.png

======================================================================
SWEEP PIPELINE COMPLETED SUCCESSFULLY!
Results & Plots saved in: results/ppo/sweeps/ppo_Whirlpool_20260914_120623_sampled
Comparison Plot: results/ppo/sweeps/ppo_Whirlpool_20260914_120623_sampled/comparison/comparison_best_configs.png
======================================================================


--> Generating Final Cross-Algorithm Comparison Plot & Summary...
usage: analyze_sweeps.py [-h] [--sweep-dir SWEEP_DIR]
                         [--policy {fixed,random,ppo,hybrid}]
                         [--env-name ENV_NAME] [--metric METRIC]
                         [--use-geom-mean]
                         [--rank-by {auc,final_window,final_step,min,max}]
                         [--rank-order {lower,higher}] [--higher-is-better]
                         [--window-size WINDOW_SIZE] [--linear-scale]
analyze_sweeps.py: error: unrecognized arguments: --final-window 500

======================================================================
Running Sampled PPO Control Sweep: Environment=MountainCar-v0
Sweep Root Directory: results/ppo/sweeps/ppo_MountainCar-v0_20260914_140547_sampled
======================================================================

--> [1/2] Sweeping sampled_E (LR: 0.005 0.001 0.0003 | ACTOR_LR: 0.001 0.0003 | VALUE_LAMBDA: 0.9 0.99 1.0)...
Command: /home/users/ds541/.pyenv/versions/3.10.15/envs/gymnax/bin/python scripts/sweep_pipeline.py         --policy ppo         --env-name MountainCar-v0         --algos sampled_E         --lr-grid 0.005 0.001 0.0003         --actor-lr-grid 0.001 0.0003         --value-lambda-grid 0.9 0.99 1.0         --config '{"NUM_ENVS": 64, "NUM_STEPS": 256, "MINIBATCH_SIZE": 1024, "TOTAL_TIMESTEPS": 2048000, "NUM_EPOCHS": 4, "GAE_LAMBDA": 0.9}'         --n-seeds 8         --total-timesteps 2048000         --metric V_start         --rank-by final_window         --window-size 500         --higher-is-better         --sweep-root-dir results/ppo/sweeps/ppo_MountainCar-v0_20260914_140547_sampled         --no-log-scale

======================================================================
STARTING SWEEP PIPELINE: PPO POLICY
Environment: MountainCar-v0 | Timesteps: 2048000 | Seeds: 8
NUM_ENVS: 64 | NUM_STEPS: 256 | MINIBATCH_SIZE: 1024 | NUM_EPOCHS: 4
Critic LR_END: None | Actor LR_END: None
Algorithms to sweep: ['sampled_E']
Ranking: final_window (higher is better)
Output Root Directory: results/ppo/sweeps/ppo_MountainCar-v0_20260914_140547_sampled
======================================================================


[1/1] Running sweep for algorithm: sampled_E...
Env: MountainCar-v0
Default Obs Shape: (2,)
Obs Shape: (2,)
Action Shape: ()

============================================================
RUNNING SWEEP: 18 configs x 8 seeds = 144 runs
Environment: MountainCar-v0 | Primary Metric: V_start
Hyperparameters: ['LR', 'VALUE_LAMBDA', 'ACTOR_LR']
Ranking By: final_window (higher is better)
============================================================

[1/18] Evaluating: LR=0.005, VALUE_LAMBDA=0.9, ACTOR_LR=0.001 ...- obs shape for initialization is  (2,)
number of features is  16
 done (69.5s)
[2/18] Evaluating: LR=0.005, VALUE_LAMBDA=0.9, ACTOR_LR=0.0003 ... done (35.7s)
[3/18] Evaluating: LR=0.005, VALUE_LAMBDA=0.99, ACTOR_LR=0.001 ... done (35.5s)
[4/18] Evaluating: LR=0.005, VALUE_LAMBDA=0.99, ACTOR_LR=0.0003 ... done (35.5s)
[5/18] Evaluating: LR=0.005, VALUE_LAMBDA=1.0, ACTOR_LR=0.001 ... done (35.5s)
[6/18] Evaluating: LR=0.005, VALUE_LAMBDA=1.0, ACTOR_LR=0.0003 ... done (35.6s)
[7/18] Evaluating: LR=0.001, VALUE_LAMBDA=0.9, ACTOR_LR=0.001 ... done (35.6s)
[8/18] Evaluating: LR=0.001, VALUE_LAMBDA=0.9, ACTOR_LR=0.0003 ... done (35.7s)
[9/18] Evaluating: LR=0.001, VALUE_LAMBDA=0.99, ACTOR_LR=0.001 ... done (35.6s)
[10/18] Evaluating: LR=0.001, VALUE_LAMBDA=0.99, ACTOR_LR=0.0003 ... done (35.7s)
[11/18] Evaluating: LR=0.001, VALUE_LAMBDA=1.0, ACTOR_LR=0.001 ... done (35.7s)
[12/18] Evaluating: LR=0.001, VALUE_LAMBDA=1.0, ACTOR_LR=0.0003 ... done (35.6s)
[13/18] Evaluating: LR=0.0003, VALUE_LAMBDA=0.9, ACTOR_LR=0.001 ... done (35.7s)
[14/18] Evaluating: LR=0.0003, VALUE_LAMBDA=0.9, ACTOR_LR=0.0003 ... done (35.6s)
[15/18] Evaluating: LR=0.0003, VALUE_LAMBDA=0.99, ACTOR_LR=0.001 ... done (35.6s)
[16/18] Evaluating: LR=0.0003, VALUE_LAMBDA=0.99, ACTOR_LR=0.0003 ... done (35.5s)
[17/18] Evaluating: LR=0.0003, VALUE_LAMBDA=1.0, ACTOR_LR=0.001 ... done (35.6s)
[18/18] Evaluating: LR=0.0003, VALUE_LAMBDA=1.0, ACTOR_LR=0.0003 ... done (35.5s)

Tuning summary saved to results/ppo/sweeps/ppo_MountainCar-v0_20260914_140547_sampled/sampled_E/tuning/20260914_140550/MountainCar-v0/tuning_summary.csv
Best configuration saved to results/ppo/sweeps/ppo_MountainCar-v0_20260914_140547_sampled/sampled_E/tuning/20260914_140550/MountainCar-v0/best_config.json

============================================================
★ TOP CONFIGURATION: LR=0.005, VALUE_LAMBDA=0.99, ACTOR_LR=0.001 (Ranked by final_window [higher is better])
  AUC V_start:          2.8923e-01
  Final Window (125 steps): 2.8923e-01
  Final V_start:         3.4597e-01 (±3.4780e-03)
  Min V_start:           1.6721e-02
============================================================

Top 5 Configurations:
 rank  config_idx    LR  VALUE_LAMBDA  ACTOR_LR  auc_V_start  final_window_V_start  final_V_start_mean  final_V_start_std  min_V_start  max_V_start  mean_V_start
    1           2 0.005          0.99     0.001     0.289229              0.289229            0.345965           0.003478     0.016721     0.347449      0.289229
    2           0 0.005          0.90     0.001     0.289054              0.289054            0.351626           0.000801     0.016721     0.352180      0.289054
    3           4 0.005          1.00     0.001     0.288830              0.288830            0.344073           0.002284     0.016721     0.345715      0.288830
    4          10 0.001          1.00     0.001     0.282172              0.282172            0.344743           0.002968     0.016721     0.346021      0.282172
    5           8 0.001          0.99     0.001     0.281873              0.281873            0.345669           0.003374     0.016721     0.348068      0.281873
============================================================

Results saved to results/ppo/sweeps/ppo_MountainCar-v0_20260914_140547_sampled/sampled_E/tuning/20260914_140550/MountainCar-v0/out.pkl
Config saved to results/ppo/sweeps/ppo_MountainCar-v0_20260914_140547_sampled/sampled_E/tuning/20260914_140550/MountainCar-v0/config.json
Config saved to results/ppo/sweeps/ppo_MountainCar-v0_20260914_140547_sampled/sampled_E/tuning/20260914_140550/MountainCar-v0/config.json
Sweep plot saved to results/ppo/sweeps/ppo_MountainCar-v0_20260914_140547_sampled/sampled_E/tuning/20260914_140550/MountainCar-v0/hyperparameter_sweep_V_start.png
Best config seeds plot saved to results/ppo/sweeps/ppo_MountainCar-v0_20260914_140547_sampled/sampled_E/tuning/20260914_140550/MountainCar-v0/best_config_seeds.png

======================================================================
GENERATING CROSS-ALGORITHM COMPARISON
======================================================================
Comparison summary saved to results/ppo/sweeps/ppo_MountainCar-v0_20260914_140547_sampled/comparison/comparison_summary.csv

SUMMARY OF BEST PERFORMING CONFIGURATIONS:
 Rank Algorithm                        Best Hyperparameters  AUC V_start  Final Window (125 steps)  Final V_start (Mean)  Final V_start (Std)  Min V_start  Max V_start  Seeds Run Dir
    1 sampled_E LR=0.005, VALUE_LAMBDA=0.99, ACTOR_LR=0.001     0.289229                  0.289229              0.345965             0.003478     0.016537     0.350079      8     N/A
Comparison plot saved to results/ppo/sweeps/ppo_MountainCar-v0_20260914_140547_sampled/comparison/comparison_best_configs.png

======================================================================
SWEEP PIPELINE COMPLETED SUCCESSFULLY!
Results & Plots saved in: results/ppo/sweeps/ppo_MountainCar-v0_20260914_140547_sampled
Comparison Plot: results/ppo/sweeps/ppo_MountainCar-v0_20260914_140547_sampled/comparison/comparison_best_configs.png
======================================================================


--> [2/2] Sweeping sampled_td_lambda (LR: 0.005 0.001 0.0003 | ACTOR_LR: 0.001 0.0003 | VALUE_LAMBDA: 0.9 0.99 1.0)...
Command: /home/users/ds541/.pyenv/versions/3.10.15/envs/gymnax/bin/python scripts/sweep_pipeline.py         --policy ppo         --env-name MountainCar-v0         --algos sampled_td_lambda         --lr-grid 0.005 0.001 0.0003         --actor-lr-grid 0.001 0.0003         --value-lambda-grid 0.9 0.99 1.0         --config '{"NUM_ENVS": 64, "NUM_STEPS": 256, "MINIBATCH_SIZE": 1024, "TOTAL_TIMESTEPS": 2048000, "NUM_EPOCHS": 4, "GAE_LAMBDA": 0.9}'         --n-seeds 8         --total-timesteps 2048000         --metric V_start         --rank-by final_window         --window-size 500         --higher-is-better         --sweep-root-dir results/ppo/sweeps/ppo_MountainCar-v0_20260914_140547_sampled         --no-log-scale

======================================================================
STARTING SWEEP PIPELINE: PPO POLICY
Environment: MountainCar-v0 | Timesteps: 2048000 | Seeds: 8
NUM_ENVS: 64 | NUM_STEPS: 256 | MINIBATCH_SIZE: 1024 | NUM_EPOCHS: 4
Critic LR_END: None | Actor LR_END: None
Algorithms to sweep: ['sampled_td_lambda']
Ranking: final_window (higher is better)
Output Root Directory: results/ppo/sweeps/ppo_MountainCar-v0_20260914_140547_sampled
======================================================================


[1/1] Running sweep for algorithm: sampled_td_lambda...
Env: MountainCar-v0
Default Obs Shape: (2,)
Obs Shape: (2,)
Action Shape: ()

============================================================
RUNNING SWEEP: 18 configs x 8 seeds = 144 runs
Environment: MountainCar-v0 | Primary Metric: V_start
Hyperparameters: ['LR', 'VALUE_LAMBDA', 'ACTOR_LR']
Ranking By: final_window (higher is better)
============================================================

[1/18] Evaluating: LR=0.005, VALUE_LAMBDA=0.9, ACTOR_LR=0.001 ...- obs shape for initialization is  (2,)
number of features is  16
 done (65.8s)
[2/18] Evaluating: LR=0.005, VALUE_LAMBDA=0.9, ACTOR_LR=0.0003 ... done (34.5s)
[3/18] Evaluating: LR=0.005, VALUE_LAMBDA=0.99, ACTOR_LR=0.001 ... done (34.6s)
[4/18] Evaluating: LR=0.005, VALUE_LAMBDA=0.99, ACTOR_LR=0.0003 ... done (34.7s)
[5/18] Evaluating: LR=0.005, VALUE_LAMBDA=1.0, ACTOR_LR=0.001 ... done (34.6s)
[6/18] Evaluating: LR=0.005, VALUE_LAMBDA=1.0, ACTOR_LR=0.0003 ... done (34.8s)
[7/18] Evaluating: LR=0.001, VALUE_LAMBDA=0.9, ACTOR_LR=0.001 ... done (34.5s)
[8/18] Evaluating: LR=0.001, VALUE_LAMBDA=0.9, ACTOR_LR=0.0003 ... done (34.7s)
[9/18] Evaluating: LR=0.001, VALUE_LAMBDA=0.99, ACTOR_LR=0.001 ... done (34.7s)
[10/18] Evaluating: LR=0.001, VALUE_LAMBDA=0.99, ACTOR_LR=0.0003 ... done (34.7s)
[11/18] Evaluating: LR=0.001, VALUE_LAMBDA=1.0, ACTOR_LR=0.001 ... done (34.7s)
[12/18] Evaluating: LR=0.001, VALUE_LAMBDA=1.0, ACTOR_LR=0.0003 ... done (34.6s)
[13/18] Evaluating: LR=0.0003, VALUE_LAMBDA=0.9, ACTOR_LR=0.001 ... done (34.6s)
[14/18] Evaluating: LR=0.0003, VALUE_LAMBDA=0.9, ACTOR_LR=0.0003 ... done (34.6s)
[15/18] Evaluating: LR=0.0003, VALUE_LAMBDA=0.99, ACTOR_LR=0.001 ... done (34.6s)
[16/18] Evaluating: LR=0.0003, VALUE_LAMBDA=0.99, ACTOR_LR=0.0003 ... done (34.5s)
[17/18] Evaluating: LR=0.0003, VALUE_LAMBDA=1.0, ACTOR_LR=0.001 ... done (34.7s)
[18/18] Evaluating: LR=0.0003, VALUE_LAMBDA=1.0, ACTOR_LR=0.0003 ... done (34.7s)

Tuning summary saved to results/ppo/sweeps/ppo_MountainCar-v0_20260914_140547_sampled/sampled_td_lambda/tuning/20260914_141711/MountainCar-v0/tuning_summary.csv
Best configuration saved to results/ppo/sweeps/ppo_MountainCar-v0_20260914_140547_sampled/sampled_td_lambda/tuning/20260914_141711/MountainCar-v0/best_config.json

============================================================
★ TOP CONFIGURATION: LR=0.001, VALUE_LAMBDA=0.99, ACTOR_LR=0.001 (Ranked by final_window [higher is better])
  AUC V_start:          2.8577e-01
  Final Window (125 steps): 2.8577e-01
  Final V_start:         3.4282e-01 (±6.5697e-03)
  Min V_start:           1.6721e-02
============================================================

Top 5 Configurations:
 rank  config_idx     LR  VALUE_LAMBDA  ACTOR_LR  auc_V_start  final_window_V_start  final_V_start_mean  final_V_start_std  min_V_start  max_V_start  mean_V_start
    1           8 0.0010          0.99     0.001     0.285775              0.285775            0.342821           0.006570     0.016721     0.344286      0.285775
    2           4 0.0050          1.00     0.001     0.284937              0.284937            0.346168           0.005041     0.016721     0.346995      0.284937
    3          10 0.0010          1.00     0.001     0.284583              0.284583            0.340832           0.005193     0.016721     0.342741      0.284583
    4           2 0.0050          0.99     0.001     0.283951              0.283951            0.345820           0.004786     0.016721     0.346178      0.283951
    5          14 0.0003          0.99     0.001     0.283101              0.283101            0.340033           0.005638     0.016721     0.345287      0.283101
============================================================

Results saved to results/ppo/sweeps/ppo_MountainCar-v0_20260914_140547_sampled/sampled_td_lambda/tuning/20260914_141711/MountainCar-v0/out.pkl
Config saved to results/ppo/sweeps/ppo_MountainCar-v0_20260914_140547_sampled/sampled_td_lambda/tuning/20260914_141711/MountainCar-v0/config.json
Config saved to results/ppo/sweeps/ppo_MountainCar-v0_20260914_140547_sampled/sampled_td_lambda/tuning/20260914_141711/MountainCar-v0/config.json
Sweep plot saved to results/ppo/sweeps/ppo_MountainCar-v0_20260914_140547_sampled/sampled_td_lambda/tuning/20260914_141711/MountainCar-v0/hyperparameter_sweep_V_start.png
Best config seeds plot saved to results/ppo/sweeps/ppo_MountainCar-v0_20260914_140547_sampled/sampled_td_lambda/tuning/20260914_141711/MountainCar-v0/best_config_seeds.png

======================================================================
GENERATING CROSS-ALGORITHM COMPARISON
======================================================================
Comparison summary saved to results/ppo/sweeps/ppo_MountainCar-v0_20260914_140547_sampled/comparison/comparison_summary.csv

SUMMARY OF BEST PERFORMING CONFIGURATIONS:
 Rank         Algorithm                        Best Hyperparameters  AUC V_start  Final Window (125 steps)  Final V_start (Mean)  Final V_start (Std)  Min V_start  Max V_start  Seeds                                                                                                       Run Dir
    1         sampled_E LR=0.005, VALUE_LAMBDA=0.99, ACTOR_LR=0.001     0.289229                  0.289229              0.345965             0.003478     0.016537     0.350079      8 results/ppo/sweeps/ppo_MountainCar-v0_20260914_140547_sampled/sampled_E/tuning/20260914_140550/MountainCar-v0
    2 sampled_td_lambda LR=0.001, VALUE_LAMBDA=0.99, ACTOR_LR=0.001     0.285775                  0.285775              0.342821             0.006570     0.016537     0.347238      8                                                                                                           N/A
Comparison plot saved to results/ppo/sweeps/ppo_MountainCar-v0_20260914_140547_sampled/comparison/comparison_best_configs.png

======================================================================
SWEEP PIPELINE COMPLETED SUCCESSFULLY!
Results & Plots saved in: results/ppo/sweeps/ppo_MountainCar-v0_20260914_140547_sampled
Comparison Plot: results/ppo/sweeps/ppo_MountainCar-v0_20260914_140547_sampled/comparison/comparison_best_configs.png
======================================================================


--> Generating Final Cross-Algorithm Comparison Plot & Summary...
usage: analyze_sweeps.py [-h] [--sweep-dir SWEEP_DIR]
                         [--policy {fixed,random,ppo,hybrid}]
                         [--env-name ENV_NAME] [--metric METRIC]
                         [--use-geom-mean]
                         [--rank-by {auc,final_window,final_step,min,max}]
                         [--rank-order {lower,higher}] [--higher-is-better]
                         [--window-size WINDOW_SIZE] [--linear-scale]
analyze_sweeps.py: error: unrecognized arguments: --final-window 500

======================================================================
Sampled PPO Control Sweep Completed!
Total runtime: 4h 48m 32s
Job finished at: 2026-09-14 14:28:12
======================================================================
