======================================================================
STARTING SLURM EXACT PPO / CONTROL ALGORITHMS SWEEP
Comparing: E minimization vs TD(lambda)
Start Time: 2026-09-14 09:34:40
Environments: EightRooms FourRooms-misc Whirlpool MountainCar-v0
Algorithms: exact_E exact_td_lambda
Seeds: 16 | Timesteps: 3000
Critic LR Grid: 0.01 0.005 0.001 0.0003 | Actor LR Grid: 0.001 0.0003 0.0001 | Lambda: 0.9 0.99 1.0
Optimization Metric: V_start (AUC, higher is better)
======================================================================

======================================================================
Running PPO Control Sweep: Environment=EightRooms
Sweep Root Directory: results/ppo/sweeps/ppo_EightRooms_20260914_093440_exact
======================================================================

--> [1/2] Sweeping exact_E (LR: 0.01 0.005 0.001 0.0003 | ACTOR_LR: 0.001 0.0003 0.0001)...
Command: /home/users/ds541/.pyenv/versions/3.10.15/envs/gymnax/bin/python scripts/sweep_pipeline.py         --policy ppo         --env-name EightRooms         --algos exact_E         --lr-grid 0.01 0.005 0.001 0.0003         --actor-lr-grid 0.001 0.0003 0.0001         --config '{"GAE_LAMBDA": 0.1}'         --n-seeds 16         --total-timesteps 3000         --metric V_start         --rank-by final_window         --window-size 500         --higher-is-better         --sweep-root-dir results/ppo/sweeps/ppo_EightRooms_20260914_093440_exact         --no-log-scale

======================================================================
STARTING SWEEP PIPELINE: PPO POLICY
Environment: EightRooms | Timesteps: 3000 | Seeds: 16
NUM_ENVS: 1 | NUM_STEPS: 1 | MINIBATCH_SIZE: 1 | NUM_EPOCHS: 1
Critic LR_END: None | Actor LR_END: None
Algorithms to sweep: ['exact_E']
Ranking: final_window (higher is better)
Output Root Directory: results/ppo/sweeps/ppo_EightRooms_20260914_093440_exact
======================================================================


[1/1] Running sweep for algorithm: exact_E...
Env: EightRooms
Default Obs Shape: (25, 13, 2)
Obs Shape: (25, 13, 2)
Action Shape: ()

============================================================
RUNNING SWEEP: 12 configs x 16 seeds = 192 runs
Environment: EightRooms | Primary Metric: V_start
Hyperparameters: ['LR', 'ACTOR_LR']
Ranking By: final_window (higher is better)
============================================================

[1/12] Evaluating: LR=0.01, ACTOR_LR=0.001 ...- obs shape for initialization is  (25, 13, 2)
number of features is  16
 done (61.7s)
[2/12] Evaluating: LR=0.01, ACTOR_LR=0.0003 ... done (36.3s)
[3/12] Evaluating: LR=0.01, ACTOR_LR=0.0001 ... done (36.4s)
[4/12] Evaluating: LR=0.005, ACTOR_LR=0.001 ... done (36.5s)
[5/12] Evaluating: LR=0.005, ACTOR_LR=0.0003 ... done (36.6s)
[6/12] Evaluating: LR=0.005, ACTOR_LR=0.0001 ... done (36.4s)
[7/12] Evaluating: LR=0.001, ACTOR_LR=0.001 ... done (36.7s)
[8/12] Evaluating: LR=0.001, ACTOR_LR=0.0003 ... done (36.5s)
[9/12] Evaluating: LR=0.001, ACTOR_LR=0.0001 ... done (36.4s)
[10/12] Evaluating: LR=0.0003, ACTOR_LR=0.001 ... done (36.6s)
[11/12] Evaluating: LR=0.0003, ACTOR_LR=0.0003 ... done (36.6s)
[12/12] Evaluating: LR=0.0003, ACTOR_LR=0.0001 ... done (36.5s)

Tuning summary saved to results/ppo/sweeps/ppo_EightRooms_20260914_093440_exact/exact_E/tuning/20260914_093444/EightRooms/tuning_summary.csv
Best configuration saved to results/ppo/sweeps/ppo_EightRooms_20260914_093440_exact/exact_E/tuning/20260914_093444/EightRooms/best_config.json

============================================================
★ TOP CONFIGURATION: LR=0.001, ACTOR_LR=0.0001 (Ranked by final_window [higher is better])
  AUC V_start:          4.2354e-01
  Final Window (500 steps): 6.0931e-01
  Final V_start:         6.1123e-01 (±4.1043e-03)
  Min V_start:           1.0671e-03
============================================================

Top 5 Configurations:
 rank  config_idx     LR  ACTOR_LR  auc_V_start  final_window_V_start  final_V_start_mean  final_V_start_std  min_V_start  max_V_start  mean_V_start
    1           8 0.0010    0.0001     0.423538              0.609313            0.611230           0.004104     0.001067     0.611230      0.423538
    2          10 0.0003    0.0003     0.404209              0.583061            0.583311           0.150206     0.001067     0.583351      0.404209
    3          11 0.0003    0.0001     0.342888              0.558808            0.592308           0.062148     0.001067     0.592308      0.342888
    4           9 0.0003    0.0010     0.328035              0.504125            0.504478           0.241399     0.001067     0.511830      0.328035
    5           7 0.0010    0.0003     0.397253              0.503418            0.504040           0.241251     0.001067     0.504058      0.397253
============================================================

Results saved to results/ppo/sweeps/ppo_EightRooms_20260914_093440_exact/exact_E/tuning/20260914_093444/EightRooms/out.pkl
Config saved to results/ppo/sweeps/ppo_EightRooms_20260914_093440_exact/exact_E/tuning/20260914_093444/EightRooms/config.json
Config saved to results/ppo/sweeps/ppo_EightRooms_20260914_093440_exact/exact_E/tuning/20260914_093444/EightRooms/config.json
Sweep plot saved to results/ppo/sweeps/ppo_EightRooms_20260914_093440_exact/exact_E/tuning/20260914_093444/EightRooms/hyperparameter_sweep_V_start.png
Best config seeds plot saved to results/ppo/sweeps/ppo_EightRooms_20260914_093440_exact/exact_E/tuning/20260914_093444/EightRooms/best_config_seeds.png
All configs seed grid saved to results/ppo/sweeps/ppo_EightRooms_20260914_093440_exact/exact_E/tuning/20260914_093444/EightRooms/all_configs_seeds_grid.png

======================================================================
GENERATING CROSS-ALGORITHM COMPARISON
======================================================================
Comparison summary saved to results/ppo/sweeps/ppo_EightRooms_20260914_093440_exact/comparison/comparison_summary.csv

SUMMARY OF BEST PERFORMING CONFIGURATIONS:
 Rank Algorithm      Best Hyperparameters  AUC V_start  Final Window (500 steps)  Final V_start (Mean)  Final V_start (Std)  Min V_start  Max V_start  Seeds Run Dir
    1   exact_E LR=0.001, ACTOR_LR=0.0001     0.423538                  0.609313               0.61123             0.004104     0.000796     0.611235     16     N/A
Comparison plot saved to results/ppo/sweeps/ppo_EightRooms_20260914_093440_exact/comparison/comparison_best_configs.png

======================================================================
SWEEP PIPELINE COMPLETED SUCCESSFULLY!
Results & Plots saved in: results/ppo/sweeps/ppo_EightRooms_20260914_093440_exact
Comparison Plot: results/ppo/sweeps/ppo_EightRooms_20260914_093440_exact/comparison/comparison_best_configs.png
======================================================================


--> [2/2] Sweeping exact_td_lambda (LR: 0.01 0.005 0.001 0.0003 | ACTOR_LR: 0.001 0.0003 0.0001 | VALUE_LAMBDA: 0.9 0.99 1.0)...
Command: /home/users/ds541/.pyenv/versions/3.10.15/envs/gymnax/bin/python scripts/sweep_pipeline.py         --policy ppo         --env-name EightRooms         --algos exact_td_lambda         --lr-grid 0.01 0.005 0.001 0.0003         --actor-lr-grid 0.001 0.0003 0.0001         --value-lambda-grid 0.9 0.99 1.0         --config '{"GAE_LAMBDA": 0.1}'         --n-seeds 16         --total-timesteps 3000         --metric V_start         --rank-by final_window         --window-size 500         --higher-is-better         --sweep-root-dir results/ppo/sweeps/ppo_EightRooms_20260914_093440_exact         --no-log-scale

======================================================================
STARTING SWEEP PIPELINE: PPO POLICY
Environment: EightRooms | Timesteps: 3000 | Seeds: 16
NUM_ENVS: 1 | NUM_STEPS: 1 | MINIBATCH_SIZE: 1 | NUM_EPOCHS: 1
Critic LR_END: None | Actor LR_END: None
Algorithms to sweep: ['exact_td_lambda']
Ranking: final_window (higher is better)
Output Root Directory: results/ppo/sweeps/ppo_EightRooms_20260914_093440_exact
======================================================================


[1/1] Running sweep for algorithm: exact_td_lambda...
Env: EightRooms
Default Obs Shape: (25, 13, 2)
Obs Shape: (25, 13, 2)
Action Shape: ()

============================================================
RUNNING SWEEP: 36 configs x 16 seeds = 576 runs
Environment: EightRooms | Primary Metric: V_start
Hyperparameters: ['LR', 'VALUE_LAMBDA', 'ACTOR_LR']
Ranking By: final_window (higher is better)
============================================================

[1/36] Evaluating: LR=0.01, VALUE_LAMBDA=0.9, ACTOR_LR=0.001 ...- obs shape for initialization is  (25, 13, 2)
number of features is  16
 done (51.5s)
[2/36] Evaluating: LR=0.01, VALUE_LAMBDA=0.9, ACTOR_LR=0.0003 ... done (36.4s)
[3/36] Evaluating: LR=0.01, VALUE_LAMBDA=0.9, ACTOR_LR=0.0001 ... done (36.5s)
[4/36] Evaluating: LR=0.01, VALUE_LAMBDA=0.99, ACTOR_LR=0.001 ... done (36.5s)
[5/36] Evaluating: LR=0.01, VALUE_LAMBDA=0.99, ACTOR_LR=0.0003 ... done (36.6s)
[6/36] Evaluating: LR=0.01, VALUE_LAMBDA=0.99, ACTOR_LR=0.0001 ... done (36.5s)
[7/36] Evaluating: LR=0.01, VALUE_LAMBDA=1.0, ACTOR_LR=0.001 ... done (36.3s)
[8/36] Evaluating: LR=0.01, VALUE_LAMBDA=1.0, ACTOR_LR=0.0003 ... done (36.5s)
[9/36] Evaluating: LR=0.01, VALUE_LAMBDA=1.0, ACTOR_LR=0.0001 ... done (36.6s)
[10/36] Evaluating: LR=0.005, VALUE_LAMBDA=0.9, ACTOR_LR=0.001 ... done (36.3s)
[11/36] Evaluating: LR=0.005, VALUE_LAMBDA=0.9, ACTOR_LR=0.0003 ... done (36.6s)
[12/36] Evaluating: LR=0.005, VALUE_LAMBDA=0.9, ACTOR_LR=0.0001 ... done (36.6s)
[13/36] Evaluating: LR=0.005, VALUE_LAMBDA=0.99, ACTOR_LR=0.001 ... done (36.6s)
[14/36] Evaluating: LR=0.005, VALUE_LAMBDA=0.99, ACTOR_LR=0.0003 ... done (36.3s)
[15/36] Evaluating: LR=0.005, VALUE_LAMBDA=0.99, ACTOR_LR=0.0001 ... done (36.6s)
[16/36] Evaluating: LR=0.005, VALUE_LAMBDA=1.0, ACTOR_LR=0.001 ... done (36.5s)
[17/36] Evaluating: LR=0.005, VALUE_LAMBDA=1.0, ACTOR_LR=0.0003 ... done (36.3s)
[18/36] Evaluating: LR=0.005, VALUE_LAMBDA=1.0, ACTOR_LR=0.0001 ... done (36.5s)
[19/36] Evaluating: LR=0.001, VALUE_LAMBDA=0.9, ACTOR_LR=0.001 ... done (37.3s)
[20/36] Evaluating: LR=0.001, VALUE_LAMBDA=0.9, ACTOR_LR=0.0003 ... done (36.5s)
[21/36] Evaluating: LR=0.001, VALUE_LAMBDA=0.9, ACTOR_LR=0.0001 ... done (36.4s)
[22/36] Evaluating: LR=0.001, VALUE_LAMBDA=0.99, ACTOR_LR=0.001 ... done (37.2s)
[23/36] Evaluating: LR=0.001, VALUE_LAMBDA=0.99, ACTOR_LR=0.0003 ... done (36.5s)
[24/36] Evaluating: LR=0.001, VALUE_LAMBDA=0.99, ACTOR_LR=0.0001 ... done (36.4s)
[25/36] Evaluating: LR=0.001, VALUE_LAMBDA=1.0, ACTOR_LR=0.001 ... done (37.3s)
[26/36] Evaluating: LR=0.001, VALUE_LAMBDA=1.0, ACTOR_LR=0.0003 ... done (36.4s)
[27/36] Evaluating: LR=0.001, VALUE_LAMBDA=1.0, ACTOR_LR=0.0001 ... done (36.4s)
[28/36] Evaluating: LR=0.0003, VALUE_LAMBDA=0.9, ACTOR_LR=0.001 ... done (36.8s)
[29/36] Evaluating: LR=0.0003, VALUE_LAMBDA=0.9, ACTOR_LR=0.0003 ... done (36.8s)
[30/36] Evaluating: LR=0.0003, VALUE_LAMBDA=0.9, ACTOR_LR=0.0001 ... done (36.5s)
[31/36] Evaluating: LR=0.0003, VALUE_LAMBDA=0.99, ACTOR_LR=0.001 ... done (37.4s)
[32/36] Evaluating: LR=0.0003, VALUE_LAMBDA=0.99, ACTOR_LR=0.0003 ... done (37.2s)
[33/36] Evaluating: LR=0.0003, VALUE_LAMBDA=0.99, ACTOR_LR=0.0001 ... done (36.5s)
[34/36] Evaluating: LR=0.0003, VALUE_LAMBDA=1.0, ACTOR_LR=0.001 ... done (37.3s)
[35/36] Evaluating: LR=0.0003, VALUE_LAMBDA=1.0, ACTOR_LR=0.0003 ... done (37.4s)
[36/36] Evaluating: LR=0.0003, VALUE_LAMBDA=1.0, ACTOR_LR=0.0001 ... done (36.4s)

Tuning summary saved to results/ppo/sweeps/ppo_EightRooms_20260914_093440_exact/exact_td_lambda/tuning/20260914_094259/EightRooms/tuning_summary.csv
Best configuration saved to results/ppo/sweeps/ppo_EightRooms_20260914_093440_exact/exact_td_lambda/tuning/20260914_094259/EightRooms/best_config.json

============================================================
★ TOP CONFIGURATION: LR=0.01, VALUE_LAMBDA=1.0, ACTOR_LR=0.001 (Ranked by final_window [higher is better])
  AUC V_start:          5.6909e-01
  Final Window (500 steps): 6.2488e-01
  Final V_start:         6.2489e-01 (±2.3344e-04)
  Min V_start:           1.0671e-03
============================================================

Top 5 Configurations:
 rank  config_idx     LR  VALUE_LAMBDA  ACTOR_LR  auc_V_start  final_window_V_start  final_V_start_mean  final_V_start_std  min_V_start  max_V_start  mean_V_start
    1           6 0.0100          1.00    0.0010     0.569093              0.624883            0.624890           0.000233     0.001067     0.624986      0.569093
    2          13 0.0050          0.99    0.0003     0.521378              0.618395            0.618646           0.002191     0.001067     0.618649      0.521378
    3          16 0.0050          1.00    0.0003     0.517460              0.618071            0.618452           0.001958     0.001067     0.618462      0.517460
    4          35 0.0003          1.00    0.0001     0.439024              0.608801            0.610459           0.003861     0.001067     0.610459      0.439024
    5          32 0.0003          0.99    0.0001     0.426008              0.608234            0.610699           0.002778     0.001067     0.610699      0.426008
============================================================

Results saved to results/ppo/sweeps/ppo_EightRooms_20260914_093440_exact/exact_td_lambda/tuning/20260914_094259/EightRooms/out.pkl
Config saved to results/ppo/sweeps/ppo_EightRooms_20260914_093440_exact/exact_td_lambda/tuning/20260914_094259/EightRooms/config.json
Config saved to results/ppo/sweeps/ppo_EightRooms_20260914_093440_exact/exact_td_lambda/tuning/20260914_094259/EightRooms/config.json
Sweep plot saved to results/ppo/sweeps/ppo_EightRooms_20260914_093440_exact/exact_td_lambda/tuning/20260914_094259/EightRooms/hyperparameter_sweep_V_start.png
Best config seeds plot saved to results/ppo/sweeps/ppo_EightRooms_20260914_093440_exact/exact_td_lambda/tuning/20260914_094259/EightRooms/best_config_seeds.png

======================================================================
GENERATING CROSS-ALGORITHM COMPARISON
======================================================================
Comparison summary saved to results/ppo/sweeps/ppo_EightRooms_20260914_093440_exact/comparison/comparison_summary.csv

SUMMARY OF BEST PERFORMING CONFIGURATIONS:
 Rank       Algorithm                      Best Hyperparameters  AUC V_start  Final Window (500 steps)  Final V_start (Mean)  Final V_start (Std)  Min V_start  Max V_start  Seeds                                                                                           Run Dir
    1 exact_td_lambda LR=0.01, VALUE_LAMBDA=1.0, ACTOR_LR=0.001     0.569093                  0.624883               0.62489             0.000233     0.001036     0.625149     16                                                                                               N/A
    2         exact_E                 LR=0.001, ACTOR_LR=0.0001     0.423538                  0.609313               0.61123             0.004104     0.000796     0.611235     16 results/ppo/sweeps/ppo_EightRooms_20260914_093440_exact/exact_E/tuning/20260914_093444/EightRooms
Comparison plot saved to results/ppo/sweeps/ppo_EightRooms_20260914_093440_exact/comparison/comparison_best_configs.png

======================================================================
SWEEP PIPELINE COMPLETED SUCCESSFULLY!
Results & Plots saved in: results/ppo/sweeps/ppo_EightRooms_20260914_093440_exact
Comparison Plot: results/ppo/sweeps/ppo_EightRooms_20260914_093440_exact/comparison/comparison_best_configs.png
======================================================================


--> Generating Final Cross-Algorithm Comparison Plot & Summary...

Analyzing sweep directory: 'results/ppo/sweeps/ppo_EightRooms_20260914_093440_exact'
Found 2 algorithm runs: ['exact_E', 'exact_td_lambda']
Metric: 'V_start' | Rank By: 'final_window' (higher is better)
Comparison summary saved to results/ppo/sweeps/ppo_EightRooms_20260914_093440_exact/comparison/comparison_summary_V_start.csv

======================================================================
ALGORITHM COMPARISON SUMMARY:
======================================================================
 Rank       Algorithm                      Best Hyperparameters  AUC V_start  Final Window (500 steps)  Final V_start (Mean)  Final V_start (Std)  Min V_start  Max V_start  Seeds                                                                                                   Run Dir
    1 exact_td_lambda LR=0.01, VALUE_LAMBDA=1.0, ACTOR_LR=0.001     0.569093                  0.624883               0.62489             0.000233     0.001036     0.625149     16 results/ppo/sweeps/ppo_EightRooms_20260914_093440_exact/exact_td_lambda/tuning/20260914_094259/EightRooms
    2         exact_E                 LR=0.001, ACTOR_LR=0.0001     0.423538                  0.609313               0.61123             0.004104     0.000796     0.611235     16         results/ppo/sweeps/ppo_EightRooms_20260914_093440_exact/exact_E/tuning/20260914_093444/EightRooms
======================================================================
Comparison plot saved to results/ppo/sweeps/ppo_EightRooms_20260914_093440_exact/comparison/comparison_best_configs_V_start.png

Saved summary to: results/ppo/sweeps/ppo_EightRooms_20260914_093440_exact/comparison/comparison_summary_V_start.csv
Saved comparison plot to: results/ppo/sweeps/ppo_EightRooms_20260914_093440_exact/comparison/comparison_best_configs_V_start.png


======================================================================
Running PPO Control Sweep: Environment=FourRooms-misc
Sweep Root Directory: results/ppo/sweeps/ppo_FourRooms-misc_20260914_100545_exact
======================================================================

--> [1/2] Sweeping exact_E (LR: 0.01 0.005 0.001 0.0003 | ACTOR_LR: 0.001 0.0003 0.0001)...
Command: /home/users/ds541/.pyenv/versions/3.10.15/envs/gymnax/bin/python scripts/sweep_pipeline.py         --policy ppo         --env-name FourRooms-misc         --algos exact_E         --lr-grid 0.01 0.005 0.001 0.0003         --actor-lr-grid 0.001 0.0003 0.0001         --config '{"GAE_LAMBDA": 0.1}'         --n-seeds 16         --total-timesteps 3000         --metric V_start         --rank-by final_window         --window-size 500         --higher-is-better         --sweep-root-dir results/ppo/sweeps/ppo_FourRooms-misc_20260914_100545_exact         --no-log-scale

======================================================================
STARTING SWEEP PIPELINE: PPO POLICY
Environment: FourRooms-misc | Timesteps: 3000 | Seeds: 16
NUM_ENVS: 1 | NUM_STEPS: 1 | MINIBATCH_SIZE: 1 | NUM_EPOCHS: 1
Critic LR_END: None | Actor LR_END: None
Algorithms to sweep: ['exact_E']
Ranking: final_window (higher is better)
Output Root Directory: results/ppo/sweeps/ppo_FourRooms-misc_20260914_100545_exact
======================================================================


[1/1] Running sweep for algorithm: exact_E...
Env: FourRooms-misc
Default Obs Shape: (13, 13, 2)
Obs Shape: (13, 13, 2)
Action Shape: ()

============================================================
RUNNING SWEEP: 12 configs x 16 seeds = 192 runs
Environment: FourRooms-misc | Primary Metric: V_start
Hyperparameters: ['LR', 'ACTOR_LR']
Ranking By: final_window (higher is better)
============================================================

[1/12] Evaluating: LR=0.01, ACTOR_LR=0.001 ...- obs shape for initialization is  (13, 13, 2)
number of features is  16
 done (32.6s)
[2/12] Evaluating: LR=0.01, ACTOR_LR=0.0003 ... done (12.1s)
[3/12] Evaluating: LR=0.01, ACTOR_LR=0.0001 ... done (12.0s)
[4/12] Evaluating: LR=0.005, ACTOR_LR=0.001 ... done (12.1s)
[5/12] Evaluating: LR=0.005, ACTOR_LR=0.0003 ... done (12.0s)
[6/12] Evaluating: LR=0.005, ACTOR_LR=0.0001 ... done (12.2s)
[7/12] Evaluating: LR=0.001, ACTOR_LR=0.001 ... done (12.0s)
[8/12] Evaluating: LR=0.001, ACTOR_LR=0.0003 ... done (12.2s)
[9/12] Evaluating: LR=0.001, ACTOR_LR=0.0001 ... done (12.1s)
[10/12] Evaluating: LR=0.0003, ACTOR_LR=0.001 ... done (12.1s)
[11/12] Evaluating: LR=0.0003, ACTOR_LR=0.0003 ... done (12.0s)
[12/12] Evaluating: LR=0.0003, ACTOR_LR=0.0001 ... done (12.2s)

Tuning summary saved to results/ppo/sweeps/ppo_FourRooms-misc_20260914_100545_exact/exact_E/tuning/20260914_100548/FourRooms-misc/tuning_summary.csv
Best configuration saved to results/ppo/sweeps/ppo_FourRooms-misc_20260914_100545_exact/exact_E/tuning/20260914_100548/FourRooms-misc/best_config.json

============================================================
★ TOP CONFIGURATION: LR=0.0003, ACTOR_LR=0.0003 (Ranked by final_window [higher is better])
  AUC V_start:          6.5454e-01
  Final Window (500 steps): 7.5557e-01
  Final V_start:         7.5554e-01 (±1.9738e-04)
  Min V_start:           2.4559e-02
============================================================

Top 5 Configurations:
 rank  config_idx     LR  ACTOR_LR  auc_V_start  final_window_V_start  final_V_start_mean  final_V_start_std  min_V_start  max_V_start  mean_V_start
    1          10 0.0003    0.0003     0.654541              0.755567            0.755545           0.000197     0.024559     0.755590      0.654541
    2           6 0.0010    0.0010     0.692889              0.755499            0.755508           0.000499     0.024559     0.755564      0.692889
    3           0 0.0100    0.0010     0.710028              0.755468            0.755482           0.000251     0.024559     0.755502      0.710028
    4           3 0.0050    0.0010     0.706805              0.755448            0.755476           0.000281     0.024559     0.755487      0.706805
    5           9 0.0003    0.0010     0.670181              0.755213            0.755197           0.001557     0.024559     0.755282      0.670181
============================================================

Results saved to results/ppo/sweeps/ppo_FourRooms-misc_20260914_100545_exact/exact_E/tuning/20260914_100548/FourRooms-misc/out.pkl
Config saved to results/ppo/sweeps/ppo_FourRooms-misc_20260914_100545_exact/exact_E/tuning/20260914_100548/FourRooms-misc/config.json
Config saved to results/ppo/sweeps/ppo_FourRooms-misc_20260914_100545_exact/exact_E/tuning/20260914_100548/FourRooms-misc/config.json
Sweep plot saved to results/ppo/sweeps/ppo_FourRooms-misc_20260914_100545_exact/exact_E/tuning/20260914_100548/FourRooms-misc/hyperparameter_sweep_V_start.png
Best config seeds plot saved to results/ppo/sweeps/ppo_FourRooms-misc_20260914_100545_exact/exact_E/tuning/20260914_100548/FourRooms-misc/best_config_seeds.png
All configs seed grid saved to results/ppo/sweeps/ppo_FourRooms-misc_20260914_100545_exact/exact_E/tuning/20260914_100548/FourRooms-misc/all_configs_seeds_grid.png

======================================================================
GENERATING CROSS-ALGORITHM COMPARISON
======================================================================
Comparison summary saved to results/ppo/sweeps/ppo_FourRooms-misc_20260914_100545_exact/comparison/comparison_summary.csv

SUMMARY OF BEST PERFORMING CONFIGURATIONS:
 Rank Algorithm       Best Hyperparameters  AUC V_start  Final Window (500 steps)  Final V_start (Mean)  Final V_start (Std)  Min V_start  Max V_start  Seeds Run Dir
    1   exact_E LR=0.0003, ACTOR_LR=0.0003     0.654541                  0.755567              0.755545             0.000197     0.020391      0.75569     16     N/A
Comparison plot saved to results/ppo/sweeps/ppo_FourRooms-misc_20260914_100545_exact/comparison/comparison_best_configs.png

======================================================================
SWEEP PIPELINE COMPLETED SUCCESSFULLY!
Results & Plots saved in: results/ppo/sweeps/ppo_FourRooms-misc_20260914_100545_exact
Comparison Plot: results/ppo/sweeps/ppo_FourRooms-misc_20260914_100545_exact/comparison/comparison_best_configs.png
======================================================================


--> [2/2] Sweeping exact_td_lambda (LR: 0.01 0.005 0.001 0.0003 | ACTOR_LR: 0.001 0.0003 0.0001 | VALUE_LAMBDA: 0.9 0.99 1.0)...
Command: /home/users/ds541/.pyenv/versions/3.10.15/envs/gymnax/bin/python scripts/sweep_pipeline.py         --policy ppo         --env-name FourRooms-misc         --algos exact_td_lambda         --lr-grid 0.01 0.005 0.001 0.0003         --actor-lr-grid 0.001 0.0003 0.0001         --value-lambda-grid 0.9 0.99 1.0         --config '{"GAE_LAMBDA": 0.1}'         --n-seeds 16         --total-timesteps 3000         --metric V_start         --rank-by final_window         --window-size 500         --higher-is-better         --sweep-root-dir results/ppo/sweeps/ppo_FourRooms-misc_20260914_100545_exact         --no-log-scale

======================================================================
STARTING SWEEP PIPELINE: PPO POLICY
Environment: FourRooms-misc | Timesteps: 3000 | Seeds: 16
NUM_ENVS: 1 | NUM_STEPS: 1 | MINIBATCH_SIZE: 1 | NUM_EPOCHS: 1
Critic LR_END: None | Actor LR_END: None
Algorithms to sweep: ['exact_td_lambda']
Ranking: final_window (higher is better)
Output Root Directory: results/ppo/sweeps/ppo_FourRooms-misc_20260914_100545_exact
======================================================================


[1/1] Running sweep for algorithm: exact_td_lambda...
Env: FourRooms-misc
Default Obs Shape: (13, 13, 2)
Obs Shape: (13, 13, 2)
Action Shape: ()

============================================================
RUNNING SWEEP: 36 configs x 16 seeds = 576 runs
Environment: FourRooms-misc | Primary Metric: V_start
Hyperparameters: ['LR', 'VALUE_LAMBDA', 'ACTOR_LR']
Ranking By: final_window (higher is better)
============================================================

[1/36] Evaluating: LR=0.01, VALUE_LAMBDA=0.9, ACTOR_LR=0.001 ...- obs shape for initialization is  (13, 13, 2)
number of features is  16
 done (24.4s)
[2/36] Evaluating: LR=0.01, VALUE_LAMBDA=0.9, ACTOR_LR=0.0003 ... done (12.1s)
[3/36] Evaluating: LR=0.01, VALUE_LAMBDA=0.9, ACTOR_LR=0.0001 ... done (12.1s)
[4/36] Evaluating: LR=0.01, VALUE_LAMBDA=0.99, ACTOR_LR=0.001 ... done (12.1s)
[5/36] Evaluating: LR=0.01, VALUE_LAMBDA=0.99, ACTOR_LR=0.0003 ... done (12.1s)
[6/36] Evaluating: LR=0.01, VALUE_LAMBDA=0.99, ACTOR_LR=0.0001 ... done (12.2s)
[7/36] Evaluating: LR=0.01, VALUE_LAMBDA=1.0, ACTOR_LR=0.001 ... done (12.1s)
[8/36] Evaluating: LR=0.01, VALUE_LAMBDA=1.0, ACTOR_LR=0.0003 ... done (12.1s)
[9/36] Evaluating: LR=0.01, VALUE_LAMBDA=1.0, ACTOR_LR=0.0001 ... done (12.2s)
[10/36] Evaluating: LR=0.005, VALUE_LAMBDA=0.9, ACTOR_LR=0.001 ... done (12.1s)
[11/36] Evaluating: LR=0.005, VALUE_LAMBDA=0.9, ACTOR_LR=0.0003 ... done (12.1s)
[12/36] Evaluating: LR=0.005, VALUE_LAMBDA=0.9, ACTOR_LR=0.0001 ... done (12.2s)
[13/36] Evaluating: LR=0.005, VALUE_LAMBDA=0.99, ACTOR_LR=0.001 ... done (12.1s)
[14/36] Evaluating: LR=0.005, VALUE_LAMBDA=0.99, ACTOR_LR=0.0003 ... done (12.1s)
[15/36] Evaluating: LR=0.005, VALUE_LAMBDA=0.99, ACTOR_LR=0.0001 ... done (12.2s)
[16/36] Evaluating: LR=0.005, VALUE_LAMBDA=1.0, ACTOR_LR=0.001 ... done (12.1s)
[17/36] Evaluating: LR=0.005, VALUE_LAMBDA=1.0, ACTOR_LR=0.0003 ... done (12.1s)
[18/36] Evaluating: LR=0.005, VALUE_LAMBDA=1.0, ACTOR_LR=0.0001 ... done (12.2s)
[19/36] Evaluating: LR=0.001, VALUE_LAMBDA=0.9, ACTOR_LR=0.001 ... done (12.2s)
[20/36] Evaluating: LR=0.001, VALUE_LAMBDA=0.9, ACTOR_LR=0.0003 ... done (12.2s)
[21/36] Evaluating: LR=0.001, VALUE_LAMBDA=0.9, ACTOR_LR=0.0001 ... done (12.1s)
[22/36] Evaluating: LR=0.001, VALUE_LAMBDA=0.99, ACTOR_LR=0.001 ... done (12.2s)
[23/36] Evaluating: LR=0.001, VALUE_LAMBDA=0.99, ACTOR_LR=0.0003 ... done (12.1s)
[24/36] Evaluating: LR=0.001, VALUE_LAMBDA=0.99, ACTOR_LR=0.0001 ... done (12.1s)
[25/36] Evaluating: LR=0.001, VALUE_LAMBDA=1.0, ACTOR_LR=0.001 ... done (12.1s)
[26/36] Evaluating: LR=0.001, VALUE_LAMBDA=1.0, ACTOR_LR=0.0003 ... done (12.1s)
[27/36] Evaluating: LR=0.001, VALUE_LAMBDA=1.0, ACTOR_LR=0.0001 ... done (12.1s)
[28/36] Evaluating: LR=0.0003, VALUE_LAMBDA=0.9, ACTOR_LR=0.001 ... done (12.1s)
[29/36] Evaluating: LR=0.0003, VALUE_LAMBDA=0.9, ACTOR_LR=0.0003 ... done (12.3s)
[30/36] Evaluating: LR=0.0003, VALUE_LAMBDA=0.9, ACTOR_LR=0.0001 ... done (12.2s)
[31/36] Evaluating: LR=0.0003, VALUE_LAMBDA=0.99, ACTOR_LR=0.001 ... done (12.1s)
[32/36] Evaluating: LR=0.0003, VALUE_LAMBDA=0.99, ACTOR_LR=0.0003 ... done (12.2s)
[33/36] Evaluating: LR=0.0003, VALUE_LAMBDA=0.99, ACTOR_LR=0.0001 ... done (12.2s)
[34/36] Evaluating: LR=0.0003, VALUE_LAMBDA=1.0, ACTOR_LR=0.001 ... done (12.2s)
[35/36] Evaluating: LR=0.0003, VALUE_LAMBDA=1.0, ACTOR_LR=0.0003 ... done (12.2s)
[36/36] Evaluating: LR=0.0003, VALUE_LAMBDA=1.0, ACTOR_LR=0.0001 ... done (12.2s)

Tuning summary saved to results/ppo/sweeps/ppo_FourRooms-misc_20260914_100545_exact/exact_td_lambda/tuning/20260914_100854/FourRooms-misc/tuning_summary.csv
Best configuration saved to results/ppo/sweeps/ppo_FourRooms-misc_20260914_100545_exact/exact_td_lambda/tuning/20260914_100854/FourRooms-misc/best_config.json

============================================================
★ TOP CONFIGURATION: LR=0.005, VALUE_LAMBDA=1.0, ACTOR_LR=0.001 (Ranked by final_window [higher is better])
  AUC V_start:          7.1014e-01
  Final Window (500 steps): 7.5558e-01
  Final V_start:         7.5556e-01 (±6.9834e-05)
  Min V_start:           2.4559e-02
============================================================

Top 5 Configurations:
 rank  config_idx    LR  VALUE_LAMBDA  ACTOR_LR  auc_V_start  final_window_V_start  final_V_start_mean  final_V_start_std  min_V_start  max_V_start  mean_V_start
    1          15 0.005          1.00     0.001     0.710143              0.755579            0.755565           0.000070     0.024559     0.755664      0.710143
    2          12 0.005          0.99     0.001     0.709923              0.755577            0.755594           0.000086     0.024559     0.755629      0.709923
    3           3 0.010          0.99     0.001     0.710156              0.755535            0.755542           0.000096     0.024559     0.755623      0.710156
    4           0 0.010          0.90     0.001     0.712070              0.755532            0.755553           0.000054     0.024559     0.755575      0.712070
    5           6 0.010          1.00     0.001     0.710212              0.755520            0.755521           0.000146     0.024559     0.755563      0.710212
============================================================

Results saved to results/ppo/sweeps/ppo_FourRooms-misc_20260914_100545_exact/exact_td_lambda/tuning/20260914_100854/FourRooms-misc/out.pkl
Config saved to results/ppo/sweeps/ppo_FourRooms-misc_20260914_100545_exact/exact_td_lambda/tuning/20260914_100854/FourRooms-misc/config.json
Config saved to results/ppo/sweeps/ppo_FourRooms-misc_20260914_100545_exact/exact_td_lambda/tuning/20260914_100854/FourRooms-misc/config.json
Sweep plot saved to results/ppo/sweeps/ppo_FourRooms-misc_20260914_100545_exact/exact_td_lambda/tuning/20260914_100854/FourRooms-misc/hyperparameter_sweep_V_start.png
Best config seeds plot saved to results/ppo/sweeps/ppo_FourRooms-misc_20260914_100545_exact/exact_td_lambda/tuning/20260914_100854/FourRooms-misc/best_config_seeds.png

======================================================================
GENERATING CROSS-ALGORITHM COMPARISON
======================================================================
Comparison summary saved to results/ppo/sweeps/ppo_FourRooms-misc_20260914_100545_exact/comparison/comparison_summary.csv

SUMMARY OF BEST PERFORMING CONFIGURATIONS:
 Rank       Algorithm                       Best Hyperparameters  AUC V_start  Final Window (500 steps)  Final V_start (Mean)  Final V_start (Std)  Min V_start  Max V_start  Seeds                                                                                                   Run Dir
    1 exact_td_lambda LR=0.005, VALUE_LAMBDA=1.0, ACTOR_LR=0.001     0.710143                  0.755579              0.755565             0.000070     0.024559     0.755913     16                                                                                                       N/A
    2         exact_E                 LR=0.0003, ACTOR_LR=0.0003     0.654541                  0.755567              0.755545             0.000197     0.020391     0.755690     16 results/ppo/sweeps/ppo_FourRooms-misc_20260914_100545_exact/exact_E/tuning/20260914_100548/FourRooms-misc
Comparison plot saved to results/ppo/sweeps/ppo_FourRooms-misc_20260914_100545_exact/comparison/comparison_best_configs.png

======================================================================
SWEEP PIPELINE COMPLETED SUCCESSFULLY!
Results & Plots saved in: results/ppo/sweeps/ppo_FourRooms-misc_20260914_100545_exact
Comparison Plot: results/ppo/sweeps/ppo_FourRooms-misc_20260914_100545_exact/comparison/comparison_best_configs.png
======================================================================


--> Generating Final Cross-Algorithm Comparison Plot & Summary...

Analyzing sweep directory: 'results/ppo/sweeps/ppo_FourRooms-misc_20260914_100545_exact'
Found 2 algorithm runs: ['exact_E', 'exact_td_lambda']
Metric: 'V_start' | Rank By: 'final_window' (higher is better)
Comparison summary saved to results/ppo/sweeps/ppo_FourRooms-misc_20260914_100545_exact/comparison/comparison_summary_V_start.csv

======================================================================
ALGORITHM COMPARISON SUMMARY:
======================================================================
 Rank       Algorithm                       Best Hyperparameters  AUC V_start  Final Window (500 steps)  Final V_start (Mean)  Final V_start (Std)  Min V_start  Max V_start  Seeds                                                                                                           Run Dir
    1 exact_td_lambda LR=0.005, VALUE_LAMBDA=1.0, ACTOR_LR=0.001     0.710143                  0.755579              0.755565             0.000070     0.024559     0.755913     16 results/ppo/sweeps/ppo_FourRooms-misc_20260914_100545_exact/exact_td_lambda/tuning/20260914_100854/FourRooms-misc
    2         exact_E                 LR=0.0003, ACTOR_LR=0.0003     0.654541                  0.755567              0.755545             0.000197     0.020391     0.755690     16         results/ppo/sweeps/ppo_FourRooms-misc_20260914_100545_exact/exact_E/tuning/20260914_100548/FourRooms-misc
======================================================================
Comparison plot saved to results/ppo/sweeps/ppo_FourRooms-misc_20260914_100545_exact/comparison/comparison_best_configs_V_start.png

Saved summary to: results/ppo/sweeps/ppo_FourRooms-misc_20260914_100545_exact/comparison/comparison_summary_V_start.csv
Saved comparison plot to: results/ppo/sweeps/ppo_FourRooms-misc_20260914_100545_exact/comparison/comparison_best_configs_V_start.png


======================================================================
Running PPO Control Sweep: Environment=Whirlpool
Sweep Root Directory: results/ppo/sweeps/ppo_Whirlpool_20260914_101645_exact
======================================================================

--> [1/2] Sweeping exact_E (LR: 0.01 0.005 0.001 0.0003 | ACTOR_LR: 0.001 0.0003 0.0001)...
Command: /home/users/ds541/.pyenv/versions/3.10.15/envs/gymnax/bin/python scripts/sweep_pipeline.py         --policy ppo         --env-name Whirlpool         --algos exact_E         --lr-grid 0.01 0.005 0.001 0.0003         --actor-lr-grid 0.001 0.0003 0.0001         --config '{"GAE_LAMBDA": 0.1}'         --n-seeds 16         --total-timesteps 3000         --metric V_start         --rank-by final_window         --window-size 500         --higher-is-better         --sweep-root-dir results/ppo/sweeps/ppo_Whirlpool_20260914_101645_exact         --no-log-scale

======================================================================
STARTING SWEEP PIPELINE: PPO POLICY
Environment: Whirlpool | Timesteps: 3000 | Seeds: 16
NUM_ENVS: 1 | NUM_STEPS: 1 | MINIBATCH_SIZE: 1 | NUM_EPOCHS: 1
Critic LR_END: None | Actor LR_END: None
Algorithms to sweep: ['exact_E']
Ranking: final_window (higher is better)
Output Root Directory: results/ppo/sweeps/ppo_Whirlpool_20260914_101645_exact
======================================================================


[1/1] Running sweep for algorithm: exact_E...
Env: Whirlpool
Default Obs Shape: (21, 21, 2)
Obs Shape: (21, 21, 2)
Action Shape: ()

============================================================
RUNNING SWEEP: 12 configs x 16 seeds = 192 runs
Environment: Whirlpool | Primary Metric: V_start
Hyperparameters: ['LR', 'ACTOR_LR']
Ranking By: final_window (higher is better)
============================================================

[1/12] Evaluating: LR=0.01, ACTOR_LR=0.001 ...- obs shape for initialization is  (21, 21, 2)
number of features is  16
 done (217.4s)
[2/12] Evaluating: LR=0.01, ACTOR_LR=0.0003 ... done (191.7s)
[3/12] Evaluating: LR=0.01, ACTOR_LR=0.0001 ... done (191.8s)
[4/12] Evaluating: LR=0.005, ACTOR_LR=0.001 ... done (192.0s)
[5/12] Evaluating: LR=0.005, ACTOR_LR=0.0003 ... done (192.0s)
[6/12] Evaluating: LR=0.005, ACTOR_LR=0.0001 ... done (191.6s)
[7/12] Evaluating: LR=0.001, ACTOR_LR=0.001 ... done (192.1s)
[8/12] Evaluating: LR=0.001, ACTOR_LR=0.0003 ... done (191.7s)
[9/12] Evaluating: LR=0.001, ACTOR_LR=0.0001 ... done (191.8s)
[10/12] Evaluating: LR=0.0003, ACTOR_LR=0.001 ... done (192.1s)
[11/12] Evaluating: LR=0.0003, ACTOR_LR=0.0003 ... done (191.8s)
[12/12] Evaluating: LR=0.0003, ACTOR_LR=0.0001 ... done (191.8s)

Tuning summary saved to results/ppo/sweeps/ppo_Whirlpool_20260914_101645_exact/exact_E/tuning/20260914_101647/Whirlpool/tuning_summary.csv
Best configuration saved to results/ppo/sweeps/ppo_Whirlpool_20260914_101645_exact/exact_E/tuning/20260914_101647/Whirlpool/best_config.json

============================================================
★ TOP CONFIGURATION: LR=0.005, ACTOR_LR=0.001 (Ranked by final_window [higher is better])
  AUC V_start:          6.8112e-02
  Final Window (500 steps): 7.6003e-02
  Final V_start:         7.6008e-02 (±1.6026e-05)
  Min V_start:           7.0682e-04
============================================================

Top 5 Configurations:
 rank  config_idx    LR  ACTOR_LR  auc_V_start  final_window_V_start  final_V_start_mean  final_V_start_std  min_V_start  max_V_start  mean_V_start
    1           3 0.005    0.0010     0.068112              0.076003            0.076008           0.000016     0.000707     0.076013      0.068112
    2           6 0.001    0.0010     0.065077              0.076003            0.076000           0.000015     0.000707     0.076011      0.065077
    3           0 0.010    0.0010     0.068374              0.075961            0.075982           0.000043     0.000707     0.076002      0.068374
    4           4 0.005    0.0003     0.059889              0.075876            0.075916           0.000133     0.000707     0.075920      0.059889
    5           7 0.001    0.0003     0.057778              0.075865            0.075918           0.000126     0.000707     0.075920      0.057778
============================================================

Results saved to results/ppo/sweeps/ppo_Whirlpool_20260914_101645_exact/exact_E/tuning/20260914_101647/Whirlpool/out.pkl
Config saved to results/ppo/sweeps/ppo_Whirlpool_20260914_101645_exact/exact_E/tuning/20260914_101647/Whirlpool/config.json
Config saved to results/ppo/sweeps/ppo_Whirlpool_20260914_101645_exact/exact_E/tuning/20260914_101647/Whirlpool/config.json
Sweep plot saved to results/ppo/sweeps/ppo_Whirlpool_20260914_101645_exact/exact_E/tuning/20260914_101647/Whirlpool/hyperparameter_sweep_V_start.png
Best config seeds plot saved to results/ppo/sweeps/ppo_Whirlpool_20260914_101645_exact/exact_E/tuning/20260914_101647/Whirlpool/best_config_seeds.png
All configs seed grid saved to results/ppo/sweeps/ppo_Whirlpool_20260914_101645_exact/exact_E/tuning/20260914_101647/Whirlpool/all_configs_seeds_grid.png

======================================================================
GENERATING CROSS-ALGORITHM COMPARISON
======================================================================
Comparison summary saved to results/ppo/sweeps/ppo_Whirlpool_20260914_101645_exact/comparison/comparison_summary.csv

SUMMARY OF BEST PERFORMING CONFIGURATIONS:
 Rank Algorithm     Best Hyperparameters  AUC V_start  Final Window (500 steps)  Final V_start (Mean)  Final V_start (Std)  Min V_start  Max V_start  Seeds Run Dir
    1   exact_E LR=0.005, ACTOR_LR=0.001     0.068112                  0.076003              0.076008             0.000016     0.000707      0.07604     16     N/A
Comparison plot saved to results/ppo/sweeps/ppo_Whirlpool_20260914_101645_exact/comparison/comparison_best_configs.png

======================================================================
SWEEP PIPELINE COMPLETED SUCCESSFULLY!
Results & Plots saved in: results/ppo/sweeps/ppo_Whirlpool_20260914_101645_exact
Comparison Plot: results/ppo/sweeps/ppo_Whirlpool_20260914_101645_exact/comparison/comparison_best_configs.png
======================================================================


--> [2/2] Sweeping exact_td_lambda (LR: 0.01 0.005 0.001 0.0003 | ACTOR_LR: 0.001 0.0003 0.0001 | VALUE_LAMBDA: 0.9 0.99 1.0)...
Command: /home/users/ds541/.pyenv/versions/3.10.15/envs/gymnax/bin/python scripts/sweep_pipeline.py         --policy ppo         --env-name Whirlpool         --algos exact_td_lambda         --lr-grid 0.01 0.005 0.001 0.0003         --actor-lr-grid 0.001 0.0003 0.0001         --value-lambda-grid 0.9 0.99 1.0         --config '{"GAE_LAMBDA": 0.1}'         --n-seeds 16         --total-timesteps 3000         --metric V_start         --rank-by final_window         --window-size 500         --higher-is-better         --sweep-root-dir results/ppo/sweeps/ppo_Whirlpool_20260914_101645_exact         --no-log-scale

======================================================================
STARTING SWEEP PIPELINE: PPO POLICY
Environment: Whirlpool | Timesteps: 3000 | Seeds: 16
NUM_ENVS: 1 | NUM_STEPS: 1 | MINIBATCH_SIZE: 1 | NUM_EPOCHS: 1
Critic LR_END: None | Actor LR_END: None
Algorithms to sweep: ['exact_td_lambda']
Ranking: final_window (higher is better)
Output Root Directory: results/ppo/sweeps/ppo_Whirlpool_20260914_101645_exact
======================================================================


[1/1] Running sweep for algorithm: exact_td_lambda...
Env: Whirlpool
Default Obs Shape: (21, 21, 2)
Obs Shape: (21, 21, 2)
Action Shape: ()

============================================================
RUNNING SWEEP: 36 configs x 16 seeds = 576 runs
Environment: Whirlpool | Primary Metric: V_start
Hyperparameters: ['LR', 'VALUE_LAMBDA', 'ACTOR_LR']
Ranking By: final_window (higher is better)
============================================================

[1/36] Evaluating: LR=0.01, VALUE_LAMBDA=0.9, ACTOR_LR=0.001 ...- obs shape for initialization is  (21, 21, 2)
number of features is  16
 done (209.7s)
[2/36] Evaluating: LR=0.01, VALUE_LAMBDA=0.9, ACTOR_LR=0.0003 ... done (192.8s)
[3/36] Evaluating: LR=0.01, VALUE_LAMBDA=0.9, ACTOR_LR=0.0001 ... done (192.9s)
[4/36] Evaluating: LR=0.01, VALUE_LAMBDA=0.99, ACTOR_LR=0.001 ... done (193.1s)
[5/36] Evaluating: LR=0.01, VALUE_LAMBDA=0.99, ACTOR_LR=0.0003 ... done (193.1s)
[6/36] Evaluating: LR=0.01, VALUE_LAMBDA=0.99, ACTOR_LR=0.0001 ... done (192.8s)
[7/36] Evaluating: LR=0.01, VALUE_LAMBDA=1.0, ACTOR_LR=0.001 ... done (192.9s)
[8/36] Evaluating: LR=0.01, VALUE_LAMBDA=1.0, ACTOR_LR=0.0003 ... done (193.3s)
[9/36] Evaluating: LR=0.01, VALUE_LAMBDA=1.0, ACTOR_LR=0.0001 ... done (193.0s)
[10/36] Evaluating: LR=0.005, VALUE_LAMBDA=0.9, ACTOR_LR=0.001 ... done (192.8s)
[11/36] Evaluating: LR=0.005, VALUE_LAMBDA=0.9, ACTOR_LR=0.0003 ... done (192.9s)
[12/36] Evaluating: LR=0.005, VALUE_LAMBDA=0.9, ACTOR_LR=0.0001 ... done (193.0s)
[13/36] Evaluating: LR=0.005, VALUE_LAMBDA=0.99, ACTOR_LR=0.001 ... done (192.7s)
[14/36] Evaluating: LR=0.005, VALUE_LAMBDA=0.99, ACTOR_LR=0.0003 ... done (193.1s)
[15/36] Evaluating: LR=0.005, VALUE_LAMBDA=0.99, ACTOR_LR=0.0001 ... done (193.1s)
[16/36] Evaluating: LR=0.005, VALUE_LAMBDA=1.0, ACTOR_LR=0.001 ... done (193.1s)
[17/36] Evaluating: LR=0.005, VALUE_LAMBDA=1.0, ACTOR_LR=0.0003 ... done (193.2s)
[18/36] Evaluating: LR=0.005, VALUE_LAMBDA=1.0, ACTOR_LR=0.0001 ... done (192.9s)
[19/36] Evaluating: LR=0.001, VALUE_LAMBDA=0.9, ACTOR_LR=0.001 ... done (192.7s)
[20/36] Evaluating: LR=0.001, VALUE_LAMBDA=0.9, ACTOR_LR=0.0003 ... done (193.0s)
[21/36] Evaluating: LR=0.001, VALUE_LAMBDA=0.9, ACTOR_LR=0.0001 ... done (193.0s)
[22/36] Evaluating: LR=0.001, VALUE_LAMBDA=0.99, ACTOR_LR=0.001 ... done (192.8s)
[23/36] Evaluating: LR=0.001, VALUE_LAMBDA=0.99, ACTOR_LR=0.0003 ... done (192.8s)
[24/36] Evaluating: LR=0.001, VALUE_LAMBDA=0.99, ACTOR_LR=0.0001 ... done (193.2s)
[25/36] Evaluating: LR=0.001, VALUE_LAMBDA=1.0, ACTOR_LR=0.001 ... done (193.3s)
[26/36] Evaluating: LR=0.001, VALUE_LAMBDA=1.0, ACTOR_LR=0.0003 ... done (193.4s)
[27/36] Evaluating: LR=0.001, VALUE_LAMBDA=1.0, ACTOR_LR=0.0001 ... done (193.2s)
[28/36] Evaluating: LR=0.0003, VALUE_LAMBDA=0.9, ACTOR_LR=0.001 ... done (193.1s)
[29/36] Evaluating: LR=0.0003, VALUE_LAMBDA=0.9, ACTOR_LR=0.0003 ... done (193.1s)
[30/36] Evaluating: LR=0.0003, VALUE_LAMBDA=0.9, ACTOR_LR=0.0001 ... done (193.0s)
[31/36] Evaluating: LR=0.0003, VALUE_LAMBDA=0.99, ACTOR_LR=0.001 ... done (193.1s)
[32/36] Evaluating: LR=0.0003, VALUE_LAMBDA=0.99, ACTOR_LR=0.0003 ... done (193.2s)
[33/36] Evaluating: LR=0.0003, VALUE_LAMBDA=0.99, ACTOR_LR=0.0001 ... done (193.2s)
[34/36] Evaluating: LR=0.0003, VALUE_LAMBDA=1.0, ACTOR_LR=0.001 ... done (193.1s)
[35/36] Evaluating: LR=0.0003, VALUE_LAMBDA=1.0, ACTOR_LR=0.0003 ... done (193.0s)
[36/36] Evaluating: LR=0.0003, VALUE_LAMBDA=1.0, ACTOR_LR=0.0001 ... done (193.2s)

Tuning summary saved to results/ppo/sweeps/ppo_Whirlpool_20260914_101645_exact/exact_td_lambda/tuning/20260914_105555/Whirlpool/tuning_summary.csv
Best configuration saved to results/ppo/sweeps/ppo_Whirlpool_20260914_101645_exact/exact_td_lambda/tuning/20260914_105555/Whirlpool/best_config.json

============================================================
★ TOP CONFIGURATION: LR=0.001, VALUE_LAMBDA=0.99, ACTOR_LR=0.001 (Ranked by final_window [higher is better])
  AUC V_start:          6.8232e-02
  Final Window (500 steps): 7.6041e-02
  Final V_start:         7.6041e-02 (±1.4033e-05)
  Min V_start:           7.0682e-04
============================================================

Top 5 Configurations:
 rank  config_idx     LR  VALUE_LAMBDA  ACTOR_LR  auc_V_start  final_window_V_start  final_V_start_mean  final_V_start_std  min_V_start  max_V_start  mean_V_start
    1          21 0.0010          0.99     0.001     0.068232              0.076041            0.076041           0.000014     0.000707     0.076055      0.068232
    2          18 0.0010          0.90     0.001     0.067668              0.076041            0.076032           0.000014     0.000707     0.076050      0.067668
    3          24 0.0010          1.00     0.001     0.068252              0.076040            0.076035           0.000015     0.000707     0.076048      0.068252
    4           9 0.0050          0.90     0.001     0.068375              0.076037            0.076038           0.000008     0.000707     0.076041      0.068375
    5          27 0.0003          0.90     0.001     0.063159              0.076037            0.076041           0.000036     0.000707     0.076056      0.063159
============================================================

Results saved to results/ppo/sweeps/ppo_Whirlpool_20260914_101645_exact/exact_td_lambda/tuning/20260914_105555/Whirlpool/out.pkl
Config saved to results/ppo/sweeps/ppo_Whirlpool_20260914_101645_exact/exact_td_lambda/tuning/20260914_105555/Whirlpool/config.json
Config saved to results/ppo/sweeps/ppo_Whirlpool_20260914_101645_exact/exact_td_lambda/tuning/20260914_105555/Whirlpool/config.json
Sweep plot saved to results/ppo/sweeps/ppo_Whirlpool_20260914_101645_exact/exact_td_lambda/tuning/20260914_105555/Whirlpool/hyperparameter_sweep_V_start.png
Best config seeds plot saved to results/ppo/sweeps/ppo_Whirlpool_20260914_101645_exact/exact_td_lambda/tuning/20260914_105555/Whirlpool/best_config_seeds.png

======================================================================
GENERATING CROSS-ALGORITHM COMPARISON
======================================================================
Comparison summary saved to results/ppo/sweeps/ppo_Whirlpool_20260914_101645_exact/comparison/comparison_summary.csv

SUMMARY OF BEST PERFORMING CONFIGURATIONS:
 Rank       Algorithm                        Best Hyperparameters  AUC V_start  Final Window (500 steps)  Final V_start (Mean)  Final V_start (Std)  Min V_start  Max V_start  Seeds                                                                                         Run Dir
    1 exact_td_lambda LR=0.001, VALUE_LAMBDA=0.99, ACTOR_LR=0.001     0.068232                  0.076041              0.076041             0.000014     0.000707     0.076096     16                                                                                             N/A
    2         exact_E                    LR=0.005, ACTOR_LR=0.001     0.068112                  0.076003              0.076008             0.000016     0.000707     0.076040     16 results/ppo/sweeps/ppo_Whirlpool_20260914_101645_exact/exact_E/tuning/20260914_101647/Whirlpool
Comparison plot saved to results/ppo/sweeps/ppo_Whirlpool_20260914_101645_exact/comparison/comparison_best_configs.png

======================================================================
SWEEP PIPELINE COMPLETED SUCCESSFULLY!
Results & Plots saved in: results/ppo/sweeps/ppo_Whirlpool_20260914_101645_exact
Comparison Plot: results/ppo/sweeps/ppo_Whirlpool_20260914_101645_exact/comparison/comparison_best_configs.png
======================================================================


--> Generating Final Cross-Algorithm Comparison Plot & Summary...

Analyzing sweep directory: 'results/ppo/sweeps/ppo_Whirlpool_20260914_101645_exact'
Found 2 algorithm runs: ['exact_E', 'exact_td_lambda']
Metric: 'V_start' | Rank By: 'final_window' (higher is better)
Comparison summary saved to results/ppo/sweeps/ppo_Whirlpool_20260914_101645_exact/comparison/comparison_summary_V_start.csv

======================================================================
ALGORITHM COMPARISON SUMMARY:
======================================================================
 Rank       Algorithm                        Best Hyperparameters  AUC V_start  Final Window (500 steps)  Final V_start (Mean)  Final V_start (Std)  Min V_start  Max V_start  Seeds                                                                                                 Run Dir
    1 exact_td_lambda LR=0.001, VALUE_LAMBDA=0.99, ACTOR_LR=0.001     0.068232                  0.076041              0.076041             0.000014     0.000707     0.076096     16 results/ppo/sweeps/ppo_Whirlpool_20260914_101645_exact/exact_td_lambda/tuning/20260914_105555/Whirlpool
    2         exact_E                    LR=0.005, ACTOR_LR=0.001     0.068112                  0.076003              0.076008             0.000016     0.000707     0.076040     16         results/ppo/sweeps/ppo_Whirlpool_20260914_101645_exact/exact_E/tuning/20260914_101647/Whirlpool
======================================================================
Comparison plot saved to results/ppo/sweeps/ppo_Whirlpool_20260914_101645_exact/comparison/comparison_best_configs_V_start.png

Saved summary to: results/ppo/sweeps/ppo_Whirlpool_20260914_101645_exact/comparison/comparison_summary_V_start.csv
Saved comparison plot to: results/ppo/sweeps/ppo_Whirlpool_20260914_101645_exact/comparison/comparison_best_configs_V_start.png


======================================================================
Running PPO Control Sweep: Environment=MountainCar-v0
Sweep Root Directory: results/ppo/sweeps/ppo_MountainCar-v0_20260914_125221_exact
======================================================================

--> [1/2] Sweeping exact_E (LR: 0.01 0.005 0.001 0.0003 | ACTOR_LR: 0.001 0.0003 0.0001)...
Command: /home/users/ds541/.pyenv/versions/3.10.15/envs/gymnax/bin/python scripts/sweep_pipeline.py         --policy ppo         --env-name MountainCar-v0         --algos exact_E         --lr-grid 0.01 0.005 0.001 0.0003         --actor-lr-grid 0.001 0.0003 0.0001         --config '{"GAE_LAMBDA": 0.1}'         --n-seeds 16         --total-timesteps 3000         --metric V_start         --rank-by final_window         --window-size 500         --higher-is-better         --sweep-root-dir results/ppo/sweeps/ppo_MountainCar-v0_20260914_125221_exact         --no-log-scale

======================================================================
STARTING SWEEP PIPELINE: PPO POLICY
Environment: MountainCar-v0 | Timesteps: 3000 | Seeds: 16
NUM_ENVS: 1 | NUM_STEPS: 1 | MINIBATCH_SIZE: 1 | NUM_EPOCHS: 1
Critic LR_END: None | Actor LR_END: None
Algorithms to sweep: ['exact_E']
Ranking: final_window (higher is better)
Output Root Directory: results/ppo/sweeps/ppo_MountainCar-v0_20260914_125221_exact
======================================================================


[1/1] Running sweep for algorithm: exact_E...
Env: MountainCar-v0
Default Obs Shape: (2,)
Obs Shape: (2,)
Action Shape: ()

============================================================
RUNNING SWEEP: 12 configs x 16 seeds = 192 runs
Environment: MountainCar-v0 | Primary Metric: V_start
Hyperparameters: ['LR', 'ACTOR_LR']
Ranking By: final_window (higher is better)
============================================================

[1/12] Evaluating: LR=0.01, ACTOR_LR=0.001 ...- obs shape for initialization is  (2,)
number of features is  16
 done (1846.8s)
[2/12] Evaluating: LR=0.01, ACTOR_LR=0.0003 ... done (1801.6s)
[3/12] Evaluating: LR=0.01, ACTOR_LR=0.0001 ... done (1803.6s)
[4/12] Evaluating: LR=0.005, ACTOR_LR=0.001 ... done (1789.0s)
[5/12] Evaluating: LR=0.005, ACTOR_LR=0.0003 ... done (1804.0s)
[6/12] Evaluating: LR=0.005, ACTOR_LR=0.0001 ... done (1801.4s)
[7/12] Evaluating: LR=0.001, ACTOR_LR=0.001 ... done (1807.9s)
[8/12] Evaluating: LR=0.001, ACTOR_LR=0.0003 ... done (1807.5s)
[9/12] Evaluating: LR=0.001, ACTOR_LR=0.0001 ... done (1813.7s)
[10/12] Evaluating: LR=0.0003, ACTOR_LR=0.001 ... done (1807.1s)
[11/12] Evaluating: LR=0.0003, ACTOR_LR=0.0003 ... done (1804.1s)
[12/12] Evaluating: LR=0.0003, ACTOR_LR=0.0001 ... done (1806.8s)

Tuning summary saved to results/ppo/sweeps/ppo_MountainCar-v0_20260914_125221_exact/exact_E/tuning/20260914_125224/MountainCar-v0/tuning_summary.csv
Best configuration saved to results/ppo/sweeps/ppo_MountainCar-v0_20260914_125221_exact/exact_E/tuning/20260914_125224/MountainCar-v0/best_config.json

============================================================
★ TOP CONFIGURATION: LR=0.01, ACTOR_LR=0.001 (Ranked by final_window [higher is better])
  AUC V_start:          3.2600e-01
  Final Window (500 steps): 3.5602e-01
  Final V_start:         3.5616e-01 (±3.0939e-03)
  Min V_start:           1.6736e-02
============================================================

Top 5 Configurations:
 rank  config_idx    LR  ACTOR_LR  auc_V_start  final_window_V_start  final_V_start_mean  final_V_start_std  min_V_start  max_V_start  mean_V_start
    1           0 0.010    0.0010     0.325997              0.356017            0.356160           0.003094     0.016736     0.356162      0.325997
    2           3 0.005    0.0010     0.324916              0.355928            0.356072           0.002893     0.016736     0.356072      0.324916
    3           6 0.001    0.0010     0.318601              0.354953            0.355208           0.000747     0.016736     0.355211      0.318601
    4           1 0.010    0.0003     0.300814              0.354471            0.354812           0.000489     0.016736     0.354812      0.300814
    5           4 0.005    0.0003     0.296289              0.350161            0.350890           0.015663     0.016736     0.350890      0.296289
============================================================

Results saved to results/ppo/sweeps/ppo_MountainCar-v0_20260914_125221_exact/exact_E/tuning/20260914_125224/MountainCar-v0/out.pkl
Config saved to results/ppo/sweeps/ppo_MountainCar-v0_20260914_125221_exact/exact_E/tuning/20260914_125224/MountainCar-v0/config.json
Config saved to results/ppo/sweeps/ppo_MountainCar-v0_20260914_125221_exact/exact_E/tuning/20260914_125224/MountainCar-v0/config.json
Sweep plot saved to results/ppo/sweeps/ppo_MountainCar-v0_20260914_125221_exact/exact_E/tuning/20260914_125224/MountainCar-v0/hyperparameter_sweep_V_start.png
Best config seeds plot saved to results/ppo/sweeps/ppo_MountainCar-v0_20260914_125221_exact/exact_E/tuning/20260914_125224/MountainCar-v0/best_config_seeds.png
All configs seed grid saved to results/ppo/sweeps/ppo_MountainCar-v0_20260914_125221_exact/exact_E/tuning/20260914_125224/MountainCar-v0/all_configs_seeds_grid.png

======================================================================
GENERATING CROSS-ALGORITHM COMPARISON
======================================================================
Comparison summary saved to results/ppo/sweeps/ppo_MountainCar-v0_20260914_125221_exact/comparison/comparison_summary.csv

SUMMARY OF BEST PERFORMING CONFIGURATIONS:
 Rank Algorithm    Best Hyperparameters  AUC V_start  Final Window (500 steps)  Final V_start (Mean)  Final V_start (Std)  Min V_start  Max V_start  Seeds Run Dir
    1   exact_E LR=0.01, ACTOR_LR=0.001     0.325997                  0.356017               0.35616             0.003094     0.016707      0.35626     16     N/A
Comparison plot saved to results/ppo/sweeps/ppo_MountainCar-v0_20260914_125221_exact/comparison/comparison_best_configs.png

======================================================================
SWEEP PIPELINE COMPLETED SUCCESSFULLY!
Results & Plots saved in: results/ppo/sweeps/ppo_MountainCar-v0_20260914_125221_exact
Comparison Plot: results/ppo/sweeps/ppo_MountainCar-v0_20260914_125221_exact/comparison/comparison_best_configs.png
======================================================================


--> [2/2] Sweeping exact_td_lambda (LR: 0.01 0.005 0.001 0.0003 | ACTOR_LR: 0.001 0.0003 0.0001 | VALUE_LAMBDA: 0.9 0.99 1.0)...
Command: /home/users/ds541/.pyenv/versions/3.10.15/envs/gymnax/bin/python scripts/sweep_pipeline.py         --policy ppo         --env-name MountainCar-v0         --algos exact_td_lambda         --lr-grid 0.01 0.005 0.001 0.0003         --actor-lr-grid 0.001 0.0003 0.0001         --value-lambda-grid 0.9 0.99 1.0         --config '{"GAE_LAMBDA": 0.1}'         --n-seeds 16         --total-timesteps 3000         --metric V_start         --rank-by final_window         --window-size 500         --higher-is-better         --sweep-root-dir results/ppo/sweeps/ppo_MountainCar-v0_20260914_125221_exact         --no-log-scale

======================================================================
STARTING SWEEP PIPELINE: PPO POLICY
Environment: MountainCar-v0 | Timesteps: 3000 | Seeds: 16
NUM_ENVS: 1 | NUM_STEPS: 1 | MINIBATCH_SIZE: 1 | NUM_EPOCHS: 1
Critic LR_END: None | Actor LR_END: None
Algorithms to sweep: ['exact_td_lambda']
Ranking: final_window (higher is better)
Output Root Directory: results/ppo/sweeps/ppo_MountainCar-v0_20260914_125221_exact
======================================================================


[1/1] Running sweep for algorithm: exact_td_lambda...
Env: MountainCar-v0
Default Obs Shape: (2,)
Obs Shape: (2,)
Action Shape: ()

============================================================
RUNNING SWEEP: 36 configs x 16 seeds = 576 runs
Environment: MountainCar-v0 | Primary Metric: V_start
Hyperparameters: ['LR', 'VALUE_LAMBDA', 'ACTOR_LR']
Ranking By: final_window (higher is better)
============================================================

[1/36] Evaluating: LR=0.01, VALUE_LAMBDA=0.9, ACTOR_LR=0.001 ...- obs shape for initialization is  (2,)
number of features is  16
 done (1839.5s)
[2/36] Evaluating: LR=0.01, VALUE_LAMBDA=0.9, ACTOR_LR=0.0003 ... done (1812.2s)
[3/36] Evaluating: LR=0.01, VALUE_LAMBDA=0.9, ACTOR_LR=0.0001 ... done (1806.4s)
[4/36] Evaluating: LR=0.01, VALUE_LAMBDA=0.99, ACTOR_LR=0.001 ... done (1817.3s)
[5/36] Evaluating: LR=0.01, VALUE_LAMBDA=0.99, ACTOR_LR=0.0003 ... done (1814.6s)
[6/36] Evaluating: LR=0.01, VALUE_LAMBDA=0.99, ACTOR_LR=0.0001 ...[2026-09-14T21:35:03.014] error: *** JOB 12589967 ON compsci-cluster-fitz-02 CANCELLED AT 2026-09-14T21:35:03 DUE TO TIME LIMIT ***
