======================================================================
STARTING SLURM HYBRID PPO / CONTROL ALGORITHMS SWEEP
Comparing: Hybrid E minimization vs TD(lambda) vs MC
Start Time: 2026-09-14 09:34:40
Environments: EightRooms FourRooms-misc Whirlpool MountainCar-v0
Algorithms: hybrid_exact_E hybrid_exact_td_lambda
Seeds: 10 | Timesteps: 2048000
Critic LR Grid: 0.01 0.005 0.001 0.0003 | Actor LR Grid: 0.001 0.0003 0.0001 | Lambda: 0.9 0.99 1.0
Optimization Metric: V_start (AUC, higher is better)
======================================================================

======================================================================
Running Hybrid PPO Control Sweep: Environment=EightRooms
Sweep Root Directory: results/hybrid/sweeps/hybrid_EightRooms_20260914_093440_hybrid
======================================================================

--> [1/2] Sweeping hybrid_exact_E (LR: 0.01 0.005 0.001 0.0003 | ACTOR_LR: 0.001 0.0003 0.0001)...
Command: /home/users/ds541/.pyenv/versions/3.10.15/envs/gymnax/bin/python scripts/sweep_pipeline.py         --policy ppo         --env-name EightRooms         --algos hybrid_exact_E         --lr-grid 0.01 0.005 0.001 0.0003         --actor-lr-grid 0.001 0.0003 0.0001         --config '{"GAE_LAMBDA": 0.9, "NUM_STEPS": 256, "NUM_ENVS": 64, "MINIBATCH_SIZE": 1024, "TOTAL_TIMESTEPS": 2048000, "NUM_EPOCHS": 4}'         --n-seeds 10         --total-timesteps 2048000         --metric V_start         --rank-by final_window         --window-size 500         --higher-is-better         --sweep-root-dir results/hybrid/sweeps/hybrid_EightRooms_20260914_093440_hybrid         --no-log-scale

======================================================================
STARTING SWEEP PIPELINE: PPO POLICY
Environment: EightRooms | Timesteps: 2048000 | Seeds: 10
NUM_ENVS: 64 | NUM_STEPS: 256 | MINIBATCH_SIZE: 1024 | NUM_EPOCHS: 4
Critic LR_END: None | Actor LR_END: None
Algorithms to sweep: ['hybrid_exact_E']
Ranking: final_window (higher is better)
Output Root Directory: results/hybrid/sweeps/hybrid_EightRooms_20260914_093440_hybrid
======================================================================


[1/1] Running sweep for algorithm: hybrid_exact_E...
Env: EightRooms
Default Obs Shape: (25, 13, 2)
Obs Shape: (25, 13, 2)
Action Shape: ()

============================================================
RUNNING SWEEP: 12 configs x 10 seeds = 120 runs
Environment: EightRooms | Primary Metric: V_start
Hyperparameters: ['LR', 'ACTOR_LR']
Ranking By: final_window (higher is better)
============================================================

[1/12] Evaluating: LR=0.01, ACTOR_LR=0.001 ...- obs shape for initialization is  (25, 13, 2)
number of features is  16
 done (132.7s)
[2/12] Evaluating: LR=0.01, ACTOR_LR=0.0003 ... done (97.3s)
[3/12] Evaluating: LR=0.01, ACTOR_LR=0.0001 ... done (97.4s)
[4/12] Evaluating: LR=0.005, ACTOR_LR=0.001 ... done (97.3s)
[5/12] Evaluating: LR=0.005, ACTOR_LR=0.0003 ... done (97.3s)
[6/12] Evaluating: LR=0.005, ACTOR_LR=0.0001 ...[2026-09-14T09:44:58.776] error: *** JOB 12589962 ON compsci-cluster-fitz-01 CANCELLED AT 2026-09-14T09:44:58 DUE to SIGNAL Terminated ***
