======================================================================
STARTING SLURM EXACT PPO / CONTROL ALGORITHMS SWEEP
Comparing: E minimization vs TD(lambda)
Start Time: 2026-09-14 18:47:19
Environments: EightRooms FourRooms-misc Whirlpool MountainCar-v0
Algorithms: exact_E exact_td_lambda sampled_mc
Seeds: 15 | Timesteps: 3000
Critic LR Grid: 0.005 0.001 0.0003 | Actor LR Grid: 0.001 0.0003 0.0001 | Lambda: 0.9
Optimization Metric: V_start (AUC, higher is better)
======================================================================

======================================================================
Running PPO Control Sweep: Environment=EightRooms
Sweep Root Directory: results/ppo/sweeps/ppo_EightRooms_20260914_184719_exact_with_mc
======================================================================

--> [1/2] Sweeping exact_E (LR: 0.005 0.001 0.0003 | ACTOR_LR: 0.001 0.0003 0.0001)...
Command: /home/users/ds541/.pyenv/versions/3.10.15/envs/gymnax/bin/python scripts/sweep_pipeline.py         --policy ppo         --env-name EightRooms         --algos exact_E         --lr-grid 0.005 0.001 0.0003         --actor-lr-grid 0.001 0.0003 0.0001         --config '{"GAE_LAMBDA": 0.1}'         --n-seeds 15         --total-timesteps 3000         --metric V_start         --rank-by final_window         --window-size 500         --higher-is-better         --sweep-root-dir results/ppo/sweeps/ppo_EightRooms_20260914_184719_exact_with_mc         --no-log-scale

======================================================================
STARTING SWEEP PIPELINE: PPO POLICY
Environment: EightRooms | Timesteps: 3000 | Seeds: 15
NUM_ENVS: 1 | NUM_STEPS: 1 | MINIBATCH_SIZE: 1 | NUM_EPOCHS: 1
Critic LR_END: None | Actor LR_END: None
Algorithms to sweep: ['exact_E']
Ranking: final_window (higher is better)
Output Root Directory: results/ppo/sweeps/ppo_EightRooms_20260914_184719_exact_with_mc
======================================================================


[1/1] Running sweep for algorithm: exact_E...
Env: EightRooms
Default Obs Shape: (25, 13, 2)
Obs Shape: (25, 13, 2)
Action Shape: ()

============================================================
RUNNING SWEEP: 9 configs x 15 seeds = 135 runs
Environment: EightRooms | Primary Metric: V_start
Hyperparameters: ['LR', 'ACTOR_LR']
Ranking By: final_window (higher is better)
============================================================

[1/9] Evaluating: LR=0.005, ACTOR_LR=0.001 ...- obs shape for initialization is  (25, 13, 2)
number of features is  16
 done (62.5s)
[2/9] Evaluating: LR=0.005, ACTOR_LR=0.0003 ... done (35.6s)
[3/9] Evaluating: LR=0.005, ACTOR_LR=0.0001 ... done (35.9s)
[4/9] Evaluating: LR=0.001, ACTOR_LR=0.001 ... done (36.3s)
[5/9] Evaluating: LR=0.001, ACTOR_LR=0.0003 ... done (36.0s)
[6/9] Evaluating: LR=0.001, ACTOR_LR=0.0001 ... done (35.9s)
[7/9] Evaluating: LR=0.0003, ACTOR_LR=0.001 ... done (36.3s)
[8/9] Evaluating: LR=0.0003, ACTOR_LR=0.0003 ... done (36.2s)
[9/9] Evaluating: LR=0.0003, ACTOR_LR=0.0001 ... done (35.9s)

Tuning summary saved to results/ppo/sweeps/ppo_EightRooms_20260914_184719_exact_with_mc/exact_E/tuning/20260914_184727/EightRooms/tuning_summary.csv
Best configuration saved to results/ppo/sweeps/ppo_EightRooms_20260914_184719_exact_with_mc/exact_E/tuning/20260914_184727/EightRooms/best_config.json

============================================================
★ TOP CONFIGURATION: LR=0.005, ACTOR_LR=0.0003 (Ranked by final_window [higher is better])
  AUC V_start:          5.2927e-01
  Final Window (500 steps): 6.1841e-01
  Final V_start:         6.1877e-01 (±2.5733e-03)
  Min V_start:           1.0702e-03
============================================================

Top 5 Configurations:
 rank  config_idx     LR  ACTOR_LR  auc_V_start  final_window_V_start  final_V_start_mean  final_V_start_std  min_V_start  max_V_start  mean_V_start
    1           1 0.0050    0.0003     0.529273              0.618405            0.618772           0.002573      0.00107     0.618784      0.529273
    2           8 0.0003    0.0001     0.389446              0.612203            0.613760           0.003598      0.00107     0.613760      0.389446
    3           4 0.0010    0.0003     0.488249              0.611861            0.619513           0.004974      0.00107     0.619523      0.488249
    4           5 0.0010    0.0001     0.434400              0.609670            0.611980           0.003306      0.00107     0.611980      0.434400
    5           7 0.0003    0.0003     0.413718              0.581446            0.581597           0.154764      0.00107     0.581622      0.413718
============================================================

Results saved to results/ppo/sweeps/ppo_EightRooms_20260914_184719_exact_with_mc/exact_E/tuning/20260914_184727/EightRooms/out.pkl
Config saved to results/ppo/sweeps/ppo_EightRooms_20260914_184719_exact_with_mc/exact_E/tuning/20260914_184727/EightRooms/config.json
Config saved to results/ppo/sweeps/ppo_EightRooms_20260914_184719_exact_with_mc/exact_E/tuning/20260914_184727/EightRooms/config.json
Sweep plot saved to results/ppo/sweeps/ppo_EightRooms_20260914_184719_exact_with_mc/exact_E/tuning/20260914_184727/EightRooms/hyperparameter_sweep_V_start.png
Best config seeds plot saved to results/ppo/sweeps/ppo_EightRooms_20260914_184719_exact_with_mc/exact_E/tuning/20260914_184727/EightRooms/best_config_seeds.png
All configs seed grid saved to results/ppo/sweeps/ppo_EightRooms_20260914_184719_exact_with_mc/exact_E/tuning/20260914_184727/EightRooms/all_configs_seeds_grid.png

======================================================================
GENERATING CROSS-ALGORITHM COMPARISON
======================================================================
Comparison summary saved to results/ppo/sweeps/ppo_EightRooms_20260914_184719_exact_with_mc/comparison/comparison_summary.csv

SUMMARY OF BEST PERFORMING CONFIGURATIONS:
 Rank Algorithm      Best Hyperparameters  AUC V_start  Final Window (500 steps)  Final V_start (Mean)  Final V_start (Std)  Min V_start  Max V_start  Seeds Run Dir
    1   exact_E LR=0.005, ACTOR_LR=0.0003     0.529274                  0.618405              0.618772             0.002573     0.000932     0.618824     15     N/A
Comparison plot saved to results/ppo/sweeps/ppo_EightRooms_20260914_184719_exact_with_mc/comparison/comparison_best_configs.png

======================================================================
SWEEP PIPELINE COMPLETED SUCCESSFULLY!
Results & Plots saved in: results/ppo/sweeps/ppo_EightRooms_20260914_184719_exact_with_mc
Comparison Plot: results/ppo/sweeps/ppo_EightRooms_20260914_184719_exact_with_mc/comparison/comparison_best_configs.png
======================================================================


--> [2/2] Sweeping exact_td_lambda (LR: 0.005 0.001 0.0003 | ACTOR_LR: 0.001 0.0003 0.0001 | VALUE_LAMBDA: 0.9)...
Command: /home/users/ds541/.pyenv/versions/3.10.15/envs/gymnax/bin/python scripts/sweep_pipeline.py         --policy ppo         --env-name EightRooms         --algos exact_td_lambda         --lr-grid 0.005 0.001 0.0003         --actor-lr-grid 0.001 0.0003 0.0001         --value-lambda-grid 0.9         --config '{"GAE_LAMBDA": 0.1}'         --n-seeds 15         --total-timesteps 3000         --metric V_start         --rank-by final_window         --window-size 500         --higher-is-better         --sweep-root-dir results/ppo/sweeps/ppo_EightRooms_20260914_184719_exact_with_mc         --no-log-scale

======================================================================
STARTING SWEEP PIPELINE: PPO POLICY
Environment: EightRooms | Timesteps: 3000 | Seeds: 15
NUM_ENVS: 1 | NUM_STEPS: 1 | MINIBATCH_SIZE: 1 | NUM_EPOCHS: 1
Critic LR_END: None | Actor LR_END: None
Algorithms to sweep: ['exact_td_lambda']
Ranking: final_window (higher is better)
Output Root Directory: results/ppo/sweeps/ppo_EightRooms_20260914_184719_exact_with_mc
======================================================================


[1/1] Running sweep for algorithm: exact_td_lambda...
Env: EightRooms
Default Obs Shape: (25, 13, 2)
Obs Shape: (25, 13, 2)
Action Shape: ()

============================================================
RUNNING SWEEP: 9 configs x 15 seeds = 135 runs
Environment: EightRooms | Primary Metric: V_start
Hyperparameters: ['LR', 'VALUE_LAMBDA', 'ACTOR_LR']
Ranking By: final_window (higher is better)
============================================================

[1/9] Evaluating: LR=0.005, VALUE_LAMBDA=0.9, ACTOR_LR=0.001 ...- obs shape for initialization is  (25, 13, 2)
number of features is  16
 done (50.6s)
[2/9] Evaluating: LR=0.005, VALUE_LAMBDA=0.9, ACTOR_LR=0.0003 ... done (35.7s)
[3/9] Evaluating: LR=0.005, VALUE_LAMBDA=0.9, ACTOR_LR=0.0001 ... done (36.0s)
[4/9] Evaluating: LR=0.001, VALUE_LAMBDA=0.9, ACTOR_LR=0.001 ... done (36.3s)
[5/9] Evaluating: LR=0.001, VALUE_LAMBDA=0.9, ACTOR_LR=0.0003 ... done (35.9s)
[6/9] Evaluating: LR=0.001, VALUE_LAMBDA=0.9, ACTOR_LR=0.0001 ... done (35.9s)
[7/9] Evaluating: LR=0.0003, VALUE_LAMBDA=0.9, ACTOR_LR=0.001 ... done (36.6s)
[8/9] Evaluating: LR=0.0003, VALUE_LAMBDA=0.9, ACTOR_LR=0.0003 ... done (36.3s)
[9/9] Evaluating: LR=0.0003, VALUE_LAMBDA=0.9, ACTOR_LR=0.0001 ... done (35.9s)

Tuning summary saved to results/ppo/sweeps/ppo_EightRooms_20260914_184719_exact_with_mc/exact_td_lambda/tuning/20260914_185352/EightRooms/tuning_summary.csv
Best configuration saved to results/ppo/sweeps/ppo_EightRooms_20260914_184719_exact_with_mc/exact_td_lambda/tuning/20260914_185352/EightRooms/best_config.json

============================================================
★ TOP CONFIGURATION: LR=0.005, VALUE_LAMBDA=0.9, ACTOR_LR=0.0003 (Ranked by final_window [higher is better])
  AUC V_start:          5.1900e-01
  Final Window (500 steps): 6.1744e-01
  Final V_start:         6.1755e-01 (±8.7861e-05)
  Min V_start:           1.0702e-03
============================================================

Top 5 Configurations:
 rank  config_idx     LR  VALUE_LAMBDA  ACTOR_LR  auc_V_start  final_window_V_start  final_V_start_mean  final_V_start_std  min_V_start  max_V_start  mean_V_start
    1           1 0.0050           0.9    0.0003     0.518996              0.617440            0.617548           0.000088      0.00107     0.617548      0.518996
    2           5 0.0010           0.9    0.0001     0.421747              0.606891            0.608606           0.002956      0.00107     0.608606      0.421747
    3           8 0.0003           0.9    0.0001     0.382999              0.567979            0.571124           0.143885      0.00107     0.571124      0.382999
    4           2 0.0050           0.9    0.0001     0.384383              0.564157            0.566120           0.150780      0.00107     0.566120      0.384383
    5           0 0.0050           0.9    0.0010     0.496942              0.557205            0.557341           0.170260      0.00107     0.557412      0.496942
============================================================

Results saved to results/ppo/sweeps/ppo_EightRooms_20260914_184719_exact_with_mc/exact_td_lambda/tuning/20260914_185352/EightRooms/out.pkl
Config saved to results/ppo/sweeps/ppo_EightRooms_20260914_184719_exact_with_mc/exact_td_lambda/tuning/20260914_185352/EightRooms/config.json
Config saved to results/ppo/sweeps/ppo_EightRooms_20260914_184719_exact_with_mc/exact_td_lambda/tuning/20260914_185352/EightRooms/config.json
Sweep plot saved to results/ppo/sweeps/ppo_EightRooms_20260914_184719_exact_with_mc/exact_td_lambda/tuning/20260914_185352/EightRooms/hyperparameter_sweep_V_start.png
Best config seeds plot saved to results/ppo/sweeps/ppo_EightRooms_20260914_184719_exact_with_mc/exact_td_lambda/tuning/20260914_185352/EightRooms/best_config_seeds.png
All configs seed grid saved to results/ppo/sweeps/ppo_EightRooms_20260914_184719_exact_with_mc/exact_td_lambda/tuning/20260914_185352/EightRooms/all_configs_seeds_grid.png

======================================================================
GENERATING CROSS-ALGORITHM COMPARISON
======================================================================
Comparison summary saved to results/ppo/sweeps/ppo_EightRooms_20260914_184719_exact_with_mc/comparison/comparison_summary.csv

SUMMARY OF BEST PERFORMING CONFIGURATIONS:
 Rank       Algorithm                        Best Hyperparameters  AUC V_start  Final Window (500 steps)  Final V_start (Mean)  Final V_start (Std)  Min V_start  Max V_start  Seeds                                                                                                   Run Dir
    1         exact_E                   LR=0.005, ACTOR_LR=0.0003     0.529274                  0.618405              0.618772             0.002573     0.000932     0.618824     15 results/ppo/sweeps/ppo_EightRooms_20260914_184719_exact_with_mc/exact_E/tuning/20260914_184727/EightRooms
    2 exact_td_lambda LR=0.005, VALUE_LAMBDA=0.9, ACTOR_LR=0.0003     0.518996                  0.617440              0.617548             0.000088     0.000866     0.617581     15                                                                                                       N/A
Comparison plot saved to results/ppo/sweeps/ppo_EightRooms_20260914_184719_exact_with_mc/comparison/comparison_best_configs.png

======================================================================
SWEEP PIPELINE COMPLETED SUCCESSFULLY!
Results & Plots saved in: results/ppo/sweeps/ppo_EightRooms_20260914_184719_exact_with_mc
Comparison Plot: results/ppo/sweeps/ppo_EightRooms_20260914_184719_exact_with_mc/comparison/comparison_best_configs.png
======================================================================


--> Generating Final Cross-Algorithm Comparison Plot & Summary...

Analyzing sweep directory: 'results/ppo/sweeps/ppo_EightRooms_20260914_184719_exact_with_mc'
Found 2 algorithm runs: ['exact_E', 'exact_td_lambda']
Metric: 'V_start' | Rank By: 'final_window' (higher is better)
Comparison summary saved to results/ppo/sweeps/ppo_EightRooms_20260914_184719_exact_with_mc/comparison/comparison_summary_V_start.csv

======================================================================
ALGORITHM COMPARISON SUMMARY:
======================================================================
 Rank       Algorithm                        Best Hyperparameters  AUC V_start  Final Window (500 steps)  Final V_start (Mean)  Final V_start (Std)  Min V_start  Max V_start  Seeds                                                                                                           Run Dir
    1         exact_E                   LR=0.005, ACTOR_LR=0.0003     0.529274                  0.618405              0.618772             0.002573     0.000932     0.618824     15         results/ppo/sweeps/ppo_EightRooms_20260914_184719_exact_with_mc/exact_E/tuning/20260914_184727/EightRooms
    2 exact_td_lambda LR=0.005, VALUE_LAMBDA=0.9, ACTOR_LR=0.0003     0.518996                  0.617440              0.617548             0.000088     0.000866     0.617581     15 results/ppo/sweeps/ppo_EightRooms_20260914_184719_exact_with_mc/exact_td_lambda/tuning/20260914_185352/EightRooms
======================================================================
Comparison plot saved to results/ppo/sweeps/ppo_EightRooms_20260914_184719_exact_with_mc/comparison/comparison_best_configs_V_start.png

Saved summary to: results/ppo/sweeps/ppo_EightRooms_20260914_184719_exact_with_mc/comparison/comparison_summary_V_start.csv
Saved comparison plot to: results/ppo/sweeps/ppo_EightRooms_20260914_184719_exact_with_mc/comparison/comparison_best_configs_V_start.png


======================================================================
Running PPO Control Sweep: Environment=FourRooms-misc
Sweep Root Directory: results/ppo/sweeps/ppo_FourRooms-misc_20260914_190003_exact_with_mc
======================================================================

--> [1/2] Sweeping exact_E (LR: 0.005 0.001 0.0003 | ACTOR_LR: 0.001 0.0003 0.0001)...
Command: /home/users/ds541/.pyenv/versions/3.10.15/envs/gymnax/bin/python scripts/sweep_pipeline.py         --policy ppo         --env-name FourRooms-misc         --algos exact_E         --lr-grid 0.005 0.001 0.0003         --actor-lr-grid 0.001 0.0003 0.0001         --config '{"GAE_LAMBDA": 0.1}'         --n-seeds 15         --total-timesteps 3000         --metric V_start         --rank-by final_window         --window-size 500         --higher-is-better         --sweep-root-dir results/ppo/sweeps/ppo_FourRooms-misc_20260914_190003_exact_with_mc         --no-log-scale

======================================================================
STARTING SWEEP PIPELINE: PPO POLICY
Environment: FourRooms-misc | Timesteps: 3000 | Seeds: 15
NUM_ENVS: 1 | NUM_STEPS: 1 | MINIBATCH_SIZE: 1 | NUM_EPOCHS: 1
Critic LR_END: None | Actor LR_END: None
Algorithms to sweep: ['exact_E']
Ranking: final_window (higher is better)
Output Root Directory: results/ppo/sweeps/ppo_FourRooms-misc_20260914_190003_exact_with_mc
======================================================================


[1/1] Running sweep for algorithm: exact_E...
Env: FourRooms-misc
Default Obs Shape: (13, 13, 2)
Obs Shape: (13, 13, 2)
Action Shape: ()

============================================================
RUNNING SWEEP: 9 configs x 15 seeds = 135 runs
Environment: FourRooms-misc | Primary Metric: V_start
Hyperparameters: ['LR', 'ACTOR_LR']
Ranking By: final_window (higher is better)
============================================================

[1/9] Evaluating: LR=0.005, ACTOR_LR=0.001 ...- obs shape for initialization is  (13, 13, 2)
number of features is  16
 done (32.0s)
[2/9] Evaluating: LR=0.005, ACTOR_LR=0.0003 ... done (11.9s)
[3/9] Evaluating: LR=0.005, ACTOR_LR=0.0001 ... done (11.9s)
[4/9] Evaluating: LR=0.001, ACTOR_LR=0.001 ... done (12.0s)
[5/9] Evaluating: LR=0.001, ACTOR_LR=0.0003 ... done (12.0s)
[6/9] Evaluating: LR=0.001, ACTOR_LR=0.0001 ... done (12.0s)
[7/9] Evaluating: LR=0.0003, ACTOR_LR=0.001 ... done (12.0s)
[8/9] Evaluating: LR=0.0003, ACTOR_LR=0.0003 ... done (12.0s)
[9/9] Evaluating: LR=0.0003, ACTOR_LR=0.0001 ... done (12.0s)

Tuning summary saved to results/ppo/sweeps/ppo_FourRooms-misc_20260914_190003_exact_with_mc/exact_E/tuning/20260914_190005/FourRooms-misc/tuning_summary.csv
Best configuration saved to results/ppo/sweeps/ppo_FourRooms-misc_20260914_190003_exact_with_mc/exact_E/tuning/20260914_190005/FourRooms-misc/best_config.json

============================================================
★ TOP CONFIGURATION: LR=0.0003, ACTOR_LR=0.0003 (Ranked by final_window [higher is better])
  AUC V_start:          6.3022e-01
  Final Window (500 steps): 7.5568e-01
  Final V_start:         7.5561e-01 (±2.2846e-04)
  Min V_start:           2.4630e-02
============================================================

Top 5 Configurations:
 rank  config_idx     LR  ACTOR_LR  auc_V_start  final_window_V_start  final_V_start_mean  final_V_start_std  min_V_start  max_V_start  mean_V_start
    1           7 0.0003    0.0003     0.630217              0.755676            0.755606           0.000228      0.02463     0.755745      0.630217
    2           6 0.0003    0.0010     0.665488              0.755420            0.755443           0.000594      0.02463     0.755460      0.665488
    3           4 0.0010    0.0003     0.666614              0.755276            0.755320           0.000133      0.02463     0.755334      0.666614
    4           1 0.0050    0.0003     0.679848              0.755152            0.755220           0.000137      0.02463     0.755220      0.679848
    5           8 0.0003    0.0001     0.583367              0.753643            0.754157           0.000710      0.02463     0.754157      0.583367
============================================================

Results saved to results/ppo/sweeps/ppo_FourRooms-misc_20260914_190003_exact_with_mc/exact_E/tuning/20260914_190005/FourRooms-misc/out.pkl
Config saved to results/ppo/sweeps/ppo_FourRooms-misc_20260914_190003_exact_with_mc/exact_E/tuning/20260914_190005/FourRooms-misc/config.json
Config saved to results/ppo/sweeps/ppo_FourRooms-misc_20260914_190003_exact_with_mc/exact_E/tuning/20260914_190005/FourRooms-misc/config.json
Sweep plot saved to results/ppo/sweeps/ppo_FourRooms-misc_20260914_190003_exact_with_mc/exact_E/tuning/20260914_190005/FourRooms-misc/hyperparameter_sweep_V_start.png
Best config seeds plot saved to results/ppo/sweeps/ppo_FourRooms-misc_20260914_190003_exact_with_mc/exact_E/tuning/20260914_190005/FourRooms-misc/best_config_seeds.png
All configs seed grid saved to results/ppo/sweeps/ppo_FourRooms-misc_20260914_190003_exact_with_mc/exact_E/tuning/20260914_190005/FourRooms-misc/all_configs_seeds_grid.png

======================================================================
GENERATING CROSS-ALGORITHM COMPARISON
======================================================================
Comparison summary saved to results/ppo/sweeps/ppo_FourRooms-misc_20260914_190003_exact_with_mc/comparison/comparison_summary.csv

SUMMARY OF BEST PERFORMING CONFIGURATIONS:
 Rank Algorithm       Best Hyperparameters  AUC V_start  Final Window (500 steps)  Final V_start (Mean)  Final V_start (Std)  Min V_start  Max V_start  Seeds Run Dir
    1   exact_E LR=0.0003, ACTOR_LR=0.0003     0.630217                  0.755676              0.755606             0.000228       0.0151     0.755849     15     N/A
Comparison plot saved to results/ppo/sweeps/ppo_FourRooms-misc_20260914_190003_exact_with_mc/comparison/comparison_best_configs.png

======================================================================
SWEEP PIPELINE COMPLETED SUCCESSFULLY!
Results & Plots saved in: results/ppo/sweeps/ppo_FourRooms-misc_20260914_190003_exact_with_mc
Comparison Plot: results/ppo/sweeps/ppo_FourRooms-misc_20260914_190003_exact_with_mc/comparison/comparison_best_configs.png
======================================================================


--> [2/2] Sweeping exact_td_lambda (LR: 0.005 0.001 0.0003 | ACTOR_LR: 0.001 0.0003 0.0001 | VALUE_LAMBDA: 0.9)...
Command: /home/users/ds541/.pyenv/versions/3.10.15/envs/gymnax/bin/python scripts/sweep_pipeline.py         --policy ppo         --env-name FourRooms-misc         --algos exact_td_lambda         --lr-grid 0.005 0.001 0.0003         --actor-lr-grid 0.001 0.0003 0.0001         --value-lambda-grid 0.9         --config '{"GAE_LAMBDA": 0.1}'         --n-seeds 15         --total-timesteps 3000         --metric V_start         --rank-by final_window         --window-size 500         --higher-is-better         --sweep-root-dir results/ppo/sweeps/ppo_FourRooms-misc_20260914_190003_exact_with_mc         --no-log-scale

======================================================================
STARTING SWEEP PIPELINE: PPO POLICY
Environment: FourRooms-misc | Timesteps: 3000 | Seeds: 15
NUM_ENVS: 1 | NUM_STEPS: 1 | MINIBATCH_SIZE: 1 | NUM_EPOCHS: 1
Critic LR_END: None | Actor LR_END: None
Algorithms to sweep: ['exact_td_lambda']
Ranking: final_window (higher is better)
Output Root Directory: results/ppo/sweeps/ppo_FourRooms-misc_20260914_190003_exact_with_mc
======================================================================


[1/1] Running sweep for algorithm: exact_td_lambda...
Env: FourRooms-misc
Default Obs Shape: (13, 13, 2)
Obs Shape: (13, 13, 2)
Action Shape: ()

============================================================
RUNNING SWEEP: 9 configs x 15 seeds = 135 runs
Environment: FourRooms-misc | Primary Metric: V_start
Hyperparameters: ['LR', 'VALUE_LAMBDA', 'ACTOR_LR']
Ranking By: final_window (higher is better)
============================================================

[1/9] Evaluating: LR=0.005, VALUE_LAMBDA=0.9, ACTOR_LR=0.001 ...- obs shape for initialization is  (13, 13, 2)
number of features is  16
 done (24.1s)
[2/9] Evaluating: LR=0.005, VALUE_LAMBDA=0.9, ACTOR_LR=0.0003 ... done (11.9s)
[3/9] Evaluating: LR=0.005, VALUE_LAMBDA=0.9, ACTOR_LR=0.0001 ... done (12.0s)
[4/9] Evaluating: LR=0.001, VALUE_LAMBDA=0.9, ACTOR_LR=0.001 ... done (12.2s)
[5/9] Evaluating: LR=0.001, VALUE_LAMBDA=0.9, ACTOR_LR=0.0003 ... done (12.0s)
[6/9] Evaluating: LR=0.001, VALUE_LAMBDA=0.9, ACTOR_LR=0.0001 ... done (12.1s)
[7/9] Evaluating: LR=0.0003, VALUE_LAMBDA=0.9, ACTOR_LR=0.001 ... done (12.0s)
[8/9] Evaluating: LR=0.0003, VALUE_LAMBDA=0.9, ACTOR_LR=0.0003 ... done (12.1s)
[9/9] Evaluating: LR=0.0003, VALUE_LAMBDA=0.9, ACTOR_LR=0.0001 ... done (12.0s)

Tuning summary saved to results/ppo/sweeps/ppo_FourRooms-misc_20260914_190003_exact_with_mc/exact_td_lambda/tuning/20260914_190232/FourRooms-misc/tuning_summary.csv
Best configuration saved to results/ppo/sweeps/ppo_FourRooms-misc_20260914_190003_exact_with_mc/exact_td_lambda/tuning/20260914_190232/FourRooms-misc/best_config.json

============================================================
★ TOP CONFIGURATION: LR=0.005, VALUE_LAMBDA=0.9, ACTOR_LR=0.001 (Ranked by final_window [higher is better])
  AUC V_start:          7.1002e-01
  Final Window (500 steps): 7.5556e-01
  Final V_start:         7.5556e-01 (±2.5540e-05)
  Min V_start:           2.4630e-02
============================================================

Top 5 Configurations:
 rank  config_idx     LR  VALUE_LAMBDA  ACTOR_LR  auc_V_start  final_window_V_start  final_V_start_mean  final_V_start_std  min_V_start  max_V_start  mean_V_start
    1           0 0.0050           0.9    0.0010     0.710024              0.755563            0.755560           0.000026      0.02463     0.755601      0.710024
    2           1 0.0050           0.9    0.0003     0.675986              0.755081            0.755135           0.000154      0.02463     0.755140      0.675986
    3           7 0.0003           0.9    0.0003     0.593282              0.753988            0.754091           0.005684      0.02463     0.754178      0.593282
    4           8 0.0003           0.9    0.0001     0.598275              0.752549            0.753343           0.001610      0.02463     0.753343      0.598275
    5           5 0.0010           0.9    0.0001     0.606893              0.752253            0.753171           0.000999      0.02463     0.753171      0.606893
============================================================

Results saved to results/ppo/sweeps/ppo_FourRooms-misc_20260914_190003_exact_with_mc/exact_td_lambda/tuning/20260914_190232/FourRooms-misc/out.pkl
Config saved to results/ppo/sweeps/ppo_FourRooms-misc_20260914_190003_exact_with_mc/exact_td_lambda/tuning/20260914_190232/FourRooms-misc/config.json
Config saved to results/ppo/sweeps/ppo_FourRooms-misc_20260914_190003_exact_with_mc/exact_td_lambda/tuning/20260914_190232/FourRooms-misc/config.json
Sweep plot saved to results/ppo/sweeps/ppo_FourRooms-misc_20260914_190003_exact_with_mc/exact_td_lambda/tuning/20260914_190232/FourRooms-misc/hyperparameter_sweep_V_start.png
Best config seeds plot saved to results/ppo/sweeps/ppo_FourRooms-misc_20260914_190003_exact_with_mc/exact_td_lambda/tuning/20260914_190232/FourRooms-misc/best_config_seeds.png
All configs seed grid saved to results/ppo/sweeps/ppo_FourRooms-misc_20260914_190003_exact_with_mc/exact_td_lambda/tuning/20260914_190232/FourRooms-misc/all_configs_seeds_grid.png

======================================================================
GENERATING CROSS-ALGORITHM COMPARISON
======================================================================
Comparison summary saved to results/ppo/sweeps/ppo_FourRooms-misc_20260914_190003_exact_with_mc/comparison/comparison_summary.csv

SUMMARY OF BEST PERFORMING CONFIGURATIONS:
 Rank       Algorithm                       Best Hyperparameters  AUC V_start  Final Window (500 steps)  Final V_start (Mean)  Final V_start (Std)  Min V_start  Max V_start  Seeds                                                                                                           Run Dir
    1         exact_E                 LR=0.0003, ACTOR_LR=0.0003     0.630217                  0.755676              0.755606             0.000228     0.015100     0.755849     15 results/ppo/sweeps/ppo_FourRooms-misc_20260914_190003_exact_with_mc/exact_E/tuning/20260914_190005/FourRooms-misc
    2 exact_td_lambda LR=0.005, VALUE_LAMBDA=0.9, ACTOR_LR=0.001     0.710024                  0.755563              0.755560             0.000026     0.023149     0.755719     15                                                                                                               N/A
Comparison plot saved to results/ppo/sweeps/ppo_FourRooms-misc_20260914_190003_exact_with_mc/comparison/comparison_best_configs.png

======================================================================
SWEEP PIPELINE COMPLETED SUCCESSFULLY!
Results & Plots saved in: results/ppo/sweeps/ppo_FourRooms-misc_20260914_190003_exact_with_mc
Comparison Plot: results/ppo/sweeps/ppo_FourRooms-misc_20260914_190003_exact_with_mc/comparison/comparison_best_configs.png
======================================================================


--> Generating Final Cross-Algorithm Comparison Plot & Summary...

Analyzing sweep directory: 'results/ppo/sweeps/ppo_FourRooms-misc_20260914_190003_exact_with_mc'
Found 2 algorithm runs: ['exact_E', 'exact_td_lambda']
Metric: 'V_start' | Rank By: 'final_window' (higher is better)
Comparison summary saved to results/ppo/sweeps/ppo_FourRooms-misc_20260914_190003_exact_with_mc/comparison/comparison_summary_V_start.csv

======================================================================
ALGORITHM COMPARISON SUMMARY:
======================================================================
 Rank       Algorithm                       Best Hyperparameters  AUC V_start  Final Window (500 steps)  Final V_start (Mean)  Final V_start (Std)  Min V_start  Max V_start  Seeds                                                                                                                   Run Dir
    1         exact_E                 LR=0.0003, ACTOR_LR=0.0003     0.630217                  0.755676              0.755606             0.000228     0.015100     0.755849     15         results/ppo/sweeps/ppo_FourRooms-misc_20260914_190003_exact_with_mc/exact_E/tuning/20260914_190005/FourRooms-misc
    2 exact_td_lambda LR=0.005, VALUE_LAMBDA=0.9, ACTOR_LR=0.001     0.710024                  0.755563              0.755560             0.000026     0.023149     0.755719     15 results/ppo/sweeps/ppo_FourRooms-misc_20260914_190003_exact_with_mc/exact_td_lambda/tuning/20260914_190232/FourRooms-misc
======================================================================
Comparison plot saved to results/ppo/sweeps/ppo_FourRooms-misc_20260914_190003_exact_with_mc/comparison/comparison_best_configs_V_start.png

Saved summary to: results/ppo/sweeps/ppo_FourRooms-misc_20260914_190003_exact_with_mc/comparison/comparison_summary_V_start.csv
Saved comparison plot to: results/ppo/sweeps/ppo_FourRooms-misc_20260914_190003_exact_with_mc/comparison/comparison_best_configs_V_start.png


======================================================================
Running PPO Control Sweep: Environment=Whirlpool
Sweep Root Directory: results/ppo/sweeps/ppo_Whirlpool_20260914_190454_exact_with_mc
======================================================================

--> [1/2] Sweeping exact_E (LR: 0.005 0.001 0.0003 | ACTOR_LR: 0.001 0.0003 0.0001)...
Command: /home/users/ds541/.pyenv/versions/3.10.15/envs/gymnax/bin/python scripts/sweep_pipeline.py         --policy ppo         --env-name Whirlpool         --algos exact_E         --lr-grid 0.005 0.001 0.0003         --actor-lr-grid 0.001 0.0003 0.0001         --config '{"GAE_LAMBDA": 0.1}'         --n-seeds 15         --total-timesteps 3000         --metric V_start         --rank-by final_window         --window-size 500         --higher-is-better         --sweep-root-dir results/ppo/sweeps/ppo_Whirlpool_20260914_190454_exact_with_mc         --no-log-scale

======================================================================
STARTING SWEEP PIPELINE: PPO POLICY
Environment: Whirlpool | Timesteps: 3000 | Seeds: 15
NUM_ENVS: 1 | NUM_STEPS: 1 | MINIBATCH_SIZE: 1 | NUM_EPOCHS: 1
Critic LR_END: None | Actor LR_END: None
Algorithms to sweep: ['exact_E']
Ranking: final_window (higher is better)
Output Root Directory: results/ppo/sweeps/ppo_Whirlpool_20260914_190454_exact_with_mc
======================================================================


[1/1] Running sweep for algorithm: exact_E...
Env: Whirlpool
Default Obs Shape: (21, 21, 2)
Obs Shape: (21, 21, 2)
Action Shape: ()

============================================================
RUNNING SWEEP: 9 configs x 15 seeds = 135 runs
Environment: Whirlpool | Primary Metric: V_start
Hyperparameters: ['LR', 'ACTOR_LR']
Ranking By: final_window (higher is better)
============================================================

[1/9] Evaluating: LR=0.005, ACTOR_LR=0.001 ...- obs shape for initialization is  (21, 21, 2)
number of features is  16
 done (215.1s)
[2/9] Evaluating: LR=0.005, ACTOR_LR=0.0003 ... done (189.7s)
[3/9] Evaluating: LR=0.005, ACTOR_LR=0.0001 ... done (189.7s)
[4/9] Evaluating: LR=0.001, ACTOR_LR=0.001 ... done (189.7s)
[5/9] Evaluating: LR=0.001, ACTOR_LR=0.0003 ... done (189.6s)
[6/9] Evaluating: LR=0.001, ACTOR_LR=0.0001 ... done (190.1s)
[7/9] Evaluating: LR=0.0003, ACTOR_LR=0.001 ... done (189.8s)
[8/9] Evaluating: LR=0.0003, ACTOR_LR=0.0003 ... done (189.8s)
[9/9] Evaluating: LR=0.0003, ACTOR_LR=0.0001 ... done (189.9s)

Tuning summary saved to results/ppo/sweeps/ppo_Whirlpool_20260914_190454_exact_with_mc/exact_E/tuning/20260914_190456/Whirlpool/tuning_summary.csv
Best configuration saved to results/ppo/sweeps/ppo_Whirlpool_20260914_190454_exact_with_mc/exact_E/tuning/20260914_190456/Whirlpool/best_config.json

============================================================
★ TOP CONFIGURATION: LR=0.001, ACTOR_LR=0.001 (Ranked by final_window [higher is better])
  AUC V_start:          6.4890e-02
  Final Window (500 steps): 7.6002e-02
  Final V_start:         7.6006e-02 (±2.1629e-05)
  Min V_start:           7.0683e-04
============================================================

Top 5 Configurations:
 rank  config_idx     LR  ACTOR_LR  auc_V_start  final_window_V_start  final_V_start_mean  final_V_start_std  min_V_start  max_V_start  mean_V_start
    1           3 0.0010    0.0010     0.064890              0.076002            0.076006           0.000022     0.000707     0.076012      0.064890
    2           0 0.0050    0.0010     0.068108              0.075997            0.075998           0.000017     0.000707     0.076012      0.068108
    3           1 0.0050    0.0003     0.059872              0.075801            0.075873           0.000106     0.000707     0.075873      0.059872
    4           6 0.0003    0.0010     0.055241              0.075789            0.075867           0.000206     0.000707     0.075870      0.055241
    5           4 0.0010    0.0003     0.057749              0.075777            0.075855           0.000143     0.000707     0.075855      0.057749
============================================================

Results saved to results/ppo/sweeps/ppo_Whirlpool_20260914_190454_exact_with_mc/exact_E/tuning/20260914_190456/Whirlpool/out.pkl
Config saved to results/ppo/sweeps/ppo_Whirlpool_20260914_190454_exact_with_mc/exact_E/tuning/20260914_190456/Whirlpool/config.json
Config saved to results/ppo/sweeps/ppo_Whirlpool_20260914_190454_exact_with_mc/exact_E/tuning/20260914_190456/Whirlpool/config.json
Sweep plot saved to results/ppo/sweeps/ppo_Whirlpool_20260914_190454_exact_with_mc/exact_E/tuning/20260914_190456/Whirlpool/hyperparameter_sweep_V_start.png
Best config seeds plot saved to results/ppo/sweeps/ppo_Whirlpool_20260914_190454_exact_with_mc/exact_E/tuning/20260914_190456/Whirlpool/best_config_seeds.png
All configs seed grid saved to results/ppo/sweeps/ppo_Whirlpool_20260914_190454_exact_with_mc/exact_E/tuning/20260914_190456/Whirlpool/all_configs_seeds_grid.png

======================================================================
GENERATING CROSS-ALGORITHM COMPARISON
======================================================================
Comparison summary saved to results/ppo/sweeps/ppo_Whirlpool_20260914_190454_exact_with_mc/comparison/comparison_summary.csv

SUMMARY OF BEST PERFORMING CONFIGURATIONS:
 Rank Algorithm     Best Hyperparameters  AUC V_start  Final Window (500 steps)  Final V_start (Mean)  Final V_start (Std)  Min V_start  Max V_start  Seeds Run Dir
    1   exact_E LR=0.001, ACTOR_LR=0.001      0.06489                  0.076002              0.076006             0.000022     0.000707      0.07608     15     N/A
Comparison plot saved to results/ppo/sweeps/ppo_Whirlpool_20260914_190454_exact_with_mc/comparison/comparison_best_configs.png

======================================================================
SWEEP PIPELINE COMPLETED SUCCESSFULLY!
Results & Plots saved in: results/ppo/sweeps/ppo_Whirlpool_20260914_190454_exact_with_mc
Comparison Plot: results/ppo/sweeps/ppo_Whirlpool_20260914_190454_exact_with_mc/comparison/comparison_best_configs.png
======================================================================


--> [2/2] Sweeping exact_td_lambda (LR: 0.005 0.001 0.0003 | ACTOR_LR: 0.001 0.0003 0.0001 | VALUE_LAMBDA: 0.9)...
Command: /home/users/ds541/.pyenv/versions/3.10.15/envs/gymnax/bin/python scripts/sweep_pipeline.py         --policy ppo         --env-name Whirlpool         --algos exact_td_lambda         --lr-grid 0.005 0.001 0.0003         --actor-lr-grid 0.001 0.0003 0.0001         --value-lambda-grid 0.9         --config '{"GAE_LAMBDA": 0.1}'         --n-seeds 15         --total-timesteps 3000         --metric V_start         --rank-by final_window         --window-size 500         --higher-is-better         --sweep-root-dir results/ppo/sweeps/ppo_Whirlpool_20260914_190454_exact_with_mc         --no-log-scale

======================================================================
STARTING SWEEP PIPELINE: PPO POLICY
Environment: Whirlpool | Timesteps: 3000 | Seeds: 15
NUM_ENVS: 1 | NUM_STEPS: 1 | MINIBATCH_SIZE: 1 | NUM_EPOCHS: 1
Critic LR_END: None | Actor LR_END: None
Algorithms to sweep: ['exact_td_lambda']
Ranking: final_window (higher is better)
Output Root Directory: results/ppo/sweeps/ppo_Whirlpool_20260914_190454_exact_with_mc
======================================================================


[1/1] Running sweep for algorithm: exact_td_lambda...
Env: Whirlpool
Default Obs Shape: (21, 21, 2)
Obs Shape: (21, 21, 2)
Action Shape: ()

============================================================
RUNNING SWEEP: 9 configs x 15 seeds = 135 runs
Environment: Whirlpool | Primary Metric: V_start
Hyperparameters: ['LR', 'VALUE_LAMBDA', 'ACTOR_LR']
Ranking By: final_window (higher is better)
============================================================

[1/9] Evaluating: LR=0.005, VALUE_LAMBDA=0.9, ACTOR_LR=0.001 ...- obs shape for initialization is  (21, 21, 2)
number of features is  16
 done (206.8s)
[2/9] Evaluating: LR=0.005, VALUE_LAMBDA=0.9, ACTOR_LR=0.0003 ... done (189.9s)
[3/9] Evaluating: LR=0.005, VALUE_LAMBDA=0.9, ACTOR_LR=0.0001 ... done (189.9s)
[4/9] Evaluating: LR=0.001, VALUE_LAMBDA=0.9, ACTOR_LR=0.001 ... done (189.6s)
[5/9] Evaluating: LR=0.001, VALUE_LAMBDA=0.9, ACTOR_LR=0.0003 ... done (190.0s)
[6/9] Evaluating: LR=0.001, VALUE_LAMBDA=0.9, ACTOR_LR=0.0001 ... done (189.9s)
[7/9] Evaluating: LR=0.0003, VALUE_LAMBDA=0.9, ACTOR_LR=0.001 ... done (190.2s)
[8/9] Evaluating: LR=0.0003, VALUE_LAMBDA=0.9, ACTOR_LR=0.0003 ... done (190.2s)
[9/9] Evaluating: LR=0.0003, VALUE_LAMBDA=0.9, ACTOR_LR=0.0001 ... done (190.4s)

Tuning summary saved to results/ppo/sweeps/ppo_Whirlpool_20260914_190454_exact_with_mc/exact_td_lambda/tuning/20260914_193409/Whirlpool/tuning_summary.csv
Best configuration saved to results/ppo/sweeps/ppo_Whirlpool_20260914_190454_exact_with_mc/exact_td_lambda/tuning/20260914_193409/Whirlpool/best_config.json

============================================================
★ TOP CONFIGURATION: LR=0.0003, VALUE_LAMBDA=0.9, ACTOR_LR=0.001 (Ranked by final_window [higher is better])
  AUC V_start:          6.2986e-02
  Final Window (500 steps): 7.6038e-02
  Final V_start:         7.6039e-02 (±1.0779e-05)
  Min V_start:           7.0683e-04
============================================================

Top 5 Configurations:
 rank  config_idx     LR  VALUE_LAMBDA  ACTOR_LR  auc_V_start  final_window_V_start  final_V_start_mean  final_V_start_std  min_V_start  max_V_start  mean_V_start
    1           6 0.0003           0.9    0.0010     0.062986              0.076038            0.076039           0.000011     0.000707     0.076053      0.062986
    2           3 0.0010           0.9    0.0010     0.067658              0.076037            0.076040           0.000010     0.000707     0.076044      0.067658
    3           0 0.0050           0.9    0.0010     0.068369              0.076034            0.076031           0.000013     0.000707     0.076039      0.068369
    4           4 0.0010           0.9    0.0003     0.059627              0.075867            0.075926           0.000107     0.000707     0.075926      0.059627
    5           7 0.0003           0.9    0.0003     0.057328              0.075840            0.075912           0.000138     0.000707     0.075912      0.057328
============================================================

Results saved to results/ppo/sweeps/ppo_Whirlpool_20260914_190454_exact_with_mc/exact_td_lambda/tuning/20260914_193409/Whirlpool/out.pkl
Config saved to results/ppo/sweeps/ppo_Whirlpool_20260914_190454_exact_with_mc/exact_td_lambda/tuning/20260914_193409/Whirlpool/config.json
Config saved to results/ppo/sweeps/ppo_Whirlpool_20260914_190454_exact_with_mc/exact_td_lambda/tuning/20260914_193409/Whirlpool/config.json
Sweep plot saved to results/ppo/sweeps/ppo_Whirlpool_20260914_190454_exact_with_mc/exact_td_lambda/tuning/20260914_193409/Whirlpool/hyperparameter_sweep_V_start.png
Best config seeds plot saved to results/ppo/sweeps/ppo_Whirlpool_20260914_190454_exact_with_mc/exact_td_lambda/tuning/20260914_193409/Whirlpool/best_config_seeds.png
All configs seed grid saved to results/ppo/sweeps/ppo_Whirlpool_20260914_190454_exact_with_mc/exact_td_lambda/tuning/20260914_193409/Whirlpool/all_configs_seeds_grid.png

======================================================================
GENERATING CROSS-ALGORITHM COMPARISON
======================================================================
Comparison summary saved to results/ppo/sweeps/ppo_Whirlpool_20260914_190454_exact_with_mc/comparison/comparison_summary.csv

SUMMARY OF BEST PERFORMING CONFIGURATIONS:
 Rank       Algorithm                        Best Hyperparameters  AUC V_start  Final Window (500 steps)  Final V_start (Mean)  Final V_start (Std)  Min V_start  Max V_start  Seeds                                                                                                 Run Dir
    1 exact_td_lambda LR=0.0003, VALUE_LAMBDA=0.9, ACTOR_LR=0.001     0.062986                  0.076038              0.076039             0.000011     0.000707     0.076122     15                                                                                                     N/A
    2         exact_E                    LR=0.001, ACTOR_LR=0.001     0.064890                  0.076002              0.076006             0.000022     0.000707     0.076080     15 results/ppo/sweeps/ppo_Whirlpool_20260914_190454_exact_with_mc/exact_E/tuning/20260914_190456/Whirlpool
Comparison plot saved to results/ppo/sweeps/ppo_Whirlpool_20260914_190454_exact_with_mc/comparison/comparison_best_configs.png

======================================================================
SWEEP PIPELINE COMPLETED SUCCESSFULLY!
Results & Plots saved in: results/ppo/sweeps/ppo_Whirlpool_20260914_190454_exact_with_mc
Comparison Plot: results/ppo/sweeps/ppo_Whirlpool_20260914_190454_exact_with_mc/comparison/comparison_best_configs.png
======================================================================


--> Generating Final Cross-Algorithm Comparison Plot & Summary...

Analyzing sweep directory: 'results/ppo/sweeps/ppo_Whirlpool_20260914_190454_exact_with_mc'
Found 2 algorithm runs: ['exact_E', 'exact_td_lambda']
Metric: 'V_start' | Rank By: 'final_window' (higher is better)
Comparison summary saved to results/ppo/sweeps/ppo_Whirlpool_20260914_190454_exact_with_mc/comparison/comparison_summary_V_start.csv

======================================================================
ALGORITHM COMPARISON SUMMARY:
======================================================================
 Rank       Algorithm                        Best Hyperparameters  AUC V_start  Final Window (500 steps)  Final V_start (Mean)  Final V_start (Std)  Min V_start  Max V_start  Seeds                                                                                                         Run Dir
    1 exact_td_lambda LR=0.0003, VALUE_LAMBDA=0.9, ACTOR_LR=0.001     0.062986                  0.076038              0.076039             0.000011     0.000707     0.076122     15 results/ppo/sweeps/ppo_Whirlpool_20260914_190454_exact_with_mc/exact_td_lambda/tuning/20260914_193409/Whirlpool
    2         exact_E                    LR=0.001, ACTOR_LR=0.001     0.064890                  0.076002              0.076006             0.000022     0.000707     0.076080     15         results/ppo/sweeps/ppo_Whirlpool_20260914_190454_exact_with_mc/exact_E/tuning/20260914_190456/Whirlpool
======================================================================
Comparison plot saved to results/ppo/sweeps/ppo_Whirlpool_20260914_190454_exact_with_mc/comparison/comparison_best_configs_V_start.png

Saved summary to: results/ppo/sweeps/ppo_Whirlpool_20260914_190454_exact_with_mc/comparison/comparison_summary_V_start.csv
Saved comparison plot to: results/ppo/sweeps/ppo_Whirlpool_20260914_190454_exact_with_mc/comparison/comparison_best_configs_V_start.png


======================================================================
Running PPO Control Sweep: Environment=MountainCar-v0
Sweep Root Directory: results/ppo/sweeps/ppo_MountainCar-v0_20260914_200315_exact_with_mc
======================================================================

--> [1/2] Sweeping exact_E (LR: 0.005 0.001 0.0003 | ACTOR_LR: 0.001 0.0003 0.0001)...
Command: /home/users/ds541/.pyenv/versions/3.10.15/envs/gymnax/bin/python scripts/sweep_pipeline.py         --policy ppo         --env-name MountainCar-v0         --algos exact_E         --lr-grid 0.005 0.001 0.0003         --actor-lr-grid 0.001 0.0003 0.0001         --config '{"GAE_LAMBDA": 0.1}'         --n-seeds 15         --total-timesteps 3000         --metric V_start         --rank-by final_window         --window-size 500         --higher-is-better         --sweep-root-dir results/ppo/sweeps/ppo_MountainCar-v0_20260914_200315_exact_with_mc         --no-log-scale

======================================================================
STARTING SWEEP PIPELINE: PPO POLICY
Environment: MountainCar-v0 | Timesteps: 3000 | Seeds: 15
NUM_ENVS: 1 | NUM_STEPS: 1 | MINIBATCH_SIZE: 1 | NUM_EPOCHS: 1
Critic LR_END: None | Actor LR_END: None
Algorithms to sweep: ['exact_E']
Ranking: final_window (higher is better)
Output Root Directory: results/ppo/sweeps/ppo_MountainCar-v0_20260914_200315_exact_with_mc
======================================================================


[1/1] Running sweep for algorithm: exact_E...
Env: MountainCar-v0
Default Obs Shape: (2,)
Obs Shape: (2,)
Action Shape: ()

============================================================
RUNNING SWEEP: 9 configs x 15 seeds = 135 runs
Environment: MountainCar-v0 | Primary Metric: V_start
Hyperparameters: ['LR', 'ACTOR_LR']
Ranking By: final_window (higher is better)
============================================================

[1/9] Evaluating: LR=0.005, ACTOR_LR=0.001 ...- obs shape for initialization is  (2,)
number of features is  16
 done (1846.5s)
[2/9] Evaluating: LR=0.005, ACTOR_LR=0.0003 ... done (1807.5s)
[3/9] Evaluating: LR=0.005, ACTOR_LR=0.0001 ... done (1804.7s)
[4/9] Evaluating: LR=0.001, ACTOR_LR=0.001 ... done (1815.6s)
[5/9] Evaluating: LR=0.001, ACTOR_LR=0.0003 ... done (1815.3s)
[6/9] Evaluating: LR=0.001, ACTOR_LR=0.0001 ... done (1808.2s)
[7/9] Evaluating: LR=0.0003, ACTOR_LR=0.001 ... done (1809.6s)
[8/9] Evaluating: LR=0.0003, ACTOR_LR=0.0003 ... done (1816.0s)
[9/9] Evaluating: LR=0.0003, ACTOR_LR=0.0001 ... done (1819.3s)

Tuning summary saved to results/ppo/sweeps/ppo_MountainCar-v0_20260914_200315_exact_with_mc/exact_E/tuning/20260914_200318/MountainCar-v0/tuning_summary.csv
Best configuration saved to results/ppo/sweeps/ppo_MountainCar-v0_20260914_200315_exact_with_mc/exact_E/tuning/20260914_200318/MountainCar-v0/best_config.json

============================================================
★ TOP CONFIGURATION: LR=0.005, ACTOR_LR=0.001 (Ranked by final_window [higher is better])
  AUC V_start:          3.2768e-01
  Final Window (500 steps): 3.5679e-01
  Final V_start:         3.5672e-01 (±3.7206e-04)
  Min V_start:           1.6735e-02
============================================================

Top 5 Configurations:
 rank  config_idx     LR  ACTOR_LR  auc_V_start  final_window_V_start  final_V_start_mean  final_V_start_std  min_V_start  max_V_start  mean_V_start
    1           0 0.0050    0.0010     0.327679              0.356785            0.356722           0.000372     0.016735     0.356841      0.327679
    2           3 0.0010    0.0010     0.318427              0.354874            0.355332           0.001043     0.016735     0.355345      0.318427
    3           1 0.0050    0.0003     0.301371              0.354655            0.355030           0.000401     0.016735     0.355030      0.301371
    4           4 0.0010    0.0003     0.295373              0.353525            0.354205           0.000935     0.016735     0.354205      0.295373
    5           6 0.0003    0.0010     0.295883              0.345960            0.346530           0.001722     0.016735     0.346530      0.295883
============================================================

Results saved to results/ppo/sweeps/ppo_MountainCar-v0_20260914_200315_exact_with_mc/exact_E/tuning/20260914_200318/MountainCar-v0/out.pkl
Config saved to results/ppo/sweeps/ppo_MountainCar-v0_20260914_200315_exact_with_mc/exact_E/tuning/20260914_200318/MountainCar-v0/config.json
Config saved to results/ppo/sweeps/ppo_MountainCar-v0_20260914_200315_exact_with_mc/exact_E/tuning/20260914_200318/MountainCar-v0/config.json
Sweep plot saved to results/ppo/sweeps/ppo_MountainCar-v0_20260914_200315_exact_with_mc/exact_E/tuning/20260914_200318/MountainCar-v0/hyperparameter_sweep_V_start.png
Best config seeds plot saved to results/ppo/sweeps/ppo_MountainCar-v0_20260914_200315_exact_with_mc/exact_E/tuning/20260914_200318/MountainCar-v0/best_config_seeds.png
All configs seed grid saved to results/ppo/sweeps/ppo_MountainCar-v0_20260914_200315_exact_with_mc/exact_E/tuning/20260914_200318/MountainCar-v0/all_configs_seeds_grid.png

======================================================================
GENERATING CROSS-ALGORITHM COMPARISON
======================================================================
Comparison summary saved to results/ppo/sweeps/ppo_MountainCar-v0_20260914_200315_exact_with_mc/comparison/comparison_summary.csv

SUMMARY OF BEST PERFORMING CONFIGURATIONS:
 Rank Algorithm     Best Hyperparameters  AUC V_start  Final Window (500 steps)  Final V_start (Mean)  Final V_start (Std)  Min V_start  Max V_start  Seeds Run Dir
    1   exact_E LR=0.005, ACTOR_LR=0.001     0.327679                  0.356785              0.356722             0.000372     0.016625       0.3569     15     N/A
Comparison plot saved to results/ppo/sweeps/ppo_MountainCar-v0_20260914_200315_exact_with_mc/comparison/comparison_best_configs.png

======================================================================
SWEEP PIPELINE COMPLETED SUCCESSFULLY!
Results & Plots saved in: results/ppo/sweeps/ppo_MountainCar-v0_20260914_200315_exact_with_mc
Comparison Plot: results/ppo/sweeps/ppo_MountainCar-v0_20260914_200315_exact_with_mc/comparison/comparison_best_configs.png
======================================================================


--> [2/2] Sweeping exact_td_lambda (LR: 0.005 0.001 0.0003 | ACTOR_LR: 0.001 0.0003 0.0001 | VALUE_LAMBDA: 0.9)...
Command: /home/users/ds541/.pyenv/versions/3.10.15/envs/gymnax/bin/python scripts/sweep_pipeline.py         --policy ppo         --env-name MountainCar-v0         --algos exact_td_lambda         --lr-grid 0.005 0.001 0.0003         --actor-lr-grid 0.001 0.0003 0.0001         --value-lambda-grid 0.9         --config '{"GAE_LAMBDA": 0.1}'         --n-seeds 15         --total-timesteps 3000         --metric V_start         --rank-by final_window         --window-size 500         --higher-is-better         --sweep-root-dir results/ppo/sweeps/ppo_MountainCar-v0_20260914_200315_exact_with_mc         --no-log-scale

======================================================================
STARTING SWEEP PIPELINE: PPO POLICY
Environment: MountainCar-v0 | Timesteps: 3000 | Seeds: 15
NUM_ENVS: 1 | NUM_STEPS: 1 | MINIBATCH_SIZE: 1 | NUM_EPOCHS: 1
Critic LR_END: None | Actor LR_END: None
Algorithms to sweep: ['exact_td_lambda']
Ranking: final_window (higher is better)
Output Root Directory: results/ppo/sweeps/ppo_MountainCar-v0_20260914_200315_exact_with_mc
======================================================================


[1/1] Running sweep for algorithm: exact_td_lambda...
Env: MountainCar-v0
Default Obs Shape: (2,)
Obs Shape: (2,)
Action Shape: ()

============================================================
RUNNING SWEEP: 9 configs x 15 seeds = 135 runs
Environment: MountainCar-v0 | Primary Metric: V_start
Hyperparameters: ['LR', 'VALUE_LAMBDA', 'ACTOR_LR']
Ranking By: final_window (higher is better)
============================================================

[1/9] Evaluating: LR=0.005, VALUE_LAMBDA=0.9, ACTOR_LR=0.001 ...- obs shape for initialization is  (2,)
number of features is  16
 done (1836.0s)
[2/9] Evaluating: LR=0.005, VALUE_LAMBDA=0.9, ACTOR_LR=0.0003 ... done (1805.8s)
[3/9] Evaluating: LR=0.005, VALUE_LAMBDA=0.9, ACTOR_LR=0.0001 ... done (1809.3s)
[4/9] Evaluating: LR=0.001, VALUE_LAMBDA=0.9, ACTOR_LR=0.001 ... done (1812.6s)
[5/9] Evaluating: LR=0.001, VALUE_LAMBDA=0.9, ACTOR_LR=0.0003 ... done (1816.0s)
[6/9] Evaluating: LR=0.001, VALUE_LAMBDA=0.9, ACTOR_LR=0.0001 ... done (1812.7s)
[7/9] Evaluating: LR=0.0003, VALUE_LAMBDA=0.9, ACTOR_LR=0.001 ... done (1814.6s)
[8/9] Evaluating: LR=0.0003, VALUE_LAMBDA=0.9, ACTOR_LR=0.0003 ... done (1815.4s)
[9/9] Evaluating: LR=0.0003, VALUE_LAMBDA=0.9, ACTOR_LR=0.0001 ... done (1814.1s)

Tuning summary saved to results/ppo/sweeps/ppo_MountainCar-v0_20260914_200315_exact_with_mc/exact_td_lambda/tuning/20260915_003550/MountainCar-v0/tuning_summary.csv
Best configuration saved to results/ppo/sweeps/ppo_MountainCar-v0_20260914_200315_exact_with_mc/exact_td_lambda/tuning/20260915_003550/MountainCar-v0/best_config.json

============================================================
★ TOP CONFIGURATION: LR=0.001, VALUE_LAMBDA=0.9, ACTOR_LR=0.0003 (Ranked by final_window [higher is better])
  AUC V_start:          2.9121e-01
  Final Window (500 steps): 3.5166e-01
  Final V_start:         3.5232e-01 (±1.6158e-03)
  Min V_start:           1.6735e-02
============================================================

Top 5 Configurations:
 rank  config_idx     LR  VALUE_LAMBDA  ACTOR_LR  auc_V_start  final_window_V_start  final_V_start_mean  final_V_start_std  min_V_start  max_V_start  mean_V_start
    1           4 0.0010           0.9    0.0003     0.291211              0.351656            0.352318           0.001616     0.016735     0.352435      0.291211
    2           3 0.0010           0.9    0.0010     0.313378              0.351607            0.352423           0.005280     0.016735     0.352850      0.313378
    3           0 0.0050           0.9    0.0010     0.317101              0.351580            0.352419           0.002138     0.016735     0.352663      0.317101
    4           6 0.0003           0.9    0.0010     0.308846              0.350799            0.350961           0.002321     0.016735     0.351533      0.308846
    5           1 0.0050           0.9    0.0003     0.288675              0.348625            0.349395           0.002140     0.016735     0.349426      0.288675
============================================================

Results saved to results/ppo/sweeps/ppo_MountainCar-v0_20260914_200315_exact_with_mc/exact_td_lambda/tuning/20260915_003550/MountainCar-v0/out.pkl
Config saved to results/ppo/sweeps/ppo_MountainCar-v0_20260914_200315_exact_with_mc/exact_td_lambda/tuning/20260915_003550/MountainCar-v0/config.json
Config saved to results/ppo/sweeps/ppo_MountainCar-v0_20260914_200315_exact_with_mc/exact_td_lambda/tuning/20260915_003550/MountainCar-v0/config.json
Sweep plot saved to results/ppo/sweeps/ppo_MountainCar-v0_20260914_200315_exact_with_mc/exact_td_lambda/tuning/20260915_003550/MountainCar-v0/hyperparameter_sweep_V_start.png
Best config seeds plot saved to results/ppo/sweeps/ppo_MountainCar-v0_20260914_200315_exact_with_mc/exact_td_lambda/tuning/20260915_003550/MountainCar-v0/best_config_seeds.png
All configs seed grid saved to results/ppo/sweeps/ppo_MountainCar-v0_20260914_200315_exact_with_mc/exact_td_lambda/tuning/20260915_003550/MountainCar-v0/all_configs_seeds_grid.png

======================================================================
GENERATING CROSS-ALGORITHM COMPARISON
======================================================================
Comparison summary saved to results/ppo/sweeps/ppo_MountainCar-v0_20260914_200315_exact_with_mc/comparison/comparison_summary.csv

SUMMARY OF BEST PERFORMING CONFIGURATIONS:
 Rank       Algorithm                        Best Hyperparameters  AUC V_start  Final Window (500 steps)  Final V_start (Mean)  Final V_start (Std)  Min V_start  Max V_start  Seeds                                                                                                           Run Dir
    1         exact_E                    LR=0.005, ACTOR_LR=0.001     0.327679                  0.356785              0.356722             0.000372     0.016625     0.356900     15 results/ppo/sweeps/ppo_MountainCar-v0_20260914_200315_exact_with_mc/exact_E/tuning/20260914_200318/MountainCar-v0
    2 exact_td_lambda LR=0.001, VALUE_LAMBDA=0.9, ACTOR_LR=0.0003     0.291211                  0.351656              0.352318             0.001616     0.016711     0.352585     15                                                                                                               N/A
Comparison plot saved to results/ppo/sweeps/ppo_MountainCar-v0_20260914_200315_exact_with_mc/comparison/comparison_best_configs.png

======================================================================
SWEEP PIPELINE COMPLETED SUCCESSFULLY!
Results & Plots saved in: results/ppo/sweeps/ppo_MountainCar-v0_20260914_200315_exact_with_mc
Comparison Plot: results/ppo/sweeps/ppo_MountainCar-v0_20260914_200315_exact_with_mc/comparison/comparison_best_configs.png
======================================================================


--> Generating Final Cross-Algorithm Comparison Plot & Summary...

Analyzing sweep directory: 'results/ppo/sweeps/ppo_MountainCar-v0_20260914_200315_exact_with_mc'
Found 2 algorithm runs: ['exact_E', 'exact_td_lambda']
Metric: 'V_start' | Rank By: 'final_window' (higher is better)
Comparison summary saved to results/ppo/sweeps/ppo_MountainCar-v0_20260914_200315_exact_with_mc/comparison/comparison_summary_V_start.csv

======================================================================
ALGORITHM COMPARISON SUMMARY:
======================================================================
 Rank       Algorithm                        Best Hyperparameters  AUC V_start  Final Window (500 steps)  Final V_start (Mean)  Final V_start (Std)  Min V_start  Max V_start  Seeds                                                                                                                   Run Dir
    1         exact_E                    LR=0.005, ACTOR_LR=0.001     0.327679                  0.356785              0.356722             0.000372     0.016625     0.356900     15         results/ppo/sweeps/ppo_MountainCar-v0_20260914_200315_exact_with_mc/exact_E/tuning/20260914_200318/MountainCar-v0
    2 exact_td_lambda LR=0.001, VALUE_LAMBDA=0.9, ACTOR_LR=0.0003     0.291211                  0.351656              0.352318             0.001616     0.016711     0.352585     15 results/ppo/sweeps/ppo_MountainCar-v0_20260914_200315_exact_with_mc/exact_td_lambda/tuning/20260915_003550/MountainCar-v0
======================================================================
Comparison plot saved to results/ppo/sweeps/ppo_MountainCar-v0_20260914_200315_exact_with_mc/comparison/comparison_best_configs_V_start.png

Saved summary to: results/ppo/sweeps/ppo_MountainCar-v0_20260914_200315_exact_with_mc/comparison/comparison_summary_V_start.csv
Saved comparison plot to: results/ppo/sweeps/ppo_MountainCar-v0_20260914_200315_exact_with_mc/comparison/comparison_best_configs_V_start.png


======================================================================
Exact PPO Control Sweep Completed!
Total runtime: 10h 20m 59s
Job finished at: 2026-09-15 05:08:18
======================================================================
