======================================================================
STARTING SLURM EXACT PPO / CONTROL ALGORITHMS SWEEP
Comparing: E minimization vs TD(lambda)
Start Time: 2026-09-14 18:48:19
Environments: MountainCar-v0
Algorithms: exact_E exact_td_lambda sampled_mc
Seeds: 5 | Timesteps: 3000
Critic LR Grid: 0.005 0.001 0.0003 | Actor LR Grid: 0.001 0.0003 0.0001 | Lambda: 0.9
Optimization Metric: V_start (AUC, higher is better)
======================================================================

======================================================================
Running PPO Control Sweep: Environment=MountainCar-v0
Sweep Root Directory: results/ppo/sweeps/ppo_MountainCar-v0_20260914_184819_exact_mountain_car
======================================================================

--> [1/2] Sweeping exact_E (LR: 0.005 0.001 0.0003 | ACTOR_LR: 0.001 0.0003 0.0001)...
Command: /home/users/ds541/.pyenv/versions/3.10.15/envs/gymnax/bin/python scripts/sweep_pipeline.py         --policy ppo         --env-name MountainCar-v0         --algos exact_E         --lr-grid 0.005 0.001 0.0003         --actor-lr-grid 0.001 0.0003 0.0001         --config '{"GAE_LAMBDA": 0.1}'         --n-seeds 5         --total-timesteps 3000         --metric V_start         --rank-by final_window         --window-size 500         --higher-is-better         --sweep-root-dir results/ppo/sweeps/ppo_MountainCar-v0_20260914_184819_exact_mountain_car         --no-log-scale

======================================================================
STARTING SWEEP PIPELINE: PPO POLICY
Environment: MountainCar-v0 | Timesteps: 3000 | Seeds: 5
NUM_ENVS: 1 | NUM_STEPS: 1 | MINIBATCH_SIZE: 1 | NUM_EPOCHS: 1
Critic LR_END: None | Actor LR_END: None
Algorithms to sweep: ['exact_E']
Ranking: final_window (higher is better)
Output Root Directory: results/ppo/sweeps/ppo_MountainCar-v0_20260914_184819_exact_mountain_car
======================================================================


[1/1] Running sweep for algorithm: exact_E...
Env: MountainCar-v0
Default Obs Shape: (2,)
Obs Shape: (2,)
Action Shape: ()

============================================================
RUNNING SWEEP: 9 configs x 5 seeds = 45 runs
Environment: MountainCar-v0 | Primary Metric: V_start
Hyperparameters: ['LR', 'ACTOR_LR']
Ranking By: final_window (higher is better)
============================================================

[1/9] Evaluating: LR=0.005, ACTOR_LR=0.001 ...- obs shape for initialization is  (2,)
number of features is  16
 done (335.2s)
[2/9] Evaluating: LR=0.005, ACTOR_LR=0.0003 ... done (295.4s)
[3/9] Evaluating: LR=0.005, ACTOR_LR=0.0001 ... done (295.8s)
[4/9] Evaluating: LR=0.001, ACTOR_LR=0.001 ... done (295.6s)
[5/9] Evaluating: LR=0.001, ACTOR_LR=0.0003 ... done (296.1s)
[6/9] Evaluating: LR=0.001, ACTOR_LR=0.0001 ... done (296.0s)
[7/9] Evaluating: LR=0.0003, ACTOR_LR=0.001 ... done (294.7s)
[8/9] Evaluating: LR=0.0003, ACTOR_LR=0.0003 ... done (296.3s)
[9/9] Evaluating: LR=0.0003, ACTOR_LR=0.0001 ... done (295.5s)

Tuning summary saved to results/ppo/sweeps/ppo_MountainCar-v0_20260914_184819_exact_mountain_car/exact_E/tuning/20260914_184823/MountainCar-v0/tuning_summary.csv
Best configuration saved to results/ppo/sweeps/ppo_MountainCar-v0_20260914_184819_exact_mountain_car/exact_E/tuning/20260914_184823/MountainCar-v0/best_config.json

============================================================
★ TOP CONFIGURATION: LR=0.005, ACTOR_LR=0.001 (Ranked by final_window [higher is better])
  AUC V_start:          3.2777e-01
  Final Window (500 steps): 3.5719e-01
  Final V_start:         3.5719e-01 (±3.3204e-04)
  Min V_start:           1.6742e-02
============================================================

Top 5 Configurations:
 rank  config_idx     LR  ACTOR_LR  auc_V_start  final_window_V_start  final_V_start_mean  final_V_start_std  min_V_start  max_V_start  mean_V_start
    1           0 0.0050    0.0010     0.327770              0.357187            0.357193           0.000332     0.016742     0.357207      0.327770
    2           3 0.0010    0.0010     0.319606              0.355403            0.355683           0.001097     0.016742     0.355683      0.319606
    3           1 0.0050    0.0003     0.301004              0.354615            0.354948           0.000462     0.016742     0.354948      0.301004
    4           4 0.0010    0.0003     0.295392              0.352983            0.353634           0.000335     0.016742     0.353634      0.295392
    5           6 0.0003    0.0010     0.298339              0.346656            0.347069           0.001576     0.016742     0.347071      0.298339
============================================================

Results saved to results/ppo/sweeps/ppo_MountainCar-v0_20260914_184819_exact_mountain_car/exact_E/tuning/20260914_184823/MountainCar-v0/out.pkl
Config saved to results/ppo/sweeps/ppo_MountainCar-v0_20260914_184819_exact_mountain_car/exact_E/tuning/20260914_184823/MountainCar-v0/config.json
Config saved to results/ppo/sweeps/ppo_MountainCar-v0_20260914_184819_exact_mountain_car/exact_E/tuning/20260914_184823/MountainCar-v0/config.json
Sweep plot saved to results/ppo/sweeps/ppo_MountainCar-v0_20260914_184819_exact_mountain_car/exact_E/tuning/20260914_184823/MountainCar-v0/hyperparameter_sweep_V_start.png
Best config seeds plot saved to results/ppo/sweeps/ppo_MountainCar-v0_20260914_184819_exact_mountain_car/exact_E/tuning/20260914_184823/MountainCar-v0/best_config_seeds.png
All configs seed grid saved to results/ppo/sweeps/ppo_MountainCar-v0_20260914_184819_exact_mountain_car/exact_E/tuning/20260914_184823/MountainCar-v0/all_configs_seeds_grid.png

======================================================================
GENERATING CROSS-ALGORITHM COMPARISON
======================================================================
Comparison summary saved to results/ppo/sweeps/ppo_MountainCar-v0_20260914_184819_exact_mountain_car/comparison/comparison_summary.csv

SUMMARY OF BEST PERFORMING CONFIGURATIONS:
 Rank Algorithm     Best Hyperparameters  AUC V_start  Final Window (500 steps)  Final V_start (Mean)  Final V_start (Std)  Min V_start  Max V_start  Seeds Run Dir
    1   exact_E LR=0.005, ACTOR_LR=0.001      0.32777                  0.357187              0.357193             0.000332     0.016703     0.357241      5     N/A
Comparison plot saved to results/ppo/sweeps/ppo_MountainCar-v0_20260914_184819_exact_mountain_car/comparison/comparison_best_configs.png

======================================================================
SWEEP PIPELINE COMPLETED SUCCESSFULLY!
Results & Plots saved in: results/ppo/sweeps/ppo_MountainCar-v0_20260914_184819_exact_mountain_car
Comparison Plot: results/ppo/sweeps/ppo_MountainCar-v0_20260914_184819_exact_mountain_car/comparison/comparison_best_configs.png
======================================================================


--> [2/2] Sweeping exact_td_lambda (LR: 0.005 0.001 0.0003 | ACTOR_LR: 0.001 0.0003 0.0001 | VALUE_LAMBDA: 0.9)...
Command: /home/users/ds541/.pyenv/versions/3.10.15/envs/gymnax/bin/python scripts/sweep_pipeline.py         --policy ppo         --env-name MountainCar-v0         --algos exact_td_lambda         --lr-grid 0.005 0.001 0.0003         --actor-lr-grid 0.001 0.0003 0.0001         --value-lambda-grid 0.9         --config '{"GAE_LAMBDA": 0.1}'         --n-seeds 5         --total-timesteps 3000         --metric V_start         --rank-by final_window         --window-size 500         --higher-is-better         --sweep-root-dir results/ppo/sweeps/ppo_MountainCar-v0_20260914_184819_exact_mountain_car         --no-log-scale

======================================================================
STARTING SWEEP PIPELINE: PPO POLICY
Environment: MountainCar-v0 | Timesteps: 3000 | Seeds: 5
NUM_ENVS: 1 | NUM_STEPS: 1 | MINIBATCH_SIZE: 1 | NUM_EPOCHS: 1
Critic LR_END: None | Actor LR_END: None
Algorithms to sweep: ['exact_td_lambda']
Ranking: final_window (higher is better)
Output Root Directory: results/ppo/sweeps/ppo_MountainCar-v0_20260914_184819_exact_mountain_car
======================================================================


[1/1] Running sweep for algorithm: exact_td_lambda...
Env: MountainCar-v0
Default Obs Shape: (2,)
Obs Shape: (2,)
Action Shape: ()

============================================================
RUNNING SWEEP: 9 configs x 5 seeds = 45 runs
Environment: MountainCar-v0 | Primary Metric: V_start
Hyperparameters: ['LR', 'VALUE_LAMBDA', 'ACTOR_LR']
Ranking By: final_window (higher is better)
============================================================

[1/9] Evaluating: LR=0.005, VALUE_LAMBDA=0.9, ACTOR_LR=0.001 ...- obs shape for initialization is  (2,)
number of features is  16
 done (327.5s)
[2/9] Evaluating: LR=0.005, VALUE_LAMBDA=0.9, ACTOR_LR=0.0003 ... done (298.9s)
[3/9] Evaluating: LR=0.005, VALUE_LAMBDA=0.9, ACTOR_LR=0.0001 ... done (298.2s)
[4/9] Evaluating: LR=0.001, VALUE_LAMBDA=0.9, ACTOR_LR=0.001 ... done (299.4s)
[5/9] Evaluating: LR=0.001, VALUE_LAMBDA=0.9, ACTOR_LR=0.0003 ... done (298.9s)
[6/9] Evaluating: LR=0.001, VALUE_LAMBDA=0.9, ACTOR_LR=0.0001 ... done (297.9s)
[7/9] Evaluating: LR=0.0003, VALUE_LAMBDA=0.9, ACTOR_LR=0.001 ... done (297.9s)
[8/9] Evaluating: LR=0.0003, VALUE_LAMBDA=0.9, ACTOR_LR=0.0003 ... done (298.8s)
[9/9] Evaluating: LR=0.0003, VALUE_LAMBDA=0.9, ACTOR_LR=0.0001 ... done (298.7s)

Tuning summary saved to results/ppo/sweeps/ppo_MountainCar-v0_20260914_184819_exact_mountain_car/exact_td_lambda/tuning/20260914_193332/MountainCar-v0/tuning_summary.csv
Best configuration saved to results/ppo/sweeps/ppo_MountainCar-v0_20260914_184819_exact_mountain_car/exact_td_lambda/tuning/20260914_193332/MountainCar-v0/best_config.json

============================================================
★ TOP CONFIGURATION: LR=0.001, VALUE_LAMBDA=0.9, ACTOR_LR=0.001 (Ranked by final_window [higher is better])
  AUC V_start:          3.1964e-01
  Final Window (500 steps): 3.5365e-01
  Final V_start:         3.5347e-01 (±3.8010e-03)
  Min V_start:           1.6742e-02
============================================================

Top 5 Configurations:
 rank  config_idx     LR  VALUE_LAMBDA  ACTOR_LR  auc_V_start  final_window_V_start  final_V_start_mean  final_V_start_std  min_V_start  max_V_start  mean_V_start
    1           3 0.0010           0.9    0.0010     0.319641              0.353646            0.353470           0.003801     0.016742     0.354757      0.319641
    2           4 0.0010           0.9    0.0003     0.292418              0.351135            0.351687           0.001877     0.016742     0.351787      0.292418
    3           6 0.0003           0.9    0.0010     0.311015              0.351089            0.351032           0.002514     0.016742     0.352195      0.311015
    4           7 0.0003           0.9    0.0003     0.289090              0.350156            0.350753           0.001910     0.016742     0.350868      0.289090
    5           0 0.0050           0.9    0.0010     0.316147              0.349634            0.350098           0.002935     0.016742     0.351056      0.316147
============================================================

Results saved to results/ppo/sweeps/ppo_MountainCar-v0_20260914_184819_exact_mountain_car/exact_td_lambda/tuning/20260914_193332/MountainCar-v0/out.pkl
Config saved to results/ppo/sweeps/ppo_MountainCar-v0_20260914_184819_exact_mountain_car/exact_td_lambda/tuning/20260914_193332/MountainCar-v0/config.json
Config saved to results/ppo/sweeps/ppo_MountainCar-v0_20260914_184819_exact_mountain_car/exact_td_lambda/tuning/20260914_193332/MountainCar-v0/config.json
Sweep plot saved to results/ppo/sweeps/ppo_MountainCar-v0_20260914_184819_exact_mountain_car/exact_td_lambda/tuning/20260914_193332/MountainCar-v0/hyperparameter_sweep_V_start.png
Best config seeds plot saved to results/ppo/sweeps/ppo_MountainCar-v0_20260914_184819_exact_mountain_car/exact_td_lambda/tuning/20260914_193332/MountainCar-v0/best_config_seeds.png
All configs seed grid saved to results/ppo/sweeps/ppo_MountainCar-v0_20260914_184819_exact_mountain_car/exact_td_lambda/tuning/20260914_193332/MountainCar-v0/all_configs_seeds_grid.png

======================================================================
GENERATING CROSS-ALGORITHM COMPARISON
======================================================================
Comparison summary saved to results/ppo/sweeps/ppo_MountainCar-v0_20260914_184819_exact_mountain_car/comparison/comparison_summary.csv

SUMMARY OF BEST PERFORMING CONFIGURATIONS:
 Rank       Algorithm                       Best Hyperparameters  AUC V_start  Final Window (500 steps)  Final V_start (Mean)  Final V_start (Std)  Min V_start  Max V_start  Seeds                                                                                                                Run Dir
    1         exact_E                   LR=0.005, ACTOR_LR=0.001     0.327770                  0.357187              0.357193             0.000332     0.016703     0.357241      5 results/ppo/sweeps/ppo_MountainCar-v0_20260914_184819_exact_mountain_car/exact_E/tuning/20260914_184823/MountainCar-v0
    2 exact_td_lambda LR=0.001, VALUE_LAMBDA=0.9, ACTOR_LR=0.001     0.319641                  0.353646              0.353470             0.003801     0.016738     0.355037      5                                                                                                                    N/A
Comparison plot saved to results/ppo/sweeps/ppo_MountainCar-v0_20260914_184819_exact_mountain_car/comparison/comparison_best_configs.png

======================================================================
SWEEP PIPELINE COMPLETED SUCCESSFULLY!
Results & Plots saved in: results/ppo/sweeps/ppo_MountainCar-v0_20260914_184819_exact_mountain_car
Comparison Plot: results/ppo/sweeps/ppo_MountainCar-v0_20260914_184819_exact_mountain_car/comparison/comparison_best_configs.png
======================================================================


--> Generating Final Cross-Algorithm Comparison Plot & Summary...

Analyzing sweep directory: 'results/ppo/sweeps/ppo_MountainCar-v0_20260914_184819_exact_mountain_car'
Found 2 algorithm runs: ['exact_E', 'exact_td_lambda']
Metric: 'V_start' | Rank By: 'final_window' (higher is better)
Comparison summary saved to results/ppo/sweeps/ppo_MountainCar-v0_20260914_184819_exact_mountain_car/comparison/comparison_summary_V_start.csv

======================================================================
ALGORITHM COMPARISON SUMMARY:
======================================================================
 Rank       Algorithm                       Best Hyperparameters  AUC V_start  Final Window (500 steps)  Final V_start (Mean)  Final V_start (Std)  Min V_start  Max V_start  Seeds                                                                                                                        Run Dir
    1         exact_E                   LR=0.005, ACTOR_LR=0.001     0.327770                  0.357187              0.357193             0.000332     0.016703     0.357241      5         results/ppo/sweeps/ppo_MountainCar-v0_20260914_184819_exact_mountain_car/exact_E/tuning/20260914_184823/MountainCar-v0
    2 exact_td_lambda LR=0.001, VALUE_LAMBDA=0.9, ACTOR_LR=0.001     0.319641                  0.353646              0.353470             0.003801     0.016738     0.355037      5 results/ppo/sweeps/ppo_MountainCar-v0_20260914_184819_exact_mountain_car/exact_td_lambda/tuning/20260914_193332/MountainCar-v0
======================================================================
Comparison plot saved to results/ppo/sweeps/ppo_MountainCar-v0_20260914_184819_exact_mountain_car/comparison/comparison_best_configs_V_start.png

Saved summary to: results/ppo/sweeps/ppo_MountainCar-v0_20260914_184819_exact_mountain_car/comparison/comparison_summary_V_start.csv
Saved comparison plot to: results/ppo/sweeps/ppo_MountainCar-v0_20260914_184819_exact_mountain_car/comparison/comparison_best_configs_V_start.png


======================================================================
Exact PPO Control Sweep Completed!
Total runtime: 1h 30m 38s
Job finished at: 2026-09-14 20:18:57
======================================================================
