======================================================================
STARTING SLURM HYBRID PPO / CONTROL ALGORITHMS SWEEP
Comparing: Hybrid E minimization vs TD(lambda) vs MC
Start Time: 2026-09-14 09:45:10
Environments: EightRooms FourRooms-misc Whirlpool MountainCar-v0
Algorithms: hybrid_exact_E hybrid_exact_td_lambda
Seeds: 10 | Timesteps: 2048000
Critic LR Grid: 0.01 0.005 0.001 0.0003 | Actor LR Grid: 0.001 0.0003 0.0001 | Lambda: 0.9 0.99 1.0
Optimization Metric: V_start (AUC, higher is better)
======================================================================

======================================================================
Running Hybrid PPO Control Sweep: Environment=EightRooms
Sweep Root Directory: results/hybrid/sweeps/hybrid_EightRooms_20260914_094510_hybrid
======================================================================

--> [1/2] Sweeping hybrid_exact_E (LR: 0.01 0.005 0.001 0.0003 | ACTOR_LR: 0.001 0.0003 0.0001)...
Command: /home/users/ds541/.pyenv/versions/3.10.15/envs/gymnax/bin/python scripts/sweep_pipeline.py         --policy ppo         --env-name EightRooms         --algos hybrid_exact_E         --lr-grid 0.01 0.005 0.001 0.0003         --actor-lr-grid 0.001 0.0003 0.0001         --config '{"GAE_LAMBDA": 0.9, "NUM_STEPS": 256, "NUM_ENVS": 64, "MINIBATCH_SIZE": 1024, "TOTAL_TIMESTEPS": 2048000, "NUM_EPOCHS": 4}'         --n-seeds 10         --total-timesteps 2048000         --metric V_start         --rank-by final_window         --window-size 500         --higher-is-better         --sweep-root-dir results/hybrid/sweeps/hybrid_EightRooms_20260914_094510_hybrid         --no-log-scale

======================================================================
STARTING SWEEP PIPELINE: PPO POLICY
Environment: EightRooms | Timesteps: 2048000 | Seeds: 10
NUM_ENVS: 64 | NUM_STEPS: 256 | MINIBATCH_SIZE: 1024 | NUM_EPOCHS: 4
Critic LR_END: None | Actor LR_END: None
Algorithms to sweep: ['hybrid_exact_E']
Ranking: final_window (higher is better)
Output Root Directory: results/hybrid/sweeps/hybrid_EightRooms_20260914_094510_hybrid
======================================================================


[1/1] Running sweep for algorithm: hybrid_exact_E...
Env: EightRooms
Default Obs Shape: (25, 13, 2)
Obs Shape: (25, 13, 2)
Action Shape: ()

============================================================
RUNNING SWEEP: 12 configs x 10 seeds = 120 runs
Environment: EightRooms | Primary Metric: V_start
Hyperparameters: ['LR', 'ACTOR_LR']
Ranking By: final_window (higher is better)
============================================================

[1/12] Evaluating: LR=0.01, ACTOR_LR=0.001 ...- obs shape for initialization is  (25, 13, 2)
number of features is  16
 done (133.4s)
[2/12] Evaluating: LR=0.01, ACTOR_LR=0.0003 ... done (97.9s)
[3/12] Evaluating: LR=0.01, ACTOR_LR=0.0001 ... done (97.9s)
[4/12] Evaluating: LR=0.005, ACTOR_LR=0.001 ... done (97.8s)
[5/12] Evaluating: LR=0.005, ACTOR_LR=0.0003 ... done (97.8s)
[6/12] Evaluating: LR=0.005, ACTOR_LR=0.0001 ... done (97.9s)
[7/12] Evaluating: LR=0.001, ACTOR_LR=0.001 ... done (97.8s)
[8/12] Evaluating: LR=0.001, ACTOR_LR=0.0003 ... done (97.9s)
[9/12] Evaluating: LR=0.001, ACTOR_LR=0.0001 ... done (97.8s)
[10/12] Evaluating: LR=0.0003, ACTOR_LR=0.001 ... done (97.8s)
[11/12] Evaluating: LR=0.0003, ACTOR_LR=0.0003 ... done (97.9s)
[12/12] Evaluating: LR=0.0003, ACTOR_LR=0.0001 ... done (97.9s)

Tuning summary saved to results/hybrid/sweeps/hybrid_EightRooms_20260914_094510_hybrid/hybrid_exact_E/tuning/20260914_094514/EightRooms/tuning_summary.csv
Best configuration saved to results/hybrid/sweeps/hybrid_EightRooms_20260914_094510_hybrid/hybrid_exact_E/tuning/20260914_094514/EightRooms/best_config.json

============================================================
★ TOP CONFIGURATION: LR=0.01, ACTOR_LR=0.001 (Ranked by final_window [higher is better])
  AUC V_start:          5.4682e-01
  Final Window (125 steps): 5.4682e-01
  Final V_start:         6.1993e-01 (±9.6688e-04)
  Min V_start:           1.0532e-03
============================================================

Top 5 Configurations:
 rank  config_idx     LR  ACTOR_LR  auc_V_start  final_window_V_start  final_V_start_mean  final_V_start_std  min_V_start  max_V_start  mean_V_start
    1           0 0.0100    0.0010     0.546816              0.546816            0.619935           0.000967     0.001053     0.621148      0.546816
    2           3 0.0050    0.0010     0.546219              0.546219            0.620239           0.000791     0.001053     0.620983      0.546219
    3           6 0.0010    0.0010     0.542637              0.542637            0.619817           0.000954     0.001053     0.620893      0.542637
    4           9 0.0003    0.0010     0.531383              0.531383            0.620418           0.000792     0.001053     0.621034      0.531383
    5           4 0.0050    0.0003     0.511864              0.511864            0.617767           0.002334     0.001043     0.617767      0.511864
============================================================

Results saved to results/hybrid/sweeps/hybrid_EightRooms_20260914_094510_hybrid/hybrid_exact_E/tuning/20260914_094514/EightRooms/out.pkl
Config saved to results/hybrid/sweeps/hybrid_EightRooms_20260914_094510_hybrid/hybrid_exact_E/tuning/20260914_094514/EightRooms/config.json
Config saved to results/hybrid/sweeps/hybrid_EightRooms_20260914_094510_hybrid/hybrid_exact_E/tuning/20260914_094514/EightRooms/config.json
Sweep plot saved to results/hybrid/sweeps/hybrid_EightRooms_20260914_094510_hybrid/hybrid_exact_E/tuning/20260914_094514/EightRooms/hyperparameter_sweep_V_start.png
Best config seeds plot saved to results/hybrid/sweeps/hybrid_EightRooms_20260914_094510_hybrid/hybrid_exact_E/tuning/20260914_094514/EightRooms/best_config_seeds.png
All configs seed grid saved to results/hybrid/sweeps/hybrid_EightRooms_20260914_094510_hybrid/hybrid_exact_E/tuning/20260914_094514/EightRooms/all_configs_seeds_grid.png

======================================================================
GENERATING CROSS-ALGORITHM COMPARISON
======================================================================
Comparison summary saved to results/hybrid/sweeps/hybrid_EightRooms_20260914_094510_hybrid/comparison/comparison_summary.csv

SUMMARY OF BEST PERFORMING CONFIGURATIONS:
 Rank      Algorithm    Best Hyperparameters  AUC V_start  Final Window (125 steps)  Final V_start (Mean)  Final V_start (Std)  Min V_start  Max V_start  Seeds Run Dir
    1 hybrid_exact_E LR=0.01, ACTOR_LR=0.001     0.546816                  0.546816              0.619935             0.000967     0.001044     0.621654     10     N/A
Comparison plot saved to results/hybrid/sweeps/hybrid_EightRooms_20260914_094510_hybrid/comparison/comparison_best_configs.png

======================================================================
SWEEP PIPELINE COMPLETED SUCCESSFULLY!
Results & Plots saved in: results/hybrid/sweeps/hybrid_EightRooms_20260914_094510_hybrid
Comparison Plot: results/hybrid/sweeps/hybrid_EightRooms_20260914_094510_hybrid/comparison/comparison_best_configs.png
======================================================================


--> [2/2] Sweeping hybrid_exact_td_lambda (LR: 0.01 0.005 0.001 0.0003 | ACTOR_LR: 0.001 0.0003 0.0001 | VALUE_LAMBDA: 0.9 0.99 1.0)...
Command: /home/users/ds541/.pyenv/versions/3.10.15/envs/gymnax/bin/python scripts/sweep_pipeline.py         --policy ppo         --env-name EightRooms         --algos hybrid_exact_td_lambda         --lr-grid 0.01 0.005 0.001 0.0003         --actor-lr-grid 0.001 0.0003 0.0001         --value-lambda-grid 0.9 0.99 1.0         --config '{"GAE_LAMBDA": 0.9, "NUM_STEPS": 256, "NUM_ENVS": 64, "MINIBATCH_SIZE": 1024, "TOTAL_TIMESTEPS": 2048000, "NUM_EPOCHS": 4}'         --n-seeds 10         --total-timesteps 2048000         --metric V_start         --rank-by final_window         --window-size 500         --higher-is-better         --sweep-root-dir results/hybrid/sweeps/hybrid_EightRooms_20260914_094510_hybrid         --no-log-scale

======================================================================
STARTING SWEEP PIPELINE: PPO POLICY
Environment: EightRooms | Timesteps: 2048000 | Seeds: 10
NUM_ENVS: 64 | NUM_STEPS: 256 | MINIBATCH_SIZE: 1024 | NUM_EPOCHS: 4
Critic LR_END: None | Actor LR_END: None
Algorithms to sweep: ['hybrid_exact_td_lambda']
Ranking: final_window (higher is better)
Output Root Directory: results/hybrid/sweeps/hybrid_EightRooms_20260914_094510_hybrid
======================================================================


[1/1] Running sweep for algorithm: hybrid_exact_td_lambda...
Env: EightRooms
Default Obs Shape: (25, 13, 2)
Obs Shape: (25, 13, 2)
Action Shape: ()

============================================================
RUNNING SWEEP: 36 configs x 10 seeds = 360 runs
Environment: EightRooms | Primary Metric: V_start
Hyperparameters: ['LR', 'VALUE_LAMBDA', 'ACTOR_LR']
Ranking By: final_window (higher is better)
============================================================

[1/36] Evaluating: LR=0.01, VALUE_LAMBDA=0.9, ACTOR_LR=0.001 ...- obs shape for initialization is  (25, 13, 2)
number of features is  16
 done (122.9s)
[2/36] Evaluating: LR=0.01, VALUE_LAMBDA=0.9, ACTOR_LR=0.0003 ... done (97.2s)
[3/36] Evaluating: LR=0.01, VALUE_LAMBDA=0.9, ACTOR_LR=0.0001 ... done (97.2s)
[4/36] Evaluating: LR=0.01, VALUE_LAMBDA=0.99, ACTOR_LR=0.001 ... done (97.1s)
[5/36] Evaluating: LR=0.01, VALUE_LAMBDA=0.99, ACTOR_LR=0.0003 ... done (97.2s)
[6/36] Evaluating: LR=0.01, VALUE_LAMBDA=0.99, ACTOR_LR=0.0001 ... done (97.2s)
[7/36] Evaluating: LR=0.01, VALUE_LAMBDA=1.0, ACTOR_LR=0.001 ... done (97.1s)
[8/36] Evaluating: LR=0.01, VALUE_LAMBDA=1.0, ACTOR_LR=0.0003 ... done (97.2s)
[9/36] Evaluating: LR=0.01, VALUE_LAMBDA=1.0, ACTOR_LR=0.0001 ... done (97.2s)
[10/36] Evaluating: LR=0.005, VALUE_LAMBDA=0.9, ACTOR_LR=0.001 ... done (97.1s)
[11/36] Evaluating: LR=0.005, VALUE_LAMBDA=0.9, ACTOR_LR=0.0003 ... done (97.2s)
[12/36] Evaluating: LR=0.005, VALUE_LAMBDA=0.9, ACTOR_LR=0.0001 ... done (97.2s)
[13/36] Evaluating: LR=0.005, VALUE_LAMBDA=0.99, ACTOR_LR=0.001 ... done (97.1s)
[14/36] Evaluating: LR=0.005, VALUE_LAMBDA=0.99, ACTOR_LR=0.0003 ... done (97.2s)
[15/36] Evaluating: LR=0.005, VALUE_LAMBDA=0.99, ACTOR_LR=0.0001 ... done (97.1s)
[16/36] Evaluating: LR=0.005, VALUE_LAMBDA=1.0, ACTOR_LR=0.001 ... done (97.1s)
[17/36] Evaluating: LR=0.005, VALUE_LAMBDA=1.0, ACTOR_LR=0.0003 ... done (97.2s)
[18/36] Evaluating: LR=0.005, VALUE_LAMBDA=1.0, ACTOR_LR=0.0001 ... done (97.2s)
[19/36] Evaluating: LR=0.001, VALUE_LAMBDA=0.9, ACTOR_LR=0.001 ... done (97.2s)
[20/36] Evaluating: LR=0.001, VALUE_LAMBDA=0.9, ACTOR_LR=0.0003 ... done (97.3s)
[21/36] Evaluating: LR=0.001, VALUE_LAMBDA=0.9, ACTOR_LR=0.0001 ... done (97.2s)
[22/36] Evaluating: LR=0.001, VALUE_LAMBDA=0.99, ACTOR_LR=0.001 ... done (97.2s)
[23/36] Evaluating: LR=0.001, VALUE_LAMBDA=0.99, ACTOR_LR=0.0003 ... done (97.2s)
[24/36] Evaluating: LR=0.001, VALUE_LAMBDA=0.99, ACTOR_LR=0.0001 ... done (97.2s)
[25/36] Evaluating: LR=0.001, VALUE_LAMBDA=1.0, ACTOR_LR=0.001 ... done (97.2s)
[26/36] Evaluating: LR=0.001, VALUE_LAMBDA=1.0, ACTOR_LR=0.0003 ... done (97.2s)
[27/36] Evaluating: LR=0.001, VALUE_LAMBDA=1.0, ACTOR_LR=0.0001 ... done (97.2s)
[28/36] Evaluating: LR=0.0003, VALUE_LAMBDA=0.9, ACTOR_LR=0.001 ... done (97.2s)
[29/36] Evaluating: LR=0.0003, VALUE_LAMBDA=0.9, ACTOR_LR=0.0003 ... done (97.2s)
[30/36] Evaluating: LR=0.0003, VALUE_LAMBDA=0.9, ACTOR_LR=0.0001 ... done (97.3s)
[31/36] Evaluating: LR=0.0003, VALUE_LAMBDA=0.99, ACTOR_LR=0.001 ... done (97.1s)
[32/36] Evaluating: LR=0.0003, VALUE_LAMBDA=0.99, ACTOR_LR=0.0003 ... done (97.4s)
[33/36] Evaluating: LR=0.0003, VALUE_LAMBDA=0.99, ACTOR_LR=0.0001 ... done (97.3s)
[34/36] Evaluating: LR=0.0003, VALUE_LAMBDA=1.0, ACTOR_LR=0.001 ... done (97.2s)
[35/36] Evaluating: LR=0.0003, VALUE_LAMBDA=1.0, ACTOR_LR=0.0003 ... done (97.3s)
[36/36] Evaluating: LR=0.0003, VALUE_LAMBDA=1.0, ACTOR_LR=0.0001 ... done (97.3s)

Tuning summary saved to results/hybrid/sweeps/hybrid_EightRooms_20260914_094510_hybrid/hybrid_exact_td_lambda/tuning/20260914_100556/EightRooms/tuning_summary.csv
Best configuration saved to results/hybrid/sweeps/hybrid_EightRooms_20260914_094510_hybrid/hybrid_exact_td_lambda/tuning/20260914_100556/EightRooms/best_config.json

============================================================
★ TOP CONFIGURATION: LR=0.005, VALUE_LAMBDA=0.99, ACTOR_LR=0.001 (Ranked by final_window [higher is better])
  AUC V_start:          5.4834e-01
  Final Window (125 steps): 5.4834e-01
  Final V_start:         6.2058e-01 (±5.7161e-04)
  Min V_start:           1.0532e-03
============================================================

Top 5 Configurations:
 rank  config_idx    LR  VALUE_LAMBDA  ACTOR_LR  auc_V_start  final_window_V_start  final_V_start_mean  final_V_start_std  min_V_start  max_V_start  mean_V_start
    1          12 0.005          0.99     0.001     0.548341              0.548341            0.620581           0.000572     0.001053     0.621179      0.548341
    2           3 0.010          0.99     0.001     0.548091              0.548091            0.620735           0.000854     0.001053     0.621372      0.548091
    3          15 0.005          1.00     0.001     0.547471              0.547471            0.620282           0.001287     0.001053     0.620802      0.547471
    4           9 0.005          0.90     0.001     0.546702              0.546702            0.620323           0.000886     0.001053     0.620867      0.546702
    5          18 0.001          0.90     0.001     0.544712              0.544712            0.619748           0.000940     0.001053     0.620832      0.544712
============================================================

Results saved to results/hybrid/sweeps/hybrid_EightRooms_20260914_094510_hybrid/hybrid_exact_td_lambda/tuning/20260914_100556/EightRooms/out.pkl
Config saved to results/hybrid/sweeps/hybrid_EightRooms_20260914_094510_hybrid/hybrid_exact_td_lambda/tuning/20260914_100556/EightRooms/config.json
Config saved to results/hybrid/sweeps/hybrid_EightRooms_20260914_094510_hybrid/hybrid_exact_td_lambda/tuning/20260914_100556/EightRooms/config.json
Sweep plot saved to results/hybrid/sweeps/hybrid_EightRooms_20260914_094510_hybrid/hybrid_exact_td_lambda/tuning/20260914_100556/EightRooms/hyperparameter_sweep_V_start.png
Best config seeds plot saved to results/hybrid/sweeps/hybrid_EightRooms_20260914_094510_hybrid/hybrid_exact_td_lambda/tuning/20260914_100556/EightRooms/best_config_seeds.png

======================================================================
GENERATING CROSS-ALGORITHM COMPARISON
======================================================================
Comparison summary saved to results/hybrid/sweeps/hybrid_EightRooms_20260914_094510_hybrid/comparison/comparison_summary.csv

SUMMARY OF BEST PERFORMING CONFIGURATIONS:
 Rank              Algorithm                        Best Hyperparameters  AUC V_start  Final Window (125 steps)  Final V_start (Mean)  Final V_start (Std)  Min V_start  Max V_start  Seeds                                                                                                         Run Dir
    1 hybrid_exact_td_lambda LR=0.005, VALUE_LAMBDA=0.99, ACTOR_LR=0.001     0.548341                  0.548341              0.620581             0.000572     0.001050     0.621836     10                                                                                                             N/A
    2         hybrid_exact_E                     LR=0.01, ACTOR_LR=0.001     0.546816                  0.546816              0.619935             0.000967     0.001044     0.621654     10 results/hybrid/sweeps/hybrid_EightRooms_20260914_094510_hybrid/hybrid_exact_E/tuning/20260914_094514/EightRooms
Comparison plot saved to results/hybrid/sweeps/hybrid_EightRooms_20260914_094510_hybrid/comparison/comparison_best_configs.png

======================================================================
SWEEP PIPELINE COMPLETED SUCCESSFULLY!
Results & Plots saved in: results/hybrid/sweeps/hybrid_EightRooms_20260914_094510_hybrid
Comparison Plot: results/hybrid/sweeps/hybrid_EightRooms_20260914_094510_hybrid/comparison/comparison_best_configs.png
======================================================================


--> Generating Final Cross-Algorithm Comparison Plot & Summary...

Analyzing sweep directory: 'results/hybrid/sweeps/hybrid_EightRooms_20260914_094510_hybrid'
Found 2 algorithm runs: ['hybrid_exact_E', 'hybrid_exact_td_lambda']
Metric: 'V_start' | Rank By: 'final_window' (higher is better)
Comparison summary saved to results/hybrid/sweeps/hybrid_EightRooms_20260914_094510_hybrid/comparison/comparison_summary_V_start.csv

======================================================================
ALGORITHM COMPARISON SUMMARY:
======================================================================
 Rank              Algorithm                        Best Hyperparameters  AUC V_start  Final Window (125 steps)  Final V_start (Mean)  Final V_start (Std)  Min V_start  Max V_start  Seeds                                                                                                                 Run Dir
    1 hybrid_exact_td_lambda LR=0.005, VALUE_LAMBDA=0.99, ACTOR_LR=0.001     0.548341                  0.548341              0.620581             0.000572     0.001050     0.621836     10 results/hybrid/sweeps/hybrid_EightRooms_20260914_094510_hybrid/hybrid_exact_td_lambda/tuning/20260914_100556/EightRooms
    2         hybrid_exact_E                     LR=0.01, ACTOR_LR=0.001     0.546816                  0.546816              0.619935             0.000967     0.001044     0.621654     10         results/hybrid/sweeps/hybrid_EightRooms_20260914_094510_hybrid/hybrid_exact_E/tuning/20260914_094514/EightRooms
======================================================================
Comparison plot saved to results/hybrid/sweeps/hybrid_EightRooms_20260914_094510_hybrid/comparison/comparison_best_configs_V_start.png

Saved summary to: results/hybrid/sweeps/hybrid_EightRooms_20260914_094510_hybrid/comparison/comparison_summary_V_start.csv
Saved comparison plot to: results/hybrid/sweeps/hybrid_EightRooms_20260914_094510_hybrid/comparison/comparison_best_configs_V_start.png


======================================================================
Running Hybrid PPO Control Sweep: Environment=FourRooms-misc
Sweep Root Directory: results/hybrid/sweeps/hybrid_FourRooms-misc_20260914_110512_hybrid
======================================================================

--> [1/2] Sweeping hybrid_exact_E (LR: 0.01 0.005 0.001 0.0003 | ACTOR_LR: 0.001 0.0003 0.0001)...
Command: /home/users/ds541/.pyenv/versions/3.10.15/envs/gymnax/bin/python scripts/sweep_pipeline.py         --policy ppo         --env-name FourRooms-misc         --algos hybrid_exact_E         --lr-grid 0.01 0.005 0.001 0.0003         --actor-lr-grid 0.001 0.0003 0.0001         --config '{"GAE_LAMBDA": 0.9, "NUM_STEPS": 256, "NUM_ENVS": 64, "MINIBATCH_SIZE": 1024, "TOTAL_TIMESTEPS": 2048000, "NUM_EPOCHS": 4}'         --n-seeds 10         --total-timesteps 2048000         --metric V_start         --rank-by final_window         --window-size 500         --higher-is-better         --sweep-root-dir results/hybrid/sweeps/hybrid_FourRooms-misc_20260914_110512_hybrid         --no-log-scale

======================================================================
STARTING SWEEP PIPELINE: PPO POLICY
Environment: FourRooms-misc | Timesteps: 2048000 | Seeds: 10
NUM_ENVS: 64 | NUM_STEPS: 256 | MINIBATCH_SIZE: 1024 | NUM_EPOCHS: 4
Critic LR_END: None | Actor LR_END: None
Algorithms to sweep: ['hybrid_exact_E']
Ranking: final_window (higher is better)
Output Root Directory: results/hybrid/sweeps/hybrid_FourRooms-misc_20260914_110512_hybrid
======================================================================


[1/1] Running sweep for algorithm: hybrid_exact_E...
Env: FourRooms-misc
Default Obs Shape: (13, 13, 2)
Obs Shape: (13, 13, 2)
Action Shape: ()

============================================================
RUNNING SWEEP: 12 configs x 10 seeds = 120 runs
Environment: FourRooms-misc | Primary Metric: V_start
Hyperparameters: ['LR', 'ACTOR_LR']
Ranking By: final_window (higher is better)
============================================================

[1/12] Evaluating: LR=0.01, ACTOR_LR=0.001 ...- obs shape for initialization is  (13, 13, 2)
number of features is  16
 done (95.5s)
[2/12] Evaluating: LR=0.01, ACTOR_LR=0.0003 ... done (64.2s)
[3/12] Evaluating: LR=0.01, ACTOR_LR=0.0001 ... done (64.3s)
[4/12] Evaluating: LR=0.005, ACTOR_LR=0.001 ... done (64.3s)
[5/12] Evaluating: LR=0.005, ACTOR_LR=0.0003 ... done (64.2s)
[6/12] Evaluating: LR=0.005, ACTOR_LR=0.0001 ... done (64.3s)
[7/12] Evaluating: LR=0.001, ACTOR_LR=0.001 ... done (64.3s)
[8/12] Evaluating: LR=0.001, ACTOR_LR=0.0003 ... done (64.3s)
[9/12] Evaluating: LR=0.001, ACTOR_LR=0.0001 ... done (64.3s)
[10/12] Evaluating: LR=0.0003, ACTOR_LR=0.001 ... done (64.3s)
[11/12] Evaluating: LR=0.0003, ACTOR_LR=0.0003 ... done (64.3s)
[12/12] Evaluating: LR=0.0003, ACTOR_LR=0.0001 ... done (64.3s)

Tuning summary saved to results/hybrid/sweeps/hybrid_FourRooms-misc_20260914_110512_hybrid/hybrid_exact_E/tuning/20260914_110515/FourRooms-misc/tuning_summary.csv
Best configuration saved to results/hybrid/sweeps/hybrid_FourRooms-misc_20260914_110512_hybrid/hybrid_exact_E/tuning/20260914_110515/FourRooms-misc/best_config.json

============================================================
★ TOP CONFIGURATION: LR=0.01, ACTOR_LR=0.001 (Ranked by final_window [higher is better])
  AUC V_start:          6.9651e-01
  Final Window (125 steps): 6.9651e-01
  Final V_start:         7.5439e-01 (±3.9547e-04)
  Min V_start:           2.6117e-02
============================================================

Top 5 Configurations:
 rank  config_idx     LR  ACTOR_LR  auc_V_start  final_window_V_start  final_V_start_mean  final_V_start_std  min_V_start  max_V_start  mean_V_start
    1           0 0.0100    0.0010     0.696509              0.696509            0.754386           0.000395     0.026117     0.754666      0.696509
    2           3 0.0050    0.0010     0.695927              0.695927            0.754182           0.000455     0.026117     0.754427      0.695927
    3           6 0.0010    0.0010     0.694652              0.694652            0.754375           0.000458     0.026117     0.754592      0.694652
    4           9 0.0003    0.0010     0.687705              0.687705            0.754268           0.000327     0.026117     0.754629      0.687705
    5           7 0.0010    0.0003     0.676175              0.676175            0.755377           0.000174     0.025043     0.755377      0.676175
============================================================

Results saved to results/hybrid/sweeps/hybrid_FourRooms-misc_20260914_110512_hybrid/hybrid_exact_E/tuning/20260914_110515/FourRooms-misc/out.pkl
Config saved to results/hybrid/sweeps/hybrid_FourRooms-misc_20260914_110512_hybrid/hybrid_exact_E/tuning/20260914_110515/FourRooms-misc/config.json
Config saved to results/hybrid/sweeps/hybrid_FourRooms-misc_20260914_110512_hybrid/hybrid_exact_E/tuning/20260914_110515/FourRooms-misc/config.json
Sweep plot saved to results/hybrid/sweeps/hybrid_FourRooms-misc_20260914_110512_hybrid/hybrid_exact_E/tuning/20260914_110515/FourRooms-misc/hyperparameter_sweep_V_start.png
Best config seeds plot saved to results/hybrid/sweeps/hybrid_FourRooms-misc_20260914_110512_hybrid/hybrid_exact_E/tuning/20260914_110515/FourRooms-misc/best_config_seeds.png
All configs seed grid saved to results/hybrid/sweeps/hybrid_FourRooms-misc_20260914_110512_hybrid/hybrid_exact_E/tuning/20260914_110515/FourRooms-misc/all_configs_seeds_grid.png

======================================================================
GENERATING CROSS-ALGORITHM COMPARISON
======================================================================
Comparison summary saved to results/hybrid/sweeps/hybrid_FourRooms-misc_20260914_110512_hybrid/comparison/comparison_summary.csv

SUMMARY OF BEST PERFORMING CONFIGURATIONS:
 Rank      Algorithm    Best Hyperparameters  AUC V_start  Final Window (125 steps)  Final V_start (Mean)  Final V_start (Std)  Min V_start  Max V_start  Seeds Run Dir
    1 hybrid_exact_E LR=0.01, ACTOR_LR=0.001     0.696509                  0.696509              0.754386             0.000395     0.026117     0.754905     10     N/A
Comparison plot saved to results/hybrid/sweeps/hybrid_FourRooms-misc_20260914_110512_hybrid/comparison/comparison_best_configs.png

======================================================================
SWEEP PIPELINE COMPLETED SUCCESSFULLY!
Results & Plots saved in: results/hybrid/sweeps/hybrid_FourRooms-misc_20260914_110512_hybrid
Comparison Plot: results/hybrid/sweeps/hybrid_FourRooms-misc_20260914_110512_hybrid/comparison/comparison_best_configs.png
======================================================================


--> [2/2] Sweeping hybrid_exact_td_lambda (LR: 0.01 0.005 0.001 0.0003 | ACTOR_LR: 0.001 0.0003 0.0001 | VALUE_LAMBDA: 0.9 0.99 1.0)...
Command: /home/users/ds541/.pyenv/versions/3.10.15/envs/gymnax/bin/python scripts/sweep_pipeline.py         --policy ppo         --env-name FourRooms-misc         --algos hybrid_exact_td_lambda         --lr-grid 0.01 0.005 0.001 0.0003         --actor-lr-grid 0.001 0.0003 0.0001         --value-lambda-grid 0.9 0.99 1.0         --config '{"GAE_LAMBDA": 0.9, "NUM_STEPS": 256, "NUM_ENVS": 64, "MINIBATCH_SIZE": 1024, "TOTAL_TIMESTEPS": 2048000, "NUM_EPOCHS": 4}'         --n-seeds 10         --total-timesteps 2048000         --metric V_start         --rank-by final_window         --window-size 500         --higher-is-better         --sweep-root-dir results/hybrid/sweeps/hybrid_FourRooms-misc_20260914_110512_hybrid         --no-log-scale

======================================================================
STARTING SWEEP PIPELINE: PPO POLICY
Environment: FourRooms-misc | Timesteps: 2048000 | Seeds: 10
NUM_ENVS: 64 | NUM_STEPS: 256 | MINIBATCH_SIZE: 1024 | NUM_EPOCHS: 4
Critic LR_END: None | Actor LR_END: None
Algorithms to sweep: ['hybrid_exact_td_lambda']
Ranking: final_window (higher is better)
Output Root Directory: results/hybrid/sweeps/hybrid_FourRooms-misc_20260914_110512_hybrid
======================================================================


[1/1] Running sweep for algorithm: hybrid_exact_td_lambda...
Env: FourRooms-misc
Default Obs Shape: (13, 13, 2)
Obs Shape: (13, 13, 2)
Action Shape: ()

============================================================
RUNNING SWEEP: 36 configs x 10 seeds = 360 runs
Environment: FourRooms-misc | Primary Metric: V_start
Hyperparameters: ['LR', 'VALUE_LAMBDA', 'ACTOR_LR']
Ranking By: final_window (higher is better)
============================================================

[1/36] Evaluating: LR=0.01, VALUE_LAMBDA=0.9, ACTOR_LR=0.001 ...- obs shape for initialization is  (13, 13, 2)
number of features is  16
 done (87.8s)
[2/36] Evaluating: LR=0.01, VALUE_LAMBDA=0.9, ACTOR_LR=0.0003 ... done (64.1s)
[3/36] Evaluating: LR=0.01, VALUE_LAMBDA=0.9, ACTOR_LR=0.0001 ... done (64.1s)
[4/36] Evaluating: LR=0.01, VALUE_LAMBDA=0.99, ACTOR_LR=0.001 ... done (64.1s)
[5/36] Evaluating: LR=0.01, VALUE_LAMBDA=0.99, ACTOR_LR=0.0003 ... done (64.1s)
[6/36] Evaluating: LR=0.01, VALUE_LAMBDA=0.99, ACTOR_LR=0.0001 ... done (64.2s)
[7/36] Evaluating: LR=0.01, VALUE_LAMBDA=1.0, ACTOR_LR=0.001 ... done (64.1s)
[8/36] Evaluating: LR=0.01, VALUE_LAMBDA=1.0, ACTOR_LR=0.0003 ... done (64.1s)
[9/36] Evaluating: LR=0.01, VALUE_LAMBDA=1.0, ACTOR_LR=0.0001 ... done (64.1s)
[10/36] Evaluating: LR=0.005, VALUE_LAMBDA=0.9, ACTOR_LR=0.001 ... done (64.1s)
[11/36] Evaluating: LR=0.005, VALUE_LAMBDA=0.9, ACTOR_LR=0.0003 ... done (64.1s)
[12/36] Evaluating: LR=0.005, VALUE_LAMBDA=0.9, ACTOR_LR=0.0001 ... done (64.2s)
[13/36] Evaluating: LR=0.005, VALUE_LAMBDA=0.99, ACTOR_LR=0.001 ... done (64.1s)
[14/36] Evaluating: LR=0.005, VALUE_LAMBDA=0.99, ACTOR_LR=0.0003 ... done (64.2s)
[15/36] Evaluating: LR=0.005, VALUE_LAMBDA=0.99, ACTOR_LR=0.0001 ... done (64.1s)
[16/36] Evaluating: LR=0.005, VALUE_LAMBDA=1.0, ACTOR_LR=0.001 ... done (64.1s)
[17/36] Evaluating: LR=0.005, VALUE_LAMBDA=1.0, ACTOR_LR=0.0003 ... done (64.1s)
[18/36] Evaluating: LR=0.005, VALUE_LAMBDA=1.0, ACTOR_LR=0.0001 ... done (64.2s)
[19/36] Evaluating: LR=0.001, VALUE_LAMBDA=0.9, ACTOR_LR=0.001 ... done (64.1s)
[20/36] Evaluating: LR=0.001, VALUE_LAMBDA=0.9, ACTOR_LR=0.0003 ... done (64.2s)
[21/36] Evaluating: LR=0.001, VALUE_LAMBDA=0.9, ACTOR_LR=0.0001 ... done (64.2s)
[22/36] Evaluating: LR=0.001, VALUE_LAMBDA=0.99, ACTOR_LR=0.001 ... done (64.1s)
[23/36] Evaluating: LR=0.001, VALUE_LAMBDA=0.99, ACTOR_LR=0.0003 ... done (64.1s)
[24/36] Evaluating: LR=0.001, VALUE_LAMBDA=0.99, ACTOR_LR=0.0001 ... done (64.1s)
[25/36] Evaluating: LR=0.001, VALUE_LAMBDA=1.0, ACTOR_LR=0.001 ... done (64.1s)
[26/36] Evaluating: LR=0.001, VALUE_LAMBDA=1.0, ACTOR_LR=0.0003 ... done (64.2s)
[27/36] Evaluating: LR=0.001, VALUE_LAMBDA=1.0, ACTOR_LR=0.0001 ... done (64.1s)
[28/36] Evaluating: LR=0.0003, VALUE_LAMBDA=0.9, ACTOR_LR=0.001 ... done (64.1s)
[29/36] Evaluating: LR=0.0003, VALUE_LAMBDA=0.9, ACTOR_LR=0.0003 ... done (64.2s)
[30/36] Evaluating: LR=0.0003, VALUE_LAMBDA=0.9, ACTOR_LR=0.0001 ... done (64.2s)
[31/36] Evaluating: LR=0.0003, VALUE_LAMBDA=0.99, ACTOR_LR=0.001 ... done (64.1s)
[32/36] Evaluating: LR=0.0003, VALUE_LAMBDA=0.99, ACTOR_LR=0.0003 ... done (64.2s)
[33/36] Evaluating: LR=0.0003, VALUE_LAMBDA=0.99, ACTOR_LR=0.0001 ... done (64.2s)
[34/36] Evaluating: LR=0.0003, VALUE_LAMBDA=1.0, ACTOR_LR=0.001 ... done (64.1s)
[35/36] Evaluating: LR=0.0003, VALUE_LAMBDA=1.0, ACTOR_LR=0.0003 ... done (64.2s)
[36/36] Evaluating: LR=0.0003, VALUE_LAMBDA=1.0, ACTOR_LR=0.0001 ... done (64.2s)

Tuning summary saved to results/hybrid/sweeps/hybrid_FourRooms-misc_20260914_110512_hybrid/hybrid_exact_td_lambda/tuning/20260914_111858/FourRooms-misc/tuning_summary.csv
Best configuration saved to results/hybrid/sweeps/hybrid_FourRooms-misc_20260914_110512_hybrid/hybrid_exact_td_lambda/tuning/20260914_111858/FourRooms-misc/best_config.json

============================================================
★ TOP CONFIGURATION: LR=0.01, VALUE_LAMBDA=1.0, ACTOR_LR=0.001 (Ranked by final_window [higher is better])
  AUC V_start:          6.9741e-01
  Final Window (125 steps): 6.9741e-01
  Final V_start:         7.5437e-01 (±3.4447e-04)
  Min V_start:           2.6117e-02
============================================================

Top 5 Configurations:
 rank  config_idx    LR  VALUE_LAMBDA  ACTOR_LR  auc_V_start  final_window_V_start  final_V_start_mean  final_V_start_std  min_V_start  max_V_start  mean_V_start
    1           6 0.010          1.00     0.001     0.697415              0.697415            0.754367           0.000344     0.026117     0.754574      0.697415
    2           9 0.005          0.90     0.001     0.697391              0.697391            0.754347           0.000608     0.026117     0.754560      0.697391
    3           3 0.010          0.99     0.001     0.697361              0.697361            0.754432           0.000211     0.026117     0.754595      0.697361
    4          15 0.005          1.00     0.001     0.697284              0.697284            0.754299           0.000197     0.026117     0.754673      0.697284
    5           0 0.010          0.90     0.001     0.697234              0.697234            0.754372           0.000369     0.026117     0.754592      0.697234
============================================================

Results saved to results/hybrid/sweeps/hybrid_FourRooms-misc_20260914_110512_hybrid/hybrid_exact_td_lambda/tuning/20260914_111858/FourRooms-misc/out.pkl
Config saved to results/hybrid/sweeps/hybrid_FourRooms-misc_20260914_110512_hybrid/hybrid_exact_td_lambda/tuning/20260914_111858/FourRooms-misc/config.json
Config saved to results/hybrid/sweeps/hybrid_FourRooms-misc_20260914_110512_hybrid/hybrid_exact_td_lambda/tuning/20260914_111858/FourRooms-misc/config.json
Sweep plot saved to results/hybrid/sweeps/hybrid_FourRooms-misc_20260914_110512_hybrid/hybrid_exact_td_lambda/tuning/20260914_111858/FourRooms-misc/hyperparameter_sweep_V_start.png
Best config seeds plot saved to results/hybrid/sweeps/hybrid_FourRooms-misc_20260914_110512_hybrid/hybrid_exact_td_lambda/tuning/20260914_111858/FourRooms-misc/best_config_seeds.png

======================================================================
GENERATING CROSS-ALGORITHM COMPARISON
======================================================================
Comparison summary saved to results/hybrid/sweeps/hybrid_FourRooms-misc_20260914_110512_hybrid/comparison/comparison_summary.csv

SUMMARY OF BEST PERFORMING CONFIGURATIONS:
 Rank              Algorithm                      Best Hyperparameters  AUC V_start  Final Window (125 steps)  Final V_start (Mean)  Final V_start (Std)  Min V_start  Max V_start  Seeds                                                                                                                 Run Dir
    1 hybrid_exact_td_lambda LR=0.01, VALUE_LAMBDA=1.0, ACTOR_LR=0.001     0.697415                  0.697415              0.754367             0.000344     0.026117     0.754809     10                                                                                                                     N/A
    2         hybrid_exact_E                   LR=0.01, ACTOR_LR=0.001     0.696509                  0.696509              0.754386             0.000395     0.026117     0.754905     10 results/hybrid/sweeps/hybrid_FourRooms-misc_20260914_110512_hybrid/hybrid_exact_E/tuning/20260914_110515/FourRooms-misc
Comparison plot saved to results/hybrid/sweeps/hybrid_FourRooms-misc_20260914_110512_hybrid/comparison/comparison_best_configs.png

======================================================================
SWEEP PIPELINE COMPLETED SUCCESSFULLY!
Results & Plots saved in: results/hybrid/sweeps/hybrid_FourRooms-misc_20260914_110512_hybrid
Comparison Plot: results/hybrid/sweeps/hybrid_FourRooms-misc_20260914_110512_hybrid/comparison/comparison_best_configs.png
======================================================================


--> Generating Final Cross-Algorithm Comparison Plot & Summary...

Analyzing sweep directory: 'results/hybrid/sweeps/hybrid_FourRooms-misc_20260914_110512_hybrid'
Found 2 algorithm runs: ['hybrid_exact_E', 'hybrid_exact_td_lambda']
Metric: 'V_start' | Rank By: 'final_window' (higher is better)
Comparison summary saved to results/hybrid/sweeps/hybrid_FourRooms-misc_20260914_110512_hybrid/comparison/comparison_summary_V_start.csv

======================================================================
ALGORITHM COMPARISON SUMMARY:
======================================================================
 Rank              Algorithm                      Best Hyperparameters  AUC V_start  Final Window (125 steps)  Final V_start (Mean)  Final V_start (Std)  Min V_start  Max V_start  Seeds                                                                                                                         Run Dir
    1 hybrid_exact_td_lambda LR=0.01, VALUE_LAMBDA=1.0, ACTOR_LR=0.001     0.697415                  0.697415              0.754367             0.000344     0.026117     0.754809     10 results/hybrid/sweeps/hybrid_FourRooms-misc_20260914_110512_hybrid/hybrid_exact_td_lambda/tuning/20260914_111858/FourRooms-misc
    2         hybrid_exact_E                   LR=0.01, ACTOR_LR=0.001     0.696509                  0.696509              0.754386             0.000395     0.026117     0.754905     10         results/hybrid/sweeps/hybrid_FourRooms-misc_20260914_110512_hybrid/hybrid_exact_E/tuning/20260914_110515/FourRooms-misc
======================================================================
Comparison plot saved to results/hybrid/sweeps/hybrid_FourRooms-misc_20260914_110512_hybrid/comparison/comparison_best_configs_V_start.png

Saved summary to: results/hybrid/sweeps/hybrid_FourRooms-misc_20260914_110512_hybrid/comparison/comparison_summary_V_start.csv
Saved comparison plot to: results/hybrid/sweeps/hybrid_FourRooms-misc_20260914_110512_hybrid/comparison/comparison_best_configs_V_start.png


======================================================================
Running Hybrid PPO Control Sweep: Environment=Whirlpool
Sweep Root Directory: results/hybrid/sweeps/hybrid_Whirlpool_20260914_115810_hybrid
======================================================================

--> [1/2] Sweeping hybrid_exact_E (LR: 0.01 0.005 0.001 0.0003 | ACTOR_LR: 0.001 0.0003 0.0001)...
Command: /home/users/ds541/.pyenv/versions/3.10.15/envs/gymnax/bin/python scripts/sweep_pipeline.py         --policy ppo         --env-name Whirlpool         --algos hybrid_exact_E         --lr-grid 0.01 0.005 0.001 0.0003         --actor-lr-grid 0.001 0.0003 0.0001         --config '{"GAE_LAMBDA": 0.9, "NUM_STEPS": 256, "NUM_ENVS": 64, "MINIBATCH_SIZE": 1024, "TOTAL_TIMESTEPS": 2048000, "NUM_EPOCHS": 4}'         --n-seeds 10         --total-timesteps 2048000         --metric V_start         --rank-by final_window         --window-size 500         --higher-is-better         --sweep-root-dir results/hybrid/sweeps/hybrid_Whirlpool_20260914_115810_hybrid         --no-log-scale

======================================================================
STARTING SWEEP PIPELINE: PPO POLICY
Environment: Whirlpool | Timesteps: 2048000 | Seeds: 10
NUM_ENVS: 64 | NUM_STEPS: 256 | MINIBATCH_SIZE: 1024 | NUM_EPOCHS: 4
Critic LR_END: None | Actor LR_END: None
Algorithms to sweep: ['hybrid_exact_E']
Ranking: final_window (higher is better)
Output Root Directory: results/hybrid/sweeps/hybrid_Whirlpool_20260914_115810_hybrid
======================================================================


[1/1] Running sweep for algorithm: hybrid_exact_E...
Env: Whirlpool
Default Obs Shape: (21, 21, 2)
Obs Shape: (21, 21, 2)
Action Shape: ()

============================================================
RUNNING SWEEP: 12 configs x 10 seeds = 120 runs
Environment: Whirlpool | Primary Metric: V_start
Hyperparameters: ['LR', 'ACTOR_LR']
Ranking By: final_window (higher is better)
============================================================

[1/12] Evaluating: LR=0.01, ACTOR_LR=0.001 ...- obs shape for initialization is  (21, 21, 2)
number of features is  16
 done (190.6s)
[2/12] Evaluating: LR=0.01, ACTOR_LR=0.0003 ... done (153.5s)
[3/12] Evaluating: LR=0.01, ACTOR_LR=0.0001 ... done (153.7s)
[4/12] Evaluating: LR=0.005, ACTOR_LR=0.001 ... done (153.2s)
[5/12] Evaluating: LR=0.005, ACTOR_LR=0.0003 ... done (153.5s)
[6/12] Evaluating: LR=0.005, ACTOR_LR=0.0001 ... done (153.6s)
[7/12] Evaluating: LR=0.001, ACTOR_LR=0.001 ... done (153.3s)
[8/12] Evaluating: LR=0.001, ACTOR_LR=0.0003 ... done (153.7s)
[9/12] Evaluating: LR=0.001, ACTOR_LR=0.0001 ... done (153.8s)
[10/12] Evaluating: LR=0.0003, ACTOR_LR=0.001 ... done (153.3s)
[11/12] Evaluating: LR=0.0003, ACTOR_LR=0.0003 ... done (153.7s)
[12/12] Evaluating: LR=0.0003, ACTOR_LR=0.0001 ... done (153.7s)

Tuning summary saved to results/hybrid/sweeps/hybrid_Whirlpool_20260914_115810_hybrid/hybrid_exact_E/tuning/20260914_115813/Whirlpool/tuning_summary.csv
Best configuration saved to results/hybrid/sweeps/hybrid_Whirlpool_20260914_115810_hybrid/hybrid_exact_E/tuning/20260914_115813/Whirlpool/best_config.json

============================================================
★ TOP CONFIGURATION: LR=0.01, ACTOR_LR=0.001 (Ranked by final_window [higher is better])
  AUC V_start:          4.6185e-02
  Final Window (125 steps): 4.6185e-02
  Final V_start:         7.4877e-02 (±1.8919e-03)
  Min V_start:           7.0675e-04
============================================================

Top 5 Configurations:
 rank  config_idx    LR  ACTOR_LR  auc_V_start  final_window_V_start  final_V_start_mean  final_V_start_std  min_V_start  max_V_start  mean_V_start
    1           0 0.010    0.0010     0.046185              0.046185            0.074877           0.001892     0.000707     0.074877      0.046185
    2           3 0.005    0.0010     0.046166              0.046166            0.074994           0.001048     0.000707     0.074994      0.046166
    3           1 0.010    0.0003     0.044577              0.044577            0.078856           0.001758     0.000707     0.078856      0.044577
    4           4 0.005    0.0003     0.044453              0.044453            0.078089           0.001081     0.000707     0.078089      0.044453
    5           6 0.001    0.0010     0.044381              0.044381            0.074357           0.001556     0.000707     0.074471      0.044381
============================================================

Results saved to results/hybrid/sweeps/hybrid_Whirlpool_20260914_115810_hybrid/hybrid_exact_E/tuning/20260914_115813/Whirlpool/out.pkl
Config saved to results/hybrid/sweeps/hybrid_Whirlpool_20260914_115810_hybrid/hybrid_exact_E/tuning/20260914_115813/Whirlpool/config.json
Config saved to results/hybrid/sweeps/hybrid_Whirlpool_20260914_115810_hybrid/hybrid_exact_E/tuning/20260914_115813/Whirlpool/config.json
Sweep plot saved to results/hybrid/sweeps/hybrid_Whirlpool_20260914_115810_hybrid/hybrid_exact_E/tuning/20260914_115813/Whirlpool/hyperparameter_sweep_V_start.png
Best config seeds plot saved to results/hybrid/sweeps/hybrid_Whirlpool_20260914_115810_hybrid/hybrid_exact_E/tuning/20260914_115813/Whirlpool/best_config_seeds.png
All configs seed grid saved to results/hybrid/sweeps/hybrid_Whirlpool_20260914_115810_hybrid/hybrid_exact_E/tuning/20260914_115813/Whirlpool/all_configs_seeds_grid.png

======================================================================
GENERATING CROSS-ALGORITHM COMPARISON
======================================================================
Comparison summary saved to results/hybrid/sweeps/hybrid_Whirlpool_20260914_115810_hybrid/comparison/comparison_summary.csv

SUMMARY OF BEST PERFORMING CONFIGURATIONS:
 Rank      Algorithm    Best Hyperparameters  AUC V_start  Final Window (125 steps)  Final V_start (Mean)  Final V_start (Std)  Min V_start  Max V_start  Seeds Run Dir
    1 hybrid_exact_E LR=0.01, ACTOR_LR=0.001     0.046185                  0.046185              0.074877             0.001892     0.000707      0.07612     10     N/A
Comparison plot saved to results/hybrid/sweeps/hybrid_Whirlpool_20260914_115810_hybrid/comparison/comparison_best_configs.png

======================================================================
SWEEP PIPELINE COMPLETED SUCCESSFULLY!
Results & Plots saved in: results/hybrid/sweeps/hybrid_Whirlpool_20260914_115810_hybrid
Comparison Plot: results/hybrid/sweeps/hybrid_Whirlpool_20260914_115810_hybrid/comparison/comparison_best_configs.png
======================================================================


--> [2/2] Sweeping hybrid_exact_td_lambda (LR: 0.01 0.005 0.001 0.0003 | ACTOR_LR: 0.001 0.0003 0.0001 | VALUE_LAMBDA: 0.9 0.99 1.0)...
Command: /home/users/ds541/.pyenv/versions/3.10.15/envs/gymnax/bin/python scripts/sweep_pipeline.py         --policy ppo         --env-name Whirlpool         --algos hybrid_exact_td_lambda         --lr-grid 0.01 0.005 0.001 0.0003         --actor-lr-grid 0.001 0.0003 0.0001         --value-lambda-grid 0.9 0.99 1.0         --config '{"GAE_LAMBDA": 0.9, "NUM_STEPS": 256, "NUM_ENVS": 64, "MINIBATCH_SIZE": 1024, "TOTAL_TIMESTEPS": 2048000, "NUM_EPOCHS": 4}'         --n-seeds 10         --total-timesteps 2048000         --metric V_start         --rank-by final_window         --window-size 500         --higher-is-better         --sweep-root-dir results/hybrid/sweeps/hybrid_Whirlpool_20260914_115810_hybrid         --no-log-scale

======================================================================
STARTING SWEEP PIPELINE: PPO POLICY
Environment: Whirlpool | Timesteps: 2048000 | Seeds: 10
NUM_ENVS: 64 | NUM_STEPS: 256 | MINIBATCH_SIZE: 1024 | NUM_EPOCHS: 4
Critic LR_END: None | Actor LR_END: None
Algorithms to sweep: ['hybrid_exact_td_lambda']
Ranking: final_window (higher is better)
Output Root Directory: results/hybrid/sweeps/hybrid_Whirlpool_20260914_115810_hybrid
======================================================================


[1/1] Running sweep for algorithm: hybrid_exact_td_lambda...
Env: Whirlpool
Default Obs Shape: (21, 21, 2)
Obs Shape: (21, 21, 2)
Action Shape: ()

============================================================
RUNNING SWEEP: 36 configs x 10 seeds = 360 runs
Environment: Whirlpool | Primary Metric: V_start
Hyperparameters: ['LR', 'VALUE_LAMBDA', 'ACTOR_LR']
Ranking By: final_window (higher is better)
============================================================

[1/36] Evaluating: LR=0.01, VALUE_LAMBDA=0.9, ACTOR_LR=0.001 ...- obs shape for initialization is  (21, 21, 2)
number of features is  16
 done (181.9s)
[2/36] Evaluating: LR=0.01, VALUE_LAMBDA=0.9, ACTOR_LR=0.0003 ... done (153.4s)
[3/36] Evaluating: LR=0.01, VALUE_LAMBDA=0.9, ACTOR_LR=0.0001 ... done (153.7s)
[4/36] Evaluating: LR=0.01, VALUE_LAMBDA=0.99, ACTOR_LR=0.001 ... done (153.1s)
[5/36] Evaluating: LR=0.01, VALUE_LAMBDA=0.99, ACTOR_LR=0.0003 ... done (153.4s)
[6/36] Evaluating: LR=0.01, VALUE_LAMBDA=0.99, ACTOR_LR=0.0001 ... done (153.4s)
[7/36] Evaluating: LR=0.01, VALUE_LAMBDA=1.0, ACTOR_LR=0.001 ... done (153.0s)
[8/36] Evaluating: LR=0.01, VALUE_LAMBDA=1.0, ACTOR_LR=0.0003 ... done (153.3s)
[9/36] Evaluating: LR=0.01, VALUE_LAMBDA=1.0, ACTOR_LR=0.0001 ... done (153.5s)
[10/36] Evaluating: LR=0.005, VALUE_LAMBDA=0.9, ACTOR_LR=0.001 ... done (153.1s)
[11/36] Evaluating: LR=0.005, VALUE_LAMBDA=0.9, ACTOR_LR=0.0003 ... done (153.5s)
[12/36] Evaluating: LR=0.005, VALUE_LAMBDA=0.9, ACTOR_LR=0.0001 ... done (153.6s)
[13/36] Evaluating: LR=0.005, VALUE_LAMBDA=0.99, ACTOR_LR=0.001 ... done (153.2s)
[14/36] Evaluating: LR=0.005, VALUE_LAMBDA=0.99, ACTOR_LR=0.0003 ... done (153.5s)
[15/36] Evaluating: LR=0.005, VALUE_LAMBDA=0.99, ACTOR_LR=0.0001 ... done (153.5s)
[16/36] Evaluating: LR=0.005, VALUE_LAMBDA=1.0, ACTOR_LR=0.001 ... done (153.3s)
[17/36] Evaluating: LR=0.005, VALUE_LAMBDA=1.0, ACTOR_LR=0.0003 ... done (153.5s)
[18/36] Evaluating: LR=0.005, VALUE_LAMBDA=1.0, ACTOR_LR=0.0001 ... done (153.6s)
[19/36] Evaluating: LR=0.001, VALUE_LAMBDA=0.9, ACTOR_LR=0.001 ... done (153.2s)
[20/36] Evaluating: LR=0.001, VALUE_LAMBDA=0.9, ACTOR_LR=0.0003 ... done (153.7s)
[21/36] Evaluating: LR=0.001, VALUE_LAMBDA=0.9, ACTOR_LR=0.0001 ... done (153.8s)
[22/36] Evaluating: LR=0.001, VALUE_LAMBDA=0.99, ACTOR_LR=0.001 ... done (153.2s)
[23/36] Evaluating: LR=0.001, VALUE_LAMBDA=0.99, ACTOR_LR=0.0003 ... done (153.5s)
[24/36] Evaluating: LR=0.001, VALUE_LAMBDA=0.99, ACTOR_LR=0.0001 ... done (153.6s)
[25/36] Evaluating: LR=0.001, VALUE_LAMBDA=1.0, ACTOR_LR=0.001 ... done (153.4s)
[26/36] Evaluating: LR=0.001, VALUE_LAMBDA=1.0, ACTOR_LR=0.0003 ... done (153.6s)
[27/36] Evaluating: LR=0.001, VALUE_LAMBDA=1.0, ACTOR_LR=0.0001 ... done (153.7s)
[28/36] Evaluating: LR=0.0003, VALUE_LAMBDA=0.9, ACTOR_LR=0.001 ... done (153.4s)
[29/36] Evaluating: LR=0.0003, VALUE_LAMBDA=0.9, ACTOR_LR=0.0003 ... done (153.7s)
[30/36] Evaluating: LR=0.0003, VALUE_LAMBDA=0.9, ACTOR_LR=0.0001 ... done (153.7s)
[31/36] Evaluating: LR=0.0003, VALUE_LAMBDA=0.99, ACTOR_LR=0.001 ... done (153.5s)
[32/36] Evaluating: LR=0.0003, VALUE_LAMBDA=0.99, ACTOR_LR=0.0003 ... done (153.7s)
[33/36] Evaluating: LR=0.0003, VALUE_LAMBDA=0.99, ACTOR_LR=0.0001 ... done (153.8s)
[34/36] Evaluating: LR=0.0003, VALUE_LAMBDA=1.0, ACTOR_LR=0.001 ... done (153.4s)
[35/36] Evaluating: LR=0.0003, VALUE_LAMBDA=1.0, ACTOR_LR=0.0003 ... done (153.7s)
[36/36] Evaluating: LR=0.0003, VALUE_LAMBDA=1.0, ACTOR_LR=0.0001 ... done (153.8s)

Tuning summary saved to results/hybrid/sweeps/hybrid_Whirlpool_20260914_115810_hybrid/hybrid_exact_td_lambda/tuning/20260914_122951/Whirlpool/tuning_summary.csv
Best configuration saved to results/hybrid/sweeps/hybrid_Whirlpool_20260914_115810_hybrid/hybrid_exact_td_lambda/tuning/20260914_122951/Whirlpool/best_config.json

============================================================
★ TOP CONFIGURATION: LR=0.005, VALUE_LAMBDA=0.9, ACTOR_LR=0.001 (Ranked by final_window [higher is better])
  AUC V_start:          4.6571e-02
  Final Window (125 steps): 4.6571e-02
  Final V_start:         7.4132e-02 (±1.7301e-03)
  Min V_start:           7.0675e-04
============================================================

Top 5 Configurations:
 rank  config_idx    LR  VALUE_LAMBDA  ACTOR_LR  auc_V_start  final_window_V_start  final_V_start_mean  final_V_start_std  min_V_start  max_V_start  mean_V_start
    1           9 0.005          0.90     0.001     0.046571              0.046571            0.074132           0.001730     0.000707     0.074430      0.046571
    2           6 0.010          1.00     0.001     0.046558              0.046558            0.075131           0.002132     0.000707     0.075262      0.046558
    3           0 0.010          0.90     0.001     0.046350              0.046350            0.075394           0.002087     0.000707     0.075688      0.046350
    4          24 0.001          1.00     0.001     0.046350              0.046350            0.075827           0.002506     0.000707     0.075878      0.046350
    5           3 0.010          0.99     0.001     0.046301              0.046301            0.076343           0.003244     0.000707     0.076343      0.046301
============================================================

Results saved to results/hybrid/sweeps/hybrid_Whirlpool_20260914_115810_hybrid/hybrid_exact_td_lambda/tuning/20260914_122951/Whirlpool/out.pkl
Config saved to results/hybrid/sweeps/hybrid_Whirlpool_20260914_115810_hybrid/hybrid_exact_td_lambda/tuning/20260914_122951/Whirlpool/config.json
Config saved to results/hybrid/sweeps/hybrid_Whirlpool_20260914_115810_hybrid/hybrid_exact_td_lambda/tuning/20260914_122951/Whirlpool/config.json
Sweep plot saved to results/hybrid/sweeps/hybrid_Whirlpool_20260914_115810_hybrid/hybrid_exact_td_lambda/tuning/20260914_122951/Whirlpool/hyperparameter_sweep_V_start.png
Best config seeds plot saved to results/hybrid/sweeps/hybrid_Whirlpool_20260914_115810_hybrid/hybrid_exact_td_lambda/tuning/20260914_122951/Whirlpool/best_config_seeds.png

======================================================================
GENERATING CROSS-ALGORITHM COMPARISON
======================================================================
Comparison summary saved to results/hybrid/sweeps/hybrid_Whirlpool_20260914_115810_hybrid/comparison/comparison_summary.csv

SUMMARY OF BEST PERFORMING CONFIGURATIONS:
 Rank              Algorithm                       Best Hyperparameters  AUC V_start  Final Window (125 steps)  Final V_start (Mean)  Final V_start (Std)  Min V_start  Max V_start  Seeds                                                                                                       Run Dir
    1 hybrid_exact_td_lambda LR=0.005, VALUE_LAMBDA=0.9, ACTOR_LR=0.001     0.046571                  0.046571              0.074132             0.001730     0.000707     0.075382     10                                                                                                           N/A
    2         hybrid_exact_E                    LR=0.01, ACTOR_LR=0.001     0.046185                  0.046185              0.074877             0.001892     0.000707     0.076120     10 results/hybrid/sweeps/hybrid_Whirlpool_20260914_115810_hybrid/hybrid_exact_E/tuning/20260914_115813/Whirlpool
Comparison plot saved to results/hybrid/sweeps/hybrid_Whirlpool_20260914_115810_hybrid/comparison/comparison_best_configs.png

======================================================================
SWEEP PIPELINE COMPLETED SUCCESSFULLY!
Results & Plots saved in: results/hybrid/sweeps/hybrid_Whirlpool_20260914_115810_hybrid
Comparison Plot: results/hybrid/sweeps/hybrid_Whirlpool_20260914_115810_hybrid/comparison/comparison_best_configs.png
======================================================================


--> Generating Final Cross-Algorithm Comparison Plot & Summary...

Analyzing sweep directory: 'results/hybrid/sweeps/hybrid_Whirlpool_20260914_115810_hybrid'
Found 2 algorithm runs: ['hybrid_exact_E', 'hybrid_exact_td_lambda']
Metric: 'V_start' | Rank By: 'final_window' (higher is better)
Comparison summary saved to results/hybrid/sweeps/hybrid_Whirlpool_20260914_115810_hybrid/comparison/comparison_summary_V_start.csv

======================================================================
ALGORITHM COMPARISON SUMMARY:
======================================================================
 Rank              Algorithm                       Best Hyperparameters  AUC V_start  Final Window (125 steps)  Final V_start (Mean)  Final V_start (Std)  Min V_start  Max V_start  Seeds                                                                                                               Run Dir
    1 hybrid_exact_td_lambda LR=0.005, VALUE_LAMBDA=0.9, ACTOR_LR=0.001     0.046571                  0.046571              0.074132             0.001730     0.000707     0.075382     10 results/hybrid/sweeps/hybrid_Whirlpool_20260914_115810_hybrid/hybrid_exact_td_lambda/tuning/20260914_122951/Whirlpool
    2         hybrid_exact_E                    LR=0.01, ACTOR_LR=0.001     0.046185                  0.046185              0.074877             0.001892     0.000707     0.076120     10         results/hybrid/sweeps/hybrid_Whirlpool_20260914_115810_hybrid/hybrid_exact_E/tuning/20260914_115813/Whirlpool
======================================================================
Comparison plot saved to results/hybrid/sweeps/hybrid_Whirlpool_20260914_115810_hybrid/comparison/comparison_best_configs_V_start.png

Saved summary to: results/hybrid/sweeps/hybrid_Whirlpool_20260914_115810_hybrid/comparison/comparison_summary_V_start.csv
Saved comparison plot to: results/hybrid/sweeps/hybrid_Whirlpool_20260914_115810_hybrid/comparison/comparison_best_configs_V_start.png


======================================================================
Running Hybrid PPO Control Sweep: Environment=MountainCar-v0
Sweep Root Directory: results/hybrid/sweeps/hybrid_MountainCar-v0_20260914_140244_hybrid
======================================================================

--> [1/2] Sweeping hybrid_exact_E (LR: 0.01 0.005 0.001 0.0003 | ACTOR_LR: 0.001 0.0003 0.0001)...
Command: /home/users/ds541/.pyenv/versions/3.10.15/envs/gymnax/bin/python scripts/sweep_pipeline.py         --policy ppo         --env-name MountainCar-v0         --algos hybrid_exact_E         --lr-grid 0.01 0.005 0.001 0.0003         --actor-lr-grid 0.001 0.0003 0.0001         --config '{"GAE_LAMBDA": 0.9, "NUM_STEPS": 256, "NUM_ENVS": 64, "MINIBATCH_SIZE": 1024, "TOTAL_TIMESTEPS": 2048000, "NUM_EPOCHS": 4}'         --n-seeds 10         --total-timesteps 2048000         --metric V_start         --rank-by final_window         --window-size 500         --higher-is-better         --sweep-root-dir results/hybrid/sweeps/hybrid_MountainCar-v0_20260914_140244_hybrid         --no-log-scale

======================================================================
STARTING SWEEP PIPELINE: PPO POLICY
Environment: MountainCar-v0 | Timesteps: 2048000 | Seeds: 10
NUM_ENVS: 64 | NUM_STEPS: 256 | MINIBATCH_SIZE: 1024 | NUM_EPOCHS: 4
Critic LR_END: None | Actor LR_END: None
Algorithms to sweep: ['hybrid_exact_E']
Ranking: final_window (higher is better)
Output Root Directory: results/hybrid/sweeps/hybrid_MountainCar-v0_20260914_140244_hybrid
======================================================================


[1/1] Running sweep for algorithm: hybrid_exact_E...
Env: MountainCar-v0
Default Obs Shape: (2,)
Obs Shape: (2,)
Action Shape: ()

============================================================
RUNNING SWEEP: 12 configs x 10 seeds = 120 runs
Environment: MountainCar-v0 | Primary Metric: V_start
Hyperparameters: ['LR', 'ACTOR_LR']
Ranking By: final_window (higher is better)
============================================================

[1/12] Evaluating: LR=0.01, ACTOR_LR=0.001 ...- obs shape for initialization is  (2,)
number of features is  16
 done (117.2s)
[2/12] Evaluating: LR=0.01, ACTOR_LR=0.0003 ... done (67.1s)
[3/12] Evaluating: LR=0.01, ACTOR_LR=0.0001 ... done (67.2s)
[4/12] Evaluating: LR=0.005, ACTOR_LR=0.001 ... done (67.2s)
[5/12] Evaluating: LR=0.005, ACTOR_LR=0.0003 ... done (67.2s)
[6/12] Evaluating: LR=0.005, ACTOR_LR=0.0001 ... done (67.2s)
[7/12] Evaluating: LR=0.001, ACTOR_LR=0.001 ... done (67.2s)
[8/12] Evaluating: LR=0.001, ACTOR_LR=0.0003 ... done (67.2s)
[9/12] Evaluating: LR=0.001, ACTOR_LR=0.0001 ... done (67.2s)
[10/12] Evaluating: LR=0.0003, ACTOR_LR=0.001 ... done (67.2s)
[11/12] Evaluating: LR=0.0003, ACTOR_LR=0.0003 ... done (67.2s)
[12/12] Evaluating: LR=0.0003, ACTOR_LR=0.0001 ... done (67.2s)

Tuning summary saved to results/hybrid/sweeps/hybrid_MountainCar-v0_20260914_140244_hybrid/hybrid_exact_E/tuning/20260914_140246/MountainCar-v0/tuning_summary.csv
Best configuration saved to results/hybrid/sweeps/hybrid_MountainCar-v0_20260914_140244_hybrid/hybrid_exact_E/tuning/20260914_140246/MountainCar-v0/best_config.json

============================================================
★ TOP CONFIGURATION: LR=0.01, ACTOR_LR=0.001 (Ranked by final_window [higher is better])
  AUC V_start:          3.1243e-01
  Final Window (125 steps): 3.1243e-01
  Final V_start:         3.4904e-01 (±1.1918e-03)
  Min V_start:           1.6645e-02
============================================================

Top 5 Configurations:
 rank  config_idx    LR  ACTOR_LR  auc_V_start  final_window_V_start  final_V_start_mean  final_V_start_std  min_V_start  max_V_start  mean_V_start
    1           0 0.010    0.0010     0.312435              0.312435            0.349042           0.001192     0.016645     0.350401      0.312435
    2           3 0.005    0.0010     0.311660              0.311660            0.348038           0.001354     0.016569     0.350786      0.311660
    3           4 0.005    0.0003     0.305495              0.305495            0.355266           0.000312     0.016694     0.355285      0.305495
    4           1 0.010    0.0003     0.305420              0.305420            0.355039           0.000667     0.016718     0.355204      0.305420
    5           6 0.001    0.0010     0.304597              0.304597            0.347212           0.001793     0.016299     0.349653      0.304597
============================================================

Results saved to results/hybrid/sweeps/hybrid_MountainCar-v0_20260914_140244_hybrid/hybrid_exact_E/tuning/20260914_140246/MountainCar-v0/out.pkl
Config saved to results/hybrid/sweeps/hybrid_MountainCar-v0_20260914_140244_hybrid/hybrid_exact_E/tuning/20260914_140246/MountainCar-v0/config.json
Config saved to results/hybrid/sweeps/hybrid_MountainCar-v0_20260914_140244_hybrid/hybrid_exact_E/tuning/20260914_140246/MountainCar-v0/config.json
Sweep plot saved to results/hybrid/sweeps/hybrid_MountainCar-v0_20260914_140244_hybrid/hybrid_exact_E/tuning/20260914_140246/MountainCar-v0/hyperparameter_sweep_V_start.png
Best config seeds plot saved to results/hybrid/sweeps/hybrid_MountainCar-v0_20260914_140244_hybrid/hybrid_exact_E/tuning/20260914_140246/MountainCar-v0/best_config_seeds.png
All configs seed grid saved to results/hybrid/sweeps/hybrid_MountainCar-v0_20260914_140244_hybrid/hybrid_exact_E/tuning/20260914_140246/MountainCar-v0/all_configs_seeds_grid.png

======================================================================
GENERATING CROSS-ALGORITHM COMPARISON
======================================================================
Comparison summary saved to results/hybrid/sweeps/hybrid_MountainCar-v0_20260914_140244_hybrid/comparison/comparison_summary.csv

SUMMARY OF BEST PERFORMING CONFIGURATIONS:
 Rank      Algorithm    Best Hyperparameters  AUC V_start  Final Window (125 steps)  Final V_start (Mean)  Final V_start (Std)  Min V_start  Max V_start  Seeds Run Dir
    1 hybrid_exact_E LR=0.01, ACTOR_LR=0.001     0.312435                  0.312435              0.349042             0.001192     0.016574     0.351847     10     N/A
Comparison plot saved to results/hybrid/sweeps/hybrid_MountainCar-v0_20260914_140244_hybrid/comparison/comparison_best_configs.png

======================================================================
SWEEP PIPELINE COMPLETED SUCCESSFULLY!
Results & Plots saved in: results/hybrid/sweeps/hybrid_MountainCar-v0_20260914_140244_hybrid
Comparison Plot: results/hybrid/sweeps/hybrid_MountainCar-v0_20260914_140244_hybrid/comparison/comparison_best_configs.png
======================================================================


--> [2/2] Sweeping hybrid_exact_td_lambda (LR: 0.01 0.005 0.001 0.0003 | ACTOR_LR: 0.001 0.0003 0.0001 | VALUE_LAMBDA: 0.9 0.99 1.0)...
Command: /home/users/ds541/.pyenv/versions/3.10.15/envs/gymnax/bin/python scripts/sweep_pipeline.py         --policy ppo         --env-name MountainCar-v0         --algos hybrid_exact_td_lambda         --lr-grid 0.01 0.005 0.001 0.0003         --actor-lr-grid 0.001 0.0003 0.0001         --value-lambda-grid 0.9 0.99 1.0         --config '{"GAE_LAMBDA": 0.9, "NUM_STEPS": 256, "NUM_ENVS": 64, "MINIBATCH_SIZE": 1024, "TOTAL_TIMESTEPS": 2048000, "NUM_EPOCHS": 4}'         --n-seeds 10         --total-timesteps 2048000         --metric V_start         --rank-by final_window         --window-size 500         --higher-is-better         --sweep-root-dir results/hybrid/sweeps/hybrid_MountainCar-v0_20260914_140244_hybrid         --no-log-scale

======================================================================
STARTING SWEEP PIPELINE: PPO POLICY
Environment: MountainCar-v0 | Timesteps: 2048000 | Seeds: 10
NUM_ENVS: 64 | NUM_STEPS: 256 | MINIBATCH_SIZE: 1024 | NUM_EPOCHS: 4
Critic LR_END: None | Actor LR_END: None
Algorithms to sweep: ['hybrid_exact_td_lambda']
Ranking: final_window (higher is better)
Output Root Directory: results/hybrid/sweeps/hybrid_MountainCar-v0_20260914_140244_hybrid
======================================================================


[1/1] Running sweep for algorithm: hybrid_exact_td_lambda...
Env: MountainCar-v0
Default Obs Shape: (2,)
Obs Shape: (2,)
Action Shape: ()

============================================================
RUNNING SWEEP: 36 configs x 10 seeds = 360 runs
Environment: MountainCar-v0 | Primary Metric: V_start
Hyperparameters: ['LR', 'VALUE_LAMBDA', 'ACTOR_LR']
Ranking By: final_window (higher is better)
============================================================

[1/36] Evaluating: LR=0.01, VALUE_LAMBDA=0.9, ACTOR_LR=0.001 ...- obs shape for initialization is  (2,)
number of features is  16
 done (105.5s)
[2/36] Evaluating: LR=0.01, VALUE_LAMBDA=0.9, ACTOR_LR=0.0003 ... done (67.2s)
[3/36] Evaluating: LR=0.01, VALUE_LAMBDA=0.9, ACTOR_LR=0.0001 ... done (67.2s)
[4/36] Evaluating: LR=0.01, VALUE_LAMBDA=0.99, ACTOR_LR=0.001 ... done (67.2s)
[5/36] Evaluating: LR=0.01, VALUE_LAMBDA=0.99, ACTOR_LR=0.0003 ... done (67.2s)
[6/36] Evaluating: LR=0.01, VALUE_LAMBDA=0.99, ACTOR_LR=0.0001 ... done (67.4s)
[7/36] Evaluating: LR=0.01, VALUE_LAMBDA=1.0, ACTOR_LR=0.001 ... done (67.7s)
[8/36] Evaluating: LR=0.01, VALUE_LAMBDA=1.0, ACTOR_LR=0.0003 ... done (67.7s)
[9/36] Evaluating: LR=0.01, VALUE_LAMBDA=1.0, ACTOR_LR=0.0001 ... done (67.7s)
[10/36] Evaluating: LR=0.005, VALUE_LAMBDA=0.9, ACTOR_LR=0.001 ... done (67.6s)
[11/36] Evaluating: LR=0.005, VALUE_LAMBDA=0.9, ACTOR_LR=0.0003 ... done (67.6s)
[12/36] Evaluating: LR=0.005, VALUE_LAMBDA=0.9, ACTOR_LR=0.0001 ... done (67.6s)
[13/36] Evaluating: LR=0.005, VALUE_LAMBDA=0.99, ACTOR_LR=0.001 ... done (67.6s)
[14/36] Evaluating: LR=0.005, VALUE_LAMBDA=0.99, ACTOR_LR=0.0003 ... done (67.6s)
[15/36] Evaluating: LR=0.005, VALUE_LAMBDA=0.99, ACTOR_LR=0.0001 ... done (67.6s)
[16/36] Evaluating: LR=0.005, VALUE_LAMBDA=1.0, ACTOR_LR=0.001 ... done (67.7s)
[17/36] Evaluating: LR=0.005, VALUE_LAMBDA=1.0, ACTOR_LR=0.0003 ... done (67.7s)
[18/36] Evaluating: LR=0.005, VALUE_LAMBDA=1.0, ACTOR_LR=0.0001 ... done (67.7s)
[19/36] Evaluating: LR=0.001, VALUE_LAMBDA=0.9, ACTOR_LR=0.001 ... done (67.6s)
[20/36] Evaluating: LR=0.001, VALUE_LAMBDA=0.9, ACTOR_LR=0.0003 ... done (67.6s)
[21/36] Evaluating: LR=0.001, VALUE_LAMBDA=0.9, ACTOR_LR=0.0001 ... done (67.6s)
[22/36] Evaluating: LR=0.001, VALUE_LAMBDA=0.99, ACTOR_LR=0.001 ... done (67.6s)
[23/36] Evaluating: LR=0.001, VALUE_LAMBDA=0.99, ACTOR_LR=0.0003 ... done (67.6s)
[24/36] Evaluating: LR=0.001, VALUE_LAMBDA=0.99, ACTOR_LR=0.0001 ... done (67.6s)
[25/36] Evaluating: LR=0.001, VALUE_LAMBDA=1.0, ACTOR_LR=0.001 ... done (67.7s)
[26/36] Evaluating: LR=0.001, VALUE_LAMBDA=1.0, ACTOR_LR=0.0003 ... done (67.7s)
[27/36] Evaluating: LR=0.001, VALUE_LAMBDA=1.0, ACTOR_LR=0.0001 ... done (67.7s)
[28/36] Evaluating: LR=0.0003, VALUE_LAMBDA=0.9, ACTOR_LR=0.001 ... done (67.6s)
[29/36] Evaluating: LR=0.0003, VALUE_LAMBDA=0.9, ACTOR_LR=0.0003 ... done (67.6s)
[30/36] Evaluating: LR=0.0003, VALUE_LAMBDA=0.9, ACTOR_LR=0.0001 ... done (67.6s)
[31/36] Evaluating: LR=0.0003, VALUE_LAMBDA=0.99, ACTOR_LR=0.001 ... done (67.6s)
[32/36] Evaluating: LR=0.0003, VALUE_LAMBDA=0.99, ACTOR_LR=0.0003 ... done (67.6s)
[33/36] Evaluating: LR=0.0003, VALUE_LAMBDA=0.99, ACTOR_LR=0.0001 ... done (67.6s)
[34/36] Evaluating: LR=0.0003, VALUE_LAMBDA=1.0, ACTOR_LR=0.001 ... done (67.7s)
[35/36] Evaluating: LR=0.0003, VALUE_LAMBDA=1.0, ACTOR_LR=0.0003 ... done (67.7s)
[36/36] Evaluating: LR=0.0003, VALUE_LAMBDA=1.0, ACTOR_LR=0.0001 ... done (67.7s)

Tuning summary saved to results/hybrid/sweeps/hybrid_MountainCar-v0_20260914_140244_hybrid/hybrid_exact_td_lambda/tuning/20260914_141710/MountainCar-v0/tuning_summary.csv
Best configuration saved to results/hybrid/sweeps/hybrid_MountainCar-v0_20260914_140244_hybrid/hybrid_exact_td_lambda/tuning/20260914_141710/MountainCar-v0/best_config.json

============================================================
★ TOP CONFIGURATION: LR=0.005, VALUE_LAMBDA=0.99, ACTOR_LR=0.001 (Ranked by final_window [higher is better])
  AUC V_start:          3.1289e-01
  Final Window (125 steps): 3.1289e-01
  Final V_start:         3.4877e-01 (±1.7207e-03)
  Min V_start:           1.6626e-02
============================================================

Top 5 Configurations:
 rank  config_idx    LR  VALUE_LAMBDA  ACTOR_LR  auc_V_start  final_window_V_start  final_V_start_mean  final_V_start_std  min_V_start  max_V_start  mean_V_start
    1          12 0.005          0.99     0.001     0.312888              0.312888            0.348770           0.001721     0.016626     0.350515      0.312888
    2          15 0.005          1.00     0.001     0.312840              0.312840            0.348556           0.001411     0.016583     0.350565      0.312840
    3           3 0.010          0.99     0.001     0.312548              0.312548            0.348642           0.001240     0.016750     0.351067      0.312548
    4           6 0.010          1.00     0.001     0.312123              0.312123            0.348623           0.001494     0.016630     0.350031      0.312123
    5          21 0.001          0.99     0.001     0.308551              0.308551            0.346865           0.001776     0.016374     0.349809      0.308551
============================================================

Results saved to results/hybrid/sweeps/hybrid_MountainCar-v0_20260914_140244_hybrid/hybrid_exact_td_lambda/tuning/20260914_141710/MountainCar-v0/out.pkl
Config saved to results/hybrid/sweeps/hybrid_MountainCar-v0_20260914_140244_hybrid/hybrid_exact_td_lambda/tuning/20260914_141710/MountainCar-v0/config.json
Config saved to results/hybrid/sweeps/hybrid_MountainCar-v0_20260914_140244_hybrid/hybrid_exact_td_lambda/tuning/20260914_141710/MountainCar-v0/config.json
Sweep plot saved to results/hybrid/sweeps/hybrid_MountainCar-v0_20260914_140244_hybrid/hybrid_exact_td_lambda/tuning/20260914_141710/MountainCar-v0/hyperparameter_sweep_V_start.png
Best config seeds plot saved to results/hybrid/sweeps/hybrid_MountainCar-v0_20260914_140244_hybrid/hybrid_exact_td_lambda/tuning/20260914_141710/MountainCar-v0/best_config_seeds.png

======================================================================
GENERATING CROSS-ALGORITHM COMPARISON
======================================================================
Comparison summary saved to results/hybrid/sweeps/hybrid_MountainCar-v0_20260914_140244_hybrid/comparison/comparison_summary.csv

SUMMARY OF BEST PERFORMING CONFIGURATIONS:
 Rank              Algorithm                        Best Hyperparameters  AUC V_start  Final Window (125 steps)  Final V_start (Mean)  Final V_start (Std)  Min V_start  Max V_start  Seeds                                                                                                                 Run Dir
    1 hybrid_exact_td_lambda LR=0.005, VALUE_LAMBDA=0.99, ACTOR_LR=0.001     0.312888                  0.312888              0.348770             0.001721     0.016572     0.351983     10                                                                                                                     N/A
    2         hybrid_exact_E                     LR=0.01, ACTOR_LR=0.001     0.312435                  0.312435              0.349042             0.001192     0.016574     0.351847     10 results/hybrid/sweeps/hybrid_MountainCar-v0_20260914_140244_hybrid/hybrid_exact_E/tuning/20260914_140246/MountainCar-v0
Comparison plot saved to results/hybrid/sweeps/hybrid_MountainCar-v0_20260914_140244_hybrid/comparison/comparison_best_configs.png

======================================================================
SWEEP PIPELINE COMPLETED SUCCESSFULLY!
Results & Plots saved in: results/hybrid/sweeps/hybrid_MountainCar-v0_20260914_140244_hybrid
Comparison Plot: results/hybrid/sweeps/hybrid_MountainCar-v0_20260914_140244_hybrid/comparison/comparison_best_configs.png
======================================================================


--> Generating Final Cross-Algorithm Comparison Plot & Summary...

Analyzing sweep directory: 'results/hybrid/sweeps/hybrid_MountainCar-v0_20260914_140244_hybrid'
Found 2 algorithm runs: ['hybrid_exact_E', 'hybrid_exact_td_lambda']
Metric: 'V_start' | Rank By: 'final_window' (higher is better)
Comparison summary saved to results/hybrid/sweeps/hybrid_MountainCar-v0_20260914_140244_hybrid/comparison/comparison_summary_V_start.csv

======================================================================
ALGORITHM COMPARISON SUMMARY:
======================================================================
 Rank              Algorithm                        Best Hyperparameters  AUC V_start  Final Window (125 steps)  Final V_start (Mean)  Final V_start (Std)  Min V_start  Max V_start  Seeds                                                                                                                         Run Dir
    1 hybrid_exact_td_lambda LR=0.005, VALUE_LAMBDA=0.99, ACTOR_LR=0.001     0.312888                  0.312888              0.348770             0.001721     0.016572     0.351983     10 results/hybrid/sweeps/hybrid_MountainCar-v0_20260914_140244_hybrid/hybrid_exact_td_lambda/tuning/20260914_141710/MountainCar-v0
    2         hybrid_exact_E                     LR=0.01, ACTOR_LR=0.001     0.312435                  0.312435              0.349042             0.001192     0.016574     0.351847     10         results/hybrid/sweeps/hybrid_MountainCar-v0_20260914_140244_hybrid/hybrid_exact_E/tuning/20260914_140246/MountainCar-v0
======================================================================
Comparison plot saved to results/hybrid/sweeps/hybrid_MountainCar-v0_20260914_140244_hybrid/comparison/comparison_best_configs_V_start.png

Saved summary to: results/hybrid/sweeps/hybrid_MountainCar-v0_20260914_140244_hybrid/comparison/comparison_summary_V_start.csv
Saved comparison plot to: results/hybrid/sweeps/hybrid_MountainCar-v0_20260914_140244_hybrid/comparison/comparison_best_configs_V_start.png


======================================================================
Hybrid PPO Control Sweep Completed!
Total runtime: 5h 13m 19s
Job finished at: 2026-09-14 14:58:29
======================================================================
