======================================================================
Starting SLURM Lambda Sweep Worker
Environment: FourRooms-misc
Policy:      fixed
Algorithm:   exact_E_lambda
Sweep ID:    20260915_230741
======================================================================
[FourRooms-misc] Auto-resolved MODEL_LOAD_DIR to valid checkpoint: 'ground_truth/partial_four_rooms'
======================================================================
Starting Lambda Sweep Worker
Sweep ID: 20260915_230741 | Env: FourRooms-misc | Policy: fixed | Algo: exact_E_lambda
Lambdas: [0.0, 0.5, 0.9, 0.95, 0.99]
======================================================================

---> Running sweep for pseudo-algorithm: exact_E_lambda_0.0
ground_truth/partial_four_rooms
Env: FourRooms-misc
Default Obs Shape: (13, 13, 2)
Obs Shape: (13, 13, 2)
Action Shape: ()
ppo/ground_truth/partial_four_rooms

============================================================
RUNNING SWEEP: 3 configs x 5 seeds = 15 runs
Environment: FourRooms-misc | Primary Metric: nn_weighted_VE
Hyperparameters: ['LR', 'VALUE_LAMBDA']
Ranking By: auc (lower is better)
============================================================

[1/3] Evaluating: LR=0.005, VALUE_LAMBDA=0.0 ...- obs shape for initialization is  (13, 13, 2)
number of features is  16
 done (17.8s)
[2/3] Evaluating: LR=0.001, VALUE_LAMBDA=0.0 ... done (1.2s)
[3/3] Evaluating: LR=0.0005, VALUE_LAMBDA=0.0 ... done (1.2s)

Tuning summary saved to results/lambda_sweep/20260915_230741/FourRooms-misc/fixed/exact_E_lambda_0.0/tuning/20260915_231536/FourRooms-misc/tuning_summary.csv
Best configuration saved to results/lambda_sweep/20260915_230741/FourRooms-misc/fixed/exact_E_lambda_0.0/tuning/20260915_231536/FourRooms-misc/best_config.json

============================================================
★ TOP CONFIGURATION: LR=0.005, VALUE_LAMBDA=0.0 (Ranked by auc [lower is better])
  AUC nn_weighted_VE:          1.4481e-02
  Final Window (750 steps): 3.0807e-05
  Final nn_weighted_VE:         1.4024e-05 (±5.2186e-06)
  Min nn_weighted_VE:           9.8862e-06
============================================================

Top 5 Configurations:
 rank  config_idx     LR  VALUE_LAMBDA  auc_nn_weighted_VE  final_window_nn_weighted_VE  final_nn_weighted_VE_mean  final_nn_weighted_VE_std  min_nn_weighted_VE  max_nn_weighted_VE  mean_nn_weighted_VE
    1           0 0.0050           0.0            0.014481                     0.000031                   0.000014                  0.000005            0.000010             0.69464             0.014481
    2           1 0.0010           0.0            0.028027                     0.000327                   0.000053                  0.000023            0.000053             0.69464             0.028027
    3           2 0.0005           0.0            0.038134                     0.001358                   0.000159                  0.000048            0.000159             0.69464             0.038134
============================================================

Results saved to results/lambda_sweep/20260915_230741/FourRooms-misc/fixed/exact_E_lambda_0.0/tuning/20260915_231536/FourRooms-misc/out.pkl
Config saved to results/lambda_sweep/20260915_230741/FourRooms-misc/fixed/exact_E_lambda_0.0/tuning/20260915_231536/FourRooms-misc/config.json
Config saved to results/lambda_sweep/20260915_230741/FourRooms-misc/fixed/exact_E_lambda_0.0/tuning/20260915_231536/FourRooms-misc/config.json
Sweep plot saved to results/lambda_sweep/20260915_230741/FourRooms-misc/fixed/exact_E_lambda_0.0/tuning/20260915_231536/FourRooms-misc/hyperparameter_sweep_nn_weighted_VE.png
Best config seeds plot saved to results/lambda_sweep/20260915_230741/FourRooms-misc/fixed/exact_E_lambda_0.0/tuning/20260915_231536/FourRooms-misc/best_config_seeds.png
All configs seed grid saved to results/lambda_sweep/20260915_230741/FourRooms-misc/fixed/exact_E_lambda_0.0/tuning/20260915_231536/FourRooms-misc/all_configs_seeds_grid.png
Successfully completed tuning for exact_E_lambda_0.0

---> Running sweep for pseudo-algorithm: exact_E_lambda_0.5
ground_truth/partial_four_rooms
Env: FourRooms-misc
Default Obs Shape: (13, 13, 2)
Obs Shape: (13, 13, 2)
Action Shape: ()
ppo/ground_truth/partial_four_rooms

============================================================
RUNNING SWEEP: 3 configs x 5 seeds = 15 runs
Environment: FourRooms-misc | Primary Metric: nn_weighted_VE
Hyperparameters: ['LR', 'VALUE_LAMBDA']
Ranking By: auc (lower is better)
============================================================

[1/3] Evaluating: LR=0.005, VALUE_LAMBDA=0.5 ...- obs shape for initialization is  (13, 13, 2)
number of features is  16
 done (3.7s)
[2/3] Evaluating: LR=0.001, VALUE_LAMBDA=0.5 ... done (1.2s)
[3/3] Evaluating: LR=0.0005, VALUE_LAMBDA=0.5 ... done (1.2s)

Tuning summary saved to results/lambda_sweep/20260915_230741/FourRooms-misc/fixed/exact_E_lambda_0.5/tuning/20260915_231614/FourRooms-misc/tuning_summary.csv
Best configuration saved to results/lambda_sweep/20260915_230741/FourRooms-misc/fixed/exact_E_lambda_0.5/tuning/20260915_231614/FourRooms-misc/best_config.json

============================================================
★ TOP CONFIGURATION: LR=0.005, VALUE_LAMBDA=0.5 (Ranked by auc [lower is better])
  AUC nn_weighted_VE:          1.4120e-02
  Final Window (750 steps): 1.9773e-05
  Final nn_weighted_VE:         3.7949e-06 (±1.0453e-06)
  Min nn_weighted_VE:           3.4696e-06
============================================================

Top 5 Configurations:
 rank  config_idx     LR  VALUE_LAMBDA  auc_nn_weighted_VE  final_window_nn_weighted_VE  final_nn_weighted_VE_mean  final_nn_weighted_VE_std  min_nn_weighted_VE  max_nn_weighted_VE  mean_nn_weighted_VE
    1           0 0.0050           0.5            0.014120                     0.000020                   0.000004                  0.000001            0.000003             0.69464             0.014120
    2           1 0.0010           0.5            0.027010                     0.000120                   0.000040                  0.000020            0.000040             0.69464             0.027010
    3           2 0.0005           0.5            0.036517                     0.000542                   0.000076                  0.000036            0.000076             0.69464             0.036517
============================================================

Results saved to results/lambda_sweep/20260915_230741/FourRooms-misc/fixed/exact_E_lambda_0.5/tuning/20260915_231614/FourRooms-misc/out.pkl
Config saved to results/lambda_sweep/20260915_230741/FourRooms-misc/fixed/exact_E_lambda_0.5/tuning/20260915_231614/FourRooms-misc/config.json
Config saved to results/lambda_sweep/20260915_230741/FourRooms-misc/fixed/exact_E_lambda_0.5/tuning/20260915_231614/FourRooms-misc/config.json
Sweep plot saved to results/lambda_sweep/20260915_230741/FourRooms-misc/fixed/exact_E_lambda_0.5/tuning/20260915_231614/FourRooms-misc/hyperparameter_sweep_nn_weighted_VE.png
Best config seeds plot saved to results/lambda_sweep/20260915_230741/FourRooms-misc/fixed/exact_E_lambda_0.5/tuning/20260915_231614/FourRooms-misc/best_config_seeds.png
All configs seed grid saved to results/lambda_sweep/20260915_230741/FourRooms-misc/fixed/exact_E_lambda_0.5/tuning/20260915_231614/FourRooms-misc/all_configs_seeds_grid.png
Successfully completed tuning for exact_E_lambda_0.5

---> Running sweep for pseudo-algorithm: exact_E_lambda_0.9
ground_truth/partial_four_rooms
Env: FourRooms-misc
Default Obs Shape: (13, 13, 2)
Obs Shape: (13, 13, 2)
Action Shape: ()
ppo/ground_truth/partial_four_rooms

============================================================
RUNNING SWEEP: 3 configs x 5 seeds = 15 runs
Environment: FourRooms-misc | Primary Metric: nn_weighted_VE
Hyperparameters: ['LR', 'VALUE_LAMBDA']
Ranking By: auc (lower is better)
============================================================

[1/3] Evaluating: LR=0.005, VALUE_LAMBDA=0.9 ...- obs shape for initialization is  (13, 13, 2)
number of features is  16
 done (3.7s)
[2/3] Evaluating: LR=0.001, VALUE_LAMBDA=0.9 ... done (1.2s)
[3/3] Evaluating: LR=0.0005, VALUE_LAMBDA=0.9 ... done (1.2s)

Tuning summary saved to results/lambda_sweep/20260915_230741/FourRooms-misc/fixed/exact_E_lambda_0.9/tuning/20260915_231633/FourRooms-misc/tuning_summary.csv
Best configuration saved to results/lambda_sweep/20260915_230741/FourRooms-misc/fixed/exact_E_lambda_0.9/tuning/20260915_231633/FourRooms-misc/best_config.json

============================================================
★ TOP CONFIGURATION: LR=0.005, VALUE_LAMBDA=0.9 (Ranked by auc [lower is better])
  AUC nn_weighted_VE:          1.4018e-02
  Final Window (750 steps): 6.8076e-06
  Final nn_weighted_VE:         9.1247e-07 (±2.8296e-07)
  Min nn_weighted_VE:           9.1247e-07
============================================================

Top 5 Configurations:
 rank  config_idx     LR  VALUE_LAMBDA  auc_nn_weighted_VE  final_window_nn_weighted_VE  final_nn_weighted_VE_mean  final_nn_weighted_VE_std  min_nn_weighted_VE  max_nn_weighted_VE  mean_nn_weighted_VE
    1           0 0.0050           0.9            0.014018                     0.000007               9.124680e-07              2.829586e-07        9.124680e-07             0.69464             0.014018
    2           1 0.0010           0.9            0.026539                     0.000039               1.252485e-05              1.052935e-05        1.252485e-05             0.69464             0.026539
    3           2 0.0005           0.9            0.036232                     0.000120               2.934787e-05              2.297499e-05        2.926692e-05             0.69464             0.036232
============================================================

Results saved to results/lambda_sweep/20260915_230741/FourRooms-misc/fixed/exact_E_lambda_0.9/tuning/20260915_231633/FourRooms-misc/out.pkl
Config saved to results/lambda_sweep/20260915_230741/FourRooms-misc/fixed/exact_E_lambda_0.9/tuning/20260915_231633/FourRooms-misc/config.json
Config saved to results/lambda_sweep/20260915_230741/FourRooms-misc/fixed/exact_E_lambda_0.9/tuning/20260915_231633/FourRooms-misc/config.json
Sweep plot saved to results/lambda_sweep/20260915_230741/FourRooms-misc/fixed/exact_E_lambda_0.9/tuning/20260915_231633/FourRooms-misc/hyperparameter_sweep_nn_weighted_VE.png
Best config seeds plot saved to results/lambda_sweep/20260915_230741/FourRooms-misc/fixed/exact_E_lambda_0.9/tuning/20260915_231633/FourRooms-misc/best_config_seeds.png
All configs seed grid saved to results/lambda_sweep/20260915_230741/FourRooms-misc/fixed/exact_E_lambda_0.9/tuning/20260915_231633/FourRooms-misc/all_configs_seeds_grid.png
Successfully completed tuning for exact_E_lambda_0.9

---> Running sweep for pseudo-algorithm: exact_E_lambda_0.95
ground_truth/partial_four_rooms
Env: FourRooms-misc
Default Obs Shape: (13, 13, 2)
Obs Shape: (13, 13, 2)
Action Shape: ()
ppo/ground_truth/partial_four_rooms

============================================================
RUNNING SWEEP: 3 configs x 5 seeds = 15 runs
Environment: FourRooms-misc | Primary Metric: nn_weighted_VE
Hyperparameters: ['LR', 'VALUE_LAMBDA']
Ranking By: auc (lower is better)
============================================================

[1/3] Evaluating: LR=0.005, VALUE_LAMBDA=0.95 ...- obs shape for initialization is  (13, 13, 2)
number of features is  16
 done (3.8s)
[2/3] Evaluating: LR=0.001, VALUE_LAMBDA=0.95 ... done (1.2s)
[3/3] Evaluating: LR=0.0005, VALUE_LAMBDA=0.95 ... done (1.2s)

Tuning summary saved to results/lambda_sweep/20260915_230741/FourRooms-misc/fixed/exact_E_lambda_0.95/tuning/20260915_231652/FourRooms-misc/tuning_summary.csv
Best configuration saved to results/lambda_sweep/20260915_230741/FourRooms-misc/fixed/exact_E_lambda_0.95/tuning/20260915_231652/FourRooms-misc/best_config.json

============================================================
★ TOP CONFIGURATION: LR=0.005, VALUE_LAMBDA=0.95 (Ranked by auc [lower is better])
  AUC nn_weighted_VE:          1.3997e-02
  Final Window (750 steps): 4.0837e-05
  Final nn_weighted_VE:         1.6753e-04 (±2.4904e-04)
  Min nn_weighted_VE:           1.4349e-06
============================================================

Top 5 Configurations:
 rank  config_idx     LR  VALUE_LAMBDA  auc_nn_weighted_VE  final_window_nn_weighted_VE  final_nn_weighted_VE_mean  final_nn_weighted_VE_std  min_nn_weighted_VE  max_nn_weighted_VE  mean_nn_weighted_VE
    1           0 0.0050          0.95            0.013997                     0.000041                   0.000168                  0.000249            0.000001             0.69464             0.013997
    2           1 0.0010          0.95            0.026539                     0.000031                   0.000042                  0.000064            0.000009             0.69464             0.026539
    3           2 0.0005          0.95            0.036275                     0.000096                   0.000023                  0.000018            0.000023             0.69464             0.036275
============================================================

Results saved to results/lambda_sweep/20260915_230741/FourRooms-misc/fixed/exact_E_lambda_0.95/tuning/20260915_231652/FourRooms-misc/out.pkl
Config saved to results/lambda_sweep/20260915_230741/FourRooms-misc/fixed/exact_E_lambda_0.95/tuning/20260915_231652/FourRooms-misc/config.json
Config saved to results/lambda_sweep/20260915_230741/FourRooms-misc/fixed/exact_E_lambda_0.95/tuning/20260915_231652/FourRooms-misc/config.json
Sweep plot saved to results/lambda_sweep/20260915_230741/FourRooms-misc/fixed/exact_E_lambda_0.95/tuning/20260915_231652/FourRooms-misc/hyperparameter_sweep_nn_weighted_VE.png
Best config seeds plot saved to results/lambda_sweep/20260915_230741/FourRooms-misc/fixed/exact_E_lambda_0.95/tuning/20260915_231652/FourRooms-misc/best_config_seeds.png
All configs seed grid saved to results/lambda_sweep/20260915_230741/FourRooms-misc/fixed/exact_E_lambda_0.95/tuning/20260915_231652/FourRooms-misc/all_configs_seeds_grid.png
Successfully completed tuning for exact_E_lambda_0.95

---> Running sweep for pseudo-algorithm: exact_E_lambda_0.99
ground_truth/partial_four_rooms
Env: FourRooms-misc
Default Obs Shape: (13, 13, 2)
Obs Shape: (13, 13, 2)
Action Shape: ()
ppo/ground_truth/partial_four_rooms

============================================================
RUNNING SWEEP: 3 configs x 5 seeds = 15 runs
Environment: FourRooms-misc | Primary Metric: nn_weighted_VE
Hyperparameters: ['LR', 'VALUE_LAMBDA']
Ranking By: auc (lower is better)
============================================================

[1/3] Evaluating: LR=0.005, VALUE_LAMBDA=0.99 ...- obs shape for initialization is  (13, 13, 2)
number of features is  16
 done (3.8s)
[2/3] Evaluating: LR=0.001, VALUE_LAMBDA=0.99 ... done (1.2s)
[3/3] Evaluating: LR=0.0005, VALUE_LAMBDA=0.99 ... done (1.2s)

Tuning summary saved to results/lambda_sweep/20260915_230741/FourRooms-misc/fixed/exact_E_lambda_0.99/tuning/20260915_231711/FourRooms-misc/tuning_summary.csv
Best configuration saved to results/lambda_sweep/20260915_230741/FourRooms-misc/fixed/exact_E_lambda_0.99/tuning/20260915_231711/FourRooms-misc/best_config.json

============================================================
★ TOP CONFIGURATION: LR=0.005, VALUE_LAMBDA=0.99 (Ranked by auc [lower is better])
  AUC nn_weighted_VE:          1.4085e-02
  Final Window (750 steps): 1.1365e-04
  Final nn_weighted_VE:         1.8236e-05 (±3.2968e-05)
  Min nn_weighted_VE:           1.4431e-06
============================================================

Top 5 Configurations:
 rank  config_idx     LR  VALUE_LAMBDA  auc_nn_weighted_VE  final_window_nn_weighted_VE  final_nn_weighted_VE_mean  final_nn_weighted_VE_std  min_nn_weighted_VE  max_nn_weighted_VE  mean_nn_weighted_VE
    1           0 0.0050          0.99            0.014085                     0.000114                   0.000018                  0.000033            0.000001             0.69464             0.014085
    2           1 0.0010          0.99            0.026516                     0.000027                   0.000015                  0.000010            0.000008             0.69464             0.026516
    3           2 0.0005          0.99            0.036230                     0.000089                   0.000020                  0.000010            0.000020             0.69464             0.036230
============================================================

Results saved to results/lambda_sweep/20260915_230741/FourRooms-misc/fixed/exact_E_lambda_0.99/tuning/20260915_231711/FourRooms-misc/out.pkl
Config saved to results/lambda_sweep/20260915_230741/FourRooms-misc/fixed/exact_E_lambda_0.99/tuning/20260915_231711/FourRooms-misc/config.json
Config saved to results/lambda_sweep/20260915_230741/FourRooms-misc/fixed/exact_E_lambda_0.99/tuning/20260915_231711/FourRooms-misc/config.json
Sweep plot saved to results/lambda_sweep/20260915_230741/FourRooms-misc/fixed/exact_E_lambda_0.99/tuning/20260915_231711/FourRooms-misc/hyperparameter_sweep_nn_weighted_VE.png
Best config seeds plot saved to results/lambda_sweep/20260915_230741/FourRooms-misc/fixed/exact_E_lambda_0.99/tuning/20260915_231711/FourRooms-misc/best_config_seeds.png
All configs seed grid saved to results/lambda_sweep/20260915_230741/FourRooms-misc/fixed/exact_E_lambda_0.99/tuning/20260915_231711/FourRooms-misc/all_configs_seeds_grid.png
Successfully completed tuning for exact_E_lambda_0.99
Sweep pipeline completed successfully for FourRooms-misc / exact_E_lambda
