======================================================================
Starting SLURM Lambda Sweep Worker
Environment: FourRooms-misc
Policy:      ppo
Algorithm:   exact_E_lambda
Sweep ID:    20260915_230741
======================================================================
======================================================================
Starting Lambda Sweep Worker
Sweep ID: 20260915_230741 | Env: FourRooms-misc | Policy: ppo | Algo: exact_E_lambda
Lambdas: [0.0, 0.5, 0.9, 0.95, 0.99]
======================================================================

---> Running sweep for pseudo-algorithm: exact_E_lambda_0.0
Env: FourRooms-misc
Default Obs Shape: (13, 13, 2)
Obs Shape: (13, 13, 2)
Action Shape: ()

============================================================
RUNNING SWEEP: 9 configs x 5 seeds = 45 runs
Environment: FourRooms-misc | Primary Metric: V_start
Hyperparameters: ['LR', 'VALUE_LAMBDA', 'ACTOR_LR']
Ranking By: auc (higher is better)
============================================================

[1/9] Evaluating: LR=0.005, VALUE_LAMBDA=0.0, ACTOR_LR=0.005 ...- obs shape for initialization is  (13, 13, 2)
number of features is  16
 done (23.2s)
[2/9] Evaluating: LR=0.005, VALUE_LAMBDA=0.0, ACTOR_LR=0.001 ... done (3.5s)
[3/9] Evaluating: LR=0.005, VALUE_LAMBDA=0.0, ACTOR_LR=0.0005 ... done (3.5s)
[4/9] Evaluating: LR=0.001, VALUE_LAMBDA=0.0, ACTOR_LR=0.005 ... done (3.5s)
[5/9] Evaluating: LR=0.001, VALUE_LAMBDA=0.0, ACTOR_LR=0.001 ... done (3.5s)
[6/9] Evaluating: LR=0.001, VALUE_LAMBDA=0.0, ACTOR_LR=0.0005 ... done (3.6s)
[7/9] Evaluating: LR=0.0005, VALUE_LAMBDA=0.0, ACTOR_LR=0.005 ... done (3.5s)
[8/9] Evaluating: LR=0.0005, VALUE_LAMBDA=0.0, ACTOR_LR=0.001 ... done (3.5s)
[9/9] Evaluating: LR=0.0005, VALUE_LAMBDA=0.0, ACTOR_LR=0.0005 ... done (3.5s)

Tuning summary saved to results/lambda_sweep/20260915_230741/FourRooms-misc/ppo/exact_E_lambda_0.0/tuning/20260915_232005/FourRooms-misc/tuning_summary.csv
Best configuration saved to results/lambda_sweep/20260915_230741/FourRooms-misc/ppo/exact_E_lambda_0.0/tuning/20260915_232005/FourRooms-misc/best_config.json

============================================================
★ TOP CONFIGURATION: LR=0.005, VALUE_LAMBDA=0.0, ACTOR_LR=0.001 (Ranked by auc [higher is better])
  AUC V_start:          6.6396e-01
  Final Window (750 steps): 7.5411e-01
  Final V_start:         7.5530e-01 (±1.0025e-04)
  Min V_start:           2.4043e-02
============================================================

Top 5 Configurations:
 rank  config_idx     LR  VALUE_LAMBDA  ACTOR_LR  auc_V_start  final_window_V_start  final_V_start_mean  final_V_start_std  min_V_start  max_V_start  mean_V_start
    1           1 0.0050           0.0    0.0010     0.663960              0.754105            0.755300           0.000100     0.024043     0.755318      0.663960
    2           3 0.0010           0.0    0.0050     0.653826              0.753062            0.754789           0.001082     0.024043     0.755016      0.653826
    3           2 0.0050           0.0    0.0005     0.632527              0.746896            0.754834           0.000067     0.024043     0.754853      0.632527
    4           6 0.0005           0.0    0.0050     0.612548              0.744698            0.753625           0.001976     0.024043     0.753747      0.612548
    5           5 0.0010           0.0    0.0005     0.602692              0.742150            0.754982           0.000169     0.024043     0.754996      0.602692
============================================================

Results saved to results/lambda_sweep/20260915_230741/FourRooms-misc/ppo/exact_E_lambda_0.0/tuning/20260915_232005/FourRooms-misc/out.pkl
Config saved to results/lambda_sweep/20260915_230741/FourRooms-misc/ppo/exact_E_lambda_0.0/tuning/20260915_232005/FourRooms-misc/config.json
Config saved to results/lambda_sweep/20260915_230741/FourRooms-misc/ppo/exact_E_lambda_0.0/tuning/20260915_232005/FourRooms-misc/config.json
Sweep plot saved to results/lambda_sweep/20260915_230741/FourRooms-misc/ppo/exact_E_lambda_0.0/tuning/20260915_232005/FourRooms-misc/hyperparameter_sweep_V_start.png
Best config seeds plot saved to results/lambda_sweep/20260915_230741/FourRooms-misc/ppo/exact_E_lambda_0.0/tuning/20260915_232005/FourRooms-misc/best_config_seeds.png
All configs seed grid saved to results/lambda_sweep/20260915_230741/FourRooms-misc/ppo/exact_E_lambda_0.0/tuning/20260915_232005/FourRooms-misc/all_configs_seeds_grid.png
Successfully completed tuning for exact_E_lambda_0.0

---> Running sweep for pseudo-algorithm: exact_E_lambda_0.5
Env: FourRooms-misc
Default Obs Shape: (13, 13, 2)
Obs Shape: (13, 13, 2)
Action Shape: ()

============================================================
RUNNING SWEEP: 9 configs x 5 seeds = 45 runs
Environment: FourRooms-misc | Primary Metric: V_start
Hyperparameters: ['LR', 'VALUE_LAMBDA', 'ACTOR_LR']
Ranking By: auc (higher is better)
============================================================

[1/9] Evaluating: LR=0.005, VALUE_LAMBDA=0.5, ACTOR_LR=0.005 ...- obs shape for initialization is  (13, 13, 2)
number of features is  16
 done (8.2s)
[2/9] Evaluating: LR=0.005, VALUE_LAMBDA=0.5, ACTOR_LR=0.001 ... done (3.5s)
[3/9] Evaluating: LR=0.005, VALUE_LAMBDA=0.5, ACTOR_LR=0.0005 ... done (3.6s)
[4/9] Evaluating: LR=0.001, VALUE_LAMBDA=0.5, ACTOR_LR=0.005 ... done (3.6s)
[5/9] Evaluating: LR=0.001, VALUE_LAMBDA=0.5, ACTOR_LR=0.001 ... done (3.6s)
[6/9] Evaluating: LR=0.001, VALUE_LAMBDA=0.5, ACTOR_LR=0.0005 ... done (3.6s)
[7/9] Evaluating: LR=0.0005, VALUE_LAMBDA=0.5, ACTOR_LR=0.005 ... done (3.5s)
[8/9] Evaluating: LR=0.0005, VALUE_LAMBDA=0.5, ACTOR_LR=0.001 ... done (3.5s)
[9/9] Evaluating: LR=0.0005, VALUE_LAMBDA=0.5, ACTOR_LR=0.0005 ... done (3.6s)

Tuning summary saved to results/lambda_sweep/20260915_230741/FourRooms-misc/ppo/exact_E_lambda_0.5/tuning/20260915_232116/FourRooms-misc/tuning_summary.csv
Best configuration saved to results/lambda_sweep/20260915_230741/FourRooms-misc/ppo/exact_E_lambda_0.5/tuning/20260915_232116/FourRooms-misc/best_config.json

============================================================
★ TOP CONFIGURATION: LR=0.005, VALUE_LAMBDA=0.5, ACTOR_LR=0.001 (Ranked by auc [higher is better])
  AUC V_start:          6.6939e-01
  Final Window (750 steps): 7.5430e-01
  Final V_start:         7.5529e-01 (±1.1307e-04)
  Min V_start:           2.4043e-02
============================================================

Top 5 Configurations:
 rank  config_idx     LR  VALUE_LAMBDA  ACTOR_LR  auc_V_start  final_window_V_start  final_V_start_mean  final_V_start_std  min_V_start  max_V_start  mean_V_start
    1           1 0.0050           0.5    0.0010     0.669390              0.754300            0.755291           0.000113     0.024043     0.755323      0.669390
    2           3 0.0010           0.5    0.0050     0.662281              0.749228            0.749916           0.009159     0.024043     0.750046      0.662281
    3           2 0.0050           0.5    0.0005     0.634279              0.746523            0.754856           0.000069     0.024043     0.754864      0.634279
    4           6 0.0005           0.5    0.0050     0.625419              0.751103            0.755047           0.000750     0.024043     0.755116      0.625419
    5           7 0.0005           0.5    0.0010     0.605915              0.741669            0.754596           0.001009     0.024043     0.754599      0.605915
============================================================

Results saved to results/lambda_sweep/20260915_230741/FourRooms-misc/ppo/exact_E_lambda_0.5/tuning/20260915_232116/FourRooms-misc/out.pkl
Config saved to results/lambda_sweep/20260915_230741/FourRooms-misc/ppo/exact_E_lambda_0.5/tuning/20260915_232116/FourRooms-misc/config.json
Config saved to results/lambda_sweep/20260915_230741/FourRooms-misc/ppo/exact_E_lambda_0.5/tuning/20260915_232116/FourRooms-misc/config.json
Sweep plot saved to results/lambda_sweep/20260915_230741/FourRooms-misc/ppo/exact_E_lambda_0.5/tuning/20260915_232116/FourRooms-misc/hyperparameter_sweep_V_start.png
Best config seeds plot saved to results/lambda_sweep/20260915_230741/FourRooms-misc/ppo/exact_E_lambda_0.5/tuning/20260915_232116/FourRooms-misc/best_config_seeds.png
All configs seed grid saved to results/lambda_sweep/20260915_230741/FourRooms-misc/ppo/exact_E_lambda_0.5/tuning/20260915_232116/FourRooms-misc/all_configs_seeds_grid.png
Successfully completed tuning for exact_E_lambda_0.5

---> Running sweep for pseudo-algorithm: exact_E_lambda_0.9
Env: FourRooms-misc
Default Obs Shape: (13, 13, 2)
Obs Shape: (13, 13, 2)
Action Shape: ()

============================================================
RUNNING SWEEP: 9 configs x 5 seeds = 45 runs
Environment: FourRooms-misc | Primary Metric: V_start
Hyperparameters: ['LR', 'VALUE_LAMBDA', 'ACTOR_LR']
Ranking By: auc (higher is better)
============================================================

[1/9] Evaluating: LR=0.005, VALUE_LAMBDA=0.9, ACTOR_LR=0.005 ...- obs shape for initialization is  (13, 13, 2)
number of features is  16
 done (8.0s)
[2/9] Evaluating: LR=0.005, VALUE_LAMBDA=0.9, ACTOR_LR=0.001 ... done (3.5s)
[3/9] Evaluating: LR=0.005, VALUE_LAMBDA=0.9, ACTOR_LR=0.0005 ... done (3.6s)
[4/9] Evaluating: LR=0.001, VALUE_LAMBDA=0.9, ACTOR_LR=0.005 ... done (3.6s)
[5/9] Evaluating: LR=0.001, VALUE_LAMBDA=0.9, ACTOR_LR=0.001 ... done (3.6s)
[6/9] Evaluating: LR=0.001, VALUE_LAMBDA=0.9, ACTOR_LR=0.0005 ... done (3.6s)
[7/9] Evaluating: LR=0.0005, VALUE_LAMBDA=0.9, ACTOR_LR=0.005 ... done (3.6s)
[8/9] Evaluating: LR=0.0005, VALUE_LAMBDA=0.9, ACTOR_LR=0.001 ... done (3.6s)
[9/9] Evaluating: LR=0.0005, VALUE_LAMBDA=0.9, ACTOR_LR=0.0005 ... done (3.6s)

Tuning summary saved to results/lambda_sweep/20260915_230741/FourRooms-misc/ppo/exact_E_lambda_0.9/tuning/20260915_232207/FourRooms-misc/tuning_summary.csv
Best configuration saved to results/lambda_sweep/20260915_230741/FourRooms-misc/ppo/exact_E_lambda_0.9/tuning/20260915_232207/FourRooms-misc/best_config.json

============================================================
★ TOP CONFIGURATION: LR=0.005, VALUE_LAMBDA=0.9, ACTOR_LR=0.001 (Ranked by auc [higher is better])
  AUC V_start:          6.6299e-01
  Final Window (750 steps): 7.5338e-01
  Final V_start:         7.5523e-01 (±6.1852e-05)
  Min V_start:           2.4043e-02
============================================================

Top 5 Configurations:
 rank  config_idx     LR  VALUE_LAMBDA  ACTOR_LR  auc_V_start  final_window_V_start  final_V_start_mean  final_V_start_std  min_V_start  max_V_start  mean_V_start
    1           1 0.0050           0.9    0.0010     0.662990              0.753382            0.755228           0.000062     0.024043     0.755234      0.662990
    2           2 0.0050           0.9    0.0005     0.634770              0.745776            0.754826           0.000196     0.024043     0.754826      0.634770
    3           5 0.0010           0.9    0.0005     0.612485              0.738742            0.754793           0.000088     0.024043     0.754808      0.612485
    4           4 0.0010           0.9    0.0010     0.580719              0.690010            0.752703           0.004066     0.024043     0.752703      0.580719
    5           7 0.0005           0.9    0.0010     0.568300              0.690682            0.740827           0.012769     0.024043     0.740839      0.568300
============================================================

Results saved to results/lambda_sweep/20260915_230741/FourRooms-misc/ppo/exact_E_lambda_0.9/tuning/20260915_232207/FourRooms-misc/out.pkl
Config saved to results/lambda_sweep/20260915_230741/FourRooms-misc/ppo/exact_E_lambda_0.9/tuning/20260915_232207/FourRooms-misc/config.json
Config saved to results/lambda_sweep/20260915_230741/FourRooms-misc/ppo/exact_E_lambda_0.9/tuning/20260915_232207/FourRooms-misc/config.json
Sweep plot saved to results/lambda_sweep/20260915_230741/FourRooms-misc/ppo/exact_E_lambda_0.9/tuning/20260915_232207/FourRooms-misc/hyperparameter_sweep_V_start.png
Best config seeds plot saved to results/lambda_sweep/20260915_230741/FourRooms-misc/ppo/exact_E_lambda_0.9/tuning/20260915_232207/FourRooms-misc/best_config_seeds.png
All configs seed grid saved to results/lambda_sweep/20260915_230741/FourRooms-misc/ppo/exact_E_lambda_0.9/tuning/20260915_232207/FourRooms-misc/all_configs_seeds_grid.png
Successfully completed tuning for exact_E_lambda_0.9

---> Running sweep for pseudo-algorithm: exact_E_lambda_0.95
Env: FourRooms-misc
Default Obs Shape: (13, 13, 2)
Obs Shape: (13, 13, 2)
Action Shape: ()

============================================================
RUNNING SWEEP: 9 configs x 5 seeds = 45 runs
Environment: FourRooms-misc | Primary Metric: V_start
Hyperparameters: ['LR', 'VALUE_LAMBDA', 'ACTOR_LR']
Ranking By: auc (higher is better)
============================================================

[1/9] Evaluating: LR=0.005, VALUE_LAMBDA=0.95, ACTOR_LR=0.005 ...- obs shape for initialization is  (13, 13, 2)
number of features is  16
 done (8.3s)
[2/9] Evaluating: LR=0.005, VALUE_LAMBDA=0.95, ACTOR_LR=0.001 ... done (3.5s)
[3/9] Evaluating: LR=0.005, VALUE_LAMBDA=0.95, ACTOR_LR=0.0005 ... done (3.5s)
[4/9] Evaluating: LR=0.001, VALUE_LAMBDA=0.95, ACTOR_LR=0.005 ... done (3.6s)
[5/9] Evaluating: LR=0.001, VALUE_LAMBDA=0.95, ACTOR_LR=0.001 ... done (3.6s)
[6/9] Evaluating: LR=0.001, VALUE_LAMBDA=0.95, ACTOR_LR=0.0005 ... done (3.6s)
[7/9] Evaluating: LR=0.0005, VALUE_LAMBDA=0.95, ACTOR_LR=0.005 ... done (3.6s)
[8/9] Evaluating: LR=0.0005, VALUE_LAMBDA=0.95, ACTOR_LR=0.001 ... done (3.6s)
[9/9] Evaluating: LR=0.0005, VALUE_LAMBDA=0.95, ACTOR_LR=0.0005 ... done (3.6s)

Tuning summary saved to results/lambda_sweep/20260915_230741/FourRooms-misc/ppo/exact_E_lambda_0.95/tuning/20260915_232257/FourRooms-misc/tuning_summary.csv
Best configuration saved to results/lambda_sweep/20260915_230741/FourRooms-misc/ppo/exact_E_lambda_0.95/tuning/20260915_232257/FourRooms-misc/best_config.json

============================================================
★ TOP CONFIGURATION: LR=0.005, VALUE_LAMBDA=0.95, ACTOR_LR=0.005 (Ranked by auc [higher is better])
  AUC V_start:          6.9816e-01
  Final Window (750 steps): 7.5321e-01
  Final V_start:         7.5383e-01 (±4.2178e-03)
  Min V_start:           2.4043e-02
============================================================

Top 5 Configurations:
 rank  config_idx     LR  VALUE_LAMBDA  ACTOR_LR  auc_V_start  final_window_V_start  final_V_start_mean  final_V_start_std  min_V_start  max_V_start  mean_V_start
    1           0 0.0050          0.95    0.0050     0.698159              0.753214            0.753834           0.004218     0.024043     0.754102      0.698159
    2           1 0.0050          0.95    0.0010     0.659716              0.753269            0.755302           0.000095     0.024043     0.755302      0.659716
    3           2 0.0050          0.95    0.0005     0.629962              0.742854            0.754670           0.000288     0.024043     0.754670      0.629962
    4           5 0.0010          0.95    0.0005     0.620359              0.743853            0.754708           0.000295     0.024043     0.754759      0.620359
    5           6 0.0005          0.95    0.0050     0.616045              0.728206            0.755675           0.001007     0.024043     0.755829      0.616045
============================================================

Results saved to results/lambda_sweep/20260915_230741/FourRooms-misc/ppo/exact_E_lambda_0.95/tuning/20260915_232257/FourRooms-misc/out.pkl
Config saved to results/lambda_sweep/20260915_230741/FourRooms-misc/ppo/exact_E_lambda_0.95/tuning/20260915_232257/FourRooms-misc/config.json
Config saved to results/lambda_sweep/20260915_230741/FourRooms-misc/ppo/exact_E_lambda_0.95/tuning/20260915_232257/FourRooms-misc/config.json
Sweep plot saved to results/lambda_sweep/20260915_230741/FourRooms-misc/ppo/exact_E_lambda_0.95/tuning/20260915_232257/FourRooms-misc/hyperparameter_sweep_V_start.png
Best config seeds plot saved to results/lambda_sweep/20260915_230741/FourRooms-misc/ppo/exact_E_lambda_0.95/tuning/20260915_232257/FourRooms-misc/best_config_seeds.png
All configs seed grid saved to results/lambda_sweep/20260915_230741/FourRooms-misc/ppo/exact_E_lambda_0.95/tuning/20260915_232257/FourRooms-misc/all_configs_seeds_grid.png
Successfully completed tuning for exact_E_lambda_0.95

---> Running sweep for pseudo-algorithm: exact_E_lambda_0.99
Env: FourRooms-misc
Default Obs Shape: (13, 13, 2)
Obs Shape: (13, 13, 2)
Action Shape: ()

============================================================
RUNNING SWEEP: 9 configs x 5 seeds = 45 runs
Environment: FourRooms-misc | Primary Metric: V_start
Hyperparameters: ['LR', 'VALUE_LAMBDA', 'ACTOR_LR']
Ranking By: auc (higher is better)
============================================================

[1/9] Evaluating: LR=0.005, VALUE_LAMBDA=0.99, ACTOR_LR=0.005 ...- obs shape for initialization is  (13, 13, 2)
number of features is  16
 done (8.4s)
[2/9] Evaluating: LR=0.005, VALUE_LAMBDA=0.99, ACTOR_LR=0.001 ... done (3.5s)
[3/9] Evaluating: LR=0.005, VALUE_LAMBDA=0.99, ACTOR_LR=0.0005 ... done (3.5s)
[4/9] Evaluating: LR=0.001, VALUE_LAMBDA=0.99, ACTOR_LR=0.005 ... done (3.6s)
[5/9] Evaluating: LR=0.001, VALUE_LAMBDA=0.99, ACTOR_LR=0.001 ... done (3.6s)
[6/9] Evaluating: LR=0.001, VALUE_LAMBDA=0.99, ACTOR_LR=0.0005 ... done (3.6s)
[7/9] Evaluating: LR=0.0005, VALUE_LAMBDA=0.99, ACTOR_LR=0.005 ... done (3.6s)
[8/9] Evaluating: LR=0.0005, VALUE_LAMBDA=0.99, ACTOR_LR=0.001 ... done (3.6s)
[9/9] Evaluating: LR=0.0005, VALUE_LAMBDA=0.99, ACTOR_LR=0.0005 ... done (3.6s)

Tuning summary saved to results/lambda_sweep/20260915_230741/FourRooms-misc/ppo/exact_E_lambda_0.99/tuning/20260915_232347/FourRooms-misc/tuning_summary.csv
Best configuration saved to results/lambda_sweep/20260915_230741/FourRooms-misc/ppo/exact_E_lambda_0.99/tuning/20260915_232347/FourRooms-misc/best_config.json

============================================================
★ TOP CONFIGURATION: LR=0.005, VALUE_LAMBDA=0.99, ACTOR_LR=0.001 (Ranked by auc [higher is better])
  AUC V_start:          6.5876e-01
  Final Window (750 steps): 7.5289e-01
  Final V_start:         7.5522e-01 (±1.4633e-04)
  Min V_start:           2.4043e-02
============================================================

Top 5 Configurations:
 rank  config_idx    LR  VALUE_LAMBDA  ACTOR_LR  auc_V_start  final_window_V_start  final_V_start_mean  final_V_start_std  min_V_start  max_V_start  mean_V_start
    1           1 0.005          0.99    0.0010     0.658758              0.752892            0.755217           0.000146     0.024043     0.755241      0.658758
    2           0 0.005          0.99    0.0050     0.647643              0.716719            0.753573           0.004823     0.024043     0.753703      0.647643
    3           4 0.001          0.99    0.0010     0.637668              0.746963            0.755751           0.000503     0.024043     0.755808      0.637668
    4           5 0.001          0.99    0.0005     0.629416              0.746660            0.754946           0.000169     0.024043     0.754959      0.629416
    5           2 0.005          0.99    0.0005     0.621914              0.736368            0.754060           0.001545     0.024043     0.754062      0.621914
============================================================

Results saved to results/lambda_sweep/20260915_230741/FourRooms-misc/ppo/exact_E_lambda_0.99/tuning/20260915_232347/FourRooms-misc/out.pkl
Config saved to results/lambda_sweep/20260915_230741/FourRooms-misc/ppo/exact_E_lambda_0.99/tuning/20260915_232347/FourRooms-misc/config.json
Config saved to results/lambda_sweep/20260915_230741/FourRooms-misc/ppo/exact_E_lambda_0.99/tuning/20260915_232347/FourRooms-misc/config.json
Sweep plot saved to results/lambda_sweep/20260915_230741/FourRooms-misc/ppo/exact_E_lambda_0.99/tuning/20260915_232347/FourRooms-misc/hyperparameter_sweep_V_start.png
Best config seeds plot saved to results/lambda_sweep/20260915_230741/FourRooms-misc/ppo/exact_E_lambda_0.99/tuning/20260915_232347/FourRooms-misc/best_config_seeds.png
All configs seed grid saved to results/lambda_sweep/20260915_230741/FourRooms-misc/ppo/exact_E_lambda_0.99/tuning/20260915_232347/FourRooms-misc/all_configs_seeds_grid.png
Successfully completed tuning for exact_E_lambda_0.99
Sweep pipeline completed successfully for FourRooms-misc / exact_E_lambda
