======================================================================
Starting SLURM Lambda Sweep Worker
Environment: MountainCar-v0
Policy:      fixed
Algorithm:   exact_td_lambda
Sweep ID:    20260915_230741
======================================================================
[MountainCar-v0] Auto-resolved MODEL_LOAD_DIR to valid checkpoint: 'ground_truth/partial_four_rooms'
======================================================================
Starting Lambda Sweep Worker
Sweep ID: 20260915_230741 | Env: MountainCar-v0 | Policy: fixed | Algo: exact_td_lambda
Lambdas: [0.0, 0.5, 0.9, 0.95, 0.99]
======================================================================

---> Running sweep for pseudo-algorithm: exact_td_lambda_0.0
Env: MountainCar-v0
Default Obs Shape: (2,)
Obs Shape: (2,)
Action Shape: ()
ppo/ground_truth/partial_four_rooms

============================================================
RUNNING SWEEP: 3 configs x 5 seeds = 15 runs
Environment: MountainCar-v0 | Primary Metric: nn_weighted_VE
Hyperparameters: ['LR', 'VALUE_LAMBDA']
Ranking By: auc (lower is better)
============================================================

[1/3] Evaluating: LR=0.005, VALUE_LAMBDA=0.0 ...- obs shape for initialization is  (2,)
number of features is  16
 done (50.8s)
[2/3] Evaluating: LR=0.001, VALUE_LAMBDA=0.0 ... done (19.7s)
[3/3] Evaluating: LR=0.0005, VALUE_LAMBDA=0.0 ... done (19.8s)

Tuning summary saved to results/lambda_sweep/20260915_230741/MountainCar-v0/fixed/exact_td_lambda_0.0/tuning/20260915_232833/MountainCar-v0/tuning_summary.csv
Best configuration saved to results/lambda_sweep/20260915_230741/MountainCar-v0/fixed/exact_td_lambda_0.0/tuning/20260915_232833/MountainCar-v0/best_config.json

============================================================
★ TOP CONFIGURATION: LR=0.005, VALUE_LAMBDA=0.0 (Ranked by auc [lower is better])
  AUC nn_weighted_VE:          3.5074e-02
  Final Window (750 steps): 1.8119e-02
  Final nn_weighted_VE:         1.6060e-02 (±2.2171e-03)
  Min nn_weighted_VE:           1.0752e-02
============================================================

Top 5 Configurations:
 rank  config_idx     LR  VALUE_LAMBDA  auc_nn_weighted_VE  final_window_nn_weighted_VE  final_nn_weighted_VE_mean  final_nn_weighted_VE_std  min_nn_weighted_VE  max_nn_weighted_VE  mean_nn_weighted_VE
    1           0 0.0050           0.0            0.035074                     0.018119                   0.016060                  0.002217            0.010752            0.325698             0.035074
    2           1 0.0010           0.0            0.039076                     0.009692                   0.007192                  0.000516            0.006783            0.325698             0.039076
    3           2 0.0005           0.0            0.048362                     0.007530                   0.007678                  0.002422            0.004578            0.325698             0.048362
============================================================

Results saved to results/lambda_sweep/20260915_230741/MountainCar-v0/fixed/exact_td_lambda_0.0/tuning/20260915_232833/MountainCar-v0/out.pkl
Config saved to results/lambda_sweep/20260915_230741/MountainCar-v0/fixed/exact_td_lambda_0.0/tuning/20260915_232833/MountainCar-v0/config.json
Config saved to results/lambda_sweep/20260915_230741/MountainCar-v0/fixed/exact_td_lambda_0.0/tuning/20260915_232833/MountainCar-v0/config.json
Sweep plot saved to results/lambda_sweep/20260915_230741/MountainCar-v0/fixed/exact_td_lambda_0.0/tuning/20260915_232833/MountainCar-v0/hyperparameter_sweep_nn_weighted_VE.png
Best config seeds plot saved to results/lambda_sweep/20260915_230741/MountainCar-v0/fixed/exact_td_lambda_0.0/tuning/20260915_232833/MountainCar-v0/best_config_seeds.png
All configs seed grid saved to results/lambda_sweep/20260915_230741/MountainCar-v0/fixed/exact_td_lambda_0.0/tuning/20260915_232833/MountainCar-v0/all_configs_seeds_grid.png
Successfully completed tuning for exact_td_lambda_0.0

---> Running sweep for pseudo-algorithm: exact_td_lambda_0.5
Env: MountainCar-v0
Default Obs Shape: (2,)
Obs Shape: (2,)
Action Shape: ()
ppo/ground_truth/partial_four_rooms

============================================================
RUNNING SWEEP: 3 configs x 5 seeds = 15 runs
Environment: MountainCar-v0 | Primary Metric: nn_weighted_VE
Hyperparameters: ['LR', 'VALUE_LAMBDA']
Ranking By: auc (lower is better)
============================================================

[1/3] Evaluating: LR=0.005, VALUE_LAMBDA=0.5 ...- obs shape for initialization is  (2,)
number of features is  16
 done (23.8s)
[2/3] Evaluating: LR=0.001, VALUE_LAMBDA=0.5 ... done (19.9s)
[3/3] Evaluating: LR=0.0005, VALUE_LAMBDA=0.5 ... done (19.8s)

Tuning summary saved to results/lambda_sweep/20260915_230741/MountainCar-v0/fixed/exact_td_lambda_0.5/tuning/20260915_233008/MountainCar-v0/tuning_summary.csv
Best configuration saved to results/lambda_sweep/20260915_230741/MountainCar-v0/fixed/exact_td_lambda_0.5/tuning/20260915_233008/MountainCar-v0/best_config.json

============================================================
★ TOP CONFIGURATION: LR=0.005, VALUE_LAMBDA=0.5 (Ranked by auc [lower is better])
  AUC nn_weighted_VE:          3.0665e-02
  Final Window (750 steps): 1.4486e-02
  Final nn_weighted_VE:         1.6014e-02 (±7.0836e-03)
  Min nn_weighted_VE:           8.1473e-03
============================================================

Top 5 Configurations:
 rank  config_idx     LR  VALUE_LAMBDA  auc_nn_weighted_VE  final_window_nn_weighted_VE  final_nn_weighted_VE_mean  final_nn_weighted_VE_std  min_nn_weighted_VE  max_nn_weighted_VE  mean_nn_weighted_VE
    1           0 0.0050           0.5            0.030665                     0.014486                   0.016014                  0.007084            0.008147            0.325698             0.030665
    2           1 0.0010           0.5            0.036407                     0.008120                   0.005192                  0.000575            0.005102            0.325698             0.036407
    3           2 0.0005           0.5            0.045504                     0.006773                   0.005766                  0.000942            0.004590            0.325698             0.045504
============================================================

Results saved to results/lambda_sweep/20260915_230741/MountainCar-v0/fixed/exact_td_lambda_0.5/tuning/20260915_233008/MountainCar-v0/out.pkl
Config saved to results/lambda_sweep/20260915_230741/MountainCar-v0/fixed/exact_td_lambda_0.5/tuning/20260915_233008/MountainCar-v0/config.json
Config saved to results/lambda_sweep/20260915_230741/MountainCar-v0/fixed/exact_td_lambda_0.5/tuning/20260915_233008/MountainCar-v0/config.json
Sweep plot saved to results/lambda_sweep/20260915_230741/MountainCar-v0/fixed/exact_td_lambda_0.5/tuning/20260915_233008/MountainCar-v0/hyperparameter_sweep_nn_weighted_VE.png
Best config seeds plot saved to results/lambda_sweep/20260915_230741/MountainCar-v0/fixed/exact_td_lambda_0.5/tuning/20260915_233008/MountainCar-v0/best_config_seeds.png
All configs seed grid saved to results/lambda_sweep/20260915_230741/MountainCar-v0/fixed/exact_td_lambda_0.5/tuning/20260915_233008/MountainCar-v0/all_configs_seeds_grid.png
Successfully completed tuning for exact_td_lambda_0.5

---> Running sweep for pseudo-algorithm: exact_td_lambda_0.9
Env: MountainCar-v0
Default Obs Shape: (2,)
Obs Shape: (2,)
Action Shape: ()
ppo/ground_truth/partial_four_rooms

============================================================
RUNNING SWEEP: 3 configs x 5 seeds = 15 runs
Environment: MountainCar-v0 | Primary Metric: nn_weighted_VE
Hyperparameters: ['LR', 'VALUE_LAMBDA']
Ranking By: auc (lower is better)
============================================================

[1/3] Evaluating: LR=0.005, VALUE_LAMBDA=0.9 ...- obs shape for initialization is  (2,)
number of features is  16
 done (23.8s)
[2/3] Evaluating: LR=0.001, VALUE_LAMBDA=0.9 ... done (19.8s)
[3/3] Evaluating: LR=0.0005, VALUE_LAMBDA=0.9 ... done (19.8s)

Tuning summary saved to results/lambda_sweep/20260915_230741/MountainCar-v0/fixed/exact_td_lambda_0.9/tuning/20260915_233114/MountainCar-v0/tuning_summary.csv
Best configuration saved to results/lambda_sweep/20260915_230741/MountainCar-v0/fixed/exact_td_lambda_0.9/tuning/20260915_233114/MountainCar-v0/best_config.json

============================================================
★ TOP CONFIGURATION: LR=0.005, VALUE_LAMBDA=0.9 (Ranked by auc [lower is better])
  AUC nn_weighted_VE:          1.8074e-02
  Final Window (750 steps): 4.6219e-03
  Final nn_weighted_VE:         3.6873e-03 (±3.0564e-04)
  Min nn_weighted_VE:           3.4525e-03
============================================================

Top 5 Configurations:
 rank  config_idx     LR  VALUE_LAMBDA  auc_nn_weighted_VE  final_window_nn_weighted_VE  final_nn_weighted_VE_mean  final_nn_weighted_VE_std  min_nn_weighted_VE  max_nn_weighted_VE  mean_nn_weighted_VE
    1           0 0.0050           0.9            0.018074                     0.004622                   0.003687                  0.000306            0.003452            0.325698             0.018074
    2           1 0.0010           0.9            0.028325                     0.003437                   0.002741                  0.000301            0.002568            0.325698             0.028325
    3           2 0.0005           0.9            0.037427                     0.002937                   0.002197                  0.000217            0.002197            0.325698             0.037427
============================================================

Results saved to results/lambda_sweep/20260915_230741/MountainCar-v0/fixed/exact_td_lambda_0.9/tuning/20260915_233114/MountainCar-v0/out.pkl
Config saved to results/lambda_sweep/20260915_230741/MountainCar-v0/fixed/exact_td_lambda_0.9/tuning/20260915_233114/MountainCar-v0/config.json
Config saved to results/lambda_sweep/20260915_230741/MountainCar-v0/fixed/exact_td_lambda_0.9/tuning/20260915_233114/MountainCar-v0/config.json
Sweep plot saved to results/lambda_sweep/20260915_230741/MountainCar-v0/fixed/exact_td_lambda_0.9/tuning/20260915_233114/MountainCar-v0/hyperparameter_sweep_nn_weighted_VE.png
Best config seeds plot saved to results/lambda_sweep/20260915_230741/MountainCar-v0/fixed/exact_td_lambda_0.9/tuning/20260915_233114/MountainCar-v0/best_config_seeds.png
All configs seed grid saved to results/lambda_sweep/20260915_230741/MountainCar-v0/fixed/exact_td_lambda_0.9/tuning/20260915_233114/MountainCar-v0/all_configs_seeds_grid.png
Successfully completed tuning for exact_td_lambda_0.9

---> Running sweep for pseudo-algorithm: exact_td_lambda_0.95
Env: MountainCar-v0
Default Obs Shape: (2,)
Obs Shape: (2,)
Action Shape: ()
ppo/ground_truth/partial_four_rooms

============================================================
RUNNING SWEEP: 3 configs x 5 seeds = 15 runs
Environment: MountainCar-v0 | Primary Metric: nn_weighted_VE
Hyperparameters: ['LR', 'VALUE_LAMBDA']
Ranking By: auc (lower is better)
============================================================

[1/3] Evaluating: LR=0.005, VALUE_LAMBDA=0.95 ...- obs shape for initialization is  (2,)
number of features is  16
 done (24.0s)
[2/3] Evaluating: LR=0.001, VALUE_LAMBDA=0.95 ... done (19.8s)
[3/3] Evaluating: LR=0.0005, VALUE_LAMBDA=0.95 ... done (19.8s)

Tuning summary saved to results/lambda_sweep/20260915_230741/MountainCar-v0/fixed/exact_td_lambda_0.95/tuning/20260915_233219/MountainCar-v0/tuning_summary.csv
Best configuration saved to results/lambda_sweep/20260915_230741/MountainCar-v0/fixed/exact_td_lambda_0.95/tuning/20260915_233219/MountainCar-v0/best_config.json

============================================================
★ TOP CONFIGURATION: LR=0.005, VALUE_LAMBDA=0.95 (Ranked by auc [lower is better])
  AUC nn_weighted_VE:          1.4842e-02
  Final Window (750 steps): 2.5769e-03
  Final nn_weighted_VE:         2.8168e-03 (±1.9209e-03)
  Min nn_weighted_VE:           1.7825e-03
============================================================

Top 5 Configurations:
 rank  config_idx     LR  VALUE_LAMBDA  auc_nn_weighted_VE  final_window_nn_weighted_VE  final_nn_weighted_VE_mean  final_nn_weighted_VE_std  min_nn_weighted_VE  max_nn_weighted_VE  mean_nn_weighted_VE
    1           0 0.0050          0.95            0.014842                     0.002577                   0.002817                  0.001921            0.001783            0.325698             0.014842
    2           1 0.0010          0.95            0.026111                     0.001876                   0.001225                  0.000245            0.001175            0.325698             0.026111
    3           2 0.0005          0.95            0.035869                     0.002528                   0.001784                  0.000265            0.001784            0.325698             0.035869
============================================================

Results saved to results/lambda_sweep/20260915_230741/MountainCar-v0/fixed/exact_td_lambda_0.95/tuning/20260915_233219/MountainCar-v0/out.pkl
Config saved to results/lambda_sweep/20260915_230741/MountainCar-v0/fixed/exact_td_lambda_0.95/tuning/20260915_233219/MountainCar-v0/config.json
Config saved to results/lambda_sweep/20260915_230741/MountainCar-v0/fixed/exact_td_lambda_0.95/tuning/20260915_233219/MountainCar-v0/config.json
Sweep plot saved to results/lambda_sweep/20260915_230741/MountainCar-v0/fixed/exact_td_lambda_0.95/tuning/20260915_233219/MountainCar-v0/hyperparameter_sweep_nn_weighted_VE.png
Best config seeds plot saved to results/lambda_sweep/20260915_230741/MountainCar-v0/fixed/exact_td_lambda_0.95/tuning/20260915_233219/MountainCar-v0/best_config_seeds.png
All configs seed grid saved to results/lambda_sweep/20260915_230741/MountainCar-v0/fixed/exact_td_lambda_0.95/tuning/20260915_233219/MountainCar-v0/all_configs_seeds_grid.png
Successfully completed tuning for exact_td_lambda_0.95

---> Running sweep for pseudo-algorithm: exact_td_lambda_0.99
Env: MountainCar-v0
Default Obs Shape: (2,)
Obs Shape: (2,)
Action Shape: ()
ppo/ground_truth/partial_four_rooms

============================================================
RUNNING SWEEP: 3 configs x 5 seeds = 15 runs
Environment: MountainCar-v0 | Primary Metric: nn_weighted_VE
Hyperparameters: ['LR', 'VALUE_LAMBDA']
Ranking By: auc (lower is better)
============================================================

[1/3] Evaluating: LR=0.005, VALUE_LAMBDA=0.99 ...- obs shape for initialization is  (2,)
number of features is  16
 done (24.1s)
[2/3] Evaluating: LR=0.001, VALUE_LAMBDA=0.99 ... done (19.8s)
[3/3] Evaluating: LR=0.0005, VALUE_LAMBDA=0.99 ... done (19.8s)

Tuning summary saved to results/lambda_sweep/20260915_230741/MountainCar-v0/fixed/exact_td_lambda_0.99/tuning/20260915_233325/MountainCar-v0/tuning_summary.csv
Best configuration saved to results/lambda_sweep/20260915_230741/MountainCar-v0/fixed/exact_td_lambda_0.99/tuning/20260915_233325/MountainCar-v0/best_config.json

============================================================
★ TOP CONFIGURATION: LR=0.005, VALUE_LAMBDA=0.99 (Ranked by auc [lower is better])
  AUC nn_weighted_VE:          1.3102e-02
  Final Window (750 steps): 1.2312e-03
  Final nn_weighted_VE:         3.7298e-04 (±1.7628e-04)
  Min nn_weighted_VE:           3.7219e-04
============================================================

Top 5 Configurations:
 rank  config_idx     LR  VALUE_LAMBDA  auc_nn_weighted_VE  final_window_nn_weighted_VE  final_nn_weighted_VE_mean  final_nn_weighted_VE_std  min_nn_weighted_VE  max_nn_weighted_VE  mean_nn_weighted_VE
    1           0 0.0050          0.99            0.013102                     0.001231                   0.000373                  0.000176            0.000372            0.325698             0.013102
    2           1 0.0010          0.99            0.025826                     0.002295                   0.001688                  0.000638            0.001688            0.325698             0.025826
    3           2 0.0005          0.99            0.035247                     0.003080                   0.002249                  0.000425            0.002249            0.325698             0.035247
============================================================

Results saved to results/lambda_sweep/20260915_230741/MountainCar-v0/fixed/exact_td_lambda_0.99/tuning/20260915_233325/MountainCar-v0/out.pkl
Config saved to results/lambda_sweep/20260915_230741/MountainCar-v0/fixed/exact_td_lambda_0.99/tuning/20260915_233325/MountainCar-v0/config.json
Config saved to results/lambda_sweep/20260915_230741/MountainCar-v0/fixed/exact_td_lambda_0.99/tuning/20260915_233325/MountainCar-v0/config.json
Sweep plot saved to results/lambda_sweep/20260915_230741/MountainCar-v0/fixed/exact_td_lambda_0.99/tuning/20260915_233325/MountainCar-v0/hyperparameter_sweep_nn_weighted_VE.png
Best config seeds plot saved to results/lambda_sweep/20260915_230741/MountainCar-v0/fixed/exact_td_lambda_0.99/tuning/20260915_233325/MountainCar-v0/best_config_seeds.png
All configs seed grid saved to results/lambda_sweep/20260915_230741/MountainCar-v0/fixed/exact_td_lambda_0.99/tuning/20260915_233325/MountainCar-v0/all_configs_seeds_grid.png
Successfully completed tuning for exact_td_lambda_0.99
Sweep pipeline completed successfully for MountainCar-v0 / exact_td_lambda
