======================================================================
Starting SLURM Lambda Sweep Worker
Environment: FourRooms-misc
Policy:      ppo
Algorithm:   exact_td_lambda
Sweep ID:    20260915_230741
======================================================================
======================================================================
Starting Lambda Sweep Worker
Sweep ID: 20260915_230741 | Env: FourRooms-misc | Policy: ppo | Algo: exact_td_lambda
Lambdas: [0.0, 0.5, 0.9, 0.95, 0.99]
======================================================================

---> Running sweep for pseudo-algorithm: exact_td_lambda_0.0
Env: FourRooms-misc
Default Obs Shape: (13, 13, 2)
Obs Shape: (13, 13, 2)
Action Shape: ()

============================================================
RUNNING SWEEP: 9 configs x 5 seeds = 45 runs
Environment: FourRooms-misc | Primary Metric: V_start
Hyperparameters: ['LR', 'VALUE_LAMBDA', 'ACTOR_LR']
Ranking By: auc (higher is better)
============================================================

[1/9] Evaluating: LR=0.005, VALUE_LAMBDA=0.0, ACTOR_LR=0.005 ...- obs shape for initialization is  (13, 13, 2)
number of features is  16
 done (15.1s)
[2/9] Evaluating: LR=0.005, VALUE_LAMBDA=0.0, ACTOR_LR=0.001 ... done (3.2s)
[3/9] Evaluating: LR=0.005, VALUE_LAMBDA=0.0, ACTOR_LR=0.0005 ... done (3.2s)
[4/9] Evaluating: LR=0.001, VALUE_LAMBDA=0.0, ACTOR_LR=0.005 ... done (3.2s)
[5/9] Evaluating: LR=0.001, VALUE_LAMBDA=0.0, ACTOR_LR=0.001 ... done (3.2s)
[6/9] Evaluating: LR=0.001, VALUE_LAMBDA=0.0, ACTOR_LR=0.0005 ... done (3.2s)
[7/9] Evaluating: LR=0.0005, VALUE_LAMBDA=0.0, ACTOR_LR=0.005 ... done (3.2s)
[8/9] Evaluating: LR=0.0005, VALUE_LAMBDA=0.0, ACTOR_LR=0.001 ... done (3.2s)
[9/9] Evaluating: LR=0.0005, VALUE_LAMBDA=0.0, ACTOR_LR=0.0005 ... done (3.2s)

Tuning summary saved to results/lambda_sweep/20260915_230741/FourRooms-misc/ppo/exact_td_lambda_0.0/tuning/20260915_231907/FourRooms-misc/tuning_summary.csv
Best configuration saved to results/lambda_sweep/20260915_230741/FourRooms-misc/ppo/exact_td_lambda_0.0/tuning/20260915_231907/FourRooms-misc/best_config.json

============================================================
★ TOP CONFIGURATION: LR=0.005, VALUE_LAMBDA=0.0, ACTOR_LR=0.0005 (Ranked by auc [higher is better])
  AUC V_start:          5.9089e-01
  Final Window (750 steps): 7.2003e-01
  Final V_start:         7.5098e-01 (±2.4527e-03)
  Min V_start:           2.4043e-02
============================================================

Top 5 Configurations:
 rank  config_idx     LR  VALUE_LAMBDA  ACTOR_LR  auc_V_start  final_window_V_start  final_V_start_mean  final_V_start_std  min_V_start  max_V_start  mean_V_start
    1           2 0.0050           0.0    0.0005     0.590893              0.720031            0.750984           0.002453     0.024043     0.752049      0.590893
    2           1 0.0050           0.0    0.0010     0.506809              0.608219            0.653607           0.188565     0.024043     0.657678      0.506809
    3           5 0.0010           0.0    0.0005     0.325965              0.415324            0.556398           0.232381     0.007790     0.631587      0.325965
    4           4 0.0010           0.0    0.0010     0.234976              0.293055            0.558684           0.220281     0.004169     0.650891      0.234976
    5           6 0.0005           0.0    0.0050     0.213730              0.266624            0.464896           0.236054     0.012305     0.588350      0.213730
============================================================

Results saved to results/lambda_sweep/20260915_230741/FourRooms-misc/ppo/exact_td_lambda_0.0/tuning/20260915_231907/FourRooms-misc/out.pkl
Config saved to results/lambda_sweep/20260915_230741/FourRooms-misc/ppo/exact_td_lambda_0.0/tuning/20260915_231907/FourRooms-misc/config.json
Config saved to results/lambda_sweep/20260915_230741/FourRooms-misc/ppo/exact_td_lambda_0.0/tuning/20260915_231907/FourRooms-misc/config.json
Sweep plot saved to results/lambda_sweep/20260915_230741/FourRooms-misc/ppo/exact_td_lambda_0.0/tuning/20260915_231907/FourRooms-misc/hyperparameter_sweep_V_start.png
Best config seeds plot saved to results/lambda_sweep/20260915_230741/FourRooms-misc/ppo/exact_td_lambda_0.0/tuning/20260915_231907/FourRooms-misc/best_config_seeds.png
All configs seed grid saved to results/lambda_sweep/20260915_230741/FourRooms-misc/ppo/exact_td_lambda_0.0/tuning/20260915_231907/FourRooms-misc/all_configs_seeds_grid.png
Successfully completed tuning for exact_td_lambda_0.0

---> Running sweep for pseudo-algorithm: exact_td_lambda_0.5
Env: FourRooms-misc
Default Obs Shape: (13, 13, 2)
Obs Shape: (13, 13, 2)
Action Shape: ()

============================================================
RUNNING SWEEP: 9 configs x 5 seeds = 45 runs
Environment: FourRooms-misc | Primary Metric: V_start
Hyperparameters: ['LR', 'VALUE_LAMBDA', 'ACTOR_LR']
Ranking By: auc (higher is better)
============================================================

[1/9] Evaluating: LR=0.005, VALUE_LAMBDA=0.5, ACTOR_LR=0.005 ...- obs shape for initialization is  (13, 13, 2)
number of features is  16
 done (7.4s)
[2/9] Evaluating: LR=0.005, VALUE_LAMBDA=0.5, ACTOR_LR=0.001 ... done (3.2s)
[3/9] Evaluating: LR=0.005, VALUE_LAMBDA=0.5, ACTOR_LR=0.0005 ... done (3.2s)
[4/9] Evaluating: LR=0.001, VALUE_LAMBDA=0.5, ACTOR_LR=0.005 ... done (3.2s)
[5/9] Evaluating: LR=0.001, VALUE_LAMBDA=0.5, ACTOR_LR=0.001 ... done (3.2s)
[6/9] Evaluating: LR=0.001, VALUE_LAMBDA=0.5, ACTOR_LR=0.0005 ... done (3.2s)
[7/9] Evaluating: LR=0.0005, VALUE_LAMBDA=0.5, ACTOR_LR=0.005 ... done (3.2s)
[8/9] Evaluating: LR=0.0005, VALUE_LAMBDA=0.5, ACTOR_LR=0.001 ... done (3.2s)
[9/9] Evaluating: LR=0.0005, VALUE_LAMBDA=0.5, ACTOR_LR=0.0005 ... done (3.2s)

Tuning summary saved to results/lambda_sweep/20260915_230741/FourRooms-misc/ppo/exact_td_lambda_0.5/tuning/20260915_232005/FourRooms-misc/tuning_summary.csv
Best configuration saved to results/lambda_sweep/20260915_230741/FourRooms-misc/ppo/exact_td_lambda_0.5/tuning/20260915_232005/FourRooms-misc/best_config.json

============================================================
★ TOP CONFIGURATION: LR=0.005, VALUE_LAMBDA=0.5, ACTOR_LR=0.0005 (Ranked by auc [higher is better])
  AUC V_start:          6.2377e-01
  Final Window (750 steps): 7.4057e-01
  Final V_start:         7.5504e-01 (±2.1459e-04)
  Min V_start:           2.4043e-02
============================================================

Top 5 Configurations:
 rank  config_idx     LR  VALUE_LAMBDA  ACTOR_LR  auc_V_start  final_window_V_start  final_V_start_mean  final_V_start_std  min_V_start  max_V_start  mean_V_start
    1           2 0.0050           0.5    0.0005     0.623769              0.740570            0.755042           0.000215     0.024043     0.755050      0.623769
    2           1 0.0050           0.5    0.0010     0.570638              0.649006            0.659672           0.191651     0.024043     0.659672      0.570638
    3           6 0.0005           0.5    0.0050     0.451889              0.578531            0.755148           0.002255     0.016646     0.755284      0.451889
    4           5 0.0010           0.5    0.0005     0.426842              0.540463            0.649800           0.208037     0.024043     0.649800      0.426842
    5           3 0.0010           0.5    0.0050     0.409499              0.517386            0.710478           0.041775     0.024043     0.711704      0.409499
============================================================

Results saved to results/lambda_sweep/20260915_230741/FourRooms-misc/ppo/exact_td_lambda_0.5/tuning/20260915_232005/FourRooms-misc/out.pkl
Config saved to results/lambda_sweep/20260915_230741/FourRooms-misc/ppo/exact_td_lambda_0.5/tuning/20260915_232005/FourRooms-misc/config.json
Config saved to results/lambda_sweep/20260915_230741/FourRooms-misc/ppo/exact_td_lambda_0.5/tuning/20260915_232005/FourRooms-misc/config.json
Sweep plot saved to results/lambda_sweep/20260915_230741/FourRooms-misc/ppo/exact_td_lambda_0.5/tuning/20260915_232005/FourRooms-misc/hyperparameter_sweep_V_start.png
Best config seeds plot saved to results/lambda_sweep/20260915_230741/FourRooms-misc/ppo/exact_td_lambda_0.5/tuning/20260915_232005/FourRooms-misc/best_config_seeds.png
All configs seed grid saved to results/lambda_sweep/20260915_230741/FourRooms-misc/ppo/exact_td_lambda_0.5/tuning/20260915_232005/FourRooms-misc/all_configs_seeds_grid.png
Successfully completed tuning for exact_td_lambda_0.5

---> Running sweep for pseudo-algorithm: exact_td_lambda_0.9
Env: FourRooms-misc
Default Obs Shape: (13, 13, 2)
Obs Shape: (13, 13, 2)
Action Shape: ()

============================================================
RUNNING SWEEP: 9 configs x 5 seeds = 45 runs
Environment: FourRooms-misc | Primary Metric: V_start
Hyperparameters: ['LR', 'VALUE_LAMBDA', 'ACTOR_LR']
Ranking By: auc (higher is better)
============================================================

[1/9] Evaluating: LR=0.005, VALUE_LAMBDA=0.9, ACTOR_LR=0.005 ...- obs shape for initialization is  (13, 13, 2)
number of features is  16
 done (7.5s)
[2/9] Evaluating: LR=0.005, VALUE_LAMBDA=0.9, ACTOR_LR=0.001 ... done (3.2s)
[3/9] Evaluating: LR=0.005, VALUE_LAMBDA=0.9, ACTOR_LR=0.0005 ... done (3.2s)
[4/9] Evaluating: LR=0.001, VALUE_LAMBDA=0.9, ACTOR_LR=0.005 ... done (3.2s)
[5/9] Evaluating: LR=0.001, VALUE_LAMBDA=0.9, ACTOR_LR=0.001 ... done (3.2s)
[6/9] Evaluating: LR=0.001, VALUE_LAMBDA=0.9, ACTOR_LR=0.0005 ... done (3.2s)
[7/9] Evaluating: LR=0.0005, VALUE_LAMBDA=0.9, ACTOR_LR=0.005 ... done (3.2s)
[8/9] Evaluating: LR=0.0005, VALUE_LAMBDA=0.9, ACTOR_LR=0.001 ... done (3.2s)
[9/9] Evaluating: LR=0.0005, VALUE_LAMBDA=0.9, ACTOR_LR=0.0005 ... done (3.3s)

Tuning summary saved to results/lambda_sweep/20260915_230741/FourRooms-misc/ppo/exact_td_lambda_0.9/tuning/20260915_232052/FourRooms-misc/tuning_summary.csv
Best configuration saved to results/lambda_sweep/20260915_230741/FourRooms-misc/ppo/exact_td_lambda_0.9/tuning/20260915_232052/FourRooms-misc/best_config.json

============================================================
★ TOP CONFIGURATION: LR=0.005, VALUE_LAMBDA=0.9, ACTOR_LR=0.001 (Ranked by auc [higher is better])
  AUC V_start:          6.6343e-01
  Final Window (750 steps): 7.5392e-01
  Final V_start:         7.5536e-01 (±8.0921e-05)
  Min V_start:           2.4043e-02
============================================================

Top 5 Configurations:
 rank  config_idx     LR  VALUE_LAMBDA  ACTOR_LR  auc_V_start  final_window_V_start  final_V_start_mean  final_V_start_std  min_V_start  max_V_start  mean_V_start
    1           1 0.0050           0.9    0.0010     0.663427              0.753917            0.755357           0.000081     0.024043     0.755363      0.663427
    2           2 0.0050           0.9    0.0005     0.633254              0.745557            0.754887           0.000149     0.024043     0.754892      0.633254
    3           5 0.0010           0.9    0.0005     0.603245              0.732947            0.754796           0.000179     0.024043     0.754796      0.603245
    4           6 0.0005           0.9    0.0050     0.592697              0.727218            0.750041           0.009655     0.024043     0.750326      0.592697
    5           3 0.0010           0.9    0.0050     0.553210              0.677686            0.748656           0.008674     0.024043     0.748767      0.553210
============================================================

Results saved to results/lambda_sweep/20260915_230741/FourRooms-misc/ppo/exact_td_lambda_0.9/tuning/20260915_232052/FourRooms-misc/out.pkl
Config saved to results/lambda_sweep/20260915_230741/FourRooms-misc/ppo/exact_td_lambda_0.9/tuning/20260915_232052/FourRooms-misc/config.json
Config saved to results/lambda_sweep/20260915_230741/FourRooms-misc/ppo/exact_td_lambda_0.9/tuning/20260915_232052/FourRooms-misc/config.json
Sweep plot saved to results/lambda_sweep/20260915_230741/FourRooms-misc/ppo/exact_td_lambda_0.9/tuning/20260915_232052/FourRooms-misc/hyperparameter_sweep_V_start.png
Best config seeds plot saved to results/lambda_sweep/20260915_230741/FourRooms-misc/ppo/exact_td_lambda_0.9/tuning/20260915_232052/FourRooms-misc/best_config_seeds.png
All configs seed grid saved to results/lambda_sweep/20260915_230741/FourRooms-misc/ppo/exact_td_lambda_0.9/tuning/20260915_232052/FourRooms-misc/all_configs_seeds_grid.png
Successfully completed tuning for exact_td_lambda_0.9

---> Running sweep for pseudo-algorithm: exact_td_lambda_0.95
Env: FourRooms-misc
Default Obs Shape: (13, 13, 2)
Obs Shape: (13, 13, 2)
Action Shape: ()

============================================================
RUNNING SWEEP: 9 configs x 5 seeds = 45 runs
Environment: FourRooms-misc | Primary Metric: V_start
Hyperparameters: ['LR', 'VALUE_LAMBDA', 'ACTOR_LR']
Ranking By: auc (higher is better)
============================================================

[1/9] Evaluating: LR=0.005, VALUE_LAMBDA=0.95, ACTOR_LR=0.005 ...- obs shape for initialization is  (13, 13, 2)
number of features is  16
 done (7.2s)
[2/9] Evaluating: LR=0.005, VALUE_LAMBDA=0.95, ACTOR_LR=0.001 ... done (3.2s)
[3/9] Evaluating: LR=0.005, VALUE_LAMBDA=0.95, ACTOR_LR=0.0005 ... done (3.2s)
[4/9] Evaluating: LR=0.001, VALUE_LAMBDA=0.95, ACTOR_LR=0.005 ... done (3.2s)
[5/9] Evaluating: LR=0.001, VALUE_LAMBDA=0.95, ACTOR_LR=0.001 ... done (3.3s)
[6/9] Evaluating: LR=0.001, VALUE_LAMBDA=0.95, ACTOR_LR=0.0005 ... done (3.2s)
[7/9] Evaluating: LR=0.0005, VALUE_LAMBDA=0.95, ACTOR_LR=0.005 ... done (3.2s)
[8/9] Evaluating: LR=0.0005, VALUE_LAMBDA=0.95, ACTOR_LR=0.001 ... done (3.3s)
[9/9] Evaluating: LR=0.0005, VALUE_LAMBDA=0.95, ACTOR_LR=0.0005 ... done (3.3s)

Tuning summary saved to results/lambda_sweep/20260915_230741/FourRooms-misc/ppo/exact_td_lambda_0.95/tuning/20260915_232139/FourRooms-misc/tuning_summary.csv
Best configuration saved to results/lambda_sweep/20260915_230741/FourRooms-misc/ppo/exact_td_lambda_0.95/tuning/20260915_232139/FourRooms-misc/best_config.json

============================================================
★ TOP CONFIGURATION: LR=0.005, VALUE_LAMBDA=0.95, ACTOR_LR=0.001 (Ranked by auc [higher is better])
  AUC V_start:          6.6376e-01
  Final Window (750 steps): 7.5368e-01
  Final V_start:         7.5533e-01 (±1.0406e-04)
  Min V_start:           2.4043e-02
============================================================

Top 5 Configurations:
 rank  config_idx     LR  VALUE_LAMBDA  ACTOR_LR  auc_V_start  final_window_V_start  final_V_start_mean  final_V_start_std  min_V_start  max_V_start  mean_V_start
    1           1 0.0050          0.95    0.0010     0.663756              0.753676            0.755333           0.000104     0.024043     0.755359      0.663756
    2           2 0.0050          0.95    0.0005     0.631488              0.744071            0.754797           0.000188     0.024043     0.754797      0.631488
    3           5 0.0010          0.95    0.0005     0.601486              0.728488            0.754832           0.000195     0.024043     0.754843      0.601486
    4           0 0.0050          0.95    0.0050     0.560073              0.621077            0.622032           0.254525     0.024043     0.622550      0.560073
    5           8 0.0005          0.95    0.0005     0.540505              0.661701            0.754008           0.002393     0.024043     0.754008      0.540505
============================================================

Results saved to results/lambda_sweep/20260915_230741/FourRooms-misc/ppo/exact_td_lambda_0.95/tuning/20260915_232139/FourRooms-misc/out.pkl
Config saved to results/lambda_sweep/20260915_230741/FourRooms-misc/ppo/exact_td_lambda_0.95/tuning/20260915_232139/FourRooms-misc/config.json
Config saved to results/lambda_sweep/20260915_230741/FourRooms-misc/ppo/exact_td_lambda_0.95/tuning/20260915_232139/FourRooms-misc/config.json
Sweep plot saved to results/lambda_sweep/20260915_230741/FourRooms-misc/ppo/exact_td_lambda_0.95/tuning/20260915_232139/FourRooms-misc/hyperparameter_sweep_V_start.png
Best config seeds plot saved to results/lambda_sweep/20260915_230741/FourRooms-misc/ppo/exact_td_lambda_0.95/tuning/20260915_232139/FourRooms-misc/best_config_seeds.png
All configs seed grid saved to results/lambda_sweep/20260915_230741/FourRooms-misc/ppo/exact_td_lambda_0.95/tuning/20260915_232139/FourRooms-misc/all_configs_seeds_grid.png
Successfully completed tuning for exact_td_lambda_0.95

---> Running sweep for pseudo-algorithm: exact_td_lambda_0.99
Env: FourRooms-misc
Default Obs Shape: (13, 13, 2)
Obs Shape: (13, 13, 2)
Action Shape: ()

============================================================
RUNNING SWEEP: 9 configs x 5 seeds = 45 runs
Environment: FourRooms-misc | Primary Metric: V_start
Hyperparameters: ['LR', 'VALUE_LAMBDA', 'ACTOR_LR']
Ranking By: auc (higher is better)
============================================================

[1/9] Evaluating: LR=0.005, VALUE_LAMBDA=0.99, ACTOR_LR=0.005 ...- obs shape for initialization is  (13, 13, 2)
number of features is  16
 done (7.4s)
[2/9] Evaluating: LR=0.005, VALUE_LAMBDA=0.99, ACTOR_LR=0.001 ... done (3.2s)
[3/9] Evaluating: LR=0.005, VALUE_LAMBDA=0.99, ACTOR_LR=0.0005 ... done (3.2s)
[4/9] Evaluating: LR=0.001, VALUE_LAMBDA=0.99, ACTOR_LR=0.005 ... done (3.2s)
[5/9] Evaluating: LR=0.001, VALUE_LAMBDA=0.99, ACTOR_LR=0.001 ... done (3.3s)
[6/9] Evaluating: LR=0.001, VALUE_LAMBDA=0.99, ACTOR_LR=0.0005 ... done (3.2s)
[7/9] Evaluating: LR=0.0005, VALUE_LAMBDA=0.99, ACTOR_LR=0.005 ... done (3.3s)
[8/9] Evaluating: LR=0.0005, VALUE_LAMBDA=0.99, ACTOR_LR=0.001 ... done (3.3s)
[9/9] Evaluating: LR=0.0005, VALUE_LAMBDA=0.99, ACTOR_LR=0.0005 ... done (3.3s)

Tuning summary saved to results/lambda_sweep/20260915_230741/FourRooms-misc/ppo/exact_td_lambda_0.99/tuning/20260915_232225/FourRooms-misc/tuning_summary.csv
Best configuration saved to results/lambda_sweep/20260915_230741/FourRooms-misc/ppo/exact_td_lambda_0.99/tuning/20260915_232225/FourRooms-misc/best_config.json

============================================================
★ TOP CONFIGURATION: LR=0.005, VALUE_LAMBDA=0.99, ACTOR_LR=0.001 (Ranked by auc [higher is better])
  AUC V_start:          6.6259e-01
  Final Window (750 steps): 7.5384e-01
  Final V_start:         7.5533e-01 (±1.6781e-04)
  Min V_start:           2.4043e-02
============================================================

Top 5 Configurations:
 rank  config_idx     LR  VALUE_LAMBDA  ACTOR_LR  auc_V_start  final_window_V_start  final_V_start_mean  final_V_start_std  min_V_start  max_V_start  mean_V_start
    1           1 0.0050          0.99    0.0010     0.662595              0.753839            0.755328           0.000168     0.024043     0.755365      0.662595
    2           5 0.0010          0.99    0.0005     0.626781              0.746282            0.754168           0.001558     0.024043     0.754184      0.626781
    3           2 0.0050          0.99    0.0005     0.625348              0.740143            0.754805           0.000207     0.024043     0.754805      0.625348
    4           0 0.0050          0.99    0.0050     0.571568              0.614616            0.614401           0.283541     0.024043     0.679295      0.571568
    5           6 0.0005          0.99    0.0050     0.468346              0.551881            0.574730           0.288658     0.024043     0.706478      0.468346
============================================================

Results saved to results/lambda_sweep/20260915_230741/FourRooms-misc/ppo/exact_td_lambda_0.99/tuning/20260915_232225/FourRooms-misc/out.pkl
Config saved to results/lambda_sweep/20260915_230741/FourRooms-misc/ppo/exact_td_lambda_0.99/tuning/20260915_232225/FourRooms-misc/config.json
Config saved to results/lambda_sweep/20260915_230741/FourRooms-misc/ppo/exact_td_lambda_0.99/tuning/20260915_232225/FourRooms-misc/config.json
Sweep plot saved to results/lambda_sweep/20260915_230741/FourRooms-misc/ppo/exact_td_lambda_0.99/tuning/20260915_232225/FourRooms-misc/hyperparameter_sweep_V_start.png
Best config seeds plot saved to results/lambda_sweep/20260915_230741/FourRooms-misc/ppo/exact_td_lambda_0.99/tuning/20260915_232225/FourRooms-misc/best_config_seeds.png
All configs seed grid saved to results/lambda_sweep/20260915_230741/FourRooms-misc/ppo/exact_td_lambda_0.99/tuning/20260915_232225/FourRooms-misc/all_configs_seeds_grid.png
Successfully completed tuning for exact_td_lambda_0.99
Sweep pipeline completed successfully for FourRooms-misc / exact_td_lambda
