======================================================================
Starting SLURM Lambda Sweep Worker
Environment: FourRooms-misc
Policy:      fixed
Algorithm:   exact_td_lambda
Sweep ID:    20260915_230741
======================================================================
[FourRooms-misc] Auto-resolved MODEL_LOAD_DIR to valid checkpoint: 'ground_truth/partial_four_rooms'
======================================================================
Starting Lambda Sweep Worker
Sweep ID: 20260915_230741 | Env: FourRooms-misc | Policy: fixed | Algo: exact_td_lambda
Lambdas: [0.0, 0.5, 0.9, 0.95, 0.99]
======================================================================

---> Running sweep for pseudo-algorithm: exact_td_lambda_0.0
Env: FourRooms-misc
Default Obs Shape: (13, 13, 2)
Obs Shape: (13, 13, 2)
Action Shape: ()
ppo/ground_truth/partial_four_rooms

============================================================
RUNNING SWEEP: 3 configs x 5 seeds = 15 runs
Environment: FourRooms-misc | Primary Metric: nn_weighted_VE
Hyperparameters: ['LR', 'VALUE_LAMBDA']
Ranking By: auc (lower is better)
============================================================

[1/3] Evaluating: LR=0.005, VALUE_LAMBDA=0.0 ...- obs shape for initialization is  (13, 13, 2)
number of features is  16
 done (15.2s)
[2/3] Evaluating: LR=0.001, VALUE_LAMBDA=0.0 ... done (1.2s)
[3/3] Evaluating: LR=0.0005, VALUE_LAMBDA=0.0 ... done (1.2s)

Tuning summary saved to results/lambda_sweep/20260915_230741/FourRooms-misc/fixed/exact_td_lambda_0.0/tuning/20260915_231507/FourRooms-misc/tuning_summary.csv
Best configuration saved to results/lambda_sweep/20260915_230741/FourRooms-misc/fixed/exact_td_lambda_0.0/tuning/20260915_231507/FourRooms-misc/best_config.json

============================================================
★ TOP CONFIGURATION: LR=0.005, VALUE_LAMBDA=0.0 (Ranked by auc [lower is better])
  AUC nn_weighted_VE:          1.6145e-02
  Final Window (750 steps): 8.8579e-04
  Final nn_weighted_VE:         1.6017e-04 (±4.2107e-05)
  Min nn_weighted_VE:           1.5915e-04
============================================================

Top 5 Configurations:
 rank  config_idx     LR  VALUE_LAMBDA  auc_nn_weighted_VE  final_window_nn_weighted_VE  final_nn_weighted_VE_mean  final_nn_weighted_VE_std  min_nn_weighted_VE  max_nn_weighted_VE  mean_nn_weighted_VE
    1           0 0.0050           0.0            0.016145                     0.000886                   0.000160                  0.000042            0.000159             0.69464             0.016145
    2           1 0.0010           0.0            0.029522                     0.000260                   0.000116                  0.000030            0.000110             0.69464             0.029522
    3           2 0.0005           0.0            0.040150                     0.000657                   0.000118                  0.000044            0.000118             0.69464             0.040150
============================================================

Results saved to results/lambda_sweep/20260915_230741/FourRooms-misc/fixed/exact_td_lambda_0.0/tuning/20260915_231507/FourRooms-misc/out.pkl
Config saved to results/lambda_sweep/20260915_230741/FourRooms-misc/fixed/exact_td_lambda_0.0/tuning/20260915_231507/FourRooms-misc/config.json
Config saved to results/lambda_sweep/20260915_230741/FourRooms-misc/fixed/exact_td_lambda_0.0/tuning/20260915_231507/FourRooms-misc/config.json
Sweep plot saved to results/lambda_sweep/20260915_230741/FourRooms-misc/fixed/exact_td_lambda_0.0/tuning/20260915_231507/FourRooms-misc/hyperparameter_sweep_nn_weighted_VE.png
Best config seeds plot saved to results/lambda_sweep/20260915_230741/FourRooms-misc/fixed/exact_td_lambda_0.0/tuning/20260915_231507/FourRooms-misc/best_config_seeds.png
All configs seed grid saved to results/lambda_sweep/20260915_230741/FourRooms-misc/fixed/exact_td_lambda_0.0/tuning/20260915_231507/FourRooms-misc/all_configs_seeds_grid.png
Successfully completed tuning for exact_td_lambda_0.0

---> Running sweep for pseudo-algorithm: exact_td_lambda_0.5
Env: FourRooms-misc
Default Obs Shape: (13, 13, 2)
Obs Shape: (13, 13, 2)
Action Shape: ()
ppo/ground_truth/partial_four_rooms

============================================================
RUNNING SWEEP: 3 configs x 5 seeds = 15 runs
Environment: FourRooms-misc | Primary Metric: nn_weighted_VE
Hyperparameters: ['LR', 'VALUE_LAMBDA']
Ranking By: auc (lower is better)
============================================================

[1/3] Evaluating: LR=0.005, VALUE_LAMBDA=0.5 ...- obs shape for initialization is  (13, 13, 2)
number of features is  16
 done (3.5s)
[2/3] Evaluating: LR=0.001, VALUE_LAMBDA=0.5 ... done (1.2s)
[3/3] Evaluating: LR=0.0005, VALUE_LAMBDA=0.5 ... done (1.2s)

Tuning summary saved to results/lambda_sweep/20260915_230741/FourRooms-misc/fixed/exact_td_lambda_0.5/tuning/20260915_231542/FourRooms-misc/tuning_summary.csv
Best configuration saved to results/lambda_sweep/20260915_230741/FourRooms-misc/fixed/exact_td_lambda_0.5/tuning/20260915_231542/FourRooms-misc/best_config.json

============================================================
★ TOP CONFIGURATION: LR=0.005, VALUE_LAMBDA=0.5 (Ranked by auc [lower is better])
  AUC nn_weighted_VE:          1.4624e-02
  Final Window (750 steps): 1.9131e-04
  Final nn_weighted_VE:         7.2283e-05 (±2.4743e-05)
  Min nn_weighted_VE:           7.0474e-05
============================================================

Top 5 Configurations:
 rank  config_idx     LR  VALUE_LAMBDA  auc_nn_weighted_VE  final_window_nn_weighted_VE  final_nn_weighted_VE_mean  final_nn_weighted_VE_std  min_nn_weighted_VE  max_nn_weighted_VE  mean_nn_weighted_VE
    1           0 0.0050           0.5            0.014624                     0.000191                   0.000072                  0.000025            0.000070             0.69464             0.014624
    2           1 0.0010           0.5            0.027774                     0.000149                   0.000089                  0.000063            0.000061             0.69464             0.027774
    3           2 0.0005           0.5            0.037695                     0.000357                   0.000072                  0.000056            0.000072             0.69464             0.037695
============================================================

Results saved to results/lambda_sweep/20260915_230741/FourRooms-misc/fixed/exact_td_lambda_0.5/tuning/20260915_231542/FourRooms-misc/out.pkl
Config saved to results/lambda_sweep/20260915_230741/FourRooms-misc/fixed/exact_td_lambda_0.5/tuning/20260915_231542/FourRooms-misc/config.json
Config saved to results/lambda_sweep/20260915_230741/FourRooms-misc/fixed/exact_td_lambda_0.5/tuning/20260915_231542/FourRooms-misc/config.json
Sweep plot saved to results/lambda_sweep/20260915_230741/FourRooms-misc/fixed/exact_td_lambda_0.5/tuning/20260915_231542/FourRooms-misc/hyperparameter_sweep_nn_weighted_VE.png
Best config seeds plot saved to results/lambda_sweep/20260915_230741/FourRooms-misc/fixed/exact_td_lambda_0.5/tuning/20260915_231542/FourRooms-misc/best_config_seeds.png
All configs seed grid saved to results/lambda_sweep/20260915_230741/FourRooms-misc/fixed/exact_td_lambda_0.5/tuning/20260915_231542/FourRooms-misc/all_configs_seeds_grid.png
Successfully completed tuning for exact_td_lambda_0.5

---> Running sweep for pseudo-algorithm: exact_td_lambda_0.9
Env: FourRooms-misc
Default Obs Shape: (13, 13, 2)
Obs Shape: (13, 13, 2)
Action Shape: ()
ppo/ground_truth/partial_four_rooms

============================================================
RUNNING SWEEP: 3 configs x 5 seeds = 15 runs
Environment: FourRooms-misc | Primary Metric: nn_weighted_VE
Hyperparameters: ['LR', 'VALUE_LAMBDA']
Ranking By: auc (lower is better)
============================================================

[1/3] Evaluating: LR=0.005, VALUE_LAMBDA=0.9 ...- obs shape for initialization is  (13, 13, 2)
number of features is  16
 done (3.5s)
[2/3] Evaluating: LR=0.001, VALUE_LAMBDA=0.9 ... done (1.2s)
[3/3] Evaluating: LR=0.0005, VALUE_LAMBDA=0.9 ... done (1.2s)

Tuning summary saved to results/lambda_sweep/20260915_230741/FourRooms-misc/fixed/exact_td_lambda_0.9/tuning/20260915_231601/FourRooms-misc/tuning_summary.csv
Best configuration saved to results/lambda_sweep/20260915_230741/FourRooms-misc/fixed/exact_td_lambda_0.9/tuning/20260915_231601/FourRooms-misc/best_config.json

============================================================
★ TOP CONFIGURATION: LR=0.005, VALUE_LAMBDA=0.9 (Ranked by auc [lower is better])
  AUC nn_weighted_VE:          1.3819e-02
  Final Window (750 steps): 1.6495e-05
  Final nn_weighted_VE:         2.5664e-06 (±8.7408e-07)
  Min nn_weighted_VE:           2.5664e-06
============================================================

Top 5 Configurations:
 rank  config_idx     LR  VALUE_LAMBDA  auc_nn_weighted_VE  final_window_nn_weighted_VE  final_nn_weighted_VE_mean  final_nn_weighted_VE_std  min_nn_weighted_VE  max_nn_weighted_VE  mean_nn_weighted_VE
    1           0 0.0050           0.9            0.013819                     0.000016                   0.000003              8.740798e-07            0.000003             0.69464             0.013819
    2           1 0.0010           0.9            0.026345                     0.000077                   0.000036              1.679281e-05            0.000026             0.69464             0.026345
    3           2 0.0005           0.9            0.035783                     0.000229                   0.000051              3.849333e-05            0.000051             0.69464             0.035783
============================================================

Results saved to results/lambda_sweep/20260915_230741/FourRooms-misc/fixed/exact_td_lambda_0.9/tuning/20260915_231601/FourRooms-misc/out.pkl
Config saved to results/lambda_sweep/20260915_230741/FourRooms-misc/fixed/exact_td_lambda_0.9/tuning/20260915_231601/FourRooms-misc/config.json
Config saved to results/lambda_sweep/20260915_230741/FourRooms-misc/fixed/exact_td_lambda_0.9/tuning/20260915_231601/FourRooms-misc/config.json
Sweep plot saved to results/lambda_sweep/20260915_230741/FourRooms-misc/fixed/exact_td_lambda_0.9/tuning/20260915_231601/FourRooms-misc/hyperparameter_sweep_nn_weighted_VE.png
Best config seeds plot saved to results/lambda_sweep/20260915_230741/FourRooms-misc/fixed/exact_td_lambda_0.9/tuning/20260915_231601/FourRooms-misc/best_config_seeds.png
All configs seed grid saved to results/lambda_sweep/20260915_230741/FourRooms-misc/fixed/exact_td_lambda_0.9/tuning/20260915_231601/FourRooms-misc/all_configs_seeds_grid.png
Successfully completed tuning for exact_td_lambda_0.9

---> Running sweep for pseudo-algorithm: exact_td_lambda_0.95
Env: FourRooms-misc
Default Obs Shape: (13, 13, 2)
Obs Shape: (13, 13, 2)
Action Shape: ()
ppo/ground_truth/partial_four_rooms

============================================================
RUNNING SWEEP: 3 configs x 5 seeds = 15 runs
Environment: FourRooms-misc | Primary Metric: nn_weighted_VE
Hyperparameters: ['LR', 'VALUE_LAMBDA']
Ranking By: auc (lower is better)
============================================================

[1/3] Evaluating: LR=0.005, VALUE_LAMBDA=0.95 ...- obs shape for initialization is  (13, 13, 2)
number of features is  16
 done (3.5s)
[2/3] Evaluating: LR=0.001, VALUE_LAMBDA=0.95 ... done (1.2s)
[3/3] Evaluating: LR=0.0005, VALUE_LAMBDA=0.95 ... done (1.2s)

Tuning summary saved to results/lambda_sweep/20260915_230741/FourRooms-misc/fixed/exact_td_lambda_0.95/tuning/20260915_231619/FourRooms-misc/tuning_summary.csv
Best configuration saved to results/lambda_sweep/20260915_230741/FourRooms-misc/fixed/exact_td_lambda_0.95/tuning/20260915_231619/FourRooms-misc/best_config.json

============================================================
★ TOP CONFIGURATION: LR=0.005, VALUE_LAMBDA=0.95 (Ranked by auc [lower is better])
  AUC nn_weighted_VE:          1.3805e-02
  Final Window (750 steps): 1.1415e-05
  Final nn_weighted_VE:         1.9192e-06 (±6.0746e-07)
  Min nn_weighted_VE:           1.9192e-06
============================================================

Top 5 Configurations:
 rank  config_idx     LR  VALUE_LAMBDA  auc_nn_weighted_VE  final_window_nn_weighted_VE  final_nn_weighted_VE_mean  final_nn_weighted_VE_std  min_nn_weighted_VE  max_nn_weighted_VE  mean_nn_weighted_VE
    1           0 0.0050          0.95            0.013805                     0.000011                   0.000002              6.074595e-07            0.000002             0.69464             0.013805
    2           1 0.0010          0.95            0.026423                     0.000062                   0.000019              1.498237e-05            0.000019             0.69464             0.026423
    3           2 0.0005          0.95            0.036082                     0.000198                   0.000042              3.173200e-05            0.000042             0.69464             0.036082
============================================================

Results saved to results/lambda_sweep/20260915_230741/FourRooms-misc/fixed/exact_td_lambda_0.95/tuning/20260915_231619/FourRooms-misc/out.pkl
Config saved to results/lambda_sweep/20260915_230741/FourRooms-misc/fixed/exact_td_lambda_0.95/tuning/20260915_231619/FourRooms-misc/config.json
Config saved to results/lambda_sweep/20260915_230741/FourRooms-misc/fixed/exact_td_lambda_0.95/tuning/20260915_231619/FourRooms-misc/config.json
Sweep plot saved to results/lambda_sweep/20260915_230741/FourRooms-misc/fixed/exact_td_lambda_0.95/tuning/20260915_231619/FourRooms-misc/hyperparameter_sweep_nn_weighted_VE.png
Best config seeds plot saved to results/lambda_sweep/20260915_230741/FourRooms-misc/fixed/exact_td_lambda_0.95/tuning/20260915_231619/FourRooms-misc/best_config_seeds.png
All configs seed grid saved to results/lambda_sweep/20260915_230741/FourRooms-misc/fixed/exact_td_lambda_0.95/tuning/20260915_231619/FourRooms-misc/all_configs_seeds_grid.png
Successfully completed tuning for exact_td_lambda_0.95

---> Running sweep for pseudo-algorithm: exact_td_lambda_0.99
Env: FourRooms-misc
Default Obs Shape: (13, 13, 2)
Obs Shape: (13, 13, 2)
Action Shape: ()
ppo/ground_truth/partial_four_rooms

============================================================
RUNNING SWEEP: 3 configs x 5 seeds = 15 runs
Environment: FourRooms-misc | Primary Metric: nn_weighted_VE
Hyperparameters: ['LR', 'VALUE_LAMBDA']
Ranking By: auc (lower is better)
============================================================

[1/3] Evaluating: LR=0.005, VALUE_LAMBDA=0.99 ...- obs shape for initialization is  (13, 13, 2)
number of features is  16
 done (3.6s)
[2/3] Evaluating: LR=0.001, VALUE_LAMBDA=0.99 ... done (1.2s)
[3/3] Evaluating: LR=0.0005, VALUE_LAMBDA=0.99 ... done (1.2s)

Tuning summary saved to results/lambda_sweep/20260915_230741/FourRooms-misc/fixed/exact_td_lambda_0.99/tuning/20260915_231638/FourRooms-misc/tuning_summary.csv
Best configuration saved to results/lambda_sweep/20260915_230741/FourRooms-misc/fixed/exact_td_lambda_0.99/tuning/20260915_231638/FourRooms-misc/best_config.json

============================================================
★ TOP CONFIGURATION: LR=0.005, VALUE_LAMBDA=0.99 (Ranked by auc [lower is better])
  AUC nn_weighted_VE:          1.3916e-02
  Final Window (750 steps): 1.7497e-05
  Final nn_weighted_VE:         5.9741e-05 (±1.1560e-04)
  Min nn_weighted_VE:           1.8413e-06
============================================================

Top 5 Configurations:
 rank  config_idx     LR  VALUE_LAMBDA  auc_nn_weighted_VE  final_window_nn_weighted_VE  final_nn_weighted_VE_mean  final_nn_weighted_VE_std  min_nn_weighted_VE  max_nn_weighted_VE  mean_nn_weighted_VE
    1           0 0.0050          0.99            0.013916                     0.000017                   0.000060                  0.000116            0.000002             0.69464             0.013916
    2           1 0.0010          0.99            0.026610                     0.000053                   0.000029                  0.000024            0.000016             0.69464             0.026610
    3           2 0.0005          0.99            0.036439                     0.000176                   0.000032                  0.000024            0.000032             0.69464             0.036439
============================================================

Results saved to results/lambda_sweep/20260915_230741/FourRooms-misc/fixed/exact_td_lambda_0.99/tuning/20260915_231638/FourRooms-misc/out.pkl
Config saved to results/lambda_sweep/20260915_230741/FourRooms-misc/fixed/exact_td_lambda_0.99/tuning/20260915_231638/FourRooms-misc/config.json
Config saved to results/lambda_sweep/20260915_230741/FourRooms-misc/fixed/exact_td_lambda_0.99/tuning/20260915_231638/FourRooms-misc/config.json
Sweep plot saved to results/lambda_sweep/20260915_230741/FourRooms-misc/fixed/exact_td_lambda_0.99/tuning/20260915_231638/FourRooms-misc/hyperparameter_sweep_nn_weighted_VE.png
Best config seeds plot saved to results/lambda_sweep/20260915_230741/FourRooms-misc/fixed/exact_td_lambda_0.99/tuning/20260915_231638/FourRooms-misc/best_config_seeds.png
All configs seed grid saved to results/lambda_sweep/20260915_230741/FourRooms-misc/fixed/exact_td_lambda_0.99/tuning/20260915_231638/FourRooms-misc/all_configs_seeds_grid.png
Successfully completed tuning for exact_td_lambda_0.99
Sweep pipeline completed successfully for FourRooms-misc / exact_td_lambda
