======================================================================
Starting SLURM Lambda Sweep Worker
Environment: Whirlpool
Policy:      random
Algorithm:   exact_E_lambda
Sweep ID:    20260915_230741
======================================================================
======================================================================
Starting Lambda Sweep Worker
Sweep ID: 20260915_230741 | Env: Whirlpool | Policy: random | Algo: exact_E_lambda
Lambdas: [0.0, 0.5, 0.9, 0.95, 0.99]
======================================================================

---> Running sweep for pseudo-algorithm: exact_E_lambda_0.0
Env: Whirlpool
Default Obs Shape: (21, 21, 2)
Obs Shape: (21, 21, 2)
Action Shape: ()

============================================================
RUNNING SWEEP: 3 configs x 5 seeds = 15 runs
Environment: Whirlpool | Primary Metric: nn_weighted_VE
Hyperparameters: ['LR', 'VALUE_LAMBDA']
Ranking By: auc (lower is better)
============================================================

[1/3] Evaluating: LR=0.005, VALUE_LAMBDA=0.0 ...- obs shape for initialization is  (21, 21, 2)
number of features is  16
 done (32.3s)
[2/3] Evaluating: LR=0.001, VALUE_LAMBDA=0.0 ... done (10.0s)
[3/3] Evaluating: LR=0.0005, VALUE_LAMBDA=0.0 ... done (10.0s)

Tuning summary saved to results/lambda_sweep/20260915_230741/Whirlpool/random/exact_E_lambda_0.0/tuning/20260915_232505/Whirlpool/tuning_summary.csv
Best configuration saved to results/lambda_sweep/20260915_230741/Whirlpool/random/exact_E_lambda_0.0/tuning/20260915_232505/Whirlpool/best_config.json

============================================================
★ TOP CONFIGURATION: LR=0.005, VALUE_LAMBDA=0.0 (Ranked by auc [lower is better])
  AUC nn_weighted_VE:          7.9229e-04
  Final Window (750 steps): 1.8736e-05
  Final nn_weighted_VE:         9.4030e-06 (±1.8124e-05)
  Min nn_weighted_VE:           9.3917e-06
============================================================

Top 5 Configurations:
 rank  config_idx     LR  VALUE_LAMBDA  auc_nn_weighted_VE  final_window_nn_weighted_VE  final_nn_weighted_VE_mean  final_nn_weighted_VE_std  min_nn_weighted_VE  max_nn_weighted_VE  mean_nn_weighted_VE
    1           0 0.0050           0.0            0.000792                     0.000019               9.402994e-06              1.812426e-05        9.391693e-06             0.01784             0.000792
    2           1 0.0010           0.0            0.001533                     0.000010               8.502701e-07              2.480270e-07        8.502701e-07             0.01784             0.001533
    3           2 0.0005           0.0            0.002207                     0.000045               3.178015e-06              6.147094e-07        3.178015e-06             0.01784             0.002207
============================================================

Results saved to results/lambda_sweep/20260915_230741/Whirlpool/random/exact_E_lambda_0.0/tuning/20260915_232505/Whirlpool/out.pkl
Config saved to results/lambda_sweep/20260915_230741/Whirlpool/random/exact_E_lambda_0.0/tuning/20260915_232505/Whirlpool/config.json
Config saved to results/lambda_sweep/20260915_230741/Whirlpool/random/exact_E_lambda_0.0/tuning/20260915_232505/Whirlpool/config.json
Sweep plot saved to results/lambda_sweep/20260915_230741/Whirlpool/random/exact_E_lambda_0.0/tuning/20260915_232505/Whirlpool/hyperparameter_sweep_nn_weighted_VE.png
Best config seeds plot saved to results/lambda_sweep/20260915_230741/Whirlpool/random/exact_E_lambda_0.0/tuning/20260915_232505/Whirlpool/best_config_seeds.png
All configs seed grid saved to results/lambda_sweep/20260915_230741/Whirlpool/random/exact_E_lambda_0.0/tuning/20260915_232505/Whirlpool/all_configs_seeds_grid.png
Successfully completed tuning for exact_E_lambda_0.0

---> Running sweep for pseudo-algorithm: exact_E_lambda_0.5
Env: Whirlpool
Default Obs Shape: (21, 21, 2)
Obs Shape: (21, 21, 2)
Action Shape: ()

============================================================
RUNNING SWEEP: 3 configs x 5 seeds = 15 runs
Environment: Whirlpool | Primary Metric: nn_weighted_VE
Hyperparameters: ['LR', 'VALUE_LAMBDA']
Ranking By: auc (lower is better)
============================================================

[1/3] Evaluating: LR=0.005, VALUE_LAMBDA=0.5 ...- obs shape for initialization is  (21, 21, 2)
number of features is  16
 done (14.0s)
[2/3] Evaluating: LR=0.001, VALUE_LAMBDA=0.5 ... done (10.0s)
[3/3] Evaluating: LR=0.0005, VALUE_LAMBDA=0.5 ... done (10.0s)

Tuning summary saved to results/lambda_sweep/20260915_230741/Whirlpool/random/exact_E_lambda_0.5/tuning/20260915_232614/Whirlpool/tuning_summary.csv
Best configuration saved to results/lambda_sweep/20260915_230741/Whirlpool/random/exact_E_lambda_0.5/tuning/20260915_232614/Whirlpool/best_config.json

============================================================
★ TOP CONFIGURATION: LR=0.005, VALUE_LAMBDA=0.5 (Ranked by auc [lower is better])
  AUC nn_weighted_VE:          7.0744e-04
  Final Window (750 steps): 2.9344e-05
  Final nn_weighted_VE:         2.0201e-05 (±2.4809e-05)
  Min nn_weighted_VE:           2.0201e-05
============================================================

Top 5 Configurations:
 rank  config_idx     LR  VALUE_LAMBDA  auc_nn_weighted_VE  final_window_nn_weighted_VE  final_nn_weighted_VE_mean  final_nn_weighted_VE_std  min_nn_weighted_VE  max_nn_weighted_VE  mean_nn_weighted_VE
    1           0 0.0050           0.5            0.000707                     0.000029               2.020142e-05              2.480895e-05        2.020142e-05             0.01784             0.000707
    2           1 0.0010           0.5            0.001367                     0.000010               9.898226e-07              4.280893e-07        9.898226e-07             0.01784             0.001367
    3           2 0.0005           0.5            0.001920                     0.000032               3.035943e-06              1.097278e-06        3.035943e-06             0.01784             0.001920
============================================================

Results saved to results/lambda_sweep/20260915_230741/Whirlpool/random/exact_E_lambda_0.5/tuning/20260915_232614/Whirlpool/out.pkl
Config saved to results/lambda_sweep/20260915_230741/Whirlpool/random/exact_E_lambda_0.5/tuning/20260915_232614/Whirlpool/config.json
Config saved to results/lambda_sweep/20260915_230741/Whirlpool/random/exact_E_lambda_0.5/tuning/20260915_232614/Whirlpool/config.json
Sweep plot saved to results/lambda_sweep/20260915_230741/Whirlpool/random/exact_E_lambda_0.5/tuning/20260915_232614/Whirlpool/hyperparameter_sweep_nn_weighted_VE.png
Best config seeds plot saved to results/lambda_sweep/20260915_230741/Whirlpool/random/exact_E_lambda_0.5/tuning/20260915_232614/Whirlpool/best_config_seeds.png
All configs seed grid saved to results/lambda_sweep/20260915_230741/Whirlpool/random/exact_E_lambda_0.5/tuning/20260915_232614/Whirlpool/all_configs_seeds_grid.png
Successfully completed tuning for exact_E_lambda_0.5

---> Running sweep for pseudo-algorithm: exact_E_lambda_0.9
Env: Whirlpool
Default Obs Shape: (21, 21, 2)
Obs Shape: (21, 21, 2)
Action Shape: ()

============================================================
RUNNING SWEEP: 3 configs x 5 seeds = 15 runs
Environment: Whirlpool | Primary Metric: nn_weighted_VE
Hyperparameters: ['LR', 'VALUE_LAMBDA']
Ranking By: auc (lower is better)
============================================================

[1/3] Evaluating: LR=0.005, VALUE_LAMBDA=0.9 ...- obs shape for initialization is  (21, 21, 2)
number of features is  16
 done (14.0s)
[2/3] Evaluating: LR=0.001, VALUE_LAMBDA=0.9 ... done (10.0s)
[3/3] Evaluating: LR=0.0005, VALUE_LAMBDA=0.9 ... done (10.1s)

Tuning summary saved to results/lambda_sweep/20260915_230741/Whirlpool/random/exact_E_lambda_0.9/tuning/20260915_232659/Whirlpool/tuning_summary.csv
Best configuration saved to results/lambda_sweep/20260915_230741/Whirlpool/random/exact_E_lambda_0.9/tuning/20260915_232659/Whirlpool/best_config.json

============================================================
★ TOP CONFIGURATION: LR=0.005, VALUE_LAMBDA=0.9 (Ranked by auc [lower is better])
  AUC nn_weighted_VE:          5.6288e-04
  Final Window (750 steps): 1.4169e-05
  Final nn_weighted_VE:         1.2272e-05 (±1.6968e-05)
  Min nn_weighted_VE:           1.2269e-05
============================================================

Top 5 Configurations:
 rank  config_idx     LR  VALUE_LAMBDA  auc_nn_weighted_VE  final_window_nn_weighted_VE  final_nn_weighted_VE_mean  final_nn_weighted_VE_std  min_nn_weighted_VE  max_nn_weighted_VE  mean_nn_weighted_VE
    1           0 0.0050           0.9            0.000563                     0.000014                   0.000012              1.696793e-05            0.000012             0.01784             0.000563
    2           1 0.0010           0.9            0.001111                     0.000005                   0.000001              5.679379e-07            0.000001             0.01784             0.001111
    3           2 0.0005           0.9            0.001521                     0.000009                   0.000001              6.023094e-08            0.000001             0.01784             0.001521
============================================================

Results saved to results/lambda_sweep/20260915_230741/Whirlpool/random/exact_E_lambda_0.9/tuning/20260915_232659/Whirlpool/out.pkl
Config saved to results/lambda_sweep/20260915_230741/Whirlpool/random/exact_E_lambda_0.9/tuning/20260915_232659/Whirlpool/config.json
Config saved to results/lambda_sweep/20260915_230741/Whirlpool/random/exact_E_lambda_0.9/tuning/20260915_232659/Whirlpool/config.json
Sweep plot saved to results/lambda_sweep/20260915_230741/Whirlpool/random/exact_E_lambda_0.9/tuning/20260915_232659/Whirlpool/hyperparameter_sweep_nn_weighted_VE.png
Best config seeds plot saved to results/lambda_sweep/20260915_230741/Whirlpool/random/exact_E_lambda_0.9/tuning/20260915_232659/Whirlpool/best_config_seeds.png
All configs seed grid saved to results/lambda_sweep/20260915_230741/Whirlpool/random/exact_E_lambda_0.9/tuning/20260915_232659/Whirlpool/all_configs_seeds_grid.png
Successfully completed tuning for exact_E_lambda_0.9

---> Running sweep for pseudo-algorithm: exact_E_lambda_0.95
Env: Whirlpool
Default Obs Shape: (21, 21, 2)
Obs Shape: (21, 21, 2)
Action Shape: ()

============================================================
RUNNING SWEEP: 3 configs x 5 seeds = 15 runs
Environment: Whirlpool | Primary Metric: nn_weighted_VE
Hyperparameters: ['LR', 'VALUE_LAMBDA']
Ranking By: auc (lower is better)
============================================================

[1/3] Evaluating: LR=0.005, VALUE_LAMBDA=0.95 ...- obs shape for initialization is  (21, 21, 2)
number of features is  16
 done (13.9s)
[2/3] Evaluating: LR=0.001, VALUE_LAMBDA=0.95 ... done (10.1s)
[3/3] Evaluating: LR=0.0005, VALUE_LAMBDA=0.95 ... done (10.1s)

Tuning summary saved to results/lambda_sweep/20260915_230741/Whirlpool/random/exact_E_lambda_0.95/tuning/20260915_232744/Whirlpool/tuning_summary.csv
Best configuration saved to results/lambda_sweep/20260915_230741/Whirlpool/random/exact_E_lambda_0.95/tuning/20260915_232744/Whirlpool/best_config.json

============================================================
★ TOP CONFIGURATION: LR=0.005, VALUE_LAMBDA=0.95 (Ranked by auc [lower is better])
  AUC nn_weighted_VE:          5.2398e-04
  Final Window (750 steps): 2.6036e-06
  Final nn_weighted_VE:         2.4724e-06 (±1.4546e-06)
  Min nn_weighted_VE:           2.4719e-06
============================================================

Top 5 Configurations:
 rank  config_idx     LR  VALUE_LAMBDA  auc_nn_weighted_VE  final_window_nn_weighted_VE  final_nn_weighted_VE_mean  final_nn_weighted_VE_std  min_nn_weighted_VE  max_nn_weighted_VE  mean_nn_weighted_VE
    1           0 0.0050          0.95            0.000524                     0.000003                   0.000002              1.454581e-06            0.000002             0.01784             0.000524
    2           1 0.0010          0.95            0.001049                     0.000003                   0.000001              1.299712e-07            0.000001             0.01784             0.001049
    3           2 0.0005          0.95            0.001432                     0.000007                   0.000001              7.660618e-08            0.000001             0.01784             0.001432
============================================================

Results saved to results/lambda_sweep/20260915_230741/Whirlpool/random/exact_E_lambda_0.95/tuning/20260915_232744/Whirlpool/out.pkl
Config saved to results/lambda_sweep/20260915_230741/Whirlpool/random/exact_E_lambda_0.95/tuning/20260915_232744/Whirlpool/config.json
Config saved to results/lambda_sweep/20260915_230741/Whirlpool/random/exact_E_lambda_0.95/tuning/20260915_232744/Whirlpool/config.json
Sweep plot saved to results/lambda_sweep/20260915_230741/Whirlpool/random/exact_E_lambda_0.95/tuning/20260915_232744/Whirlpool/hyperparameter_sweep_nn_weighted_VE.png
Best config seeds plot saved to results/lambda_sweep/20260915_230741/Whirlpool/random/exact_E_lambda_0.95/tuning/20260915_232744/Whirlpool/best_config_seeds.png
All configs seed grid saved to results/lambda_sweep/20260915_230741/Whirlpool/random/exact_E_lambda_0.95/tuning/20260915_232744/Whirlpool/all_configs_seeds_grid.png
Successfully completed tuning for exact_E_lambda_0.95

---> Running sweep for pseudo-algorithm: exact_E_lambda_0.99
Env: Whirlpool
Default Obs Shape: (21, 21, 2)
Obs Shape: (21, 21, 2)
Action Shape: ()

============================================================
RUNNING SWEEP: 3 configs x 5 seeds = 15 runs
Environment: Whirlpool | Primary Metric: nn_weighted_VE
Hyperparameters: ['LR', 'VALUE_LAMBDA']
Ranking By: auc (lower is better)
============================================================

[1/3] Evaluating: LR=0.005, VALUE_LAMBDA=0.99 ...- obs shape for initialization is  (21, 21, 2)
number of features is  16
 done (13.8s)
[2/3] Evaluating: LR=0.001, VALUE_LAMBDA=0.99 ... done (10.1s)
[3/3] Evaluating: LR=0.0005, VALUE_LAMBDA=0.99 ... done (10.1s)

Tuning summary saved to results/lambda_sweep/20260915_230741/Whirlpool/random/exact_E_lambda_0.99/tuning/20260915_232830/Whirlpool/tuning_summary.csv
Best configuration saved to results/lambda_sweep/20260915_230741/Whirlpool/random/exact_E_lambda_0.99/tuning/20260915_232830/Whirlpool/best_config.json

============================================================
★ TOP CONFIGURATION: LR=0.005, VALUE_LAMBDA=0.99 (Ranked by auc [lower is better])
  AUC nn_weighted_VE:          4.9064e-04
  Final Window (750 steps): 1.6846e-06
  Final nn_weighted_VE:         1.4506e-06 (±5.4634e-07)
  Min nn_weighted_VE:           1.4504e-06
============================================================

Top 5 Configurations:
 rank  config_idx     LR  VALUE_LAMBDA  auc_nn_weighted_VE  final_window_nn_weighted_VE  final_nn_weighted_VE_mean  final_nn_weighted_VE_std  min_nn_weighted_VE  max_nn_weighted_VE  mean_nn_weighted_VE
    1           0 0.0050          0.99            0.000491                     0.000002               1.450554e-06              5.463413e-07        1.450409e-06             0.01784             0.000491
    2           1 0.0010          0.99            0.000978                     0.000002               9.000149e-07              2.066444e-07        9.000149e-07             0.01784             0.000978
    3           2 0.0005          0.99            0.001335                     0.000013               1.177935e-06              1.330359e-07        1.177935e-06             0.01784             0.001335
============================================================

Results saved to results/lambda_sweep/20260915_230741/Whirlpool/random/exact_E_lambda_0.99/tuning/20260915_232830/Whirlpool/out.pkl
Config saved to results/lambda_sweep/20260915_230741/Whirlpool/random/exact_E_lambda_0.99/tuning/20260915_232830/Whirlpool/config.json
Config saved to results/lambda_sweep/20260915_230741/Whirlpool/random/exact_E_lambda_0.99/tuning/20260915_232830/Whirlpool/config.json
Sweep plot saved to results/lambda_sweep/20260915_230741/Whirlpool/random/exact_E_lambda_0.99/tuning/20260915_232830/Whirlpool/hyperparameter_sweep_nn_weighted_VE.png
Best config seeds plot saved to results/lambda_sweep/20260915_230741/Whirlpool/random/exact_E_lambda_0.99/tuning/20260915_232830/Whirlpool/best_config_seeds.png
All configs seed grid saved to results/lambda_sweep/20260915_230741/Whirlpool/random/exact_E_lambda_0.99/tuning/20260915_232830/Whirlpool/all_configs_seeds_grid.png
Successfully completed tuning for exact_E_lambda_0.99
Sweep pipeline completed successfully for Whirlpool / exact_E_lambda
