======================================================================
Starting SLURM Lambda Sweep Worker
Environment: EightRooms
Policy:      fixed
Algorithm:   exact_E_lambda
Sweep ID:    20260915_230741
======================================================================
[EightRooms] Auto-resolved MODEL_LOAD_DIR to valid checkpoint: 'ground_truth/fixed_policies'
======================================================================
Starting Lambda Sweep Worker
Sweep ID: 20260915_230741 | Env: EightRooms | Policy: fixed | Algo: exact_E_lambda
Lambdas: [0.0, 0.5, 0.9, 0.95, 0.99]
======================================================================

---> Running sweep for pseudo-algorithm: exact_E_lambda_0.0
ground_truth/fixed_policies
Env: EightRooms
Default Obs Shape: (25, 13, 2)
Obs Shape: (25, 13, 2)
Action Shape: ()
ppo/ground_truth/fixed_policies

============================================================
RUNNING SWEEP: 3 configs x 5 seeds = 15 runs
Environment: EightRooms | Primary Metric: nn_weighted_VE
Hyperparameters: ['LR', 'VALUE_LAMBDA']
Ranking By: auc (lower is better)
============================================================

[1/3] Evaluating: LR=0.005, VALUE_LAMBDA=0.0 ...- obs shape for initialization is  (25, 13, 2)
number of features is  16
 done (23.7s)
[2/3] Evaluating: LR=0.001, VALUE_LAMBDA=0.0 ... done (2.9s)
[3/3] Evaluating: LR=0.0005, VALUE_LAMBDA=0.0 ... done (2.9s)

Tuning summary saved to results/lambda_sweep/20260915_230741/EightRooms/fixed/exact_E_lambda_0.0/tuning/20260915_230807/EightRooms/tuning_summary.csv
Best configuration saved to results/lambda_sweep/20260915_230741/EightRooms/fixed/exact_E_lambda_0.0/tuning/20260915_230807/EightRooms/best_config.json

============================================================
★ TOP CONFIGURATION: LR=0.005, VALUE_LAMBDA=0.0 (Ranked by auc [lower is better])
  AUC nn_weighted_VE:          1.3291e-02
  Final Window (750 steps): 2.5683e-05
  Final nn_weighted_VE:         1.0748e-05 (±6.1863e-07)
  Min nn_weighted_VE:           1.0748e-05
============================================================

Top 5 Configurations:
 rank  config_idx     LR  VALUE_LAMBDA  auc_nn_weighted_VE  final_window_nn_weighted_VE  final_nn_weighted_VE_mean  final_nn_weighted_VE_std  min_nn_weighted_VE  max_nn_weighted_VE  mean_nn_weighted_VE
    1           0 0.0050           0.0            0.013291                     0.000026                   0.000011              6.186267e-07            0.000011            0.631025             0.013291
    2           1 0.0010           0.0            0.025964                     0.001001                   0.000052              2.377467e-05            0.000038            0.631025             0.025964
    3           2 0.0005           0.0            0.035725                     0.003575                   0.000280              2.494541e-04            0.000280            0.631025             0.035725
============================================================

Results saved to results/lambda_sweep/20260915_230741/EightRooms/fixed/exact_E_lambda_0.0/tuning/20260915_230807/EightRooms/out.pkl
Config saved to results/lambda_sweep/20260915_230741/EightRooms/fixed/exact_E_lambda_0.0/tuning/20260915_230807/EightRooms/config.json
Config saved to results/lambda_sweep/20260915_230741/EightRooms/fixed/exact_E_lambda_0.0/tuning/20260915_230807/EightRooms/config.json
Sweep plot saved to results/lambda_sweep/20260915_230741/EightRooms/fixed/exact_E_lambda_0.0/tuning/20260915_230807/EightRooms/hyperparameter_sweep_nn_weighted_VE.png
Best config seeds plot saved to results/lambda_sweep/20260915_230741/EightRooms/fixed/exact_E_lambda_0.0/tuning/20260915_230807/EightRooms/best_config_seeds.png
All configs seed grid saved to results/lambda_sweep/20260915_230741/EightRooms/fixed/exact_E_lambda_0.0/tuning/20260915_230807/EightRooms/all_configs_seeds_grid.png
Successfully completed tuning for exact_E_lambda_0.0

---> Running sweep for pseudo-algorithm: exact_E_lambda_0.5
ground_truth/fixed_policies
Env: EightRooms
Default Obs Shape: (25, 13, 2)
Obs Shape: (25, 13, 2)
Action Shape: ()
ppo/ground_truth/fixed_policies

============================================================
RUNNING SWEEP: 3 configs x 5 seeds = 15 runs
Environment: EightRooms | Primary Metric: nn_weighted_VE
Hyperparameters: ['LR', 'VALUE_LAMBDA']
Ranking By: auc (lower is better)
============================================================

[1/3] Evaluating: LR=0.005, VALUE_LAMBDA=0.5 ...- obs shape for initialization is  (25, 13, 2)
number of features is  16
 done (6.2s)
[2/3] Evaluating: LR=0.001, VALUE_LAMBDA=0.5 ... done (2.9s)
[3/3] Evaluating: LR=0.0005, VALUE_LAMBDA=0.5 ... done (2.9s)

Tuning summary saved to results/lambda_sweep/20260915_230741/EightRooms/fixed/exact_E_lambda_0.5/tuning/20260915_230906/EightRooms/tuning_summary.csv
Best configuration saved to results/lambda_sweep/20260915_230741/EightRooms/fixed/exact_E_lambda_0.5/tuning/20260915_230906/EightRooms/best_config.json

============================================================
★ TOP CONFIGURATION: LR=0.005, VALUE_LAMBDA=0.5 (Ranked by auc [lower is better])
  AUC nn_weighted_VE:          1.2796e-02
  Final Window (750 steps): 2.4859e-05
  Final nn_weighted_VE:         5.7015e-06 (±2.2312e-06)
  Min nn_weighted_VE:           4.6009e-06
============================================================

Top 5 Configurations:
 rank  config_idx     LR  VALUE_LAMBDA  auc_nn_weighted_VE  final_window_nn_weighted_VE  final_nn_weighted_VE_mean  final_nn_weighted_VE_std  min_nn_weighted_VE  max_nn_weighted_VE  mean_nn_weighted_VE
    1           0 0.0050           0.5            0.012796                     0.000025                   0.000006                  0.000002            0.000005            0.631025             0.012796
    2           1 0.0010           0.5            0.024338                     0.000187                   0.000031                  0.000025            0.000015            0.631025             0.024338
    3           2 0.0005           0.5            0.033104                     0.001452                   0.000041                  0.000029            0.000041            0.631025             0.033104
============================================================

Results saved to results/lambda_sweep/20260915_230741/EightRooms/fixed/exact_E_lambda_0.5/tuning/20260915_230906/EightRooms/out.pkl
Config saved to results/lambda_sweep/20260915_230741/EightRooms/fixed/exact_E_lambda_0.5/tuning/20260915_230906/EightRooms/config.json
Config saved to results/lambda_sweep/20260915_230741/EightRooms/fixed/exact_E_lambda_0.5/tuning/20260915_230906/EightRooms/config.json
Sweep plot saved to results/lambda_sweep/20260915_230741/EightRooms/fixed/exact_E_lambda_0.5/tuning/20260915_230906/EightRooms/hyperparameter_sweep_nn_weighted_VE.png
Best config seeds plot saved to results/lambda_sweep/20260915_230741/EightRooms/fixed/exact_E_lambda_0.5/tuning/20260915_230906/EightRooms/best_config_seeds.png
All configs seed grid saved to results/lambda_sweep/20260915_230741/EightRooms/fixed/exact_E_lambda_0.5/tuning/20260915_230906/EightRooms/all_configs_seeds_grid.png
Successfully completed tuning for exact_E_lambda_0.5

---> Running sweep for pseudo-algorithm: exact_E_lambda_0.9
ground_truth/fixed_policies
Env: EightRooms
Default Obs Shape: (25, 13, 2)
Obs Shape: (25, 13, 2)
Action Shape: ()
ppo/ground_truth/fixed_policies

============================================================
RUNNING SWEEP: 3 configs x 5 seeds = 15 runs
Environment: EightRooms | Primary Metric: nn_weighted_VE
Hyperparameters: ['LR', 'VALUE_LAMBDA']
Ranking By: auc (lower is better)
============================================================

[1/3] Evaluating: LR=0.005, VALUE_LAMBDA=0.9 ...- obs shape for initialization is  (25, 13, 2)
number of features is  16
 done (6.2s)
[2/3] Evaluating: LR=0.001, VALUE_LAMBDA=0.9 ... done (2.9s)
[3/3] Evaluating: LR=0.0005, VALUE_LAMBDA=0.9 ... done (2.9s)

Tuning summary saved to results/lambda_sweep/20260915_230741/EightRooms/fixed/exact_E_lambda_0.9/tuning/20260915_230942/EightRooms/tuning_summary.csv
Best configuration saved to results/lambda_sweep/20260915_230741/EightRooms/fixed/exact_E_lambda_0.9/tuning/20260915_230942/EightRooms/best_config.json

============================================================
★ TOP CONFIGURATION: LR=0.005, VALUE_LAMBDA=0.9 (Ranked by auc [lower is better])
  AUC nn_weighted_VE:          1.2550e-02
  Final Window (750 steps): 3.6018e-05
  Final nn_weighted_VE:         2.8481e-06 (±1.0282e-06)
  Min nn_weighted_VE:           2.3211e-06
============================================================

Top 5 Configurations:
 rank  config_idx     LR  VALUE_LAMBDA  auc_nn_weighted_VE  final_window_nn_weighted_VE  final_nn_weighted_VE_mean  final_nn_weighted_VE_std  min_nn_weighted_VE  max_nn_weighted_VE  mean_nn_weighted_VE
    1           0 0.0050           0.9            0.012550                     0.000036                   0.000003                  0.000001            0.000002            0.631025             0.012550
    2           1 0.0010           0.9            0.022886                     0.000032                   0.000009                  0.000007            0.000009            0.631025             0.022886
    3           2 0.0005           0.9            0.031080                     0.000110                   0.000020                  0.000013            0.000019            0.631025             0.031080
============================================================

Results saved to results/lambda_sweep/20260915_230741/EightRooms/fixed/exact_E_lambda_0.9/tuning/20260915_230942/EightRooms/out.pkl
Config saved to results/lambda_sweep/20260915_230741/EightRooms/fixed/exact_E_lambda_0.9/tuning/20260915_230942/EightRooms/config.json
Config saved to results/lambda_sweep/20260915_230741/EightRooms/fixed/exact_E_lambda_0.9/tuning/20260915_230942/EightRooms/config.json
Sweep plot saved to results/lambda_sweep/20260915_230741/EightRooms/fixed/exact_E_lambda_0.9/tuning/20260915_230942/EightRooms/hyperparameter_sweep_nn_weighted_VE.png
Best config seeds plot saved to results/lambda_sweep/20260915_230741/EightRooms/fixed/exact_E_lambda_0.9/tuning/20260915_230942/EightRooms/best_config_seeds.png
All configs seed grid saved to results/lambda_sweep/20260915_230741/EightRooms/fixed/exact_E_lambda_0.9/tuning/20260915_230942/EightRooms/all_configs_seeds_grid.png
Successfully completed tuning for exact_E_lambda_0.9

---> Running sweep for pseudo-algorithm: exact_E_lambda_0.95
ground_truth/fixed_policies
Env: EightRooms
Default Obs Shape: (25, 13, 2)
Obs Shape: (25, 13, 2)
Action Shape: ()
ppo/ground_truth/fixed_policies

============================================================
RUNNING SWEEP: 3 configs x 5 seeds = 15 runs
Environment: EightRooms | Primary Metric: nn_weighted_VE
Hyperparameters: ['LR', 'VALUE_LAMBDA']
Ranking By: auc (lower is better)
============================================================

[1/3] Evaluating: LR=0.005, VALUE_LAMBDA=0.95 ...- obs shape for initialization is  (25, 13, 2)
number of features is  16
 done (6.2s)
[2/3] Evaluating: LR=0.001, VALUE_LAMBDA=0.95 ... done (2.9s)
[3/3] Evaluating: LR=0.0005, VALUE_LAMBDA=0.95 ... done (2.9s)

Tuning summary saved to results/lambda_sweep/20260915_230741/EightRooms/fixed/exact_E_lambda_0.95/tuning/20260915_231018/EightRooms/tuning_summary.csv
Best configuration saved to results/lambda_sweep/20260915_230741/EightRooms/fixed/exact_E_lambda_0.95/tuning/20260915_231018/EightRooms/best_config.json

============================================================
★ TOP CONFIGURATION: LR=0.005, VALUE_LAMBDA=0.95 (Ranked by auc [lower is better])
  AUC nn_weighted_VE:          1.2459e-02
  Final Window (750 steps): 1.1070e-04
  Final nn_weighted_VE:         5.3104e-05 (±5.1846e-05)
  Min nn_weighted_VE:           2.7926e-06
============================================================

Top 5 Configurations:
 rank  config_idx     LR  VALUE_LAMBDA  auc_nn_weighted_VE  final_window_nn_weighted_VE  final_nn_weighted_VE_mean  final_nn_weighted_VE_std  min_nn_weighted_VE  max_nn_weighted_VE  mean_nn_weighted_VE
    1           0 0.0050          0.95            0.012459                     0.000111                   0.000053                  0.000052            0.000003            0.631025             0.012459
    2           1 0.0010          0.95            0.022851                     0.000036                   0.000012                  0.000005            0.000011            0.631025             0.022851
    3           2 0.0005          0.95            0.031121                     0.000095                   0.000018                  0.000013            0.000018            0.631025             0.031121
============================================================

Results saved to results/lambda_sweep/20260915_230741/EightRooms/fixed/exact_E_lambda_0.95/tuning/20260915_231018/EightRooms/out.pkl
Config saved to results/lambda_sweep/20260915_230741/EightRooms/fixed/exact_E_lambda_0.95/tuning/20260915_231018/EightRooms/config.json
Config saved to results/lambda_sweep/20260915_230741/EightRooms/fixed/exact_E_lambda_0.95/tuning/20260915_231018/EightRooms/config.json
Sweep plot saved to results/lambda_sweep/20260915_230741/EightRooms/fixed/exact_E_lambda_0.95/tuning/20260915_231018/EightRooms/hyperparameter_sweep_nn_weighted_VE.png
Best config seeds plot saved to results/lambda_sweep/20260915_230741/EightRooms/fixed/exact_E_lambda_0.95/tuning/20260915_231018/EightRooms/best_config_seeds.png
All configs seed grid saved to results/lambda_sweep/20260915_230741/EightRooms/fixed/exact_E_lambda_0.95/tuning/20260915_231018/EightRooms/all_configs_seeds_grid.png
Successfully completed tuning for exact_E_lambda_0.95

---> Running sweep for pseudo-algorithm: exact_E_lambda_0.99
ground_truth/fixed_policies
Env: EightRooms
Default Obs Shape: (25, 13, 2)
Obs Shape: (25, 13, 2)
Action Shape: ()
ppo/ground_truth/fixed_policies

============================================================
RUNNING SWEEP: 3 configs x 5 seeds = 15 runs
Environment: EightRooms | Primary Metric: nn_weighted_VE
Hyperparameters: ['LR', 'VALUE_LAMBDA']
Ranking By: auc (lower is better)
============================================================

[1/3] Evaluating: LR=0.005, VALUE_LAMBDA=0.99 ...- obs shape for initialization is  (25, 13, 2)
number of features is  16
 done (6.2s)
[2/3] Evaluating: LR=0.001, VALUE_LAMBDA=0.99 ... done (2.9s)
[3/3] Evaluating: LR=0.0005, VALUE_LAMBDA=0.99 ... done (2.9s)

Tuning summary saved to results/lambda_sweep/20260915_230741/EightRooms/fixed/exact_E_lambda_0.99/tuning/20260915_231054/EightRooms/tuning_summary.csv
Best configuration saved to results/lambda_sweep/20260915_230741/EightRooms/fixed/exact_E_lambda_0.99/tuning/20260915_231054/EightRooms/best_config.json

============================================================
★ TOP CONFIGURATION: LR=0.005, VALUE_LAMBDA=0.99 (Ranked by auc [lower is better])
  AUC nn_weighted_VE:          1.2889e-02
  Final Window (750 steps): 4.4782e-04
  Final nn_weighted_VE:         8.7862e-06 (±5.7461e-06)
  Min nn_weighted_VE:           4.6946e-06
============================================================

Top 5 Configurations:
 rank  config_idx     LR  VALUE_LAMBDA  auc_nn_weighted_VE  final_window_nn_weighted_VE  final_nn_weighted_VE_mean  final_nn_weighted_VE_std  min_nn_weighted_VE  max_nn_weighted_VE  mean_nn_weighted_VE
    1           0 0.0050          0.99            0.012889                     0.000448                   0.000009                  0.000006            0.000005            0.631025             0.012889
    2           1 0.0010          0.99            0.022807                     0.000044                   0.000012                  0.000003            0.000012            0.631025             0.022807
    3           2 0.0005          0.99            0.031067                     0.000094                   0.000019                  0.000011            0.000018            0.631025             0.031067
============================================================

Results saved to results/lambda_sweep/20260915_230741/EightRooms/fixed/exact_E_lambda_0.99/tuning/20260915_231054/EightRooms/out.pkl
Config saved to results/lambda_sweep/20260915_230741/EightRooms/fixed/exact_E_lambda_0.99/tuning/20260915_231054/EightRooms/config.json
Config saved to results/lambda_sweep/20260915_230741/EightRooms/fixed/exact_E_lambda_0.99/tuning/20260915_231054/EightRooms/config.json
Sweep plot saved to results/lambda_sweep/20260915_230741/EightRooms/fixed/exact_E_lambda_0.99/tuning/20260915_231054/EightRooms/hyperparameter_sweep_nn_weighted_VE.png
Best config seeds plot saved to results/lambda_sweep/20260915_230741/EightRooms/fixed/exact_E_lambda_0.99/tuning/20260915_231054/EightRooms/best_config_seeds.png
All configs seed grid saved to results/lambda_sweep/20260915_230741/EightRooms/fixed/exact_E_lambda_0.99/tuning/20260915_231054/EightRooms/all_configs_seeds_grid.png
Successfully completed tuning for exact_E_lambda_0.99
Sweep pipeline completed successfully for EightRooms / exact_E_lambda
