======================================================================
Starting SLURM Lambda Sweep Worker
Environment: FourRooms-misc
Policy:      random
Algorithm:   exact_td_lambda
Sweep ID:    20260915_230741
======================================================================
======================================================================
Starting Lambda Sweep Worker
Sweep ID: 20260915_230741 | Env: FourRooms-misc | Policy: random | Algo: exact_td_lambda
Lambdas: [0.0, 0.5, 0.9, 0.95, 0.99]
======================================================================

---> Running sweep for pseudo-algorithm: exact_td_lambda_0.0
Env: FourRooms-misc
Default Obs Shape: (13, 13, 2)
Obs Shape: (13, 13, 2)
Action Shape: ()

============================================================
RUNNING SWEEP: 3 configs x 5 seeds = 15 runs
Environment: FourRooms-misc | Primary Metric: nn_weighted_VE
Hyperparameters: ['LR', 'VALUE_LAMBDA']
Ranking By: auc (lower is better)
============================================================

[1/3] Evaluating: LR=0.005, VALUE_LAMBDA=0.0 ...- obs shape for initialization is  (13, 13, 2)
number of features is  16
 done (15.2s)
[2/3] Evaluating: LR=0.001, VALUE_LAMBDA=0.0 ... done (1.2s)
[3/3] Evaluating: LR=0.0005, VALUE_LAMBDA=0.0 ... done (1.2s)

Tuning summary saved to results/lambda_sweep/20260915_230741/FourRooms-misc/random/exact_td_lambda_0.0/tuning/20260915_231706/FourRooms-misc/tuning_summary.csv
Best configuration saved to results/lambda_sweep/20260915_230741/FourRooms-misc/random/exact_td_lambda_0.0/tuning/20260915_231706/FourRooms-misc/best_config.json

============================================================
★ TOP CONFIGURATION: LR=0.005, VALUE_LAMBDA=0.0 (Ranked by auc [lower is better])
  AUC nn_weighted_VE:          1.4056e-03
  Final Window (750 steps): 3.3698e-05
  Final nn_weighted_VE:         2.2409e-05 (±4.2616e-05)
  Min nn_weighted_VE:           8.3613e-09
============================================================

Top 5 Configurations:
 rank  config_idx     LR  VALUE_LAMBDA  auc_nn_weighted_VE  final_window_nn_weighted_VE  final_nn_weighted_VE_mean  final_nn_weighted_VE_std  min_nn_weighted_VE  max_nn_weighted_VE  mean_nn_weighted_VE
    1           0 0.0050           0.0            0.001406                     0.000034               2.240871e-05              4.261611e-05        8.361329e-09            0.021900             0.001406
    2           1 0.0010           0.0            0.002495                     0.000016               6.896617e-06              1.230227e-05        1.597713e-08            0.019005             0.002495
    3           2 0.0005           0.0            0.004009                     0.001110               9.214172e-09              4.751909e-09        4.001821e-09            0.019005             0.004009
============================================================

Results saved to results/lambda_sweep/20260915_230741/FourRooms-misc/random/exact_td_lambda_0.0/tuning/20260915_231706/FourRooms-misc/out.pkl
Config saved to results/lambda_sweep/20260915_230741/FourRooms-misc/random/exact_td_lambda_0.0/tuning/20260915_231706/FourRooms-misc/config.json
Config saved to results/lambda_sweep/20260915_230741/FourRooms-misc/random/exact_td_lambda_0.0/tuning/20260915_231706/FourRooms-misc/config.json
Sweep plot saved to results/lambda_sweep/20260915_230741/FourRooms-misc/random/exact_td_lambda_0.0/tuning/20260915_231706/FourRooms-misc/hyperparameter_sweep_nn_weighted_VE.png
Best config seeds plot saved to results/lambda_sweep/20260915_230741/FourRooms-misc/random/exact_td_lambda_0.0/tuning/20260915_231706/FourRooms-misc/best_config_seeds.png
All configs seed grid saved to results/lambda_sweep/20260915_230741/FourRooms-misc/random/exact_td_lambda_0.0/tuning/20260915_231706/FourRooms-misc/all_configs_seeds_grid.png
Successfully completed tuning for exact_td_lambda_0.0

---> Running sweep for pseudo-algorithm: exact_td_lambda_0.5
Env: FourRooms-misc
Default Obs Shape: (13, 13, 2)
Obs Shape: (13, 13, 2)
Action Shape: ()

============================================================
RUNNING SWEEP: 3 configs x 5 seeds = 15 runs
Environment: FourRooms-misc | Primary Metric: nn_weighted_VE
Hyperparameters: ['LR', 'VALUE_LAMBDA']
Ranking By: auc (lower is better)
============================================================

[1/3] Evaluating: LR=0.005, VALUE_LAMBDA=0.5 ...- obs shape for initialization is  (13, 13, 2)
number of features is  16
 done (3.2s)
[2/3] Evaluating: LR=0.001, VALUE_LAMBDA=0.5 ... done (1.2s)
[3/3] Evaluating: LR=0.0005, VALUE_LAMBDA=0.5 ... done (1.2s)

Tuning summary saved to results/lambda_sweep/20260915_230741/FourRooms-misc/random/exact_td_lambda_0.5/tuning/20260915_231741/FourRooms-misc/tuning_summary.csv
Best configuration saved to results/lambda_sweep/20260915_230741/FourRooms-misc/random/exact_td_lambda_0.5/tuning/20260915_231741/FourRooms-misc/best_config.json

============================================================
★ TOP CONFIGURATION: LR=0.005, VALUE_LAMBDA=0.5 (Ranked by auc [lower is better])
  AUC nn_weighted_VE:          1.1919e-03
  Final Window (750 steps): 1.8017e-05
  Final nn_weighted_VE:         6.2453e-06 (±7.7651e-06)
  Min nn_weighted_VE:           2.6333e-09
============================================================

Top 5 Configurations:
 rank  config_idx     LR  VALUE_LAMBDA  auc_nn_weighted_VE  final_window_nn_weighted_VE  final_nn_weighted_VE_mean  final_nn_weighted_VE_std  min_nn_weighted_VE  max_nn_weighted_VE  mean_nn_weighted_VE
    1           0 0.0050           0.5            0.001192                     0.000018               6.245301e-06                  0.000008        2.633350e-09            0.019005             0.001192
    2           1 0.0010           0.5            0.002202                     0.000012               6.113568e-06                  0.000005        2.012887e-07            0.019005             0.002202
    3           2 0.0005           0.5            0.003433                     0.000523               5.698210e-07                  0.000001        2.725900e-09            0.019005             0.003433
============================================================

Results saved to results/lambda_sweep/20260915_230741/FourRooms-misc/random/exact_td_lambda_0.5/tuning/20260915_231741/FourRooms-misc/out.pkl
Config saved to results/lambda_sweep/20260915_230741/FourRooms-misc/random/exact_td_lambda_0.5/tuning/20260915_231741/FourRooms-misc/config.json
Config saved to results/lambda_sweep/20260915_230741/FourRooms-misc/random/exact_td_lambda_0.5/tuning/20260915_231741/FourRooms-misc/config.json
Sweep plot saved to results/lambda_sweep/20260915_230741/FourRooms-misc/random/exact_td_lambda_0.5/tuning/20260915_231741/FourRooms-misc/hyperparameter_sweep_nn_weighted_VE.png
Best config seeds plot saved to results/lambda_sweep/20260915_230741/FourRooms-misc/random/exact_td_lambda_0.5/tuning/20260915_231741/FourRooms-misc/best_config_seeds.png
All configs seed grid saved to results/lambda_sweep/20260915_230741/FourRooms-misc/random/exact_td_lambda_0.5/tuning/20260915_231741/FourRooms-misc/all_configs_seeds_grid.png
Successfully completed tuning for exact_td_lambda_0.5

---> Running sweep for pseudo-algorithm: exact_td_lambda_0.9
Env: FourRooms-misc
Default Obs Shape: (13, 13, 2)
Obs Shape: (13, 13, 2)
Action Shape: ()

============================================================
RUNNING SWEEP: 3 configs x 5 seeds = 15 runs
Environment: FourRooms-misc | Primary Metric: nn_weighted_VE
Hyperparameters: ['LR', 'VALUE_LAMBDA']
Ranking By: auc (lower is better)
============================================================

[1/3] Evaluating: LR=0.005, VALUE_LAMBDA=0.9 ...- obs shape for initialization is  (13, 13, 2)
number of features is  16
 done (3.2s)
[2/3] Evaluating: LR=0.001, VALUE_LAMBDA=0.9 ... done (1.2s)
[3/3] Evaluating: LR=0.0005, VALUE_LAMBDA=0.9 ... done (1.2s)

Tuning summary saved to results/lambda_sweep/20260915_230741/FourRooms-misc/random/exact_td_lambda_0.9/tuning/20260915_231800/FourRooms-misc/tuning_summary.csv
Best configuration saved to results/lambda_sweep/20260915_230741/FourRooms-misc/random/exact_td_lambda_0.9/tuning/20260915_231800/FourRooms-misc/best_config.json

============================================================
★ TOP CONFIGURATION: LR=0.005, VALUE_LAMBDA=0.9 (Ranked by auc [lower is better])
  AUC nn_weighted_VE:          9.1656e-04
  Final Window (750 steps): 7.6110e-06
  Final nn_weighted_VE:         4.4159e-07 (±7.9595e-07)
  Min nn_weighted_VE:           1.8061e-09
============================================================

Top 5 Configurations:
 rank  config_idx     LR  VALUE_LAMBDA  auc_nn_weighted_VE  final_window_nn_weighted_VE  final_nn_weighted_VE_mean  final_nn_weighted_VE_std  min_nn_weighted_VE  max_nn_weighted_VE  mean_nn_weighted_VE
    1           0 0.0050           0.9            0.000917                     0.000008               4.415900e-07              7.959539e-07        1.806057e-09            0.019005             0.000917
    2           1 0.0010           0.9            0.001672                     0.000015               5.245739e-06              7.659692e-06        6.710424e-08            0.019005             0.001672
    3           2 0.0005           0.9            0.002438                     0.000032               4.531904e-07              3.574747e-07        6.533848e-08            0.019005             0.002438
============================================================

Results saved to results/lambda_sweep/20260915_230741/FourRooms-misc/random/exact_td_lambda_0.9/tuning/20260915_231800/FourRooms-misc/out.pkl
Config saved to results/lambda_sweep/20260915_230741/FourRooms-misc/random/exact_td_lambda_0.9/tuning/20260915_231800/FourRooms-misc/config.json
Config saved to results/lambda_sweep/20260915_230741/FourRooms-misc/random/exact_td_lambda_0.9/tuning/20260915_231800/FourRooms-misc/config.json
Sweep plot saved to results/lambda_sweep/20260915_230741/FourRooms-misc/random/exact_td_lambda_0.9/tuning/20260915_231800/FourRooms-misc/hyperparameter_sweep_nn_weighted_VE.png
Best config seeds plot saved to results/lambda_sweep/20260915_230741/FourRooms-misc/random/exact_td_lambda_0.9/tuning/20260915_231800/FourRooms-misc/best_config_seeds.png
All configs seed grid saved to results/lambda_sweep/20260915_230741/FourRooms-misc/random/exact_td_lambda_0.9/tuning/20260915_231800/FourRooms-misc/all_configs_seeds_grid.png
Successfully completed tuning for exact_td_lambda_0.9

---> Running sweep for pseudo-algorithm: exact_td_lambda_0.95
Env: FourRooms-misc
Default Obs Shape: (13, 13, 2)
Obs Shape: (13, 13, 2)
Action Shape: ()

============================================================
RUNNING SWEEP: 3 configs x 5 seeds = 15 runs
Environment: FourRooms-misc | Primary Metric: nn_weighted_VE
Hyperparameters: ['LR', 'VALUE_LAMBDA']
Ranking By: auc (lower is better)
============================================================

[1/3] Evaluating: LR=0.005, VALUE_LAMBDA=0.95 ...- obs shape for initialization is  (13, 13, 2)
number of features is  16
 done (3.2s)
[2/3] Evaluating: LR=0.001, VALUE_LAMBDA=0.95 ... done (1.2s)
[3/3] Evaluating: LR=0.0005, VALUE_LAMBDA=0.95 ... done (1.2s)

Tuning summary saved to results/lambda_sweep/20260915_230741/FourRooms-misc/random/exact_td_lambda_0.95/tuning/20260915_231818/FourRooms-misc/tuning_summary.csv
Best configuration saved to results/lambda_sweep/20260915_230741/FourRooms-misc/random/exact_td_lambda_0.95/tuning/20260915_231818/FourRooms-misc/best_config.json

============================================================
★ TOP CONFIGURATION: LR=0.005, VALUE_LAMBDA=0.95 (Ranked by auc [lower is better])
  AUC nn_weighted_VE:          8.5911e-04
  Final Window (750 steps): 1.1029e-05
  Final nn_weighted_VE:         1.9900e-06 (±3.9708e-06)
  Min nn_weighted_VE:           3.0805e-09
============================================================

Top 5 Configurations:
 rank  config_idx     LR  VALUE_LAMBDA  auc_nn_weighted_VE  final_window_nn_weighted_VE  final_nn_weighted_VE_mean  final_nn_weighted_VE_std  min_nn_weighted_VE  max_nn_weighted_VE  mean_nn_weighted_VE
    1           0 0.0050          0.95            0.000859                     0.000011                   0.000002                  0.000004        3.080453e-09            0.019005             0.000859
    2           1 0.0010          0.95            0.001574                     0.000018                   0.000058                  0.000113        1.024243e-07            0.019005             0.001574
    3           2 0.0005          0.95            0.002256                     0.000041                   0.000003                  0.000006        1.974207e-07            0.019005             0.002256
============================================================

Results saved to results/lambda_sweep/20260915_230741/FourRooms-misc/random/exact_td_lambda_0.95/tuning/20260915_231818/FourRooms-misc/out.pkl
Config saved to results/lambda_sweep/20260915_230741/FourRooms-misc/random/exact_td_lambda_0.95/tuning/20260915_231818/FourRooms-misc/config.json
Config saved to results/lambda_sweep/20260915_230741/FourRooms-misc/random/exact_td_lambda_0.95/tuning/20260915_231818/FourRooms-misc/config.json
Sweep plot saved to results/lambda_sweep/20260915_230741/FourRooms-misc/random/exact_td_lambda_0.95/tuning/20260915_231818/FourRooms-misc/hyperparameter_sweep_nn_weighted_VE.png
Best config seeds plot saved to results/lambda_sweep/20260915_230741/FourRooms-misc/random/exact_td_lambda_0.95/tuning/20260915_231818/FourRooms-misc/best_config_seeds.png
All configs seed grid saved to results/lambda_sweep/20260915_230741/FourRooms-misc/random/exact_td_lambda_0.95/tuning/20260915_231818/FourRooms-misc/all_configs_seeds_grid.png
Successfully completed tuning for exact_td_lambda_0.95

---> Running sweep for pseudo-algorithm: exact_td_lambda_0.99
Env: FourRooms-misc
Default Obs Shape: (13, 13, 2)
Obs Shape: (13, 13, 2)
Action Shape: ()

============================================================
RUNNING SWEEP: 3 configs x 5 seeds = 15 runs
Environment: FourRooms-misc | Primary Metric: nn_weighted_VE
Hyperparameters: ['LR', 'VALUE_LAMBDA']
Ranking By: auc (lower is better)
============================================================

[1/3] Evaluating: LR=0.005, VALUE_LAMBDA=0.99 ...- obs shape for initialization is  (13, 13, 2)
number of features is  16
 done (3.3s)
[2/3] Evaluating: LR=0.001, VALUE_LAMBDA=0.99 ... done (1.2s)
[3/3] Evaluating: LR=0.0005, VALUE_LAMBDA=0.99 ... done (1.2s)

Tuning summary saved to results/lambda_sweep/20260915_230741/FourRooms-misc/random/exact_td_lambda_0.99/tuning/20260915_231837/FourRooms-misc/tuning_summary.csv
Best configuration saved to results/lambda_sweep/20260915_230741/FourRooms-misc/random/exact_td_lambda_0.99/tuning/20260915_231837/FourRooms-misc/best_config.json

============================================================
★ TOP CONFIGURATION: LR=0.005, VALUE_LAMBDA=0.99 (Ranked by auc [lower is better])
  AUC nn_weighted_VE:          8.6328e-04
  Final Window (750 steps): 3.5256e-05
  Final nn_weighted_VE:         3.6523e-07 (±4.3029e-07)
  Min nn_weighted_VE:           3.9370e-08
============================================================

Top 5 Configurations:
 rank  config_idx     LR  VALUE_LAMBDA  auc_nn_weighted_VE  final_window_nn_weighted_VE  final_nn_weighted_VE_mean  final_nn_weighted_VE_std  min_nn_weighted_VE  max_nn_weighted_VE  mean_nn_weighted_VE
    1           0 0.0050          0.99            0.000863                     0.000035               3.652281e-07              4.302920e-07        3.937033e-08            0.019005             0.000863
    2           1 0.0010          0.99            0.001568                     0.000026               1.449325e-06              1.199386e-06        2.960249e-07            0.019005             0.001568
    3           2 0.0005          0.99            0.002235                     0.000093               3.388657e-06              2.106560e-06        1.641523e-06            0.019005             0.002235
============================================================

Results saved to results/lambda_sweep/20260915_230741/FourRooms-misc/random/exact_td_lambda_0.99/tuning/20260915_231837/FourRooms-misc/out.pkl
Config saved to results/lambda_sweep/20260915_230741/FourRooms-misc/random/exact_td_lambda_0.99/tuning/20260915_231837/FourRooms-misc/config.json
Config saved to results/lambda_sweep/20260915_230741/FourRooms-misc/random/exact_td_lambda_0.99/tuning/20260915_231837/FourRooms-misc/config.json
Sweep plot saved to results/lambda_sweep/20260915_230741/FourRooms-misc/random/exact_td_lambda_0.99/tuning/20260915_231837/FourRooms-misc/hyperparameter_sweep_nn_weighted_VE.png
Best config seeds plot saved to results/lambda_sweep/20260915_230741/FourRooms-misc/random/exact_td_lambda_0.99/tuning/20260915_231837/FourRooms-misc/best_config_seeds.png
All configs seed grid saved to results/lambda_sweep/20260915_230741/FourRooms-misc/random/exact_td_lambda_0.99/tuning/20260915_231837/FourRooms-misc/all_configs_seeds_grid.png
Successfully completed tuning for exact_td_lambda_0.99
Sweep pipeline completed successfully for FourRooms-misc / exact_td_lambda
