======================================================================
Starting SLURM Lambda Sweep Worker
Environment: Whirlpool
Policy:      ppo
Algorithm:   exact_td_lambda
Sweep ID:    20260915_230741
======================================================================
======================================================================
Starting Lambda Sweep Worker
Sweep ID: 20260915_230741 | Env: Whirlpool | Policy: ppo | Algo: exact_td_lambda
Lambdas: [0.0, 0.5, 0.9, 0.95, 0.99]
======================================================================

---> Running sweep for pseudo-algorithm: exact_td_lambda_0.0
Env: Whirlpool
Default Obs Shape: (21, 21, 2)
Obs Shape: (21, 21, 2)
Action Shape: ()

============================================================
RUNNING SWEEP: 9 configs x 5 seeds = 45 runs
Environment: Whirlpool | Primary Metric: V_start
Hyperparameters: ['LR', 'VALUE_LAMBDA', 'ACTOR_LR']
Ranking By: auc (higher is better)
============================================================

[1/9] Evaluating: LR=0.005, VALUE_LAMBDA=0.0, ACTOR_LR=0.005 ...- obs shape for initialization is  (21, 21, 2)
number of features is  16
 done (64.4s)
[2/9] Evaluating: LR=0.005, VALUE_LAMBDA=0.0, ACTOR_LR=0.001 ... done (48.7s)
[3/9] Evaluating: LR=0.005, VALUE_LAMBDA=0.0, ACTOR_LR=0.0005 ... done (48.7s)
[4/9] Evaluating: LR=0.001, VALUE_LAMBDA=0.0, ACTOR_LR=0.005 ... done (48.8s)
[5/9] Evaluating: LR=0.001, VALUE_LAMBDA=0.0, ACTOR_LR=0.001 ... done (48.8s)
[6/9] Evaluating: LR=0.001, VALUE_LAMBDA=0.0, ACTOR_LR=0.0005 ... done (48.7s)
[7/9] Evaluating: LR=0.0005, VALUE_LAMBDA=0.0, ACTOR_LR=0.005 ... done (48.7s)
[8/9] Evaluating: LR=0.0005, VALUE_LAMBDA=0.0, ACTOR_LR=0.001 ... done (48.8s)
[9/9] Evaluating: LR=0.0005, VALUE_LAMBDA=0.0, ACTOR_LR=0.0005 ... done (48.7s)

Tuning summary saved to results/lambda_sweep/20260915_230741/Whirlpool/ppo/exact_td_lambda_0.0/tuning/20260915_232703/Whirlpool/tuning_summary.csv
Best configuration saved to results/lambda_sweep/20260915_230741/Whirlpool/ppo/exact_td_lambda_0.0/tuning/20260915_232703/Whirlpool/best_config.json

============================================================
★ TOP CONFIGURATION: LR=0.001, VALUE_LAMBDA=0.0, ACTOR_LR=0.005 (Ranked by auc [higher is better])
  AUC V_start:          9.1299e-03
  Final Window (750 steps): 1.0907e-02
  Final V_start:         1.4787e-02 (±1.8914e-03)
  Min V_start:           7.0677e-04
============================================================

Top 5 Configurations:
 rank  config_idx     LR  VALUE_LAMBDA  ACTOR_LR  auc_V_start  final_window_V_start  final_V_start_mean  final_V_start_std  min_V_start  max_V_start  mean_V_start
    1           3 0.0010           0.0     0.005     0.009130              0.010907            0.014787           0.001891     0.000707     0.015803      0.009130
    2           6 0.0005           0.0     0.005     0.008855              0.011102            0.016243           0.001489     0.000707     0.016243      0.008855
    3           0 0.0050           0.0     0.005     0.008636              0.010299            0.016865           0.004135     0.000707     0.016865      0.008636
    4           7 0.0005           0.0     0.001     0.008188              0.010470            0.014184           0.001982     0.000707     0.014184      0.008188
    5           4 0.0010           0.0     0.001     0.007267              0.008957            0.011928           0.002384     0.000707     0.011928      0.007267
============================================================

Results saved to results/lambda_sweep/20260915_230741/Whirlpool/ppo/exact_td_lambda_0.0/tuning/20260915_232703/Whirlpool/out.pkl
Config saved to results/lambda_sweep/20260915_230741/Whirlpool/ppo/exact_td_lambda_0.0/tuning/20260915_232703/Whirlpool/config.json
Config saved to results/lambda_sweep/20260915_230741/Whirlpool/ppo/exact_td_lambda_0.0/tuning/20260915_232703/Whirlpool/config.json
Sweep plot saved to results/lambda_sweep/20260915_230741/Whirlpool/ppo/exact_td_lambda_0.0/tuning/20260915_232703/Whirlpool/hyperparameter_sweep_V_start.png
Best config seeds plot saved to results/lambda_sweep/20260915_230741/Whirlpool/ppo/exact_td_lambda_0.0/tuning/20260915_232703/Whirlpool/best_config_seeds.png
All configs seed grid saved to results/lambda_sweep/20260915_230741/Whirlpool/ppo/exact_td_lambda_0.0/tuning/20260915_232703/Whirlpool/all_configs_seeds_grid.png
Successfully completed tuning for exact_td_lambda_0.0

---> Running sweep for pseudo-algorithm: exact_td_lambda_0.5
Env: Whirlpool
Default Obs Shape: (21, 21, 2)
Obs Shape: (21, 21, 2)
Action Shape: ()

============================================================
RUNNING SWEEP: 9 configs x 5 seeds = 45 runs
Environment: Whirlpool | Primary Metric: V_start
Hyperparameters: ['LR', 'VALUE_LAMBDA', 'ACTOR_LR']
Ranking By: auc (higher is better)
============================================================

[1/9] Evaluating: LR=0.005, VALUE_LAMBDA=0.5, ACTOR_LR=0.005 ...- obs shape for initialization is  (21, 21, 2)
number of features is  16
 done (54.2s)
[2/9] Evaluating: LR=0.005, VALUE_LAMBDA=0.5, ACTOR_LR=0.001 ... done (48.8s)
[3/9] Evaluating: LR=0.005, VALUE_LAMBDA=0.5, ACTOR_LR=0.0005 ... done (48.7s)
[4/9] Evaluating: LR=0.001, VALUE_LAMBDA=0.5, ACTOR_LR=0.005 ... done (48.7s)
[5/9] Evaluating: LR=0.001, VALUE_LAMBDA=0.5, ACTOR_LR=0.001 ... done (48.7s)
[6/9] Evaluating: LR=0.001, VALUE_LAMBDA=0.5, ACTOR_LR=0.0005 ... done (48.7s)
[7/9] Evaluating: LR=0.0005, VALUE_LAMBDA=0.5, ACTOR_LR=0.005 ... done (48.7s)
[8/9] Evaluating: LR=0.0005, VALUE_LAMBDA=0.5, ACTOR_LR=0.001 ... done (48.8s)
[9/9] Evaluating: LR=0.0005, VALUE_LAMBDA=0.5, ACTOR_LR=0.0005 ... done (48.7s)

Tuning summary saved to results/lambda_sweep/20260915_230741/Whirlpool/ppo/exact_td_lambda_0.5/tuning/20260915_233452/Whirlpool/tuning_summary.csv
Best configuration saved to results/lambda_sweep/20260915_230741/Whirlpool/ppo/exact_td_lambda_0.5/tuning/20260915_233452/Whirlpool/best_config.json

============================================================
★ TOP CONFIGURATION: LR=0.005, VALUE_LAMBDA=0.5, ACTOR_LR=0.005 (Ranked by auc [higher is better])
  AUC V_start:          3.9475e-02
  Final Window (750 steps): 4.9655e-02
  Final V_start:         6.7230e-02 (±6.4573e-03)
  Min V_start:           7.0677e-04
============================================================

Top 5 Configurations:
 rank  config_idx     LR  VALUE_LAMBDA  ACTOR_LR  auc_V_start  final_window_V_start  final_V_start_mean  final_V_start_std  min_V_start  max_V_start  mean_V_start
    1           0 0.0050           0.5     0.005     0.039475              0.049655            0.067230           0.006457     0.000707     0.067568      0.039475
    2           3 0.0010           0.5     0.005     0.036268              0.046368            0.068108           0.003781     0.000707     0.068367      0.036268
    3           4 0.0010           0.5     0.001     0.030647              0.039727            0.064099           0.004085     0.000707     0.064099      0.030647
    4           6 0.0005           0.5     0.005     0.029845              0.038779            0.065298           0.002218     0.000707     0.065298      0.029845
    5           1 0.0050           0.5     0.001     0.028310              0.036439            0.055804           0.008862     0.000707     0.055870      0.028310
============================================================

Results saved to results/lambda_sweep/20260915_230741/Whirlpool/ppo/exact_td_lambda_0.5/tuning/20260915_233452/Whirlpool/out.pkl
Config saved to results/lambda_sweep/20260915_230741/Whirlpool/ppo/exact_td_lambda_0.5/tuning/20260915_233452/Whirlpool/config.json
Config saved to results/lambda_sweep/20260915_230741/Whirlpool/ppo/exact_td_lambda_0.5/tuning/20260915_233452/Whirlpool/config.json
Sweep plot saved to results/lambda_sweep/20260915_230741/Whirlpool/ppo/exact_td_lambda_0.5/tuning/20260915_233452/Whirlpool/hyperparameter_sweep_V_start.png
Best config seeds plot saved to results/lambda_sweep/20260915_230741/Whirlpool/ppo/exact_td_lambda_0.5/tuning/20260915_233452/Whirlpool/best_config_seeds.png
All configs seed grid saved to results/lambda_sweep/20260915_230741/Whirlpool/ppo/exact_td_lambda_0.5/tuning/20260915_233452/Whirlpool/all_configs_seeds_grid.png
Successfully completed tuning for exact_td_lambda_0.5

---> Running sweep for pseudo-algorithm: exact_td_lambda_0.9
Env: Whirlpool
Default Obs Shape: (21, 21, 2)
Obs Shape: (21, 21, 2)
Action Shape: ()

============================================================
RUNNING SWEEP: 9 configs x 5 seeds = 45 runs
Environment: Whirlpool | Primary Metric: V_start
Hyperparameters: ['LR', 'VALUE_LAMBDA', 'ACTOR_LR']
Ranking By: auc (higher is better)
============================================================

[1/9] Evaluating: LR=0.005, VALUE_LAMBDA=0.9, ACTOR_LR=0.005 ...- obs shape for initialization is  (21, 21, 2)
number of features is  16
 done (53.9s)
[2/9] Evaluating: LR=0.005, VALUE_LAMBDA=0.9, ACTOR_LR=0.001 ... done (48.7s)
[3/9] Evaluating: LR=0.005, VALUE_LAMBDA=0.9, ACTOR_LR=0.0005 ... done (48.7s)
[4/9] Evaluating: LR=0.001, VALUE_LAMBDA=0.9, ACTOR_LR=0.005 ... done (48.7s)
[5/9] Evaluating: LR=0.001, VALUE_LAMBDA=0.9, ACTOR_LR=0.001 ... done (48.7s)
[6/9] Evaluating: LR=0.001, VALUE_LAMBDA=0.9, ACTOR_LR=0.0005 ... done (48.7s)
[7/9] Evaluating: LR=0.0005, VALUE_LAMBDA=0.9, ACTOR_LR=0.005 ... done (48.7s)
[8/9] Evaluating: LR=0.0005, VALUE_LAMBDA=0.9, ACTOR_LR=0.001 ... done (48.7s)
[9/9] Evaluating: LR=0.0005, VALUE_LAMBDA=0.9, ACTOR_LR=0.0005 ... done (48.7s)

Tuning summary saved to results/lambda_sweep/20260915_230741/Whirlpool/ppo/exact_td_lambda_0.9/tuning/20260915_234229/Whirlpool/tuning_summary.csv
Best configuration saved to results/lambda_sweep/20260915_230741/Whirlpool/ppo/exact_td_lambda_0.9/tuning/20260915_234229/Whirlpool/best_config.json

============================================================
★ TOP CONFIGURATION: LR=0.005, VALUE_LAMBDA=0.9, ACTOR_LR=0.005 (Ranked by auc [higher is better])
  AUC V_start:          6.7963e-02
  Final Window (750 steps): 7.6056e-02
  Final V_start:         7.5983e-02 (±1.2921e-04)
  Min V_start:           7.0677e-04
============================================================

Top 5 Configurations:
 rank  config_idx     LR  VALUE_LAMBDA  ACTOR_LR  auc_V_start  final_window_V_start  final_V_start_mean  final_V_start_std  min_V_start  max_V_start  mean_V_start
    1           0 0.0050           0.9     0.005     0.067963              0.076056            0.075983           0.000129     0.000707     0.076772      0.067963
    2           3 0.0010           0.9     0.005     0.061834              0.075581            0.076034           0.000006     0.000707     0.076048      0.061834
    3           1 0.0050           0.9     0.001     0.059524              0.073829            0.075813           0.000120     0.000707     0.075813      0.059524
    4           4 0.0010           0.9     0.001     0.057306              0.073588            0.075882           0.000086     0.000707     0.075885      0.057306
    5           6 0.0005           0.9     0.005     0.055545              0.071559            0.076028           0.000021     0.000707     0.076036      0.055545
============================================================

Results saved to results/lambda_sweep/20260915_230741/Whirlpool/ppo/exact_td_lambda_0.9/tuning/20260915_234229/Whirlpool/out.pkl
Config saved to results/lambda_sweep/20260915_230741/Whirlpool/ppo/exact_td_lambda_0.9/tuning/20260915_234229/Whirlpool/config.json
Config saved to results/lambda_sweep/20260915_230741/Whirlpool/ppo/exact_td_lambda_0.9/tuning/20260915_234229/Whirlpool/config.json
Sweep plot saved to results/lambda_sweep/20260915_230741/Whirlpool/ppo/exact_td_lambda_0.9/tuning/20260915_234229/Whirlpool/hyperparameter_sweep_V_start.png
Best config seeds plot saved to results/lambda_sweep/20260915_230741/Whirlpool/ppo/exact_td_lambda_0.9/tuning/20260915_234229/Whirlpool/best_config_seeds.png
All configs seed grid saved to results/lambda_sweep/20260915_230741/Whirlpool/ppo/exact_td_lambda_0.9/tuning/20260915_234229/Whirlpool/all_configs_seeds_grid.png
Successfully completed tuning for exact_td_lambda_0.9

---> Running sweep for pseudo-algorithm: exact_td_lambda_0.95
Env: Whirlpool
Default Obs Shape: (21, 21, 2)
Obs Shape: (21, 21, 2)
Action Shape: ()

============================================================
RUNNING SWEEP: 9 configs x 5 seeds = 45 runs
Environment: Whirlpool | Primary Metric: V_start
Hyperparameters: ['LR', 'VALUE_LAMBDA', 'ACTOR_LR']
Ranking By: auc (higher is better)
============================================================

[1/9] Evaluating: LR=0.005, VALUE_LAMBDA=0.95, ACTOR_LR=0.005 ...- obs shape for initialization is  (21, 21, 2)
number of features is  16
 done (54.1s)
[2/9] Evaluating: LR=0.005, VALUE_LAMBDA=0.95, ACTOR_LR=0.001 ... done (48.7s)
[3/9] Evaluating: LR=0.005, VALUE_LAMBDA=0.95, ACTOR_LR=0.0005 ... done (48.7s)
[4/9] Evaluating: LR=0.001, VALUE_LAMBDA=0.95, ACTOR_LR=0.005 ... done (48.7s)
[5/9] Evaluating: LR=0.001, VALUE_LAMBDA=0.95, ACTOR_LR=0.001 ... done (48.7s)
[6/9] Evaluating: LR=0.001, VALUE_LAMBDA=0.95, ACTOR_LR=0.0005 ... done (48.7s)
[7/9] Evaluating: LR=0.0005, VALUE_LAMBDA=0.95, ACTOR_LR=0.005 ... done (48.7s)
[8/9] Evaluating: LR=0.0005, VALUE_LAMBDA=0.95, ACTOR_LR=0.001 ... done (48.7s)
[9/9] Evaluating: LR=0.0005, VALUE_LAMBDA=0.95, ACTOR_LR=0.0005 ... done (48.7s)

Tuning summary saved to results/lambda_sweep/20260915_230741/Whirlpool/ppo/exact_td_lambda_0.95/tuning/20260915_235005/Whirlpool/tuning_summary.csv
Best configuration saved to results/lambda_sweep/20260915_230741/Whirlpool/ppo/exact_td_lambda_0.95/tuning/20260915_235005/Whirlpool/best_config.json

============================================================
★ TOP CONFIGURATION: LR=0.005, VALUE_LAMBDA=0.95, ACTOR_LR=0.005 (Ranked by auc [higher is better])
  AUC V_start:          6.8484e-02
  Final Window (750 steps): 7.6060e-02
  Final V_start:         7.6062e-02 (±2.7480e-05)
  Min V_start:           7.0677e-04
============================================================

Top 5 Configurations:
 rank  config_idx     LR  VALUE_LAMBDA  ACTOR_LR  auc_V_start  final_window_V_start  final_V_start_mean  final_V_start_std  min_V_start  max_V_start  mean_V_start
    1           0 0.0050          0.95     0.005     0.068484              0.076060            0.076062           0.000027     0.000707     0.078166      0.068484
    2           3 0.0010          0.95     0.005     0.063582              0.075768            0.076032           0.000010     0.000707     0.076039      0.063582
    3           1 0.0050          0.95     0.001     0.059989              0.074371            0.075840           0.000090     0.000707     0.075840      0.059989
    4           6 0.0005          0.95     0.005     0.058620              0.074242            0.076018           0.000009     0.000707     0.076026      0.058620
    5           4 0.0010          0.95     0.001     0.058205              0.074072            0.075883           0.000091     0.000707     0.075883      0.058205
============================================================

Results saved to results/lambda_sweep/20260915_230741/Whirlpool/ppo/exact_td_lambda_0.95/tuning/20260915_235005/Whirlpool/out.pkl
Config saved to results/lambda_sweep/20260915_230741/Whirlpool/ppo/exact_td_lambda_0.95/tuning/20260915_235005/Whirlpool/config.json
Config saved to results/lambda_sweep/20260915_230741/Whirlpool/ppo/exact_td_lambda_0.95/tuning/20260915_235005/Whirlpool/config.json
Sweep plot saved to results/lambda_sweep/20260915_230741/Whirlpool/ppo/exact_td_lambda_0.95/tuning/20260915_235005/Whirlpool/hyperparameter_sweep_V_start.png
Best config seeds plot saved to results/lambda_sweep/20260915_230741/Whirlpool/ppo/exact_td_lambda_0.95/tuning/20260915_235005/Whirlpool/best_config_seeds.png
All configs seed grid saved to results/lambda_sweep/20260915_230741/Whirlpool/ppo/exact_td_lambda_0.95/tuning/20260915_235005/Whirlpool/all_configs_seeds_grid.png
Successfully completed tuning for exact_td_lambda_0.95

---> Running sweep for pseudo-algorithm: exact_td_lambda_0.99
Env: Whirlpool
Default Obs Shape: (21, 21, 2)
Obs Shape: (21, 21, 2)
Action Shape: ()

============================================================
RUNNING SWEEP: 9 configs x 5 seeds = 45 runs
Environment: Whirlpool | Primary Metric: V_start
Hyperparameters: ['LR', 'VALUE_LAMBDA', 'ACTOR_LR']
Ranking By: auc (higher is better)
============================================================

[1/9] Evaluating: LR=0.005, VALUE_LAMBDA=0.99, ACTOR_LR=0.005 ...- obs shape for initialization is  (21, 21, 2)
number of features is  16
 done (54.1s)
[2/9] Evaluating: LR=0.005, VALUE_LAMBDA=0.99, ACTOR_LR=0.001 ... done (48.7s)
[3/9] Evaluating: LR=0.005, VALUE_LAMBDA=0.99, ACTOR_LR=0.0005 ... done (48.7s)
[4/9] Evaluating: LR=0.001, VALUE_LAMBDA=0.99, ACTOR_LR=0.005 ... done (48.7s)
[5/9] Evaluating: LR=0.001, VALUE_LAMBDA=0.99, ACTOR_LR=0.001 ... done (48.7s)
[6/9] Evaluating: LR=0.001, VALUE_LAMBDA=0.99, ACTOR_LR=0.0005 ... done (48.7s)
[7/9] Evaluating: LR=0.0005, VALUE_LAMBDA=0.99, ACTOR_LR=0.005 ... done (48.7s)
[8/9] Evaluating: LR=0.0005, VALUE_LAMBDA=0.99, ACTOR_LR=0.001 ... done (48.7s)
[9/9] Evaluating: LR=0.0005, VALUE_LAMBDA=0.99, ACTOR_LR=0.0005 ... done (48.7s)

Tuning summary saved to results/lambda_sweep/20260915_230741/Whirlpool/ppo/exact_td_lambda_0.99/tuning/20260915_235740/Whirlpool/tuning_summary.csv
Best configuration saved to results/lambda_sweep/20260915_230741/Whirlpool/ppo/exact_td_lambda_0.99/tuning/20260915_235740/Whirlpool/best_config.json

============================================================
★ TOP CONFIGURATION: LR=0.005, VALUE_LAMBDA=0.99, ACTOR_LR=0.005 (Ranked by auc [higher is better])
  AUC V_start:          6.8908e-02
  Final Window (750 steps): 7.6049e-02
  Final V_start:         7.6034e-02 (±6.5587e-06)
  Min V_start:           7.0677e-04
============================================================

Top 5 Configurations:
 rank  config_idx     LR  VALUE_LAMBDA  ACTOR_LR  auc_V_start  final_window_V_start  final_V_start_mean  final_V_start_std  min_V_start  max_V_start  mean_V_start
    1           0 0.0050          0.99     0.005     0.068908              0.076049            0.076034           0.000007     0.000707     0.078283      0.068908
    2           3 0.0010          0.99     0.005     0.065620              0.075813            0.076024           0.000011     0.000707     0.076033      0.065620
    3           6 0.0005          0.99     0.005     0.061900              0.075059            0.075992           0.000095     0.000707     0.075992      0.061900
    4           1 0.0050          0.99     0.001     0.060035              0.074402            0.075851           0.000087     0.000707     0.075851      0.060035
    5           4 0.0010          0.99     0.001     0.059006              0.074417            0.075913           0.000071     0.000707     0.075913      0.059006
============================================================

Results saved to results/lambda_sweep/20260915_230741/Whirlpool/ppo/exact_td_lambda_0.99/tuning/20260915_235740/Whirlpool/out.pkl
Config saved to results/lambda_sweep/20260915_230741/Whirlpool/ppo/exact_td_lambda_0.99/tuning/20260915_235740/Whirlpool/config.json
Config saved to results/lambda_sweep/20260915_230741/Whirlpool/ppo/exact_td_lambda_0.99/tuning/20260915_235740/Whirlpool/config.json
Sweep plot saved to results/lambda_sweep/20260915_230741/Whirlpool/ppo/exact_td_lambda_0.99/tuning/20260915_235740/Whirlpool/hyperparameter_sweep_V_start.png
Best config seeds plot saved to results/lambda_sweep/20260915_230741/Whirlpool/ppo/exact_td_lambda_0.99/tuning/20260915_235740/Whirlpool/best_config_seeds.png
All configs seed grid saved to results/lambda_sweep/20260915_230741/Whirlpool/ppo/exact_td_lambda_0.99/tuning/20260915_235740/Whirlpool/all_configs_seeds_grid.png
Successfully completed tuning for exact_td_lambda_0.99
Sweep pipeline completed successfully for Whirlpool / exact_td_lambda
