======================================================================
Starting SLURM Lambda Sweep Worker
Environment: EightRooms
Policy:      ppo
Algorithm:   exact_E_lambda
Sweep ID:    20260915_230741
======================================================================
======================================================================
Starting Lambda Sweep Worker
Sweep ID: 20260915_230741 | Env: EightRooms | Policy: ppo | Algo: exact_E_lambda
Lambdas: [0.0, 0.5, 0.9, 0.95, 0.99]
======================================================================

---> Running sweep for pseudo-algorithm: exact_E_lambda_0.0
Env: EightRooms
Default Obs Shape: (25, 13, 2)
Obs Shape: (25, 13, 2)
Action Shape: ()

============================================================
RUNNING SWEEP: 9 configs x 5 seeds = 45 runs
Environment: EightRooms | Primary Metric: V_start
Hyperparameters: ['LR', 'VALUE_LAMBDA', 'ACTOR_LR']
Ranking By: auc (higher is better)
============================================================

[1/9] Evaluating: LR=0.005, VALUE_LAMBDA=0.0, ACTOR_LR=0.005 ...- obs shape for initialization is  (25, 13, 2)
number of features is  16
 done (35.6s)
[2/9] Evaluating: LR=0.005, VALUE_LAMBDA=0.0, ACTOR_LR=0.001 ... done (11.4s)
[3/9] Evaluating: LR=0.005, VALUE_LAMBDA=0.0, ACTOR_LR=0.0005 ... done (11.4s)
[4/9] Evaluating: LR=0.001, VALUE_LAMBDA=0.0, ACTOR_LR=0.005 ... done (11.5s)
[5/9] Evaluating: LR=0.001, VALUE_LAMBDA=0.0, ACTOR_LR=0.001 ... done (11.5s)
[6/9] Evaluating: LR=0.001, VALUE_LAMBDA=0.0, ACTOR_LR=0.0005 ... done (11.5s)
[7/9] Evaluating: LR=0.0005, VALUE_LAMBDA=0.0, ACTOR_LR=0.005 ... done (11.6s)
[8/9] Evaluating: LR=0.0005, VALUE_LAMBDA=0.0, ACTOR_LR=0.001 ... done (11.6s)
[9/9] Evaluating: LR=0.0005, VALUE_LAMBDA=0.0, ACTOR_LR=0.0005 ... done (11.5s)

Tuning summary saved to results/lambda_sweep/20260915_230741/EightRooms/ppo/exact_E_lambda_0.0/tuning/20260915_231202/EightRooms/tuning_summary.csv
Best configuration saved to results/lambda_sweep/20260915_230741/EightRooms/ppo/exact_E_lambda_0.0/tuning/20260915_231202/EightRooms/best_config.json

============================================================
★ TOP CONFIGURATION: LR=0.005, VALUE_LAMBDA=0.0, ACTOR_LR=0.0005 (Ranked by auc [higher is better])
  AUC V_start:          4.2106e-01
  Final Window (750 steps): 5.3835e-01
  Final V_start:         6.1231e-01 (±8.3609e-03)
  Min V_start:           1.0609e-03
============================================================

Top 5 Configurations:
 rank  config_idx     LR  VALUE_LAMBDA  ACTOR_LR  auc_V_start  final_window_V_start  final_V_start_mean  final_V_start_std  min_V_start  max_V_start  mean_V_start
    1           2 0.0050           0.0    0.0005     0.421059              0.538354            0.612314           0.008361     0.001061     0.612314      0.421059
    2           1 0.0050           0.0    0.0010     0.404807              0.492324            0.498422           0.248225     0.001061     0.498509      0.404807
    3           8 0.0005           0.0    0.0005     0.321048              0.424052            0.613850           0.013336     0.001061     0.613960      0.321048
    4           4 0.0010           0.0    0.0010     0.315032              0.405182            0.496879           0.247331     0.001061     0.496984      0.315032
    5           3 0.0010           0.0    0.0050     0.308067              0.408803            0.520083           0.197800     0.000642     0.520192      0.308067
============================================================

Results saved to results/lambda_sweep/20260915_230741/EightRooms/ppo/exact_E_lambda_0.0/tuning/20260915_231202/EightRooms/out.pkl
Config saved to results/lambda_sweep/20260915_230741/EightRooms/ppo/exact_E_lambda_0.0/tuning/20260915_231202/EightRooms/config.json
Config saved to results/lambda_sweep/20260915_230741/EightRooms/ppo/exact_E_lambda_0.0/tuning/20260915_231202/EightRooms/config.json
Sweep plot saved to results/lambda_sweep/20260915_230741/EightRooms/ppo/exact_E_lambda_0.0/tuning/20260915_231202/EightRooms/hyperparameter_sweep_V_start.png
Best config seeds plot saved to results/lambda_sweep/20260915_230741/EightRooms/ppo/exact_E_lambda_0.0/tuning/20260915_231202/EightRooms/best_config_seeds.png
All configs seed grid saved to results/lambda_sweep/20260915_230741/EightRooms/ppo/exact_E_lambda_0.0/tuning/20260915_231202/EightRooms/all_configs_seeds_grid.png
Successfully completed tuning for exact_E_lambda_0.0

---> Running sweep for pseudo-algorithm: exact_E_lambda_0.5
Env: EightRooms
Default Obs Shape: (25, 13, 2)
Obs Shape: (25, 13, 2)
Action Shape: ()

============================================================
RUNNING SWEEP: 9 configs x 5 seeds = 45 runs
Environment: EightRooms | Primary Metric: V_start
Hyperparameters: ['LR', 'VALUE_LAMBDA', 'ACTOR_LR']
Ranking By: auc (higher is better)
============================================================

[1/9] Evaluating: LR=0.005, VALUE_LAMBDA=0.5, ACTOR_LR=0.005 ...- obs shape for initialization is  (25, 13, 2)
number of features is  16
 done (16.3s)
[2/9] Evaluating: LR=0.005, VALUE_LAMBDA=0.5, ACTOR_LR=0.001 ... done (11.5s)
[3/9] Evaluating: LR=0.005, VALUE_LAMBDA=0.5, ACTOR_LR=0.0005 ... done (11.4s)
[4/9] Evaluating: LR=0.001, VALUE_LAMBDA=0.5, ACTOR_LR=0.005 ... done (11.5s)
[5/9] Evaluating: LR=0.001, VALUE_LAMBDA=0.5, ACTOR_LR=0.001 ... done (11.7s)
[6/9] Evaluating: LR=0.001, VALUE_LAMBDA=0.5, ACTOR_LR=0.0005 ... done (11.6s)
[7/9] Evaluating: LR=0.0005, VALUE_LAMBDA=0.5, ACTOR_LR=0.005 ... done (11.5s)
[8/9] Evaluating: LR=0.0005, VALUE_LAMBDA=0.5, ACTOR_LR=0.001 ... done (11.6s)
[9/9] Evaluating: LR=0.0005, VALUE_LAMBDA=0.5, ACTOR_LR=0.0005 ... done (11.5s)

Tuning summary saved to results/lambda_sweep/20260915_230741/EightRooms/ppo/exact_E_lambda_0.5/tuning/20260915_231437/EightRooms/tuning_summary.csv
Best configuration saved to results/lambda_sweep/20260915_230741/EightRooms/ppo/exact_E_lambda_0.5/tuning/20260915_231437/EightRooms/best_config.json

============================================================
★ TOP CONFIGURATION: LR=0.001, VALUE_LAMBDA=0.5, ACTOR_LR=0.005 (Ranked by auc [higher is better])
  AUC V_start:          4.2199e-01
  Final Window (750 steps): 5.5654e-01
  Final V_start:         6.2081e-01 (±3.9041e-03)
  Min V_start:           9.1959e-04
============================================================

Top 5 Configurations:
 rank  config_idx     LR  VALUE_LAMBDA  ACTOR_LR  auc_V_start  final_window_V_start  final_V_start_mean  final_V_start_std  min_V_start  max_V_start  mean_V_start
    1           3 0.0010           0.5    0.0050     0.421988              0.556536            0.620814           0.003904     0.000920     0.620923      0.421988
    2           2 0.0050           0.5    0.0005     0.417770              0.535722            0.614987           0.003339     0.001061     0.614987      0.417770
    3           8 0.0005           0.5    0.0005     0.364025              0.478682            0.617723           0.006904     0.001061     0.617723      0.364025
    4           4 0.0010           0.5    0.0010     0.355640              0.441003            0.496457           0.248259     0.001061     0.496550      0.355640
    5           6 0.0005           0.5    0.0050     0.336473              0.445759            0.619017           0.005141     0.001061     0.619106      0.336473
============================================================

Results saved to results/lambda_sweep/20260915_230741/EightRooms/ppo/exact_E_lambda_0.5/tuning/20260915_231437/EightRooms/out.pkl
Config saved to results/lambda_sweep/20260915_230741/EightRooms/ppo/exact_E_lambda_0.5/tuning/20260915_231437/EightRooms/config.json
Config saved to results/lambda_sweep/20260915_230741/EightRooms/ppo/exact_E_lambda_0.5/tuning/20260915_231437/EightRooms/config.json
Sweep plot saved to results/lambda_sweep/20260915_230741/EightRooms/ppo/exact_E_lambda_0.5/tuning/20260915_231437/EightRooms/hyperparameter_sweep_V_start.png
Best config seeds plot saved to results/lambda_sweep/20260915_230741/EightRooms/ppo/exact_E_lambda_0.5/tuning/20260915_231437/EightRooms/best_config_seeds.png
All configs seed grid saved to results/lambda_sweep/20260915_230741/EightRooms/ppo/exact_E_lambda_0.5/tuning/20260915_231437/EightRooms/all_configs_seeds_grid.png
Successfully completed tuning for exact_E_lambda_0.5

---> Running sweep for pseudo-algorithm: exact_E_lambda_0.9
Env: EightRooms
Default Obs Shape: (25, 13, 2)
Obs Shape: (25, 13, 2)
Action Shape: ()

============================================================
RUNNING SWEEP: 9 configs x 5 seeds = 45 runs
Environment: EightRooms | Primary Metric: V_start
Hyperparameters: ['LR', 'VALUE_LAMBDA', 'ACTOR_LR']
Ranking By: auc (higher is better)
============================================================

[1/9] Evaluating: LR=0.005, VALUE_LAMBDA=0.9, ACTOR_LR=0.005 ...- obs shape for initialization is  (25, 13, 2)
number of features is  16
 done (16.3s)
[2/9] Evaluating: LR=0.005, VALUE_LAMBDA=0.9, ACTOR_LR=0.001 ... done (11.4s)
[3/9] Evaluating: LR=0.005, VALUE_LAMBDA=0.9, ACTOR_LR=0.0005 ... done (11.5s)
[4/9] Evaluating: LR=0.001, VALUE_LAMBDA=0.9, ACTOR_LR=0.005 ... done (11.7s)
[5/9] Evaluating: LR=0.001, VALUE_LAMBDA=0.9, ACTOR_LR=0.001 ... done (11.5s)
[6/9] Evaluating: LR=0.001, VALUE_LAMBDA=0.9, ACTOR_LR=0.0005 ... done (11.5s)
[7/9] Evaluating: LR=0.0005, VALUE_LAMBDA=0.9, ACTOR_LR=0.005 ... done (11.6s)
[8/9] Evaluating: LR=0.0005, VALUE_LAMBDA=0.9, ACTOR_LR=0.001 ... done (11.8s)
[9/9] Evaluating: LR=0.0005, VALUE_LAMBDA=0.9, ACTOR_LR=0.0005 ... done (11.5s)

Tuning summary saved to results/lambda_sweep/20260915_230741/EightRooms/ppo/exact_E_lambda_0.9/tuning/20260915_231651/EightRooms/tuning_summary.csv
Best configuration saved to results/lambda_sweep/20260915_230741/EightRooms/ppo/exact_E_lambda_0.9/tuning/20260915_231651/EightRooms/best_config.json

============================================================
★ TOP CONFIGURATION: LR=0.001, VALUE_LAMBDA=0.9, ACTOR_LR=0.001 (Ranked by auc [higher is better])
  AUC V_start:          4.6093e-01
  Final Window (750 steps): 5.6510e-01
  Final V_start:         6.2155e-01 (±2.9840e-03)
  Min V_start:           1.0609e-03
============================================================

Top 5 Configurations:
 rank  config_idx     LR  VALUE_LAMBDA  ACTOR_LR  auc_V_start  final_window_V_start  final_V_start_mean  final_V_start_std  min_V_start  max_V_start  mean_V_start
    1           4 0.0010           0.9    0.0010     0.460933              0.565096            0.621554           0.002984     0.001061     0.621554      0.460933
    2           2 0.0050           0.9    0.0005     0.416323              0.529059            0.615476           0.001523     0.001061     0.615476      0.416323
    3           1 0.0050           0.9    0.0010     0.405050              0.501090            0.515991           0.202961     0.001061     0.515995      0.405050
    4           5 0.0010           0.9    0.0005     0.391257              0.490133            0.508693           0.216578     0.001061     0.508693      0.391257
    5           8 0.0005           0.9    0.0005     0.372067              0.479005            0.506484           0.223872     0.001061     0.506484      0.372067
============================================================

Results saved to results/lambda_sweep/20260915_230741/EightRooms/ppo/exact_E_lambda_0.9/tuning/20260915_231651/EightRooms/out.pkl
Config saved to results/lambda_sweep/20260915_230741/EightRooms/ppo/exact_E_lambda_0.9/tuning/20260915_231651/EightRooms/config.json
Config saved to results/lambda_sweep/20260915_230741/EightRooms/ppo/exact_E_lambda_0.9/tuning/20260915_231651/EightRooms/config.json
Sweep plot saved to results/lambda_sweep/20260915_230741/EightRooms/ppo/exact_E_lambda_0.9/tuning/20260915_231651/EightRooms/hyperparameter_sweep_V_start.png
Best config seeds plot saved to results/lambda_sweep/20260915_230741/EightRooms/ppo/exact_E_lambda_0.9/tuning/20260915_231651/EightRooms/best_config_seeds.png
All configs seed grid saved to results/lambda_sweep/20260915_230741/EightRooms/ppo/exact_E_lambda_0.9/tuning/20260915_231651/EightRooms/all_configs_seeds_grid.png
Successfully completed tuning for exact_E_lambda_0.9

---> Running sweep for pseudo-algorithm: exact_E_lambda_0.95
Env: EightRooms
Default Obs Shape: (25, 13, 2)
Obs Shape: (25, 13, 2)
Action Shape: ()

============================================================
RUNNING SWEEP: 9 configs x 5 seeds = 45 runs
Environment: EightRooms | Primary Metric: V_start
Hyperparameters: ['LR', 'VALUE_LAMBDA', 'ACTOR_LR']
Ranking By: auc (higher is better)
============================================================

[1/9] Evaluating: LR=0.005, VALUE_LAMBDA=0.95, ACTOR_LR=0.005 ...- obs shape for initialization is  (25, 13, 2)
number of features is  16
 done (16.7s)
[2/9] Evaluating: LR=0.005, VALUE_LAMBDA=0.95, ACTOR_LR=0.001 ... done (11.4s)
[3/9] Evaluating: LR=0.005, VALUE_LAMBDA=0.95, ACTOR_LR=0.0005 ... done (11.4s)
[4/9] Evaluating: LR=0.001, VALUE_LAMBDA=0.95, ACTOR_LR=0.005 ... done (11.5s)
[5/9] Evaluating: LR=0.001, VALUE_LAMBDA=0.95, ACTOR_LR=0.001 ... done (11.6s)
[6/9] Evaluating: LR=0.001, VALUE_LAMBDA=0.95, ACTOR_LR=0.0005 ... done (11.5s)
[7/9] Evaluating: LR=0.0005, VALUE_LAMBDA=0.95, ACTOR_LR=0.005 ... done (11.6s)
[8/9] Evaluating: LR=0.0005, VALUE_LAMBDA=0.95, ACTOR_LR=0.001 ... done (11.8s)
[9/9] Evaluating: LR=0.0005, VALUE_LAMBDA=0.95, ACTOR_LR=0.0005 ... done (11.5s)

Tuning summary saved to results/lambda_sweep/20260915_230741/EightRooms/ppo/exact_E_lambda_0.95/tuning/20260915_231905/EightRooms/tuning_summary.csv
Best configuration saved to results/lambda_sweep/20260915_230741/EightRooms/ppo/exact_E_lambda_0.95/tuning/20260915_231905/EightRooms/best_config.json

============================================================
★ TOP CONFIGURATION: LR=0.005, VALUE_LAMBDA=0.95, ACTOR_LR=0.001 (Ranked by auc [higher is better])
  AUC V_start:          4.8262e-01
  Final Window (750 steps): 5.9830e-01
  Final V_start:         6.1688e-01 (±4.7635e-03)
  Min V_start:           1.0609e-03
============================================================

Top 5 Configurations:
 rank  config_idx     LR  VALUE_LAMBDA  ACTOR_LR  auc_V_start  final_window_V_start  final_V_start_mean  final_V_start_std  min_V_start  max_V_start  mean_V_start
    1           1 0.0050          0.95    0.0010     0.482624              0.598303            0.616880           0.004764     0.001061     0.616880      0.482624
    2           4 0.0010          0.95    0.0010     0.453053              0.550573            0.618515           0.003173     0.001061     0.618530      0.453053
    3           2 0.0050          0.95    0.0005     0.427000              0.541777            0.614992           0.001799     0.001061     0.614992      0.427000
    4           5 0.0010          0.95    0.0005     0.387693              0.485429            0.505560           0.221222     0.001061     0.505560      0.387693
    5           8 0.0005          0.95    0.0005     0.370638              0.475804            0.500470           0.233152     0.001061     0.500470      0.370638
============================================================

Results saved to results/lambda_sweep/20260915_230741/EightRooms/ppo/exact_E_lambda_0.95/tuning/20260915_231905/EightRooms/out.pkl
Config saved to results/lambda_sweep/20260915_230741/EightRooms/ppo/exact_E_lambda_0.95/tuning/20260915_231905/EightRooms/config.json
Config saved to results/lambda_sweep/20260915_230741/EightRooms/ppo/exact_E_lambda_0.95/tuning/20260915_231905/EightRooms/config.json
Sweep plot saved to results/lambda_sweep/20260915_230741/EightRooms/ppo/exact_E_lambda_0.95/tuning/20260915_231905/EightRooms/hyperparameter_sweep_V_start.png
Best config seeds plot saved to results/lambda_sweep/20260915_230741/EightRooms/ppo/exact_E_lambda_0.95/tuning/20260915_231905/EightRooms/best_config_seeds.png
All configs seed grid saved to results/lambda_sweep/20260915_230741/EightRooms/ppo/exact_E_lambda_0.95/tuning/20260915_231905/EightRooms/all_configs_seeds_grid.png
Successfully completed tuning for exact_E_lambda_0.95

---> Running sweep for pseudo-algorithm: exact_E_lambda_0.99
Env: EightRooms
Default Obs Shape: (25, 13, 2)
Obs Shape: (25, 13, 2)
Action Shape: ()

============================================================
RUNNING SWEEP: 9 configs x 5 seeds = 45 runs
Environment: EightRooms | Primary Metric: V_start
Hyperparameters: ['LR', 'VALUE_LAMBDA', 'ACTOR_LR']
Ranking By: auc (higher is better)
============================================================

[1/9] Evaluating: LR=0.005, VALUE_LAMBDA=0.99, ACTOR_LR=0.005 ...- obs shape for initialization is  (25, 13, 2)
number of features is  16
 done (16.5s)
[2/9] Evaluating: LR=0.005, VALUE_LAMBDA=0.99, ACTOR_LR=0.001 ... done (11.4s)
[3/9] Evaluating: LR=0.005, VALUE_LAMBDA=0.99, ACTOR_LR=0.0005 ... done (11.4s)
[4/9] Evaluating: LR=0.001, VALUE_LAMBDA=0.99, ACTOR_LR=0.005 ... done (11.8s)
[5/9] Evaluating: LR=0.001, VALUE_LAMBDA=0.99, ACTOR_LR=0.001 ... done (11.6s)
[6/9] Evaluating: LR=0.001, VALUE_LAMBDA=0.99, ACTOR_LR=0.0005 ... done (11.5s)
[7/9] Evaluating: LR=0.0005, VALUE_LAMBDA=0.99, ACTOR_LR=0.005 ... done (11.6s)
[8/9] Evaluating: LR=0.0005, VALUE_LAMBDA=0.99, ACTOR_LR=0.001 ... done (11.9s)
[9/9] Evaluating: LR=0.0005, VALUE_LAMBDA=0.99, ACTOR_LR=0.0005 ... done (11.6s)

Tuning summary saved to results/lambda_sweep/20260915_230741/EightRooms/ppo/exact_E_lambda_0.99/tuning/20260915_232119/EightRooms/tuning_summary.csv
Best configuration saved to results/lambda_sweep/20260915_230741/EightRooms/ppo/exact_E_lambda_0.99/tuning/20260915_232119/EightRooms/best_config.json

============================================================
★ TOP CONFIGURATION: LR=0.005, VALUE_LAMBDA=0.99, ACTOR_LR=0.005 (Ranked by auc [higher is better])
  AUC V_start:          5.3292e-01
  Final Window (750 steps): 6.0444e-01
  Final V_start:         6.0960e-01 (±2.2463e-02)
  Min V_start:           1.0609e-03
============================================================

Top 5 Configurations:
 rank  config_idx    LR  VALUE_LAMBDA  ACTOR_LR  auc_V_start  final_window_V_start  final_V_start_mean  final_V_start_std  min_V_start  max_V_start  mean_V_start
    1           0 0.005          0.99    0.0050     0.532920              0.604441            0.609602           0.022463     0.001061     0.609684      0.532920
    2           1 0.005          0.99    0.0010     0.508302              0.613973            0.619021           0.002779     0.001061     0.619021      0.508302
    3           2 0.005          0.99    0.0005     0.427434              0.541255            0.616344           0.000240     0.001061     0.616349      0.427434
    4           4 0.001          0.99    0.0010     0.426875              0.516283            0.615502           0.003130     0.001061     0.615502      0.426875
    5           5 0.001          0.99    0.0005     0.397443              0.494038            0.524273           0.184505     0.001061     0.524273      0.397443
============================================================

Results saved to results/lambda_sweep/20260915_230741/EightRooms/ppo/exact_E_lambda_0.99/tuning/20260915_232119/EightRooms/out.pkl
Config saved to results/lambda_sweep/20260915_230741/EightRooms/ppo/exact_E_lambda_0.99/tuning/20260915_232119/EightRooms/config.json
Config saved to results/lambda_sweep/20260915_230741/EightRooms/ppo/exact_E_lambda_0.99/tuning/20260915_232119/EightRooms/config.json
Sweep plot saved to results/lambda_sweep/20260915_230741/EightRooms/ppo/exact_E_lambda_0.99/tuning/20260915_232119/EightRooms/hyperparameter_sweep_V_start.png
Best config seeds plot saved to results/lambda_sweep/20260915_230741/EightRooms/ppo/exact_E_lambda_0.99/tuning/20260915_232119/EightRooms/best_config_seeds.png
All configs seed grid saved to results/lambda_sweep/20260915_230741/EightRooms/ppo/exact_E_lambda_0.99/tuning/20260915_232119/EightRooms/all_configs_seeds_grid.png
Successfully completed tuning for exact_E_lambda_0.99
Sweep pipeline completed successfully for EightRooms / exact_E_lambda
