======================================================================
Starting SLURM Lambda Sweep Worker
Environment: Whirlpool
Policy:      random
Algorithm:   exact_td_lambda
Sweep ID:    20260915_230741
======================================================================
======================================================================
Starting Lambda Sweep Worker
Sweep ID: 20260915_230741 | Env: Whirlpool | Policy: random | Algo: exact_td_lambda
Lambdas: [0.0, 0.5, 0.9, 0.95, 0.99]
======================================================================

---> Running sweep for pseudo-algorithm: exact_td_lambda_0.0
Env: Whirlpool
Default Obs Shape: (21, 21, 2)
Obs Shape: (21, 21, 2)
Action Shape: ()

============================================================
RUNNING SWEEP: 3 configs x 5 seeds = 15 runs
Environment: Whirlpool | Primary Metric: nn_weighted_VE
Hyperparameters: ['LR', 'VALUE_LAMBDA']
Ranking By: auc (lower is better)
============================================================

[1/3] Evaluating: LR=0.005, VALUE_LAMBDA=0.0 ...- obs shape for initialization is  (21, 21, 2)
number of features is  16
 done (28.5s)
[2/3] Evaluating: LR=0.001, VALUE_LAMBDA=0.0 ... done (10.2s)
[3/3] Evaluating: LR=0.0005, VALUE_LAMBDA=0.0 ... done (10.2s)

Tuning summary saved to results/lambda_sweep/20260915_230741/Whirlpool/random/exact_td_lambda_0.0/tuning/20260915_232403/Whirlpool/tuning_summary.csv
Best configuration saved to results/lambda_sweep/20260915_230741/Whirlpool/random/exact_td_lambda_0.0/tuning/20260915_232403/Whirlpool/best_config.json

============================================================
★ TOP CONFIGURATION: LR=0.001, VALUE_LAMBDA=0.0 (Ranked by auc [lower is better])
  AUC nn_weighted_VE:          5.6020e-03
  Final Window (750 steps): 3.8025e-03
  Final nn_weighted_VE:         1.5700e-03 (±7.2084e-04)
  Min nn_weighted_VE:           1.5700e-03
============================================================

Top 5 Configurations:
 rank  config_idx     LR  VALUE_LAMBDA  auc_nn_weighted_VE  final_window_nn_weighted_VE  final_nn_weighted_VE_mean  final_nn_weighted_VE_std  min_nn_weighted_VE  max_nn_weighted_VE  mean_nn_weighted_VE
    1           1 0.0010           0.0            0.005602                     0.003802                   0.001570                  0.000721            0.001570             0.01784             0.005602
    2           2 0.0005           0.0            0.006069                     0.004224                   0.001889                  0.000691            0.001885             0.01784             0.006069
    3           0 0.0050           0.0            0.007031                     0.006152                   0.005312                  0.004321            0.005187             0.01784             0.007031
============================================================

Results saved to results/lambda_sweep/20260915_230741/Whirlpool/random/exact_td_lambda_0.0/tuning/20260915_232403/Whirlpool/out.pkl
Config saved to results/lambda_sweep/20260915_230741/Whirlpool/random/exact_td_lambda_0.0/tuning/20260915_232403/Whirlpool/config.json
Config saved to results/lambda_sweep/20260915_230741/Whirlpool/random/exact_td_lambda_0.0/tuning/20260915_232403/Whirlpool/config.json
Sweep plot saved to results/lambda_sweep/20260915_230741/Whirlpool/random/exact_td_lambda_0.0/tuning/20260915_232403/Whirlpool/hyperparameter_sweep_nn_weighted_VE.png
Best config seeds plot saved to results/lambda_sweep/20260915_230741/Whirlpool/random/exact_td_lambda_0.0/tuning/20260915_232403/Whirlpool/best_config_seeds.png
All configs seed grid saved to results/lambda_sweep/20260915_230741/Whirlpool/random/exact_td_lambda_0.0/tuning/20260915_232403/Whirlpool/all_configs_seeds_grid.png
Successfully completed tuning for exact_td_lambda_0.0

---> Running sweep for pseudo-algorithm: exact_td_lambda_0.5
Env: Whirlpool
Default Obs Shape: (21, 21, 2)
Obs Shape: (21, 21, 2)
Action Shape: ()

============================================================
RUNNING SWEEP: 3 configs x 5 seeds = 15 runs
Environment: Whirlpool | Primary Metric: nn_weighted_VE
Hyperparameters: ['LR', 'VALUE_LAMBDA']
Ranking By: auc (lower is better)
============================================================

[1/3] Evaluating: LR=0.005, VALUE_LAMBDA=0.5 ...- obs shape for initialization is  (21, 21, 2)
number of features is  16
 done (13.2s)
[2/3] Evaluating: LR=0.001, VALUE_LAMBDA=0.5 ... done (10.2s)
[3/3] Evaluating: LR=0.0005, VALUE_LAMBDA=0.5 ... done (10.2s)

Tuning summary saved to results/lambda_sweep/20260915_230741/Whirlpool/random/exact_td_lambda_0.5/tuning/20260915_232507/Whirlpool/tuning_summary.csv
Best configuration saved to results/lambda_sweep/20260915_230741/Whirlpool/random/exact_td_lambda_0.5/tuning/20260915_232507/Whirlpool/best_config.json

============================================================
★ TOP CONFIGURATION: LR=0.005, VALUE_LAMBDA=0.5 (Ranked by auc [lower is better])
  AUC nn_weighted_VE:          1.7440e-03
  Final Window (750 steps): 5.4002e-04
  Final nn_weighted_VE:         9.1318e-05 (±7.3491e-05)
  Min nn_weighted_VE:           9.1199e-05
============================================================

Top 5 Configurations:
 rank  config_idx     LR  VALUE_LAMBDA  auc_nn_weighted_VE  final_window_nn_weighted_VE  final_nn_weighted_VE_mean  final_nn_weighted_VE_std  min_nn_weighted_VE  max_nn_weighted_VE  mean_nn_weighted_VE
    1           0 0.0050           0.5            0.001744                     0.000540                   0.000091                  0.000073            0.000091             0.01784             0.001744
    2           1 0.0010           0.5            0.002377                     0.000536                   0.000105                  0.000017            0.000105             0.01784             0.002377
    3           2 0.0005           0.5            0.002782                     0.000634                   0.000117                  0.000010            0.000117             0.01784             0.002782
============================================================

Results saved to results/lambda_sweep/20260915_230741/Whirlpool/random/exact_td_lambda_0.5/tuning/20260915_232507/Whirlpool/out.pkl
Config saved to results/lambda_sweep/20260915_230741/Whirlpool/random/exact_td_lambda_0.5/tuning/20260915_232507/Whirlpool/config.json
Config saved to results/lambda_sweep/20260915_230741/Whirlpool/random/exact_td_lambda_0.5/tuning/20260915_232507/Whirlpool/config.json
Sweep plot saved to results/lambda_sweep/20260915_230741/Whirlpool/random/exact_td_lambda_0.5/tuning/20260915_232507/Whirlpool/hyperparameter_sweep_nn_weighted_VE.png
Best config seeds plot saved to results/lambda_sweep/20260915_230741/Whirlpool/random/exact_td_lambda_0.5/tuning/20260915_232507/Whirlpool/best_config_seeds.png
All configs seed grid saved to results/lambda_sweep/20260915_230741/Whirlpool/random/exact_td_lambda_0.5/tuning/20260915_232507/Whirlpool/all_configs_seeds_grid.png
Successfully completed tuning for exact_td_lambda_0.5

---> Running sweep for pseudo-algorithm: exact_td_lambda_0.9
Env: Whirlpool
Default Obs Shape: (21, 21, 2)
Obs Shape: (21, 21, 2)
Action Shape: ()

============================================================
RUNNING SWEEP: 3 configs x 5 seeds = 15 runs
Environment: Whirlpool | Primary Metric: nn_weighted_VE
Hyperparameters: ['LR', 'VALUE_LAMBDA']
Ranking By: auc (lower is better)
============================================================

[1/3] Evaluating: LR=0.005, VALUE_LAMBDA=0.9 ...- obs shape for initialization is  (21, 21, 2)
number of features is  16
 done (13.3s)
[2/3] Evaluating: LR=0.001, VALUE_LAMBDA=0.9 ... done (10.3s)
[3/3] Evaluating: LR=0.0005, VALUE_LAMBDA=0.9 ... done (10.2s)

Tuning summary saved to results/lambda_sweep/20260915_230741/Whirlpool/random/exact_td_lambda_0.9/tuning/20260915_232551/Whirlpool/tuning_summary.csv
Best configuration saved to results/lambda_sweep/20260915_230741/Whirlpool/random/exact_td_lambda_0.9/tuning/20260915_232551/Whirlpool/best_config.json

============================================================
★ TOP CONFIGURATION: LR=0.005, VALUE_LAMBDA=0.9 (Ranked by auc [lower is better])
  AUC nn_weighted_VE:          6.0128e-04
  Final Window (750 steps): 8.2834e-06
  Final nn_weighted_VE:         3.1127e-06 (±5.7077e-06)
  Min nn_weighted_VE:           3.1118e-06
============================================================

Top 5 Configurations:
 rank  config_idx     LR  VALUE_LAMBDA  auc_nn_weighted_VE  final_window_nn_weighted_VE  final_nn_weighted_VE_mean  final_nn_weighted_VE_std  min_nn_weighted_VE  max_nn_weighted_VE  mean_nn_weighted_VE
    1           0 0.0050           0.9            0.000601                     0.000008                   0.000003              5.707691e-06            0.000003             0.01784             0.000601
    2           1 0.0010           0.9            0.001214                     0.000006                   0.000001              7.999477e-07            0.000001             0.01784             0.001214
    3           2 0.0005           0.9            0.001682                     0.000013                   0.000002              6.699952e-07            0.000002             0.01784             0.001682
============================================================

Results saved to results/lambda_sweep/20260915_230741/Whirlpool/random/exact_td_lambda_0.9/tuning/20260915_232551/Whirlpool/out.pkl
Config saved to results/lambda_sweep/20260915_230741/Whirlpool/random/exact_td_lambda_0.9/tuning/20260915_232551/Whirlpool/config.json
Config saved to results/lambda_sweep/20260915_230741/Whirlpool/random/exact_td_lambda_0.9/tuning/20260915_232551/Whirlpool/config.json
Sweep plot saved to results/lambda_sweep/20260915_230741/Whirlpool/random/exact_td_lambda_0.9/tuning/20260915_232551/Whirlpool/hyperparameter_sweep_nn_weighted_VE.png
Best config seeds plot saved to results/lambda_sweep/20260915_230741/Whirlpool/random/exact_td_lambda_0.9/tuning/20260915_232551/Whirlpool/best_config_seeds.png
All configs seed grid saved to results/lambda_sweep/20260915_230741/Whirlpool/random/exact_td_lambda_0.9/tuning/20260915_232551/Whirlpool/all_configs_seeds_grid.png
Successfully completed tuning for exact_td_lambda_0.9

---> Running sweep for pseudo-algorithm: exact_td_lambda_0.95
Env: Whirlpool
Default Obs Shape: (21, 21, 2)
Obs Shape: (21, 21, 2)
Action Shape: ()

============================================================
RUNNING SWEEP: 3 configs x 5 seeds = 15 runs
Environment: Whirlpool | Primary Metric: nn_weighted_VE
Hyperparameters: ['LR', 'VALUE_LAMBDA']
Ranking By: auc (lower is better)
============================================================

[1/3] Evaluating: LR=0.005, VALUE_LAMBDA=0.95 ...- obs shape for initialization is  (21, 21, 2)
number of features is  16
 done (13.1s)
[2/3] Evaluating: LR=0.001, VALUE_LAMBDA=0.95 ... done (10.2s)
[3/3] Evaluating: LR=0.0005, VALUE_LAMBDA=0.95 ... done (10.2s)

Tuning summary saved to results/lambda_sweep/20260915_230741/Whirlpool/random/exact_td_lambda_0.95/tuning/20260915_232637/Whirlpool/tuning_summary.csv
Best configuration saved to results/lambda_sweep/20260915_230741/Whirlpool/random/exact_td_lambda_0.95/tuning/20260915_232637/Whirlpool/best_config.json

============================================================
★ TOP CONFIGURATION: LR=0.005, VALUE_LAMBDA=0.95 (Ranked by auc [lower is better])
  AUC nn_weighted_VE:          5.5795e-04
  Final Window (750 steps): 3.2788e-06
  Final nn_weighted_VE:         2.9998e-06 (±2.0055e-06)
  Min nn_weighted_VE:           2.9995e-06
============================================================

Top 5 Configurations:
 rank  config_idx     LR  VALUE_LAMBDA  auc_nn_weighted_VE  final_window_nn_weighted_VE  final_nn_weighted_VE_mean  final_nn_weighted_VE_std  min_nn_weighted_VE  max_nn_weighted_VE  mean_nn_weighted_VE
    1           0 0.0050          0.95            0.000558                     0.000003                   0.000003              2.005502e-06            0.000003             0.01784             0.000558
    2           1 0.0010          0.95            0.001130                     0.000005                   0.000002              5.858096e-07            0.000002             0.01784             0.001130
    3           2 0.0005          0.95            0.001556                     0.000011                   0.000002              3.360527e-07            0.000002             0.01784             0.001556
============================================================

Results saved to results/lambda_sweep/20260915_230741/Whirlpool/random/exact_td_lambda_0.95/tuning/20260915_232637/Whirlpool/out.pkl
Config saved to results/lambda_sweep/20260915_230741/Whirlpool/random/exact_td_lambda_0.95/tuning/20260915_232637/Whirlpool/config.json
Config saved to results/lambda_sweep/20260915_230741/Whirlpool/random/exact_td_lambda_0.95/tuning/20260915_232637/Whirlpool/config.json
Sweep plot saved to results/lambda_sweep/20260915_230741/Whirlpool/random/exact_td_lambda_0.95/tuning/20260915_232637/Whirlpool/hyperparameter_sweep_nn_weighted_VE.png
Best config seeds plot saved to results/lambda_sweep/20260915_230741/Whirlpool/random/exact_td_lambda_0.95/tuning/20260915_232637/Whirlpool/best_config_seeds.png
All configs seed grid saved to results/lambda_sweep/20260915_230741/Whirlpool/random/exact_td_lambda_0.95/tuning/20260915_232637/Whirlpool/all_configs_seeds_grid.png
Successfully completed tuning for exact_td_lambda_0.95

---> Running sweep for pseudo-algorithm: exact_td_lambda_0.99
Env: Whirlpool
Default Obs Shape: (21, 21, 2)
Obs Shape: (21, 21, 2)
Action Shape: ()

============================================================
RUNNING SWEEP: 3 configs x 5 seeds = 15 runs
Environment: Whirlpool | Primary Metric: nn_weighted_VE
Hyperparameters: ['LR', 'VALUE_LAMBDA']
Ranking By: auc (lower is better)
============================================================

[1/3] Evaluating: LR=0.005, VALUE_LAMBDA=0.99 ...- obs shape for initialization is  (21, 21, 2)
number of features is  16
 done (13.1s)
[2/3] Evaluating: LR=0.001, VALUE_LAMBDA=0.99 ... done (10.2s)
[3/3] Evaluating: LR=0.0005, VALUE_LAMBDA=0.99 ... done (10.2s)

Tuning summary saved to results/lambda_sweep/20260915_230741/Whirlpool/random/exact_td_lambda_0.99/tuning/20260915_232722/Whirlpool/tuning_summary.csv
Best configuration saved to results/lambda_sweep/20260915_230741/Whirlpool/random/exact_td_lambda_0.99/tuning/20260915_232722/Whirlpool/best_config.json

============================================================
★ TOP CONFIGURATION: LR=0.005, VALUE_LAMBDA=0.99 (Ranked by auc [lower is better])
  AUC nn_weighted_VE:          5.1303e-04
  Final Window (750 steps): 1.3810e-06
  Final nn_weighted_VE:         1.2835e-06 (±3.1738e-07)
  Min nn_weighted_VE:           1.2833e-06
============================================================

Top 5 Configurations:
 rank  config_idx     LR  VALUE_LAMBDA  auc_nn_weighted_VE  final_window_nn_weighted_VE  final_nn_weighted_VE_mean  final_nn_weighted_VE_std  min_nn_weighted_VE  max_nn_weighted_VE  mean_nn_weighted_VE
    1           0 0.0050          0.99            0.000513                     0.000001                   0.000001              3.173823e-07            0.000001             0.01784             0.000513
    2           1 0.0010          0.99            0.001034                     0.000003                   0.000001              1.505708e-07            0.000001             0.01784             0.001034
    3           2 0.0005          0.99            0.001418                     0.000019                   0.000002              1.727141e-07            0.000002             0.01784             0.001418
============================================================

Results saved to results/lambda_sweep/20260915_230741/Whirlpool/random/exact_td_lambda_0.99/tuning/20260915_232722/Whirlpool/out.pkl
Config saved to results/lambda_sweep/20260915_230741/Whirlpool/random/exact_td_lambda_0.99/tuning/20260915_232722/Whirlpool/config.json
Config saved to results/lambda_sweep/20260915_230741/Whirlpool/random/exact_td_lambda_0.99/tuning/20260915_232722/Whirlpool/config.json
Sweep plot saved to results/lambda_sweep/20260915_230741/Whirlpool/random/exact_td_lambda_0.99/tuning/20260915_232722/Whirlpool/hyperparameter_sweep_nn_weighted_VE.png
Best config seeds plot saved to results/lambda_sweep/20260915_230741/Whirlpool/random/exact_td_lambda_0.99/tuning/20260915_232722/Whirlpool/best_config_seeds.png
All configs seed grid saved to results/lambda_sweep/20260915_230741/Whirlpool/random/exact_td_lambda_0.99/tuning/20260915_232722/Whirlpool/all_configs_seeds_grid.png
Successfully completed tuning for exact_td_lambda_0.99
Sweep pipeline completed successfully for Whirlpool / exact_td_lambda
