======================================================================
Starting SLURM Lambda Sweep Worker
Environment: EightRooms
Policy:      ppo
Algorithm:   exact_td_lambda
Sweep ID:    20260915_230741
======================================================================
======================================================================
Starting Lambda Sweep Worker
Sweep ID: 20260915_230741 | Env: EightRooms | Policy: ppo | Algo: exact_td_lambda
Lambdas: [0.0, 0.5, 0.9, 0.95, 0.99]
======================================================================

---> Running sweep for pseudo-algorithm: exact_td_lambda_0.0
Env: EightRooms
Default Obs Shape: (25, 13, 2)
Obs Shape: (25, 13, 2)
Action Shape: ()

============================================================
RUNNING SWEEP: 9 configs x 5 seeds = 45 runs
Environment: EightRooms | Primary Metric: V_start
Hyperparameters: ['LR', 'VALUE_LAMBDA', 'ACTOR_LR']
Ranking By: auc (higher is better)
============================================================

[1/9] Evaluating: LR=0.005, VALUE_LAMBDA=0.0, ACTOR_LR=0.005 ...- obs shape for initialization is  (25, 13, 2)
number of features is  16
 done (24.8s)
[2/9] Evaluating: LR=0.005, VALUE_LAMBDA=0.0, ACTOR_LR=0.001 ... done (10.5s)
[3/9] Evaluating: LR=0.005, VALUE_LAMBDA=0.0, ACTOR_LR=0.0005 ... done (10.5s)
[4/9] Evaluating: LR=0.001, VALUE_LAMBDA=0.0, ACTOR_LR=0.005 ... done (10.6s)
[5/9] Evaluating: LR=0.001, VALUE_LAMBDA=0.0, ACTOR_LR=0.001 ... done (10.6s)
[6/9] Evaluating: LR=0.001, VALUE_LAMBDA=0.0, ACTOR_LR=0.0005 ... done (10.6s)
[7/9] Evaluating: LR=0.0005, VALUE_LAMBDA=0.0, ACTOR_LR=0.005 ... done (10.6s)
[8/9] Evaluating: LR=0.0005, VALUE_LAMBDA=0.0, ACTOR_LR=0.001 ... done (10.6s)
[9/9] Evaluating: LR=0.0005, VALUE_LAMBDA=0.0, ACTOR_LR=0.0005 ... done (10.6s)

Tuning summary saved to results/lambda_sweep/20260915_230741/EightRooms/ppo/exact_td_lambda_0.0/tuning/20260915_231134/EightRooms/tuning_summary.csv
Best configuration saved to results/lambda_sweep/20260915_230741/EightRooms/ppo/exact_td_lambda_0.0/tuning/20260915_231134/EightRooms/best_config.json

============================================================
★ TOP CONFIGURATION: LR=0.005, VALUE_LAMBDA=0.0, ACTOR_LR=0.0005 (Ranked by auc [higher is better])
  AUC V_start:          2.8793e-01
  Final Window (750 steps): 3.7085e-01
  Final V_start:         3.8463e-01 (±2.7685e-01)
  Min V_start:           1.0609e-03
============================================================

Top 5 Configurations:
 rank  config_idx    LR  VALUE_LAMBDA  ACTOR_LR  auc_V_start  final_window_V_start  final_V_start_mean  final_V_start_std  min_V_start  max_V_start  mean_V_start
    1           2 0.005           0.0    0.0005     0.287934              0.370852            0.384631           0.276853     0.001061     0.466835      0.287934
    2           1 0.005           0.0    0.0010     0.100668              0.129711            0.189463           0.215443     0.000599     0.189643      0.100668
    3           5 0.001           0.0    0.0005     0.094175              0.124642            0.316864           0.269138     0.000776     0.316864      0.094175
    4           3 0.001           0.0    0.0050     0.069886              0.092181            0.247939           0.291458     0.000375     0.288776      0.069886
    5           4 0.001           0.0    0.0010     0.023963              0.030312            0.121849           0.239660     0.000225     0.134957      0.023963
============================================================

Results saved to results/lambda_sweep/20260915_230741/EightRooms/ppo/exact_td_lambda_0.0/tuning/20260915_231134/EightRooms/out.pkl
Config saved to results/lambda_sweep/20260915_230741/EightRooms/ppo/exact_td_lambda_0.0/tuning/20260915_231134/EightRooms/config.json
Config saved to results/lambda_sweep/20260915_230741/EightRooms/ppo/exact_td_lambda_0.0/tuning/20260915_231134/EightRooms/config.json
Sweep plot saved to results/lambda_sweep/20260915_230741/EightRooms/ppo/exact_td_lambda_0.0/tuning/20260915_231134/EightRooms/hyperparameter_sweep_V_start.png
Best config seeds plot saved to results/lambda_sweep/20260915_230741/EightRooms/ppo/exact_td_lambda_0.0/tuning/20260915_231134/EightRooms/best_config_seeds.png
All configs seed grid saved to results/lambda_sweep/20260915_230741/EightRooms/ppo/exact_td_lambda_0.0/tuning/20260915_231134/EightRooms/all_configs_seeds_grid.png
Successfully completed tuning for exact_td_lambda_0.0

---> Running sweep for pseudo-algorithm: exact_td_lambda_0.5
Env: EightRooms
Default Obs Shape: (25, 13, 2)
Obs Shape: (25, 13, 2)
Action Shape: ()

============================================================
RUNNING SWEEP: 9 configs x 5 seeds = 45 runs
Environment: EightRooms | Primary Metric: V_start
Hyperparameters: ['LR', 'VALUE_LAMBDA', 'ACTOR_LR']
Ranking By: auc (higher is better)
============================================================

[1/9] Evaluating: LR=0.005, VALUE_LAMBDA=0.5, ACTOR_LR=0.005 ...- obs shape for initialization is  (25, 13, 2)
number of features is  16
 done (15.1s)
[2/9] Evaluating: LR=0.005, VALUE_LAMBDA=0.5, ACTOR_LR=0.001 ... done (10.5s)
[3/9] Evaluating: LR=0.005, VALUE_LAMBDA=0.5, ACTOR_LR=0.0005 ... done (10.5s)
[4/9] Evaluating: LR=0.001, VALUE_LAMBDA=0.5, ACTOR_LR=0.005 ... done (10.6s)
[5/9] Evaluating: LR=0.001, VALUE_LAMBDA=0.5, ACTOR_LR=0.001 ... done (10.6s)
[6/9] Evaluating: LR=0.001, VALUE_LAMBDA=0.5, ACTOR_LR=0.0005 ... done (10.5s)
[7/9] Evaluating: LR=0.0005, VALUE_LAMBDA=0.5, ACTOR_LR=0.005 ... done (10.5s)
[8/9] Evaluating: LR=0.0005, VALUE_LAMBDA=0.5, ACTOR_LR=0.001 ... done (10.5s)
[9/9] Evaluating: LR=0.0005, VALUE_LAMBDA=0.5, ACTOR_LR=0.0005 ... done (10.5s)

Tuning summary saved to results/lambda_sweep/20260915_230741/EightRooms/ppo/exact_td_lambda_0.5/tuning/20260915_231351/EightRooms/tuning_summary.csv
Best configuration saved to results/lambda_sweep/20260915_230741/EightRooms/ppo/exact_td_lambda_0.5/tuning/20260915_231351/EightRooms/best_config.json

============================================================
★ TOP CONFIGURATION: LR=0.005, VALUE_LAMBDA=0.5, ACTOR_LR=0.0005 (Ranked by auc [higher is better])
  AUC V_start:          3.1977e-01
  Final Window (750 steps): 4.1331e-01
  Final V_start:         5.8712e-01 (±3.7565e-02)
  Min V_start:           1.0609e-03
============================================================

Top 5 Configurations:
 rank  config_idx    LR  VALUE_LAMBDA  ACTOR_LR  auc_V_start  final_window_V_start  final_V_start_mean  final_V_start_std  min_V_start  max_V_start  mean_V_start
    1           2 0.005           0.5    0.0005     0.319769              0.413310            0.587124           0.037565     0.001061     0.587124      0.319769
    2           1 0.005           0.5    0.0010     0.184481              0.232013            0.292124           0.267751     0.000593     0.292124      0.184481
    3           5 0.001           0.5    0.0005     0.086091              0.113798            0.275892           0.274394     0.000727     0.275892      0.086091
    4           0 0.005           0.5    0.0050     0.063814              0.083462            0.126012           0.248103     0.000746     0.230459      0.063814
    5           4 0.001           0.5    0.0010     0.060901              0.076823            0.125775           0.248090     0.000298     0.127245      0.060901
============================================================

Results saved to results/lambda_sweep/20260915_230741/EightRooms/ppo/exact_td_lambda_0.5/tuning/20260915_231351/EightRooms/out.pkl
Config saved to results/lambda_sweep/20260915_230741/EightRooms/ppo/exact_td_lambda_0.5/tuning/20260915_231351/EightRooms/config.json
Config saved to results/lambda_sweep/20260915_230741/EightRooms/ppo/exact_td_lambda_0.5/tuning/20260915_231351/EightRooms/config.json
Sweep plot saved to results/lambda_sweep/20260915_230741/EightRooms/ppo/exact_td_lambda_0.5/tuning/20260915_231351/EightRooms/hyperparameter_sweep_V_start.png
Best config seeds plot saved to results/lambda_sweep/20260915_230741/EightRooms/ppo/exact_td_lambda_0.5/tuning/20260915_231351/EightRooms/best_config_seeds.png
All configs seed grid saved to results/lambda_sweep/20260915_230741/EightRooms/ppo/exact_td_lambda_0.5/tuning/20260915_231351/EightRooms/all_configs_seeds_grid.png
Successfully completed tuning for exact_td_lambda_0.5

---> Running sweep for pseudo-algorithm: exact_td_lambda_0.9
Env: EightRooms
Default Obs Shape: (25, 13, 2)
Obs Shape: (25, 13, 2)
Action Shape: ()

============================================================
RUNNING SWEEP: 9 configs x 5 seeds = 45 runs
Environment: EightRooms | Primary Metric: V_start
Hyperparameters: ['LR', 'VALUE_LAMBDA', 'ACTOR_LR']
Ranking By: auc (higher is better)
============================================================

[1/9] Evaluating: LR=0.005, VALUE_LAMBDA=0.9, ACTOR_LR=0.005 ...- obs shape for initialization is  (25, 13, 2)
number of features is  16
 done (15.2s)
[2/9] Evaluating: LR=0.005, VALUE_LAMBDA=0.9, ACTOR_LR=0.001 ... done (10.6s)
[3/9] Evaluating: LR=0.005, VALUE_LAMBDA=0.9, ACTOR_LR=0.0005 ... done (10.5s)
[4/9] Evaluating: LR=0.001, VALUE_LAMBDA=0.9, ACTOR_LR=0.005 ... done (10.6s)
[5/9] Evaluating: LR=0.001, VALUE_LAMBDA=0.9, ACTOR_LR=0.001 ... done (10.6s)
[6/9] Evaluating: LR=0.001, VALUE_LAMBDA=0.9, ACTOR_LR=0.0005 ... done (10.4s)
[7/9] Evaluating: LR=0.0005, VALUE_LAMBDA=0.9, ACTOR_LR=0.005 ... done (10.5s)
[8/9] Evaluating: LR=0.0005, VALUE_LAMBDA=0.9, ACTOR_LR=0.001 ... done (10.5s)
[9/9] Evaluating: LR=0.0005, VALUE_LAMBDA=0.9, ACTOR_LR=0.0005 ... done (10.6s)

Tuning summary saved to results/lambda_sweep/20260915_230741/EightRooms/ppo/exact_td_lambda_0.9/tuning/20260915_231555/EightRooms/tuning_summary.csv
Best configuration saved to results/lambda_sweep/20260915_230741/EightRooms/ppo/exact_td_lambda_0.9/tuning/20260915_231555/EightRooms/best_config.json

============================================================
★ TOP CONFIGURATION: LR=0.005, VALUE_LAMBDA=0.9, ACTOR_LR=0.0005 (Ranked by auc [higher is better])
  AUC V_start:          3.1721e-01
  Final Window (750 steps): 4.0317e-01
  Final V_start:         4.9235e-01 (±2.4530e-01)
  Min V_start:           1.0609e-03
============================================================

Top 5 Configurations:
 rank  config_idx     LR  VALUE_LAMBDA  ACTOR_LR  auc_V_start  final_window_V_start  final_V_start_mean  final_V_start_std  min_V_start  max_V_start  mean_V_start
    1           2 0.0050           0.9    0.0005     0.317213              0.403170            0.492350           0.245300     0.001061     0.492471      0.317213
    2           5 0.0010           0.9    0.0005     0.252083              0.324147            0.396349           0.265459     0.001061     0.396349      0.252083
    3           1 0.0050           0.9    0.0010     0.205252              0.261823            0.291555           0.269053     0.001061     0.291792      0.205252
    4           6 0.0005           0.9    0.0050     0.169870              0.225352            0.405816           0.232413     0.000905     0.439497      0.169870
    5           4 0.0010           0.9    0.0010     0.139536              0.179546            0.248049           0.301428     0.000010     0.248127      0.139536
============================================================

Results saved to results/lambda_sweep/20260915_230741/EightRooms/ppo/exact_td_lambda_0.9/tuning/20260915_231555/EightRooms/out.pkl
Config saved to results/lambda_sweep/20260915_230741/EightRooms/ppo/exact_td_lambda_0.9/tuning/20260915_231555/EightRooms/config.json
Config saved to results/lambda_sweep/20260915_230741/EightRooms/ppo/exact_td_lambda_0.9/tuning/20260915_231555/EightRooms/config.json
Sweep plot saved to results/lambda_sweep/20260915_230741/EightRooms/ppo/exact_td_lambda_0.9/tuning/20260915_231555/EightRooms/hyperparameter_sweep_V_start.png
Best config seeds plot saved to results/lambda_sweep/20260915_230741/EightRooms/ppo/exact_td_lambda_0.9/tuning/20260915_231555/EightRooms/best_config_seeds.png
All configs seed grid saved to results/lambda_sweep/20260915_230741/EightRooms/ppo/exact_td_lambda_0.9/tuning/20260915_231555/EightRooms/all_configs_seeds_grid.png
Successfully completed tuning for exact_td_lambda_0.9

---> Running sweep for pseudo-algorithm: exact_td_lambda_0.95
Env: EightRooms
Default Obs Shape: (25, 13, 2)
Obs Shape: (25, 13, 2)
Action Shape: ()

============================================================
RUNNING SWEEP: 9 configs x 5 seeds = 45 runs
Environment: EightRooms | Primary Metric: V_start
Hyperparameters: ['LR', 'VALUE_LAMBDA', 'ACTOR_LR']
Ranking By: auc (higher is better)
============================================================

[1/9] Evaluating: LR=0.005, VALUE_LAMBDA=0.95, ACTOR_LR=0.005 ...- obs shape for initialization is  (25, 13, 2)
number of features is  16
 done (15.0s)
[2/9] Evaluating: LR=0.005, VALUE_LAMBDA=0.95, ACTOR_LR=0.001 ... done (10.5s)
[3/9] Evaluating: LR=0.005, VALUE_LAMBDA=0.95, ACTOR_LR=0.0005 ... done (10.5s)
[4/9] Evaluating: LR=0.001, VALUE_LAMBDA=0.95, ACTOR_LR=0.005 ... done (10.6s)
[5/9] Evaluating: LR=0.001, VALUE_LAMBDA=0.95, ACTOR_LR=0.001 ... done (10.7s)
[6/9] Evaluating: LR=0.001, VALUE_LAMBDA=0.95, ACTOR_LR=0.0005 ... done (10.5s)
[7/9] Evaluating: LR=0.0005, VALUE_LAMBDA=0.95, ACTOR_LR=0.005 ... done (10.5s)
[8/9] Evaluating: LR=0.0005, VALUE_LAMBDA=0.95, ACTOR_LR=0.001 ... done (10.5s)
[9/9] Evaluating: LR=0.0005, VALUE_LAMBDA=0.95, ACTOR_LR=0.0005 ... done (10.4s)

Tuning summary saved to results/lambda_sweep/20260915_230741/EightRooms/ppo/exact_td_lambda_0.95/tuning/20260915_231759/EightRooms/tuning_summary.csv
Best configuration saved to results/lambda_sweep/20260915_230741/EightRooms/ppo/exact_td_lambda_0.95/tuning/20260915_231759/EightRooms/best_config.json

============================================================
★ TOP CONFIGURATION: LR=0.005, VALUE_LAMBDA=0.95, ACTOR_LR=0.001 (Ranked by auc [higher is better])
  AUC V_start:          3.9935e-01
  Final Window (750 steps): 4.8906e-01
  Final V_start:         4.9506e-01 (±2.4643e-01)
  Min V_start:           1.0609e-03
============================================================

Top 5 Configurations:
 rank  config_idx     LR  VALUE_LAMBDA  ACTOR_LR  auc_V_start  final_window_V_start  final_V_start_mean  final_V_start_std  min_V_start  max_V_start  mean_V_start
    1           1 0.0050          0.95    0.0010     0.399347              0.489060            0.495059           0.246434     0.001061     0.495104      0.399347
    2           8 0.0005          0.95    0.0005     0.395269              0.516379            0.617630           0.003407     0.001061     0.617630      0.395269
    3           2 0.0050          0.95    0.0005     0.346403              0.439342            0.493192           0.245455     0.001061     0.493192      0.346403
    4           6 0.0005          0.95    0.0050     0.296012              0.393189            0.591591           0.032385     0.000597     0.591591      0.296012
    5           5 0.0010          0.95    0.0005     0.294993              0.375486            0.506330           0.214638     0.001061     0.506330      0.294993
============================================================

Results saved to results/lambda_sweep/20260915_230741/EightRooms/ppo/exact_td_lambda_0.95/tuning/20260915_231759/EightRooms/out.pkl
Config saved to results/lambda_sweep/20260915_230741/EightRooms/ppo/exact_td_lambda_0.95/tuning/20260915_231759/EightRooms/config.json
Config saved to results/lambda_sweep/20260915_230741/EightRooms/ppo/exact_td_lambda_0.95/tuning/20260915_231759/EightRooms/config.json
Sweep plot saved to results/lambda_sweep/20260915_230741/EightRooms/ppo/exact_td_lambda_0.95/tuning/20260915_231759/EightRooms/hyperparameter_sweep_V_start.png
Best config seeds plot saved to results/lambda_sweep/20260915_230741/EightRooms/ppo/exact_td_lambda_0.95/tuning/20260915_231759/EightRooms/best_config_seeds.png
All configs seed grid saved to results/lambda_sweep/20260915_230741/EightRooms/ppo/exact_td_lambda_0.95/tuning/20260915_231759/EightRooms/all_configs_seeds_grid.png
Successfully completed tuning for exact_td_lambda_0.95

---> Running sweep for pseudo-algorithm: exact_td_lambda_0.99
Env: EightRooms
Default Obs Shape: (25, 13, 2)
Obs Shape: (25, 13, 2)
Action Shape: ()

============================================================
RUNNING SWEEP: 9 configs x 5 seeds = 45 runs
Environment: EightRooms | Primary Metric: V_start
Hyperparameters: ['LR', 'VALUE_LAMBDA', 'ACTOR_LR']
Ranking By: auc (higher is better)
============================================================

[1/9] Evaluating: LR=0.005, VALUE_LAMBDA=0.99, ACTOR_LR=0.005 ...- obs shape for initialization is  (25, 13, 2)
number of features is  16
 done (15.3s)
[2/9] Evaluating: LR=0.005, VALUE_LAMBDA=0.99, ACTOR_LR=0.001 ... done (10.5s)
[3/9] Evaluating: LR=0.005, VALUE_LAMBDA=0.99, ACTOR_LR=0.0005 ... done (10.5s)
[4/9] Evaluating: LR=0.001, VALUE_LAMBDA=0.99, ACTOR_LR=0.005 ... done (10.6s)
[5/9] Evaluating: LR=0.001, VALUE_LAMBDA=0.99, ACTOR_LR=0.001 ... done (10.7s)
[6/9] Evaluating: LR=0.001, VALUE_LAMBDA=0.99, ACTOR_LR=0.0005 ... done (10.5s)
[7/9] Evaluating: LR=0.0005, VALUE_LAMBDA=0.99, ACTOR_LR=0.005 ... done (10.6s)
[8/9] Evaluating: LR=0.0005, VALUE_LAMBDA=0.99, ACTOR_LR=0.001 ... done (10.7s)
[9/9] Evaluating: LR=0.0005, VALUE_LAMBDA=0.99, ACTOR_LR=0.0005 ... done (10.6s)

Tuning summary saved to results/lambda_sweep/20260915_230741/EightRooms/ppo/exact_td_lambda_0.99/tuning/20260915_232002/EightRooms/tuning_summary.csv
Best configuration saved to results/lambda_sweep/20260915_230741/EightRooms/ppo/exact_td_lambda_0.99/tuning/20260915_232002/EightRooms/best_config.json

============================================================
★ TOP CONFIGURATION: LR=0.001, VALUE_LAMBDA=0.99, ACTOR_LR=0.0005 (Ranked by auc [higher is better])
  AUC V_start:          4.7706e-01
  Final Window (750 steps): 5.9880e-01
  Final V_start:         6.1638e-01 (±1.0057e-03)
  Min V_start:           1.0609e-03
============================================================

Top 5 Configurations:
 rank  config_idx    LR  VALUE_LAMBDA  ACTOR_LR  auc_V_start  final_window_V_start  final_V_start_mean  final_V_start_std  min_V_start  max_V_start  mean_V_start
    1           5 0.001          0.99    0.0005     0.477062              0.598798            0.616379           0.001006     0.001061     0.616416      0.477062
    2           1 0.005          0.99    0.0010     0.415943              0.492205            0.495701           0.246825     0.001061     0.495701      0.415943
    3           0 0.005          0.99    0.0050     0.391989              0.476796            0.487696           0.244864     0.001061     0.487712      0.391989
    4           2 0.005          0.99    0.0005     0.353984              0.446491            0.493010           0.245584     0.001061     0.493011      0.353984
    5           4 0.001          0.99    0.0010     0.339350              0.412380            0.494436           0.247243     0.001061     0.494436      0.339350
============================================================

Results saved to results/lambda_sweep/20260915_230741/EightRooms/ppo/exact_td_lambda_0.99/tuning/20260915_232002/EightRooms/out.pkl
Config saved to results/lambda_sweep/20260915_230741/EightRooms/ppo/exact_td_lambda_0.99/tuning/20260915_232002/EightRooms/config.json
Config saved to results/lambda_sweep/20260915_230741/EightRooms/ppo/exact_td_lambda_0.99/tuning/20260915_232002/EightRooms/config.json
Sweep plot saved to results/lambda_sweep/20260915_230741/EightRooms/ppo/exact_td_lambda_0.99/tuning/20260915_232002/EightRooms/hyperparameter_sweep_V_start.png
Best config seeds plot saved to results/lambda_sweep/20260915_230741/EightRooms/ppo/exact_td_lambda_0.99/tuning/20260915_232002/EightRooms/best_config_seeds.png
All configs seed grid saved to results/lambda_sweep/20260915_230741/EightRooms/ppo/exact_td_lambda_0.99/tuning/20260915_232002/EightRooms/all_configs_seeds_grid.png
Successfully completed tuning for exact_td_lambda_0.99
Sweep pipeline completed successfully for EightRooms / exact_td_lambda
