======================================================================
Starting SLURM Lambda Sweep Worker
Environment: Whirlpool
Policy:      fixed
Algorithm:   exact_td_lambda
Sweep ID:    20260915_230741
======================================================================
[Whirlpool] Auto-resolved MODEL_LOAD_DIR to valid checkpoint: 'ground_truth/fixed_policies'
======================================================================
Starting Lambda Sweep Worker
Sweep ID: 20260915_230741 | Env: Whirlpool | Policy: fixed | Algo: exact_td_lambda
Lambdas: [0.0, 0.5, 0.9, 0.95, 0.99]
======================================================================

---> Running sweep for pseudo-algorithm: exact_td_lambda_0.0
Env: Whirlpool
Default Obs Shape: (21, 21, 2)
Obs Shape: (21, 21, 2)
Action Shape: ()
ppo/ground_truth/fixed_policies

============================================================
RUNNING SWEEP: 3 configs x 5 seeds = 15 runs
Environment: Whirlpool | Primary Metric: nn_weighted_VE
Hyperparameters: ['LR', 'VALUE_LAMBDA']
Ranking By: auc (lower is better)
============================================================

[1/3] Evaluating: LR=0.005, VALUE_LAMBDA=0.0 ...- obs shape for initialization is  (21, 21, 2)
number of features is  16
 done (30.3s)
[2/3] Evaluating: LR=0.001, VALUE_LAMBDA=0.0 ... done (10.4s)
[3/3] Evaluating: LR=0.0005, VALUE_LAMBDA=0.0 ... done (10.4s)

Tuning summary saved to results/lambda_sweep/20260915_230741/Whirlpool/fixed/exact_td_lambda_0.0/tuning/20260915_232233/Whirlpool/tuning_summary.csv
Best configuration saved to results/lambda_sweep/20260915_230741/Whirlpool/fixed/exact_td_lambda_0.0/tuning/20260915_232233/Whirlpool/best_config.json

============================================================
★ TOP CONFIGURATION: LR=0.001, VALUE_LAMBDA=0.0 (Ranked by auc [lower is better])
  AUC nn_weighted_VE:          2.3683e-02
  Final Window (750 steps): 1.0560e-02
  Final nn_weighted_VE:         4.8220e-03 (±5.6971e-04)
  Min nn_weighted_VE:           4.8112e-03
============================================================

Top 5 Configurations:
 rank  config_idx     LR  VALUE_LAMBDA  auc_nn_weighted_VE  final_window_nn_weighted_VE  final_nn_weighted_VE_mean  final_nn_weighted_VE_std  min_nn_weighted_VE  max_nn_weighted_VE  mean_nn_weighted_VE
    1           1 0.0010           0.0            0.023683                     0.010560                   0.004822                  0.000570            0.004811            0.148933             0.023683
    2           2 0.0005           0.0            0.024956                     0.008339                   0.003238                  0.000707            0.003238            0.148933             0.024956
    3           0 0.0050           0.0            0.026580                     0.018070                   0.006348                  0.001904            0.005895            0.148933             0.026580
============================================================

Results saved to results/lambda_sweep/20260915_230741/Whirlpool/fixed/exact_td_lambda_0.0/tuning/20260915_232233/Whirlpool/out.pkl
Config saved to results/lambda_sweep/20260915_230741/Whirlpool/fixed/exact_td_lambda_0.0/tuning/20260915_232233/Whirlpool/config.json
Config saved to results/lambda_sweep/20260915_230741/Whirlpool/fixed/exact_td_lambda_0.0/tuning/20260915_232233/Whirlpool/config.json
Sweep plot saved to results/lambda_sweep/20260915_230741/Whirlpool/fixed/exact_td_lambda_0.0/tuning/20260915_232233/Whirlpool/hyperparameter_sweep_nn_weighted_VE.png
Best config seeds plot saved to results/lambda_sweep/20260915_230741/Whirlpool/fixed/exact_td_lambda_0.0/tuning/20260915_232233/Whirlpool/best_config_seeds.png
All configs seed grid saved to results/lambda_sweep/20260915_230741/Whirlpool/fixed/exact_td_lambda_0.0/tuning/20260915_232233/Whirlpool/all_configs_seeds_grid.png
Successfully completed tuning for exact_td_lambda_0.0

---> Running sweep for pseudo-algorithm: exact_td_lambda_0.5
Env: Whirlpool
Default Obs Shape: (21, 21, 2)
Obs Shape: (21, 21, 2)
Action Shape: ()
ppo/ground_truth/fixed_policies

============================================================
RUNNING SWEEP: 3 configs x 5 seeds = 15 runs
Environment: Whirlpool | Primary Metric: nn_weighted_VE
Hyperparameters: ['LR', 'VALUE_LAMBDA']
Ranking By: auc (lower is better)
============================================================

[1/3] Evaluating: LR=0.005, VALUE_LAMBDA=0.5 ...- obs shape for initialization is  (21, 21, 2)
number of features is  16
 done (14.4s)
[2/3] Evaluating: LR=0.001, VALUE_LAMBDA=0.5 ... done (10.4s)
[3/3] Evaluating: LR=0.0005, VALUE_LAMBDA=0.5 ... done (10.3s)

Tuning summary saved to results/lambda_sweep/20260915_230741/Whirlpool/fixed/exact_td_lambda_0.5/tuning/20260915_232340/Whirlpool/tuning_summary.csv
Best configuration saved to results/lambda_sweep/20260915_230741/Whirlpool/fixed/exact_td_lambda_0.5/tuning/20260915_232340/Whirlpool/best_config.json

============================================================
★ TOP CONFIGURATION: LR=0.005, VALUE_LAMBDA=0.5 (Ranked by auc [lower is better])
  AUC nn_weighted_VE:          8.6512e-03
  Final Window (750 steps): 1.7390e-03
  Final nn_weighted_VE:         5.5520e-04 (±1.7764e-04)
  Min nn_weighted_VE:           5.1151e-04
============================================================

Top 5 Configurations:
 rank  config_idx     LR  VALUE_LAMBDA  auc_nn_weighted_VE  final_window_nn_weighted_VE  final_nn_weighted_VE_mean  final_nn_weighted_VE_std  min_nn_weighted_VE  max_nn_weighted_VE  mean_nn_weighted_VE
    1           0 0.0050           0.5            0.008651                     0.001739                   0.000555                  0.000178            0.000512            0.148933             0.008651
    2           1 0.0010           0.5            0.012488                     0.000897                   0.000181                  0.000016            0.000181            0.148933             0.012488
    3           2 0.0005           0.5            0.016382                     0.000943                   0.000138                  0.000012            0.000138            0.148933             0.016382
============================================================

Results saved to results/lambda_sweep/20260915_230741/Whirlpool/fixed/exact_td_lambda_0.5/tuning/20260915_232340/Whirlpool/out.pkl
Config saved to results/lambda_sweep/20260915_230741/Whirlpool/fixed/exact_td_lambda_0.5/tuning/20260915_232340/Whirlpool/config.json
Config saved to results/lambda_sweep/20260915_230741/Whirlpool/fixed/exact_td_lambda_0.5/tuning/20260915_232340/Whirlpool/config.json
Sweep plot saved to results/lambda_sweep/20260915_230741/Whirlpool/fixed/exact_td_lambda_0.5/tuning/20260915_232340/Whirlpool/hyperparameter_sweep_nn_weighted_VE.png
Best config seeds plot saved to results/lambda_sweep/20260915_230741/Whirlpool/fixed/exact_td_lambda_0.5/tuning/20260915_232340/Whirlpool/best_config_seeds.png
All configs seed grid saved to results/lambda_sweep/20260915_230741/Whirlpool/fixed/exact_td_lambda_0.5/tuning/20260915_232340/Whirlpool/all_configs_seeds_grid.png
Successfully completed tuning for exact_td_lambda_0.5

---> Running sweep for pseudo-algorithm: exact_td_lambda_0.9
Env: Whirlpool
Default Obs Shape: (21, 21, 2)
Obs Shape: (21, 21, 2)
Action Shape: ()
ppo/ground_truth/fixed_policies

============================================================
RUNNING SWEEP: 3 configs x 5 seeds = 15 runs
Environment: Whirlpool | Primary Metric: nn_weighted_VE
Hyperparameters: ['LR', 'VALUE_LAMBDA']
Ranking By: auc (lower is better)
============================================================

[1/3] Evaluating: LR=0.005, VALUE_LAMBDA=0.9 ...- obs shape for initialization is  (21, 21, 2)
number of features is  16
 done (14.5s)
[2/3] Evaluating: LR=0.001, VALUE_LAMBDA=0.9 ... done (10.3s)
[3/3] Evaluating: LR=0.0005, VALUE_LAMBDA=0.9 ... done (10.3s)

Tuning summary saved to results/lambda_sweep/20260915_230741/Whirlpool/fixed/exact_td_lambda_0.9/tuning/20260915_232426/Whirlpool/tuning_summary.csv
Best configuration saved to results/lambda_sweep/20260915_230741/Whirlpool/fixed/exact_td_lambda_0.9/tuning/20260915_232426/Whirlpool/best_config.json

============================================================
★ TOP CONFIGURATION: LR=0.005, VALUE_LAMBDA=0.9 (Ranked by auc [lower is better])
  AUC nn_weighted_VE:          4.8499e-03
  Final Window (750 steps): 4.4068e-08
  Final nn_weighted_VE:         1.1418e-09 (±6.9983e-10)
  Min nn_weighted_VE:           8.3335e-10
============================================================

Top 5 Configurations:
 rank  config_idx     LR  VALUE_LAMBDA  auc_nn_weighted_VE  final_window_nn_weighted_VE  final_nn_weighted_VE_mean  final_nn_weighted_VE_std  min_nn_weighted_VE  max_nn_weighted_VE  mean_nn_weighted_VE
    1           0 0.0050           0.9            0.004850                 4.406809e-08               1.141808e-09              6.998288e-10        8.333515e-10            0.148933             0.004850
    2           1 0.0010           0.9            0.009467                 5.613481e-06               5.801808e-08              9.583973e-08        5.801808e-08            0.148933             0.009467
    3           2 0.0005           0.9            0.012864                 5.100479e-05               4.266195e-07              4.002805e-07        4.266195e-07            0.148933             0.012864
============================================================

Results saved to results/lambda_sweep/20260915_230741/Whirlpool/fixed/exact_td_lambda_0.9/tuning/20260915_232426/Whirlpool/out.pkl
Config saved to results/lambda_sweep/20260915_230741/Whirlpool/fixed/exact_td_lambda_0.9/tuning/20260915_232426/Whirlpool/config.json
Config saved to results/lambda_sweep/20260915_230741/Whirlpool/fixed/exact_td_lambda_0.9/tuning/20260915_232426/Whirlpool/config.json
Sweep plot saved to results/lambda_sweep/20260915_230741/Whirlpool/fixed/exact_td_lambda_0.9/tuning/20260915_232426/Whirlpool/hyperparameter_sweep_nn_weighted_VE.png
Best config seeds plot saved to results/lambda_sweep/20260915_230741/Whirlpool/fixed/exact_td_lambda_0.9/tuning/20260915_232426/Whirlpool/best_config_seeds.png
All configs seed grid saved to results/lambda_sweep/20260915_230741/Whirlpool/fixed/exact_td_lambda_0.9/tuning/20260915_232426/Whirlpool/all_configs_seeds_grid.png
Successfully completed tuning for exact_td_lambda_0.9

---> Running sweep for pseudo-algorithm: exact_td_lambda_0.95
Env: Whirlpool
Default Obs Shape: (21, 21, 2)
Obs Shape: (21, 21, 2)
Action Shape: ()
ppo/ground_truth/fixed_policies

============================================================
RUNNING SWEEP: 3 configs x 5 seeds = 15 runs
Environment: Whirlpool | Primary Metric: nn_weighted_VE
Hyperparameters: ['LR', 'VALUE_LAMBDA']
Ranking By: auc (lower is better)
============================================================

[1/3] Evaluating: LR=0.005, VALUE_LAMBDA=0.95 ...- obs shape for initialization is  (21, 21, 2)
number of features is  16
 done (14.7s)
[2/3] Evaluating: LR=0.001, VALUE_LAMBDA=0.95 ... done (10.3s)
[3/3] Evaluating: LR=0.0005, VALUE_LAMBDA=0.95 ... done (10.3s)

Tuning summary saved to results/lambda_sweep/20260915_230741/Whirlpool/fixed/exact_td_lambda_0.95/tuning/20260915_232512/Whirlpool/tuning_summary.csv
Best configuration saved to results/lambda_sweep/20260915_230741/Whirlpool/fixed/exact_td_lambda_0.95/tuning/20260915_232512/Whirlpool/best_config.json

============================================================
★ TOP CONFIGURATION: LR=0.005, VALUE_LAMBDA=0.95 (Ranked by auc [lower is better])
  AUC nn_weighted_VE:          4.5944e-03
  Final Window (750 steps): 7.9561e-08
  Final nn_weighted_VE:         2.0917e-09 (±2.3386e-09)
  Min nn_weighted_VE:           1.5482e-09
============================================================

Top 5 Configurations:
 rank  config_idx     LR  VALUE_LAMBDA  auc_nn_weighted_VE  final_window_nn_weighted_VE  final_nn_weighted_VE_mean  final_nn_weighted_VE_std  min_nn_weighted_VE  max_nn_weighted_VE  mean_nn_weighted_VE
    1           0 0.0050          0.95            0.004594                 7.956077e-08               2.091722e-09              2.338619e-09        1.548227e-09            0.148933             0.004594
    2           1 0.0010          0.95            0.008966                 3.508020e-06               1.427111e-07              1.995687e-07        1.427111e-07            0.148933             0.008966
    3           2 0.0005          0.95            0.012139                 2.985917e-05               6.638701e-07              5.623054e-07        6.638701e-07            0.148933             0.012139
============================================================

Results saved to results/lambda_sweep/20260915_230741/Whirlpool/fixed/exact_td_lambda_0.95/tuning/20260915_232512/Whirlpool/out.pkl
Config saved to results/lambda_sweep/20260915_230741/Whirlpool/fixed/exact_td_lambda_0.95/tuning/20260915_232512/Whirlpool/config.json
Config saved to results/lambda_sweep/20260915_230741/Whirlpool/fixed/exact_td_lambda_0.95/tuning/20260915_232512/Whirlpool/config.json
Sweep plot saved to results/lambda_sweep/20260915_230741/Whirlpool/fixed/exact_td_lambda_0.95/tuning/20260915_232512/Whirlpool/hyperparameter_sweep_nn_weighted_VE.png
Best config seeds plot saved to results/lambda_sweep/20260915_230741/Whirlpool/fixed/exact_td_lambda_0.95/tuning/20260915_232512/Whirlpool/best_config_seeds.png
All configs seed grid saved to results/lambda_sweep/20260915_230741/Whirlpool/fixed/exact_td_lambda_0.95/tuning/20260915_232512/Whirlpool/all_configs_seeds_grid.png
Successfully completed tuning for exact_td_lambda_0.95

---> Running sweep for pseudo-algorithm: exact_td_lambda_0.99
Env: Whirlpool
Default Obs Shape: (21, 21, 2)
Obs Shape: (21, 21, 2)
Action Shape: ()
ppo/ground_truth/fixed_policies

============================================================
RUNNING SWEEP: 3 configs x 5 seeds = 15 runs
Environment: Whirlpool | Primary Metric: nn_weighted_VE
Hyperparameters: ['LR', 'VALUE_LAMBDA']
Ranking By: auc (lower is better)
============================================================

[1/3] Evaluating: LR=0.005, VALUE_LAMBDA=0.99 ...- obs shape for initialization is  (21, 21, 2)
number of features is  16
 done (14.6s)
[2/3] Evaluating: LR=0.001, VALUE_LAMBDA=0.99 ... done (10.3s)
[3/3] Evaluating: LR=0.0005, VALUE_LAMBDA=0.99 ... done (10.3s)

Tuning summary saved to results/lambda_sweep/20260915_230741/Whirlpool/fixed/exact_td_lambda_0.99/tuning/20260915_232558/Whirlpool/tuning_summary.csv
Best configuration saved to results/lambda_sweep/20260915_230741/Whirlpool/fixed/exact_td_lambda_0.99/tuning/20260915_232558/Whirlpool/best_config.json

============================================================
★ TOP CONFIGURATION: LR=0.005, VALUE_LAMBDA=0.99 (Ranked by auc [lower is better])
  AUC nn_weighted_VE:          4.2957e-03
  Final Window (750 steps): 2.0239e-07
  Final nn_weighted_VE:         1.3073e-08 (±2.2684e-08)
  Min nn_weighted_VE:           1.3073e-08
============================================================

Top 5 Configurations:
 rank  config_idx     LR  VALUE_LAMBDA  auc_nn_weighted_VE  final_window_nn_weighted_VE  final_nn_weighted_VE_mean  final_nn_weighted_VE_std  min_nn_weighted_VE  max_nn_weighted_VE  mean_nn_weighted_VE
    1           0 0.0050          0.99            0.004296                 2.023855e-07               1.307282e-08              2.268384e-08        1.307282e-08            0.148933             0.004296
    2           1 0.0010          0.99            0.008392                 4.604220e-06               4.669629e-07              4.661605e-07        4.669629e-07            0.148933             0.008392
    3           2 0.0005          0.99            0.011334                 3.131384e-05               1.772143e-06              9.102837e-07        1.772143e-06            0.148933             0.011334
============================================================

Results saved to results/lambda_sweep/20260915_230741/Whirlpool/fixed/exact_td_lambda_0.99/tuning/20260915_232558/Whirlpool/out.pkl
Config saved to results/lambda_sweep/20260915_230741/Whirlpool/fixed/exact_td_lambda_0.99/tuning/20260915_232558/Whirlpool/config.json
Config saved to results/lambda_sweep/20260915_230741/Whirlpool/fixed/exact_td_lambda_0.99/tuning/20260915_232558/Whirlpool/config.json
Sweep plot saved to results/lambda_sweep/20260915_230741/Whirlpool/fixed/exact_td_lambda_0.99/tuning/20260915_232558/Whirlpool/hyperparameter_sweep_nn_weighted_VE.png
Best config seeds plot saved to results/lambda_sweep/20260915_230741/Whirlpool/fixed/exact_td_lambda_0.99/tuning/20260915_232558/Whirlpool/best_config_seeds.png
All configs seed grid saved to results/lambda_sweep/20260915_230741/Whirlpool/fixed/exact_td_lambda_0.99/tuning/20260915_232558/Whirlpool/all_configs_seeds_grid.png
Successfully completed tuning for exact_td_lambda_0.99
Sweep pipeline completed successfully for Whirlpool / exact_td_lambda
