======================================================================
Starting SLURM Lambda Sweep Worker
Environment: EightRooms
Policy:      random
Algorithm:   exact_td_lambda
Sweep ID:    20260915_230741
======================================================================
======================================================================
Starting Lambda Sweep Worker
Sweep ID: 20260915_230741 | Env: EightRooms | Policy: random | Algo: exact_td_lambda
Lambdas: [0.0, 0.5, 0.9, 0.95, 0.99]
======================================================================

---> Running sweep for pseudo-algorithm: exact_td_lambda_0.0
Env: EightRooms
Default Obs Shape: (25, 13, 2)
Obs Shape: (25, 13, 2)
Action Shape: ()

============================================================
RUNNING SWEEP: 3 configs x 5 seeds = 15 runs
Environment: EightRooms | Primary Metric: nn_weighted_VE
Hyperparameters: ['LR', 'VALUE_LAMBDA']
Ranking By: auc (lower is better)
============================================================

[1/3] Evaluating: LR=0.005, VALUE_LAMBDA=0.0 ...- obs shape for initialization is  (25, 13, 2)
number of features is  16
 done (20.0s)
[2/3] Evaluating: LR=0.001, VALUE_LAMBDA=0.0 ... done (3.0s)
[3/3] Evaluating: LR=0.0005, VALUE_LAMBDA=0.0 ... done (3.0s)

Tuning summary saved to results/lambda_sweep/20260915_230741/EightRooms/random/exact_td_lambda_0.0/tuning/20260915_230806/EightRooms/tuning_summary.csv
Best configuration saved to results/lambda_sweep/20260915_230741/EightRooms/random/exact_td_lambda_0.0/tuning/20260915_230806/EightRooms/best_config.json

============================================================
★ TOP CONFIGURATION: LR=0.001, VALUE_LAMBDA=0.0 (Ranked by auc [lower is better])
  AUC nn_weighted_VE:          2.0608e-03
  Final Window (750 steps): 1.0271e-03
  Final nn_weighted_VE:         6.7642e-06 (±4.6056e-06)
  Min nn_weighted_VE:           5.6713e-06
============================================================

Top 5 Configurations:
 rank  config_idx     LR  VALUE_LAMBDA  auc_nn_weighted_VE  final_window_nn_weighted_VE  final_nn_weighted_VE_mean  final_nn_weighted_VE_std  min_nn_weighted_VE  max_nn_weighted_VE  mean_nn_weighted_VE
    1           1 0.0010           0.0            0.002061                     0.001027                   0.000007                  0.000005            0.000006            0.008014             0.002061
    2           0 0.0050           0.0            0.002324                     0.001431                   0.001024                  0.002044            0.001024            0.018962             0.002324
    3           2 0.0005           0.0            0.003222                     0.002556                   0.000120                  0.000210            0.000064            0.005898             0.003222
============================================================

Results saved to results/lambda_sweep/20260915_230741/EightRooms/random/exact_td_lambda_0.0/tuning/20260915_230806/EightRooms/out.pkl
Config saved to results/lambda_sweep/20260915_230741/EightRooms/random/exact_td_lambda_0.0/tuning/20260915_230806/EightRooms/config.json
Config saved to results/lambda_sweep/20260915_230741/EightRooms/random/exact_td_lambda_0.0/tuning/20260915_230806/EightRooms/config.json
Sweep plot saved to results/lambda_sweep/20260915_230741/EightRooms/random/exact_td_lambda_0.0/tuning/20260915_230806/EightRooms/hyperparameter_sweep_nn_weighted_VE.png
Best config seeds plot saved to results/lambda_sweep/20260915_230741/EightRooms/random/exact_td_lambda_0.0/tuning/20260915_230806/EightRooms/best_config_seeds.png
All configs seed grid saved to results/lambda_sweep/20260915_230741/EightRooms/random/exact_td_lambda_0.0/tuning/20260915_230806/EightRooms/all_configs_seeds_grid.png
Successfully completed tuning for exact_td_lambda_0.0

---> Running sweep for pseudo-algorithm: exact_td_lambda_0.5
Env: EightRooms
Default Obs Shape: (25, 13, 2)
Obs Shape: (25, 13, 2)
Action Shape: ()

============================================================
RUNNING SWEEP: 3 configs x 5 seeds = 15 runs
Environment: EightRooms | Primary Metric: nn_weighted_VE
Hyperparameters: ['LR', 'VALUE_LAMBDA']
Ranking By: auc (lower is better)
============================================================

[1/3] Evaluating: LR=0.005, VALUE_LAMBDA=0.5 ...- obs shape for initialization is  (25, 13, 2)
number of features is  16
 done (5.5s)
[2/3] Evaluating: LR=0.001, VALUE_LAMBDA=0.5 ... done (3.0s)
[3/3] Evaluating: LR=0.0005, VALUE_LAMBDA=0.5 ... done (3.0s)

Tuning summary saved to results/lambda_sweep/20260915_230741/EightRooms/random/exact_td_lambda_0.5/tuning/20260915_230901/EightRooms/tuning_summary.csv
Best configuration saved to results/lambda_sweep/20260915_230741/EightRooms/random/exact_td_lambda_0.5/tuning/20260915_230901/EightRooms/best_config.json

============================================================
★ TOP CONFIGURATION: LR=0.001, VALUE_LAMBDA=0.5 (Ranked by auc [lower is better])
  AUC nn_weighted_VE:          1.6758e-03
  Final Window (750 steps): 5.5476e-04
  Final nn_weighted_VE:         1.1806e-04 (±1.4466e-04)
  Min nn_weighted_VE:           1.0727e-06
============================================================

Top 5 Configurations:
 rank  config_idx     LR  VALUE_LAMBDA  auc_nn_weighted_VE  final_window_nn_weighted_VE  final_nn_weighted_VE_mean  final_nn_weighted_VE_std  min_nn_weighted_VE  max_nn_weighted_VE  mean_nn_weighted_VE
    1           1 0.0010           0.5            0.001676                     0.000555                   0.000118                  0.000145            0.000001            0.005898             0.001676
    2           0 0.0050           0.5            0.002114                     0.001203                   0.001028                  0.002042            0.001025            0.023624             0.002114
    3           2 0.0005           0.5            0.002521                     0.001628                   0.000010                  0.000016            0.000002            0.005898             0.002521
============================================================

Results saved to results/lambda_sweep/20260915_230741/EightRooms/random/exact_td_lambda_0.5/tuning/20260915_230901/EightRooms/out.pkl
Config saved to results/lambda_sweep/20260915_230741/EightRooms/random/exact_td_lambda_0.5/tuning/20260915_230901/EightRooms/config.json
Config saved to results/lambda_sweep/20260915_230741/EightRooms/random/exact_td_lambda_0.5/tuning/20260915_230901/EightRooms/config.json
Sweep plot saved to results/lambda_sweep/20260915_230741/EightRooms/random/exact_td_lambda_0.5/tuning/20260915_230901/EightRooms/hyperparameter_sweep_nn_weighted_VE.png
Best config seeds plot saved to results/lambda_sweep/20260915_230741/EightRooms/random/exact_td_lambda_0.5/tuning/20260915_230901/EightRooms/best_config_seeds.png
All configs seed grid saved to results/lambda_sweep/20260915_230741/EightRooms/random/exact_td_lambda_0.5/tuning/20260915_230901/EightRooms/all_configs_seeds_grid.png
Successfully completed tuning for exact_td_lambda_0.5

---> Running sweep for pseudo-algorithm: exact_td_lambda_0.9
Env: EightRooms
Default Obs Shape: (25, 13, 2)
Obs Shape: (25, 13, 2)
Action Shape: ()

============================================================
RUNNING SWEEP: 3 configs x 5 seeds = 15 runs
Environment: EightRooms | Primary Metric: nn_weighted_VE
Hyperparameters: ['LR', 'VALUE_LAMBDA']
Ranking By: auc (lower is better)
============================================================

[1/3] Evaluating: LR=0.005, VALUE_LAMBDA=0.9 ...- obs shape for initialization is  (25, 13, 2)
number of features is  16
 done (5.5s)
[2/3] Evaluating: LR=0.001, VALUE_LAMBDA=0.9 ... done (3.0s)
[3/3] Evaluating: LR=0.0005, VALUE_LAMBDA=0.9 ... done (3.0s)

Tuning summary saved to results/lambda_sweep/20260915_230741/EightRooms/random/exact_td_lambda_0.9/tuning/20260915_230935/EightRooms/tuning_summary.csv
Best configuration saved to results/lambda_sweep/20260915_230741/EightRooms/random/exact_td_lambda_0.9/tuning/20260915_230935/EightRooms/best_config.json

============================================================
★ TOP CONFIGURATION: LR=0.001, VALUE_LAMBDA=0.9 (Ranked by auc [lower is better])
  AUC nn_weighted_VE:          1.0171e-03
  Final Window (750 steps): 9.6483e-05
  Final nn_weighted_VE:         2.6967e-05 (±3.0235e-05)
  Min nn_weighted_VE:           4.1144e-07
============================================================

Top 5 Configurations:
 rank  config_idx     LR  VALUE_LAMBDA  auc_nn_weighted_VE  final_window_nn_weighted_VE  final_nn_weighted_VE_mean  final_nn_weighted_VE_std  min_nn_weighted_VE  max_nn_weighted_VE  mean_nn_weighted_VE
    1           1 0.0010           0.9            0.001017                     0.000096                   0.000027                  0.000030        4.114396e-07            0.005898             0.001017
    2           2 0.0005           0.9            0.001453                     0.000303                   0.000001                  0.000001        1.145701e-06            0.005898             0.001453
    3           0 0.0050           0.9            0.001689                     0.001078                   0.001023                  0.002045        1.022409e-03            0.008244             0.001689
============================================================

Results saved to results/lambda_sweep/20260915_230741/EightRooms/random/exact_td_lambda_0.9/tuning/20260915_230935/EightRooms/out.pkl
Config saved to results/lambda_sweep/20260915_230741/EightRooms/random/exact_td_lambda_0.9/tuning/20260915_230935/EightRooms/config.json
Config saved to results/lambda_sweep/20260915_230741/EightRooms/random/exact_td_lambda_0.9/tuning/20260915_230935/EightRooms/config.json
Sweep plot saved to results/lambda_sweep/20260915_230741/EightRooms/random/exact_td_lambda_0.9/tuning/20260915_230935/EightRooms/hyperparameter_sweep_nn_weighted_VE.png
Best config seeds plot saved to results/lambda_sweep/20260915_230741/EightRooms/random/exact_td_lambda_0.9/tuning/20260915_230935/EightRooms/best_config_seeds.png
All configs seed grid saved to results/lambda_sweep/20260915_230741/EightRooms/random/exact_td_lambda_0.9/tuning/20260915_230935/EightRooms/all_configs_seeds_grid.png
Successfully completed tuning for exact_td_lambda_0.9

---> Running sweep for pseudo-algorithm: exact_td_lambda_0.95
Env: EightRooms
Default Obs Shape: (25, 13, 2)
Obs Shape: (25, 13, 2)
Action Shape: ()

============================================================
RUNNING SWEEP: 3 configs x 5 seeds = 15 runs
Environment: EightRooms | Primary Metric: nn_weighted_VE
Hyperparameters: ['LR', 'VALUE_LAMBDA']
Ranking By: auc (lower is better)
============================================================

[1/3] Evaluating: LR=0.005, VALUE_LAMBDA=0.95 ...- obs shape for initialization is  (25, 13, 2)
number of features is  16
 done (5.6s)
[2/3] Evaluating: LR=0.001, VALUE_LAMBDA=0.95 ... done (3.0s)
[3/3] Evaluating: LR=0.0005, VALUE_LAMBDA=0.95 ... done (3.0s)

Tuning summary saved to results/lambda_sweep/20260915_230741/EightRooms/random/exact_td_lambda_0.95/tuning/20260915_231010/EightRooms/tuning_summary.csv
Best configuration saved to results/lambda_sweep/20260915_230741/EightRooms/random/exact_td_lambda_0.95/tuning/20260915_231010/EightRooms/best_config.json

============================================================
★ TOP CONFIGURATION: LR=0.001, VALUE_LAMBDA=0.95 (Ranked by auc [lower is better])
  AUC nn_weighted_VE:          9.2613e-04
  Final Window (750 steps): 7.5983e-05
  Final nn_weighted_VE:         1.0946e-05 (±1.9557e-05)
  Min nn_weighted_VE:           6.2435e-07
============================================================

Top 5 Configurations:
 rank  config_idx     LR  VALUE_LAMBDA  auc_nn_weighted_VE  final_window_nn_weighted_VE  final_nn_weighted_VE_mean  final_nn_weighted_VE_std  min_nn_weighted_VE  max_nn_weighted_VE  mean_nn_weighted_VE
    1           1 0.0010          0.95            0.000926                     0.000076                   0.000011                  0.000020        6.243469e-07            0.005898             0.000926
    2           2 0.0005          0.95            0.001300                     0.000194                   0.000065                  0.000074        6.586980e-06            0.005898             0.001300
    3           0 0.0050          0.95            0.001634                     0.001094                   0.001045                  0.002034        1.043973e-03            0.005898             0.001634
============================================================

Results saved to results/lambda_sweep/20260915_230741/EightRooms/random/exact_td_lambda_0.95/tuning/20260915_231010/EightRooms/out.pkl
Config saved to results/lambda_sweep/20260915_230741/EightRooms/random/exact_td_lambda_0.95/tuning/20260915_231010/EightRooms/config.json
Config saved to results/lambda_sweep/20260915_230741/EightRooms/random/exact_td_lambda_0.95/tuning/20260915_231010/EightRooms/config.json
Sweep plot saved to results/lambda_sweep/20260915_230741/EightRooms/random/exact_td_lambda_0.95/tuning/20260915_231010/EightRooms/hyperparameter_sweep_nn_weighted_VE.png
Best config seeds plot saved to results/lambda_sweep/20260915_230741/EightRooms/random/exact_td_lambda_0.95/tuning/20260915_231010/EightRooms/best_config_seeds.png
All configs seed grid saved to results/lambda_sweep/20260915_230741/EightRooms/random/exact_td_lambda_0.95/tuning/20260915_231010/EightRooms/all_configs_seeds_grid.png
Successfully completed tuning for exact_td_lambda_0.95

---> Running sweep for pseudo-algorithm: exact_td_lambda_0.99
Env: EightRooms
Default Obs Shape: (25, 13, 2)
Obs Shape: (25, 13, 2)
Action Shape: ()

============================================================
RUNNING SWEEP: 3 configs x 5 seeds = 15 runs
Environment: EightRooms | Primary Metric: nn_weighted_VE
Hyperparameters: ['LR', 'VALUE_LAMBDA']
Ranking By: auc (lower is better)
============================================================

[1/3] Evaluating: LR=0.005, VALUE_LAMBDA=0.99 ...- obs shape for initialization is  (25, 13, 2)
number of features is  16
 done (5.4s)
[2/3] Evaluating: LR=0.001, VALUE_LAMBDA=0.99 ... done (3.0s)
[3/3] Evaluating: LR=0.0005, VALUE_LAMBDA=0.99 ... done (3.0s)

Tuning summary saved to results/lambda_sweep/20260915_230741/EightRooms/random/exact_td_lambda_0.99/tuning/20260915_231045/EightRooms/tuning_summary.csv
Best configuration saved to results/lambda_sweep/20260915_230741/EightRooms/random/exact_td_lambda_0.99/tuning/20260915_231045/EightRooms/best_config.json

============================================================
★ TOP CONFIGURATION: LR=0.005, VALUE_LAMBDA=0.99 (Ranked by auc [lower is better])
  AUC nn_weighted_VE:          5.2670e-04
  Final Window (750 steps): 1.0831e-05
  Final nn_weighted_VE:         1.7622e-06 (±3.4583e-06)
  Min nn_weighted_VE:           1.7438e-06
============================================================

Top 5 Configurations:
 rank  config_idx     LR  VALUE_LAMBDA  auc_nn_weighted_VE  final_window_nn_weighted_VE  final_nn_weighted_VE_mean  final_nn_weighted_VE_std  min_nn_weighted_VE  max_nn_weighted_VE  mean_nn_weighted_VE
    1           0 0.0050          0.99            0.000527                     0.000011                   0.000002                  0.000003            0.000002            0.005898             0.000527
    2           1 0.0010          0.99            0.000884                     0.000083                   0.000006                  0.000003            0.000005            0.005898             0.000884
    3           2 0.0005          0.99            0.001228                     0.000174                   0.000015                  0.000005            0.000015            0.005898             0.001228
============================================================

Results saved to results/lambda_sweep/20260915_230741/EightRooms/random/exact_td_lambda_0.99/tuning/20260915_231045/EightRooms/out.pkl
Config saved to results/lambda_sweep/20260915_230741/EightRooms/random/exact_td_lambda_0.99/tuning/20260915_231045/EightRooms/config.json
Config saved to results/lambda_sweep/20260915_230741/EightRooms/random/exact_td_lambda_0.99/tuning/20260915_231045/EightRooms/config.json
Sweep plot saved to results/lambda_sweep/20260915_230741/EightRooms/random/exact_td_lambda_0.99/tuning/20260915_231045/EightRooms/hyperparameter_sweep_nn_weighted_VE.png
Best config seeds plot saved to results/lambda_sweep/20260915_230741/EightRooms/random/exact_td_lambda_0.99/tuning/20260915_231045/EightRooms/best_config_seeds.png
All configs seed grid saved to results/lambda_sweep/20260915_230741/EightRooms/random/exact_td_lambda_0.99/tuning/20260915_231045/EightRooms/all_configs_seeds_grid.png
Successfully completed tuning for exact_td_lambda_0.99
Sweep pipeline completed successfully for EightRooms / exact_td_lambda
