======================================================================
Starting SLURM Lambda Sweep Worker
Environment: MountainCar-v0
Policy:      ppo
Algorithm:   exact_E_lambda
Sweep ID:    20260915_230741
======================================================================
======================================================================
Starting Lambda Sweep Worker
Sweep ID: 20260915_230741 | Env: MountainCar-v0 | Policy: ppo | Algo: exact_E_lambda
Lambdas: [0.0, 0.5, 0.9, 0.95, 0.99]
======================================================================

---> Running sweep for pseudo-algorithm: exact_E_lambda_0.0
Env: MountainCar-v0
Default Obs Shape: (2,)
Obs Shape: (2,)
Action Shape: ()

============================================================
RUNNING SWEEP: 9 configs x 5 seeds = 45 runs
Environment: MountainCar-v0 | Primary Metric: V_start
Hyperparameters: ['LR', 'VALUE_LAMBDA', 'ACTOR_LR']
Ranking By: auc (higher is better)
============================================================

[1/9] Evaluating: LR=0.005, VALUE_LAMBDA=0.0, ACTOR_LR=0.005 ...- obs shape for initialization is  (2,)
number of features is  16
 done (153.0s)
[2/9] Evaluating: LR=0.005, VALUE_LAMBDA=0.0, ACTOR_LR=0.001 ... done (112.9s)
[3/9] Evaluating: LR=0.005, VALUE_LAMBDA=0.0, ACTOR_LR=0.0005 ... done (112.9s)
[4/9] Evaluating: LR=0.001, VALUE_LAMBDA=0.0, ACTOR_LR=0.005 ... done (113.1s)
[5/9] Evaluating: LR=0.001, VALUE_LAMBDA=0.0, ACTOR_LR=0.001 ... done (112.9s)
[6/9] Evaluating: LR=0.001, VALUE_LAMBDA=0.0, ACTOR_LR=0.0005 ... done (113.1s)
[7/9] Evaluating: LR=0.0005, VALUE_LAMBDA=0.0, ACTOR_LR=0.005 ... done (113.0s)
[8/9] Evaluating: LR=0.0005, VALUE_LAMBDA=0.0, ACTOR_LR=0.001 ... done (113.0s)
[9/9] Evaluating: LR=0.0005, VALUE_LAMBDA=0.0, ACTOR_LR=0.0005 ... done (112.9s)

Tuning summary saved to results/lambda_sweep/20260915_230741/MountainCar-v0/ppo/exact_E_lambda_0.0/tuning/20260915_234305/MountainCar-v0/tuning_summary.csv
Best configuration saved to results/lambda_sweep/20260915_230741/MountainCar-v0/ppo/exact_E_lambda_0.0/tuning/20260915_234305/MountainCar-v0/best_config.json

============================================================
★ TOP CONFIGURATION: LR=0.005, VALUE_LAMBDA=0.0, ACTOR_LR=0.005 (Ranked by auc [higher is better])
  AUC V_start:          3.2255e-01
  Final Window (750 steps): 3.5322e-01
  Final V_start:         3.5609e-01 (±7.5422e-04)
  Min V_start:           1.6742e-02
============================================================

Top 5 Configurations:
 rank  config_idx     LR  VALUE_LAMBDA  ACTOR_LR  auc_V_start  final_window_V_start  final_V_start_mean  final_V_start_std  min_V_start  max_V_start  mean_V_start
    1           0 0.0050           0.0     0.005     0.322550              0.353221            0.356093           0.000754     0.016742     0.356115      0.322550
    2           3 0.0010           0.0     0.005     0.300635              0.343424            0.347377           0.001623     0.016742     0.347377      0.300635
    3           1 0.0050           0.0     0.001     0.295726              0.347643            0.354584           0.000653     0.016742     0.354585      0.295726
    4           4 0.0010           0.0     0.001     0.280324              0.340237            0.347130           0.001291     0.016742     0.347130      0.280324
    5           6 0.0005           0.0     0.005     0.277195              0.327234            0.344470           0.001826     0.016742     0.344471      0.277195
============================================================

Results saved to results/lambda_sweep/20260915_230741/MountainCar-v0/ppo/exact_E_lambda_0.0/tuning/20260915_234305/MountainCar-v0/out.pkl
Config saved to results/lambda_sweep/20260915_230741/MountainCar-v0/ppo/exact_E_lambda_0.0/tuning/20260915_234305/MountainCar-v0/config.json
Config saved to results/lambda_sweep/20260915_230741/MountainCar-v0/ppo/exact_E_lambda_0.0/tuning/20260915_234305/MountainCar-v0/config.json
Sweep plot saved to results/lambda_sweep/20260915_230741/MountainCar-v0/ppo/exact_E_lambda_0.0/tuning/20260915_234305/MountainCar-v0/hyperparameter_sweep_V_start.png
Best config seeds plot saved to results/lambda_sweep/20260915_230741/MountainCar-v0/ppo/exact_E_lambda_0.0/tuning/20260915_234305/MountainCar-v0/best_config_seeds.png
All configs seed grid saved to results/lambda_sweep/20260915_230741/MountainCar-v0/ppo/exact_E_lambda_0.0/tuning/20260915_234305/MountainCar-v0/all_configs_seeds_grid.png
Successfully completed tuning for exact_E_lambda_0.0

---> Running sweep for pseudo-algorithm: exact_E_lambda_0.5
Env: MountainCar-v0
Default Obs Shape: (2,)
Obs Shape: (2,)
Action Shape: ()

============================================================
RUNNING SWEEP: 9 configs x 5 seeds = 45 runs
Environment: MountainCar-v0 | Primary Metric: V_start
Hyperparameters: ['LR', 'VALUE_LAMBDA', 'ACTOR_LR']
Ranking By: auc (higher is better)
============================================================

[1/9] Evaluating: LR=0.005, VALUE_LAMBDA=0.5, ACTOR_LR=0.005 ...- obs shape for initialization is  (2,)
number of features is  16
 done (120.7s)
[2/9] Evaluating: LR=0.005, VALUE_LAMBDA=0.5, ACTOR_LR=0.001 ... done (113.0s)
[3/9] Evaluating: LR=0.005, VALUE_LAMBDA=0.5, ACTOR_LR=0.0005 ... done (113.1s)
[4/9] Evaluating: LR=0.001, VALUE_LAMBDA=0.5, ACTOR_LR=0.005 ... done (113.1s)
[5/9] Evaluating: LR=0.001, VALUE_LAMBDA=0.5, ACTOR_LR=0.001 ... done (113.2s)
[6/9] Evaluating: LR=0.001, VALUE_LAMBDA=0.5, ACTOR_LR=0.0005 ... done (113.0s)
[7/9] Evaluating: LR=0.0005, VALUE_LAMBDA=0.5, ACTOR_LR=0.005 ... done (112.9s)
[8/9] Evaluating: LR=0.0005, VALUE_LAMBDA=0.5, ACTOR_LR=0.001 ... done (113.0s)
[9/9] Evaluating: LR=0.0005, VALUE_LAMBDA=0.5, ACTOR_LR=0.0005 ... done (112.9s)

Tuning summary saved to results/lambda_sweep/20260915_230741/MountainCar-v0/ppo/exact_E_lambda_0.5/tuning/20260916_000047/MountainCar-v0/tuning_summary.csv
Best configuration saved to results/lambda_sweep/20260915_230741/MountainCar-v0/ppo/exact_E_lambda_0.5/tuning/20260916_000047/MountainCar-v0/best_config.json

============================================================
★ TOP CONFIGURATION: LR=0.005, VALUE_LAMBDA=0.5, ACTOR_LR=0.005 (Ranked by auc [higher is better])
  AUC V_start:          3.2551e-01
  Final Window (750 steps): 3.5505e-01
  Final V_start:         3.5699e-01 (±7.8545e-04)
  Min V_start:           1.6742e-02
============================================================

Top 5 Configurations:
 rank  config_idx     LR  VALUE_LAMBDA  ACTOR_LR  auc_V_start  final_window_V_start  final_V_start_mean  final_V_start_std  min_V_start  max_V_start  mean_V_start
    1           0 0.0050           0.5     0.005     0.325508              0.355046            0.356992           0.000785     0.016742     0.357001      0.325508
    2           3 0.0010           0.5     0.005     0.305865              0.346567            0.350267           0.001343     0.016742     0.350270      0.305865
    3           1 0.0050           0.5     0.001     0.297642              0.349008            0.355038           0.000679     0.016742     0.355038      0.297642
    4           6 0.0005           0.5     0.005     0.285649              0.335116            0.347205           0.001585     0.016742     0.347205      0.285649
    5           4 0.0010           0.5     0.001     0.284724              0.343027            0.350702           0.001657     0.016742     0.350702      0.284724
============================================================

Results saved to results/lambda_sweep/20260915_230741/MountainCar-v0/ppo/exact_E_lambda_0.5/tuning/20260916_000047/MountainCar-v0/out.pkl
Config saved to results/lambda_sweep/20260915_230741/MountainCar-v0/ppo/exact_E_lambda_0.5/tuning/20260916_000047/MountainCar-v0/config.json
Config saved to results/lambda_sweep/20260915_230741/MountainCar-v0/ppo/exact_E_lambda_0.5/tuning/20260916_000047/MountainCar-v0/config.json
Sweep plot saved to results/lambda_sweep/20260915_230741/MountainCar-v0/ppo/exact_E_lambda_0.5/tuning/20260916_000047/MountainCar-v0/hyperparameter_sweep_V_start.png
Best config seeds plot saved to results/lambda_sweep/20260915_230741/MountainCar-v0/ppo/exact_E_lambda_0.5/tuning/20260916_000047/MountainCar-v0/best_config_seeds.png
All configs seed grid saved to results/lambda_sweep/20260915_230741/MountainCar-v0/ppo/exact_E_lambda_0.5/tuning/20260916_000047/MountainCar-v0/all_configs_seeds_grid.png
Successfully completed tuning for exact_E_lambda_0.5

---> Running sweep for pseudo-algorithm: exact_E_lambda_0.9
Env: MountainCar-v0
Default Obs Shape: (2,)
Obs Shape: (2,)
Action Shape: ()

============================================================
RUNNING SWEEP: 9 configs x 5 seeds = 45 runs
Environment: MountainCar-v0 | Primary Metric: V_start
Hyperparameters: ['LR', 'VALUE_LAMBDA', 'ACTOR_LR']
Ranking By: auc (higher is better)
============================================================

[1/9] Evaluating: LR=0.005, VALUE_LAMBDA=0.9, ACTOR_LR=0.005 ...- obs shape for initialization is  (2,)
number of features is  16
 done (120.6s)
[2/9] Evaluating: LR=0.005, VALUE_LAMBDA=0.9, ACTOR_LR=0.001 ... done (113.0s)
[3/9] Evaluating: LR=0.005, VALUE_LAMBDA=0.9, ACTOR_LR=0.0005 ... done (113.0s)
[4/9] Evaluating: LR=0.001, VALUE_LAMBDA=0.9, ACTOR_LR=0.005 ... done (112.9s)
[5/9] Evaluating: LR=0.001, VALUE_LAMBDA=0.9, ACTOR_LR=0.001 ... done (112.8s)
[6/9] Evaluating: LR=0.001, VALUE_LAMBDA=0.9, ACTOR_LR=0.0005 ... done (112.9s)
[7/9] Evaluating: LR=0.0005, VALUE_LAMBDA=0.9, ACTOR_LR=0.005 ... done (112.9s)
[8/9] Evaluating: LR=0.0005, VALUE_LAMBDA=0.9, ACTOR_LR=0.001 ... done (112.9s)
[9/9] Evaluating: LR=0.0005, VALUE_LAMBDA=0.9, ACTOR_LR=0.0005 ... done (113.1s)

Tuning summary saved to results/lambda_sweep/20260915_230741/MountainCar-v0/ppo/exact_E_lambda_0.9/tuning/20260916_001755/MountainCar-v0/tuning_summary.csv
Best configuration saved to results/lambda_sweep/20260915_230741/MountainCar-v0/ppo/exact_E_lambda_0.9/tuning/20260916_001755/MountainCar-v0/best_config.json

============================================================
★ TOP CONFIGURATION: LR=0.005, VALUE_LAMBDA=0.9, ACTOR_LR=0.005 (Ranked by auc [higher is better])
  AUC V_start:          3.2851e-01
  Final Window (750 steps): 3.5606e-01
  Final V_start:         3.5687e-01 (±2.0625e-04)
  Min V_start:           1.6742e-02
============================================================

Top 5 Configurations:
 rank  config_idx     LR  VALUE_LAMBDA  ACTOR_LR  auc_V_start  final_window_V_start  final_V_start_mean  final_V_start_std  min_V_start  max_V_start  mean_V_start
    1           0 0.0050           0.9     0.005     0.328512              0.356058            0.356870           0.000206     0.016742     0.357074      0.328512
    2           3 0.0010           0.9     0.005     0.313152              0.349877            0.353230           0.000992     0.016742     0.353230      0.313152
    3           1 0.0050           0.9     0.001     0.299913              0.349771            0.354971           0.000181     0.016742     0.354971      0.299913
    4           6 0.0005           0.9     0.005     0.297548              0.344136            0.349688           0.001358     0.016742     0.349699      0.297548
    5           4 0.0010           0.9     0.001     0.292037              0.346909            0.353448           0.000843     0.016742     0.353448      0.292037
============================================================

Results saved to results/lambda_sweep/20260915_230741/MountainCar-v0/ppo/exact_E_lambda_0.9/tuning/20260916_001755/MountainCar-v0/out.pkl
Config saved to results/lambda_sweep/20260915_230741/MountainCar-v0/ppo/exact_E_lambda_0.9/tuning/20260916_001755/MountainCar-v0/config.json
Config saved to results/lambda_sweep/20260915_230741/MountainCar-v0/ppo/exact_E_lambda_0.9/tuning/20260916_001755/MountainCar-v0/config.json
Sweep plot saved to results/lambda_sweep/20260915_230741/MountainCar-v0/ppo/exact_E_lambda_0.9/tuning/20260916_001755/MountainCar-v0/hyperparameter_sweep_V_start.png
Best config seeds plot saved to results/lambda_sweep/20260915_230741/MountainCar-v0/ppo/exact_E_lambda_0.9/tuning/20260916_001755/MountainCar-v0/best_config_seeds.png
All configs seed grid saved to results/lambda_sweep/20260915_230741/MountainCar-v0/ppo/exact_E_lambda_0.9/tuning/20260916_001755/MountainCar-v0/all_configs_seeds_grid.png
Successfully completed tuning for exact_E_lambda_0.9

---> Running sweep for pseudo-algorithm: exact_E_lambda_0.95
Env: MountainCar-v0
Default Obs Shape: (2,)
Obs Shape: (2,)
Action Shape: ()

============================================================
RUNNING SWEEP: 9 configs x 5 seeds = 45 runs
Environment: MountainCar-v0 | Primary Metric: V_start
Hyperparameters: ['LR', 'VALUE_LAMBDA', 'ACTOR_LR']
Ranking By: auc (higher is better)
============================================================

[1/9] Evaluating: LR=0.005, VALUE_LAMBDA=0.95, ACTOR_LR=0.005 ...- obs shape for initialization is  (2,)
number of features is  16
 done (121.0s)
[2/9] Evaluating: LR=0.005, VALUE_LAMBDA=0.95, ACTOR_LR=0.001 ... done (113.0s)
[3/9] Evaluating: LR=0.005, VALUE_LAMBDA=0.95, ACTOR_LR=0.0005 ... done (112.9s)
[4/9] Evaluating: LR=0.001, VALUE_LAMBDA=0.95, ACTOR_LR=0.005 ... done (113.1s)
[5/9] Evaluating: LR=0.001, VALUE_LAMBDA=0.95, ACTOR_LR=0.001 ... done (113.0s)
[6/9] Evaluating: LR=0.001, VALUE_LAMBDA=0.95, ACTOR_LR=0.0005 ... done (113.1s)
[7/9] Evaluating: LR=0.0005, VALUE_LAMBDA=0.95, ACTOR_LR=0.005 ... done (113.0s)
[8/9] Evaluating: LR=0.0005, VALUE_LAMBDA=0.95, ACTOR_LR=0.001 ... done (113.0s)
[9/9] Evaluating: LR=0.0005, VALUE_LAMBDA=0.95, ACTOR_LR=0.0005 ... done (113.1s)

Tuning summary saved to results/lambda_sweep/20260915_230741/MountainCar-v0/ppo/exact_E_lambda_0.95/tuning/20260916_003503/MountainCar-v0/tuning_summary.csv
Best configuration saved to results/lambda_sweep/20260915_230741/MountainCar-v0/ppo/exact_E_lambda_0.95/tuning/20260916_003503/MountainCar-v0/best_config.json

============================================================
★ TOP CONFIGURATION: LR=0.005, VALUE_LAMBDA=0.95, ACTOR_LR=0.005 (Ranked by auc [higher is better])
  AUC V_start:          3.2857e-01
  Final Window (750 steps): 3.5585e-01
  Final V_start:         3.5690e-01 (±1.4496e-04)
  Min V_start:           1.6742e-02
============================================================

Top 5 Configurations:
 rank  config_idx     LR  VALUE_LAMBDA  ACTOR_LR  auc_V_start  final_window_V_start  final_V_start_mean  final_V_start_std  min_V_start  max_V_start  mean_V_start
    1           0 0.0050          0.95     0.005     0.328567              0.355847            0.356904           0.000145     0.016742     0.356973      0.328567
    2           3 0.0010          0.95     0.005     0.314041              0.349936            0.353148           0.001478     0.016742     0.353168      0.314041
    3           1 0.0050          0.95     0.001     0.299781              0.349571            0.354889           0.000392     0.016742     0.354889      0.299781
    4           6 0.0005          0.95     0.005     0.299598              0.345023            0.350076           0.001381     0.016742     0.350092      0.299598
    5           4 0.0010          0.95     0.001     0.293241              0.347829            0.354948           0.000172     0.016742     0.354948      0.293241
============================================================

Results saved to results/lambda_sweep/20260915_230741/MountainCar-v0/ppo/exact_E_lambda_0.95/tuning/20260916_003503/MountainCar-v0/out.pkl
Config saved to results/lambda_sweep/20260915_230741/MountainCar-v0/ppo/exact_E_lambda_0.95/tuning/20260916_003503/MountainCar-v0/config.json
Config saved to results/lambda_sweep/20260915_230741/MountainCar-v0/ppo/exact_E_lambda_0.95/tuning/20260916_003503/MountainCar-v0/config.json
Sweep plot saved to results/lambda_sweep/20260915_230741/MountainCar-v0/ppo/exact_E_lambda_0.95/tuning/20260916_003503/MountainCar-v0/hyperparameter_sweep_V_start.png
Best config seeds plot saved to results/lambda_sweep/20260915_230741/MountainCar-v0/ppo/exact_E_lambda_0.95/tuning/20260916_003503/MountainCar-v0/best_config_seeds.png
All configs seed grid saved to results/lambda_sweep/20260915_230741/MountainCar-v0/ppo/exact_E_lambda_0.95/tuning/20260916_003503/MountainCar-v0/all_configs_seeds_grid.png
Successfully completed tuning for exact_E_lambda_0.95

---> Running sweep for pseudo-algorithm: exact_E_lambda_0.99
Env: MountainCar-v0
Default Obs Shape: (2,)
Obs Shape: (2,)
Action Shape: ()

============================================================
RUNNING SWEEP: 9 configs x 5 seeds = 45 runs
Environment: MountainCar-v0 | Primary Metric: V_start
Hyperparameters: ['LR', 'VALUE_LAMBDA', 'ACTOR_LR']
Ranking By: auc (higher is better)
============================================================

[1/9] Evaluating: LR=0.005, VALUE_LAMBDA=0.99, ACTOR_LR=0.005 ...- obs shape for initialization is  (2,)
number of features is  16
 done (121.0s)
[2/9] Evaluating: LR=0.005, VALUE_LAMBDA=0.99, ACTOR_LR=0.001 ... done (112.8s)
[3/9] Evaluating: LR=0.005, VALUE_LAMBDA=0.99, ACTOR_LR=0.0005 ... done (112.8s)
[4/9] Evaluating: LR=0.001, VALUE_LAMBDA=0.99, ACTOR_LR=0.005 ... done (113.1s)
[5/9] Evaluating: LR=0.001, VALUE_LAMBDA=0.99, ACTOR_LR=0.001 ... done (112.9s)
[6/9] Evaluating: LR=0.001, VALUE_LAMBDA=0.99, ACTOR_LR=0.0005 ... done (113.0s)
[7/9] Evaluating: LR=0.0005, VALUE_LAMBDA=0.99, ACTOR_LR=0.005 ... done (112.9s)
[8/9] Evaluating: LR=0.0005, VALUE_LAMBDA=0.99, ACTOR_LR=0.001 ... done (112.8s)
[9/9] Evaluating: LR=0.0005, VALUE_LAMBDA=0.99, ACTOR_LR=0.0005 ... done (112.9s)

Tuning summary saved to results/lambda_sweep/20260915_230741/MountainCar-v0/ppo/exact_E_lambda_0.99/tuning/20260916_005211/MountainCar-v0/tuning_summary.csv
Best configuration saved to results/lambda_sweep/20260915_230741/MountainCar-v0/ppo/exact_E_lambda_0.99/tuning/20260916_005211/MountainCar-v0/best_config.json

============================================================
★ TOP CONFIGURATION: LR=0.005, VALUE_LAMBDA=0.99, ACTOR_LR=0.005 (Ranked by auc [higher is better])
  AUC V_start:          3.2733e-01
  Final Window (750 steps): 3.5522e-01
  Final V_start:         3.5710e-01 (±4.3567e-04)
  Min V_start:           1.6742e-02
============================================================

Top 5 Configurations:
 rank  config_idx     LR  VALUE_LAMBDA  ACTOR_LR  auc_V_start  final_window_V_start  final_V_start_mean  final_V_start_std  min_V_start  max_V_start  mean_V_start
    1           0 0.0050          0.99     0.005     0.327325              0.355225            0.357101           0.000436     0.016742     0.357103      0.327325
    2           3 0.0010          0.99     0.005     0.312812              0.348464            0.351858           0.002236     0.016742     0.351858      0.312812
    3           1 0.0050          0.99     0.001     0.299551              0.349945            0.355268           0.000518     0.016742     0.355268      0.299551
    4           6 0.0005          0.99     0.005     0.297231              0.341381            0.349102           0.001539     0.016742     0.349146      0.297231
    5           4 0.0010          0.99     0.001     0.291776              0.346080            0.353943           0.000678     0.016742     0.353943      0.291776
============================================================

Results saved to results/lambda_sweep/20260915_230741/MountainCar-v0/ppo/exact_E_lambda_0.99/tuning/20260916_005211/MountainCar-v0/out.pkl
Config saved to results/lambda_sweep/20260915_230741/MountainCar-v0/ppo/exact_E_lambda_0.99/tuning/20260916_005211/MountainCar-v0/config.json
Config saved to results/lambda_sweep/20260915_230741/MountainCar-v0/ppo/exact_E_lambda_0.99/tuning/20260916_005211/MountainCar-v0/config.json
Sweep plot saved to results/lambda_sweep/20260915_230741/MountainCar-v0/ppo/exact_E_lambda_0.99/tuning/20260916_005211/MountainCar-v0/hyperparameter_sweep_V_start.png
Best config seeds plot saved to results/lambda_sweep/20260915_230741/MountainCar-v0/ppo/exact_E_lambda_0.99/tuning/20260916_005211/MountainCar-v0/best_config_seeds.png
All configs seed grid saved to results/lambda_sweep/20260915_230741/MountainCar-v0/ppo/exact_E_lambda_0.99/tuning/20260916_005211/MountainCar-v0/all_configs_seeds_grid.png
Successfully completed tuning for exact_E_lambda_0.99
Sweep pipeline completed successfully for MountainCar-v0 / exact_E_lambda
