======================================================================
Starting SLURM Lambda Sweep Worker
Environment: EightRooms
Policy:      fixed
Algorithm:   exact_td_lambda
Sweep ID:    20260915_230741
======================================================================
[EightRooms] Auto-resolved MODEL_LOAD_DIR to valid checkpoint: 'ground_truth/fixed_policies'
======================================================================
Starting Lambda Sweep Worker
Sweep ID: 20260915_230741 | Env: EightRooms | Policy: fixed | Algo: exact_td_lambda
Lambdas: [0.0, 0.5, 0.9, 0.95, 0.99]
======================================================================

---> Running sweep for pseudo-algorithm: exact_td_lambda_0.0
Env: EightRooms
Default Obs Shape: (25, 13, 2)
Obs Shape: (25, 13, 2)
Action Shape: ()
ppo/ground_truth/fixed_policies

============================================================
RUNNING SWEEP: 3 configs x 5 seeds = 15 runs
Environment: EightRooms | Primary Metric: nn_weighted_VE
Hyperparameters: ['LR', 'VALUE_LAMBDA']
Ranking By: auc (lower is better)
============================================================

[1/3] Evaluating: LR=0.005, VALUE_LAMBDA=0.0 ...- obs shape for initialization is  (25, 13, 2)
number of features is  16
 done (20.0s)
[2/3] Evaluating: LR=0.001, VALUE_LAMBDA=0.0 ... done (2.9s)
[3/3] Evaluating: LR=0.0005, VALUE_LAMBDA=0.0 ... done (3.0s)

Tuning summary saved to results/lambda_sweep/20260915_230741/EightRooms/fixed/exact_td_lambda_0.0/tuning/20260915_230807/EightRooms/tuning_summary.csv
Best configuration saved to results/lambda_sweep/20260915_230741/EightRooms/fixed/exact_td_lambda_0.0/tuning/20260915_230807/EightRooms/best_config.json

============================================================
★ TOP CONFIGURATION: LR=0.005, VALUE_LAMBDA=0.0 (Ranked by auc [lower is better])
  AUC nn_weighted_VE:          1.5697e-02
  Final Window (750 steps): 9.8536e-04
  Final nn_weighted_VE:         4.0116e-04 (±3.2021e-04)
  Min nn_weighted_VE:           2.4228e-04
============================================================

Top 5 Configurations:
 rank  config_idx     LR  VALUE_LAMBDA  auc_nn_weighted_VE  final_window_nn_weighted_VE  final_nn_weighted_VE_mean  final_nn_weighted_VE_std  min_nn_weighted_VE  max_nn_weighted_VE  mean_nn_weighted_VE
    1           0 0.0050           0.0            0.015697                     0.000985                   0.000401                  0.000320            0.000242            0.631025             0.015697
    2           1 0.0010           0.0            0.028208                     0.000608                   0.000153                  0.000171            0.000122            0.631025             0.028208
    3           2 0.0005           0.0            0.037598                     0.000876                   0.000048                  0.000002            0.000048            0.631025             0.037598
============================================================

Results saved to results/lambda_sweep/20260915_230741/EightRooms/fixed/exact_td_lambda_0.0/tuning/20260915_230807/EightRooms/out.pkl
Config saved to results/lambda_sweep/20260915_230741/EightRooms/fixed/exact_td_lambda_0.0/tuning/20260915_230807/EightRooms/config.json
Config saved to results/lambda_sweep/20260915_230741/EightRooms/fixed/exact_td_lambda_0.0/tuning/20260915_230807/EightRooms/config.json
Sweep plot saved to results/lambda_sweep/20260915_230741/EightRooms/fixed/exact_td_lambda_0.0/tuning/20260915_230807/EightRooms/hyperparameter_sweep_nn_weighted_VE.png
Best config seeds plot saved to results/lambda_sweep/20260915_230741/EightRooms/fixed/exact_td_lambda_0.0/tuning/20260915_230807/EightRooms/best_config_seeds.png
All configs seed grid saved to results/lambda_sweep/20260915_230741/EightRooms/fixed/exact_td_lambda_0.0/tuning/20260915_230807/EightRooms/all_configs_seeds_grid.png
Successfully completed tuning for exact_td_lambda_0.0

---> Running sweep for pseudo-algorithm: exact_td_lambda_0.5
Env: EightRooms
Default Obs Shape: (25, 13, 2)
Obs Shape: (25, 13, 2)
Action Shape: ()
ppo/ground_truth/fixed_policies

============================================================
RUNNING SWEEP: 3 configs x 5 seeds = 15 runs
Environment: EightRooms | Primary Metric: nn_weighted_VE
Hyperparameters: ['LR', 'VALUE_LAMBDA']
Ranking By: auc (lower is better)
============================================================

[1/3] Evaluating: LR=0.005, VALUE_LAMBDA=0.5 ...- obs shape for initialization is  (25, 13, 2)
number of features is  16
 done (5.8s)
[2/3] Evaluating: LR=0.001, VALUE_LAMBDA=0.5 ... done (3.0s)
[3/3] Evaluating: LR=0.0005, VALUE_LAMBDA=0.5 ... done (3.0s)

Tuning summary saved to results/lambda_sweep/20260915_230741/EightRooms/fixed/exact_td_lambda_0.5/tuning/20260915_230901/EightRooms/tuning_summary.csv
Best configuration saved to results/lambda_sweep/20260915_230741/EightRooms/fixed/exact_td_lambda_0.5/tuning/20260915_230901/EightRooms/best_config.json

============================================================
★ TOP CONFIGURATION: LR=0.005, VALUE_LAMBDA=0.5 (Ranked by auc [lower is better])
  AUC nn_weighted_VE:          1.3883e-02
  Final Window (750 steps): 2.8890e-04
  Final nn_weighted_VE:         1.0577e-04 (±5.2035e-05)
  Min nn_weighted_VE:           9.7806e-05
============================================================

Top 5 Configurations:
 rank  config_idx     LR  VALUE_LAMBDA  auc_nn_weighted_VE  final_window_nn_weighted_VE  final_nn_weighted_VE_mean  final_nn_weighted_VE_std  min_nn_weighted_VE  max_nn_weighted_VE  mean_nn_weighted_VE
    1           0 0.0050           0.5            0.013883                     0.000289                   0.000106                  0.000052            0.000098            0.631025             0.013883
    2           1 0.0010           0.5            0.026329                     0.000241                   0.000050                  0.000029            0.000046            0.631025             0.026329
    3           2 0.0005           0.5            0.035093                     0.000660                   0.000056                  0.000046            0.000042            0.631025             0.035093
============================================================

Results saved to results/lambda_sweep/20260915_230741/EightRooms/fixed/exact_td_lambda_0.5/tuning/20260915_230901/EightRooms/out.pkl
Config saved to results/lambda_sweep/20260915_230741/EightRooms/fixed/exact_td_lambda_0.5/tuning/20260915_230901/EightRooms/config.json
Config saved to results/lambda_sweep/20260915_230741/EightRooms/fixed/exact_td_lambda_0.5/tuning/20260915_230901/EightRooms/config.json
Sweep plot saved to results/lambda_sweep/20260915_230741/EightRooms/fixed/exact_td_lambda_0.5/tuning/20260915_230901/EightRooms/hyperparameter_sweep_nn_weighted_VE.png
Best config seeds plot saved to results/lambda_sweep/20260915_230741/EightRooms/fixed/exact_td_lambda_0.5/tuning/20260915_230901/EightRooms/best_config_seeds.png
All configs seed grid saved to results/lambda_sweep/20260915_230741/EightRooms/fixed/exact_td_lambda_0.5/tuning/20260915_230901/EightRooms/all_configs_seeds_grid.png
Successfully completed tuning for exact_td_lambda_0.5

---> Running sweep for pseudo-algorithm: exact_td_lambda_0.9
Env: EightRooms
Default Obs Shape: (25, 13, 2)
Obs Shape: (25, 13, 2)
Action Shape: ()
ppo/ground_truth/fixed_policies

============================================================
RUNNING SWEEP: 3 configs x 5 seeds = 15 runs
Environment: EightRooms | Primary Metric: nn_weighted_VE
Hyperparameters: ['LR', 'VALUE_LAMBDA']
Ranking By: auc (lower is better)
============================================================

[1/3] Evaluating: LR=0.005, VALUE_LAMBDA=0.9 ...- obs shape for initialization is  (25, 13, 2)
number of features is  16
 done (5.9s)
[2/3] Evaluating: LR=0.001, VALUE_LAMBDA=0.9 ... done (3.0s)
[3/3] Evaluating: LR=0.0005, VALUE_LAMBDA=0.9 ... done (3.0s)

Tuning summary saved to results/lambda_sweep/20260915_230741/EightRooms/fixed/exact_td_lambda_0.9/tuning/20260915_230936/EightRooms/tuning_summary.csv
Best configuration saved to results/lambda_sweep/20260915_230741/EightRooms/fixed/exact_td_lambda_0.9/tuning/20260915_230936/EightRooms/best_config.json

============================================================
★ TOP CONFIGURATION: LR=0.005, VALUE_LAMBDA=0.9 (Ranked by auc [lower is better])
  AUC nn_weighted_VE:          1.2320e-02
  Final Window (750 steps): 2.3515e-05
  Final nn_weighted_VE:         6.6828e-06 (±3.8799e-06)
  Min nn_weighted_VE:           4.7206e-06
============================================================

Top 5 Configurations:
 rank  config_idx     LR  VALUE_LAMBDA  auc_nn_weighted_VE  final_window_nn_weighted_VE  final_nn_weighted_VE_mean  final_nn_weighted_VE_std  min_nn_weighted_VE  max_nn_weighted_VE  mean_nn_weighted_VE
    1           0 0.0050           0.9            0.012320                     0.000024                   0.000007                  0.000004            0.000005            0.631025             0.012320
    2           1 0.0010           0.9            0.023220                     0.000054                   0.000016                  0.000014            0.000016            0.631025             0.023220
    3           2 0.0005           0.9            0.031593                     0.000295                   0.000038                  0.000025            0.000035            0.631025             0.031593
============================================================

Results saved to results/lambda_sweep/20260915_230741/EightRooms/fixed/exact_td_lambda_0.9/tuning/20260915_230936/EightRooms/out.pkl
Config saved to results/lambda_sweep/20260915_230741/EightRooms/fixed/exact_td_lambda_0.9/tuning/20260915_230936/EightRooms/config.json
Config saved to results/lambda_sweep/20260915_230741/EightRooms/fixed/exact_td_lambda_0.9/tuning/20260915_230936/EightRooms/config.json
Sweep plot saved to results/lambda_sweep/20260915_230741/EightRooms/fixed/exact_td_lambda_0.9/tuning/20260915_230936/EightRooms/hyperparameter_sweep_nn_weighted_VE.png
Best config seeds plot saved to results/lambda_sweep/20260915_230741/EightRooms/fixed/exact_td_lambda_0.9/tuning/20260915_230936/EightRooms/best_config_seeds.png
All configs seed grid saved to results/lambda_sweep/20260915_230741/EightRooms/fixed/exact_td_lambda_0.9/tuning/20260915_230936/EightRooms/all_configs_seeds_grid.png
Successfully completed tuning for exact_td_lambda_0.9

---> Running sweep for pseudo-algorithm: exact_td_lambda_0.95
Env: EightRooms
Default Obs Shape: (25, 13, 2)
Obs Shape: (25, 13, 2)
Action Shape: ()
ppo/ground_truth/fixed_policies

============================================================
RUNNING SWEEP: 3 configs x 5 seeds = 15 runs
Environment: EightRooms | Primary Metric: nn_weighted_VE
Hyperparameters: ['LR', 'VALUE_LAMBDA']
Ranking By: auc (lower is better)
============================================================

[1/3] Evaluating: LR=0.005, VALUE_LAMBDA=0.95 ...- obs shape for initialization is  (25, 13, 2)
number of features is  16
 done (5.9s)
[2/3] Evaluating: LR=0.001, VALUE_LAMBDA=0.95 ... done (3.0s)
[3/3] Evaluating: LR=0.0005, VALUE_LAMBDA=0.95 ... done (3.0s)

Tuning summary saved to results/lambda_sweep/20260915_230741/EightRooms/fixed/exact_td_lambda_0.95/tuning/20260915_231011/EightRooms/tuning_summary.csv
Best configuration saved to results/lambda_sweep/20260915_230741/EightRooms/fixed/exact_td_lambda_0.95/tuning/20260915_231011/EightRooms/best_config.json

============================================================
★ TOP CONFIGURATION: LR=0.005, VALUE_LAMBDA=0.95 (Ranked by auc [lower is better])
  AUC nn_weighted_VE:          1.2179e-02
  Final Window (750 steps): 3.0101e-05
  Final nn_weighted_VE:         3.6931e-04 (±4.5223e-04)
  Min nn_weighted_VE:           5.1238e-06
============================================================

Top 5 Configurations:
 rank  config_idx     LR  VALUE_LAMBDA  auc_nn_weighted_VE  final_window_nn_weighted_VE  final_nn_weighted_VE_mean  final_nn_weighted_VE_std  min_nn_weighted_VE  max_nn_weighted_VE  mean_nn_weighted_VE
    1           0 0.0050          0.95            0.012179                     0.000030                   0.000369                  0.000452            0.000005            0.631025             0.012179
    2           1 0.0010          0.95            0.022860                     0.000053                   0.000019                  0.000010            0.000017            0.631025             0.022860
    3           2 0.0005          0.95            0.031159                     0.000212                   0.000033                  0.000026            0.000033            0.631025             0.031159
============================================================

Results saved to results/lambda_sweep/20260915_230741/EightRooms/fixed/exact_td_lambda_0.95/tuning/20260915_231011/EightRooms/out.pkl
Config saved to results/lambda_sweep/20260915_230741/EightRooms/fixed/exact_td_lambda_0.95/tuning/20260915_231011/EightRooms/config.json
Config saved to results/lambda_sweep/20260915_230741/EightRooms/fixed/exact_td_lambda_0.95/tuning/20260915_231011/EightRooms/config.json
Sweep plot saved to results/lambda_sweep/20260915_230741/EightRooms/fixed/exact_td_lambda_0.95/tuning/20260915_231011/EightRooms/hyperparameter_sweep_nn_weighted_VE.png
Best config seeds plot saved to results/lambda_sweep/20260915_230741/EightRooms/fixed/exact_td_lambda_0.95/tuning/20260915_231011/EightRooms/best_config_seeds.png
All configs seed grid saved to results/lambda_sweep/20260915_230741/EightRooms/fixed/exact_td_lambda_0.95/tuning/20260915_231011/EightRooms/all_configs_seeds_grid.png
Successfully completed tuning for exact_td_lambda_0.95

---> Running sweep for pseudo-algorithm: exact_td_lambda_0.99
Env: EightRooms
Default Obs Shape: (25, 13, 2)
Obs Shape: (25, 13, 2)
Action Shape: ()
ppo/ground_truth/fixed_policies

============================================================
RUNNING SWEEP: 3 configs x 5 seeds = 15 runs
Environment: EightRooms | Primary Metric: nn_weighted_VE
Hyperparameters: ['LR', 'VALUE_LAMBDA']
Ranking By: auc (lower is better)
============================================================

[1/3] Evaluating: LR=0.005, VALUE_LAMBDA=0.99 ...- obs shape for initialization is  (25, 13, 2)
number of features is  16
 done (5.9s)
[2/3] Evaluating: LR=0.001, VALUE_LAMBDA=0.99 ... done (3.0s)
[3/3] Evaluating: LR=0.0005, VALUE_LAMBDA=0.99 ... done (3.0s)

Tuning summary saved to results/lambda_sweep/20260915_230741/EightRooms/fixed/exact_td_lambda_0.99/tuning/20260915_231047/EightRooms/tuning_summary.csv
Best configuration saved to results/lambda_sweep/20260915_230741/EightRooms/fixed/exact_td_lambda_0.99/tuning/20260915_231047/EightRooms/best_config.json

============================================================
★ TOP CONFIGURATION: LR=0.005, VALUE_LAMBDA=0.99 (Ranked by auc [lower is better])
  AUC nn_weighted_VE:          1.2460e-02
  Final Window (750 steps): 1.0634e-04
  Final nn_weighted_VE:         9.6782e-06 (±7.2380e-06)
  Min nn_weighted_VE:           6.0774e-06
============================================================

Top 5 Configurations:
 rank  config_idx     LR  VALUE_LAMBDA  auc_nn_weighted_VE  final_window_nn_weighted_VE  final_nn_weighted_VE_mean  final_nn_weighted_VE_std  min_nn_weighted_VE  max_nn_weighted_VE  mean_nn_weighted_VE
    1           0 0.0050          0.99            0.012460                     0.000106                   0.000010                  0.000007            0.000006            0.631025             0.012460
    2           1 0.0010          0.99            0.022944                     0.000062                   0.000016                  0.000010            0.000016            0.631025             0.022944
    3           2 0.0005          0.99            0.031293                     0.000198                   0.000034                  0.000025            0.000034            0.631025             0.031293
============================================================

Results saved to results/lambda_sweep/20260915_230741/EightRooms/fixed/exact_td_lambda_0.99/tuning/20260915_231047/EightRooms/out.pkl
Config saved to results/lambda_sweep/20260915_230741/EightRooms/fixed/exact_td_lambda_0.99/tuning/20260915_231047/EightRooms/config.json
Config saved to results/lambda_sweep/20260915_230741/EightRooms/fixed/exact_td_lambda_0.99/tuning/20260915_231047/EightRooms/config.json
Sweep plot saved to results/lambda_sweep/20260915_230741/EightRooms/fixed/exact_td_lambda_0.99/tuning/20260915_231047/EightRooms/hyperparameter_sweep_nn_weighted_VE.png
Best config seeds plot saved to results/lambda_sweep/20260915_230741/EightRooms/fixed/exact_td_lambda_0.99/tuning/20260915_231047/EightRooms/best_config_seeds.png
All configs seed grid saved to results/lambda_sweep/20260915_230741/EightRooms/fixed/exact_td_lambda_0.99/tuning/20260915_231047/EightRooms/all_configs_seeds_grid.png
Successfully completed tuning for exact_td_lambda_0.99
Sweep pipeline completed successfully for EightRooms / exact_td_lambda
