======================================================================
Starting SLURM Lambda Sweep Worker
Environment: Whirlpool
Policy:      ppo
Algorithm:   exact_E_lambda
Sweep ID:    20260915_230741
======================================================================
======================================================================
Starting Lambda Sweep Worker
Sweep ID: 20260915_230741 | Env: Whirlpool | Policy: ppo | Algo: exact_E_lambda
Lambdas: [0.0, 0.5, 0.9, 0.95, 0.99]
======================================================================

---> Running sweep for pseudo-algorithm: exact_E_lambda_0.0
Env: Whirlpool
Default Obs Shape: (21, 21, 2)
Obs Shape: (21, 21, 2)
Action Shape: ()

============================================================
RUNNING SWEEP: 9 configs x 5 seeds = 45 runs
Environment: Whirlpool | Primary Metric: V_start
Hyperparameters: ['LR', 'VALUE_LAMBDA', 'ACTOR_LR']
Ranking By: auc (higher is better)
============================================================

[1/9] Evaluating: LR=0.005, VALUE_LAMBDA=0.0, ACTOR_LR=0.005 ...- obs shape for initialization is  (21, 21, 2)
number of features is  16
 done (78.5s)
[2/9] Evaluating: LR=0.005, VALUE_LAMBDA=0.0, ACTOR_LR=0.001 ... done (54.4s)
[3/9] Evaluating: LR=0.005, VALUE_LAMBDA=0.0, ACTOR_LR=0.0005 ... done (54.4s)
[4/9] Evaluating: LR=0.001, VALUE_LAMBDA=0.0, ACTOR_LR=0.005 ... done (54.4s)
[5/9] Evaluating: LR=0.001, VALUE_LAMBDA=0.0, ACTOR_LR=0.001 ... done (54.4s)
[6/9] Evaluating: LR=0.001, VALUE_LAMBDA=0.0, ACTOR_LR=0.0005 ... done (54.4s)
[7/9] Evaluating: LR=0.0005, VALUE_LAMBDA=0.0, ACTOR_LR=0.005 ... done (54.5s)
[8/9] Evaluating: LR=0.0005, VALUE_LAMBDA=0.0, ACTOR_LR=0.001 ... done (54.5s)
[9/9] Evaluating: LR=0.0005, VALUE_LAMBDA=0.0, ACTOR_LR=0.0005 ... done (54.4s)

Tuning summary saved to results/lambda_sweep/20260915_230741/Whirlpool/ppo/exact_E_lambda_0.0/tuning/20260915_232807/Whirlpool/tuning_summary.csv
Best configuration saved to results/lambda_sweep/20260915_230741/Whirlpool/ppo/exact_E_lambda_0.0/tuning/20260915_232807/Whirlpool/best_config.json

============================================================
★ TOP CONFIGURATION: LR=0.005, VALUE_LAMBDA=0.0, ACTOR_LR=0.005 (Ranked by auc [higher is better])
  AUC V_start:          6.5534e-02
  Final Window (750 steps): 7.5969e-02
  Final V_start:         7.5992e-02 (±3.9544e-05)
  Min V_start:           7.0677e-04
============================================================

Top 5 Configurations:
 rank  config_idx    LR  VALUE_LAMBDA  ACTOR_LR  auc_V_start  final_window_V_start  final_V_start_mean  final_V_start_std  min_V_start  max_V_start  mean_V_start
    1           0 0.005           0.0    0.0050     0.065534              0.075969            0.075992           0.000040     0.000707     0.076154      0.065534
    2           1 0.005           0.0    0.0010     0.058139              0.073702            0.075826           0.000065     0.000707     0.075826      0.058139
    3           3 0.001           0.0    0.0050     0.056285              0.071428            0.075951           0.000080     0.000707     0.075961      0.056285
    4           4 0.001           0.0    0.0010     0.050046              0.065332            0.075770           0.000233     0.000707     0.075771      0.050046
    5           2 0.005           0.0    0.0005     0.047739              0.062853            0.074744           0.000315     0.000707     0.074744      0.047739
============================================================

Results saved to results/lambda_sweep/20260915_230741/Whirlpool/ppo/exact_E_lambda_0.0/tuning/20260915_232807/Whirlpool/out.pkl
Config saved to results/lambda_sweep/20260915_230741/Whirlpool/ppo/exact_E_lambda_0.0/tuning/20260915_232807/Whirlpool/config.json
Config saved to results/lambda_sweep/20260915_230741/Whirlpool/ppo/exact_E_lambda_0.0/tuning/20260915_232807/Whirlpool/config.json
Sweep plot saved to results/lambda_sweep/20260915_230741/Whirlpool/ppo/exact_E_lambda_0.0/tuning/20260915_232807/Whirlpool/hyperparameter_sweep_V_start.png
Best config seeds plot saved to results/lambda_sweep/20260915_230741/Whirlpool/ppo/exact_E_lambda_0.0/tuning/20260915_232807/Whirlpool/best_config_seeds.png
All configs seed grid saved to results/lambda_sweep/20260915_230741/Whirlpool/ppo/exact_E_lambda_0.0/tuning/20260915_232807/Whirlpool/all_configs_seeds_grid.png
Successfully completed tuning for exact_E_lambda_0.0

---> Running sweep for pseudo-algorithm: exact_E_lambda_0.5
Env: Whirlpool
Default Obs Shape: (21, 21, 2)
Obs Shape: (21, 21, 2)
Action Shape: ()

============================================================
RUNNING SWEEP: 9 configs x 5 seeds = 45 runs
Environment: Whirlpool | Primary Metric: V_start
Hyperparameters: ['LR', 'VALUE_LAMBDA', 'ACTOR_LR']
Ranking By: auc (higher is better)
============================================================

[1/9] Evaluating: LR=0.005, VALUE_LAMBDA=0.5, ACTOR_LR=0.005 ...- obs shape for initialization is  (21, 21, 2)
number of features is  16
 done (60.0s)
[2/9] Evaluating: LR=0.005, VALUE_LAMBDA=0.5, ACTOR_LR=0.001 ... done (54.3s)
[3/9] Evaluating: LR=0.005, VALUE_LAMBDA=0.5, ACTOR_LR=0.0005 ... done (54.2s)
[4/9] Evaluating: LR=0.001, VALUE_LAMBDA=0.5, ACTOR_LR=0.005 ... done (54.2s)
[5/9] Evaluating: LR=0.001, VALUE_LAMBDA=0.5, ACTOR_LR=0.001 ... done (54.3s)
[6/9] Evaluating: LR=0.001, VALUE_LAMBDA=0.5, ACTOR_LR=0.0005 ... done (54.3s)
[7/9] Evaluating: LR=0.0005, VALUE_LAMBDA=0.5, ACTOR_LR=0.005 ... done (54.2s)
[8/9] Evaluating: LR=0.0005, VALUE_LAMBDA=0.5, ACTOR_LR=0.001 ... done (54.2s)
[9/9] Evaluating: LR=0.0005, VALUE_LAMBDA=0.5, ACTOR_LR=0.0005 ... done (54.3s)

Tuning summary saved to results/lambda_sweep/20260915_230741/Whirlpool/ppo/exact_E_lambda_0.5/tuning/20260915_233657/Whirlpool/tuning_summary.csv
Best configuration saved to results/lambda_sweep/20260915_230741/Whirlpool/ppo/exact_E_lambda_0.5/tuning/20260915_233657/Whirlpool/best_config.json

============================================================
★ TOP CONFIGURATION: LR=0.005, VALUE_LAMBDA=0.5, ACTOR_LR=0.005 (Ranked by auc [higher is better])
  AUC V_start:          6.6991e-02
  Final Window (750 steps): 7.6044e-02
  Final V_start:         7.6033e-02 (±2.4749e-05)
  Min V_start:           7.0677e-04
============================================================

Top 5 Configurations:
 rank  config_idx     LR  VALUE_LAMBDA  ACTOR_LR  auc_V_start  final_window_V_start  final_V_start_mean  final_V_start_std  min_V_start  max_V_start  mean_V_start
    1           0 0.0050           0.5     0.005     0.066991              0.076044            0.076033           0.000025     0.000707     0.076105      0.066991
    2           3 0.0010           0.5     0.005     0.060655              0.074878            0.076003           0.000024     0.000707     0.076021      0.060655
    3           1 0.0050           0.5     0.001     0.059192              0.074194            0.075830           0.000079     0.000707     0.075831      0.059192
    4           4 0.0010           0.5     0.001     0.054294              0.070396            0.075851           0.000099     0.000707     0.075851      0.054294
    5           6 0.0005           0.5     0.005     0.052636              0.067759            0.075910           0.000111     0.000707     0.075910      0.052636
============================================================

Results saved to results/lambda_sweep/20260915_230741/Whirlpool/ppo/exact_E_lambda_0.5/tuning/20260915_233657/Whirlpool/out.pkl
Config saved to results/lambda_sweep/20260915_230741/Whirlpool/ppo/exact_E_lambda_0.5/tuning/20260915_233657/Whirlpool/config.json
Config saved to results/lambda_sweep/20260915_230741/Whirlpool/ppo/exact_E_lambda_0.5/tuning/20260915_233657/Whirlpool/config.json
Sweep plot saved to results/lambda_sweep/20260915_230741/Whirlpool/ppo/exact_E_lambda_0.5/tuning/20260915_233657/Whirlpool/hyperparameter_sweep_V_start.png
Best config seeds plot saved to results/lambda_sweep/20260915_230741/Whirlpool/ppo/exact_E_lambda_0.5/tuning/20260915_233657/Whirlpool/best_config_seeds.png
All configs seed grid saved to results/lambda_sweep/20260915_230741/Whirlpool/ppo/exact_E_lambda_0.5/tuning/20260915_233657/Whirlpool/all_configs_seeds_grid.png
Successfully completed tuning for exact_E_lambda_0.5

---> Running sweep for pseudo-algorithm: exact_E_lambda_0.9
Env: Whirlpool
Default Obs Shape: (21, 21, 2)
Obs Shape: (21, 21, 2)
Action Shape: ()

============================================================
RUNNING SWEEP: 9 configs x 5 seeds = 45 runs
Environment: Whirlpool | Primary Metric: V_start
Hyperparameters: ['LR', 'VALUE_LAMBDA', 'ACTOR_LR']
Ranking By: auc (higher is better)
============================================================

[1/9] Evaluating: LR=0.005, VALUE_LAMBDA=0.9, ACTOR_LR=0.005 ...- obs shape for initialization is  (21, 21, 2)
number of features is  16
 done (59.8s)
[2/9] Evaluating: LR=0.005, VALUE_LAMBDA=0.9, ACTOR_LR=0.001 ... done (54.3s)
[3/9] Evaluating: LR=0.005, VALUE_LAMBDA=0.9, ACTOR_LR=0.0005 ... done (54.3s)
[4/9] Evaluating: LR=0.001, VALUE_LAMBDA=0.9, ACTOR_LR=0.005 ... done (54.3s)
[5/9] Evaluating: LR=0.001, VALUE_LAMBDA=0.9, ACTOR_LR=0.001 ... done (54.3s)
[6/9] Evaluating: LR=0.001, VALUE_LAMBDA=0.9, ACTOR_LR=0.0005 ... done (54.2s)
[7/9] Evaluating: LR=0.0005, VALUE_LAMBDA=0.9, ACTOR_LR=0.005 ... done (54.2s)
[8/9] Evaluating: LR=0.0005, VALUE_LAMBDA=0.9, ACTOR_LR=0.001 ... done (54.3s)
[9/9] Evaluating: LR=0.0005, VALUE_LAMBDA=0.9, ACTOR_LR=0.0005 ... done (54.2s)

Tuning summary saved to results/lambda_sweep/20260915_230741/Whirlpool/ppo/exact_E_lambda_0.9/tuning/20260915_234524/Whirlpool/tuning_summary.csv
Best configuration saved to results/lambda_sweep/20260915_230741/Whirlpool/ppo/exact_E_lambda_0.9/tuning/20260915_234524/Whirlpool/best_config.json

============================================================
★ TOP CONFIGURATION: LR=0.005, VALUE_LAMBDA=0.9, ACTOR_LR=0.005 (Ranked by auc [higher is better])
  AUC V_start:          6.8655e-02
  Final Window (750 steps): 7.6068e-02
  Final V_start:         7.6015e-02 (±6.3795e-05)
  Min V_start:           7.0677e-04
============================================================

Top 5 Configurations:
 rank  config_idx     LR  VALUE_LAMBDA  ACTOR_LR  auc_V_start  final_window_V_start  final_V_start_mean  final_V_start_std  min_V_start  max_V_start  mean_V_start
    1           0 0.0050           0.9     0.005     0.068655              0.076068            0.076015           0.000064     0.000707     0.077505      0.068655
    2           3 0.0010           0.9     0.005     0.065354              0.076008            0.076031           0.000016     0.000707     0.076058      0.065354
    3           6 0.0005           0.9     0.005     0.060623              0.075049            0.076024           0.000011     0.000707     0.076030      0.060623
    4           1 0.0050           0.9     0.001     0.059947              0.074384            0.075846           0.000078     0.000707     0.075846      0.059947
    5           4 0.0010           0.9     0.001     0.058117              0.073887            0.075882           0.000083     0.000707     0.075885      0.058117
============================================================

Results saved to results/lambda_sweep/20260915_230741/Whirlpool/ppo/exact_E_lambda_0.9/tuning/20260915_234524/Whirlpool/out.pkl
Config saved to results/lambda_sweep/20260915_230741/Whirlpool/ppo/exact_E_lambda_0.9/tuning/20260915_234524/Whirlpool/config.json
Config saved to results/lambda_sweep/20260915_230741/Whirlpool/ppo/exact_E_lambda_0.9/tuning/20260915_234524/Whirlpool/config.json
Sweep plot saved to results/lambda_sweep/20260915_230741/Whirlpool/ppo/exact_E_lambda_0.9/tuning/20260915_234524/Whirlpool/hyperparameter_sweep_V_start.png
Best config seeds plot saved to results/lambda_sweep/20260915_230741/Whirlpool/ppo/exact_E_lambda_0.9/tuning/20260915_234524/Whirlpool/best_config_seeds.png
All configs seed grid saved to results/lambda_sweep/20260915_230741/Whirlpool/ppo/exact_E_lambda_0.9/tuning/20260915_234524/Whirlpool/all_configs_seeds_grid.png
Successfully completed tuning for exact_E_lambda_0.9

---> Running sweep for pseudo-algorithm: exact_E_lambda_0.95
Env: Whirlpool
Default Obs Shape: (21, 21, 2)
Obs Shape: (21, 21, 2)
Action Shape: ()

============================================================
RUNNING SWEEP: 9 configs x 5 seeds = 45 runs
Environment: Whirlpool | Primary Metric: V_start
Hyperparameters: ['LR', 'VALUE_LAMBDA', 'ACTOR_LR']
Ranking By: auc (higher is better)
============================================================

[1/9] Evaluating: LR=0.005, VALUE_LAMBDA=0.95, ACTOR_LR=0.005 ...- obs shape for initialization is  (21, 21, 2)
number of features is  16
 done (60.0s)
[2/9] Evaluating: LR=0.005, VALUE_LAMBDA=0.95, ACTOR_LR=0.001 ... done (54.2s)
[3/9] Evaluating: LR=0.005, VALUE_LAMBDA=0.95, ACTOR_LR=0.0005 ... done (54.3s)
[4/9] Evaluating: LR=0.001, VALUE_LAMBDA=0.95, ACTOR_LR=0.005 ... done (54.3s)
[5/9] Evaluating: LR=0.001, VALUE_LAMBDA=0.95, ACTOR_LR=0.001 ... done (54.3s)
[6/9] Evaluating: LR=0.001, VALUE_LAMBDA=0.95, ACTOR_LR=0.0005 ... done (54.3s)
[7/9] Evaluating: LR=0.0005, VALUE_LAMBDA=0.95, ACTOR_LR=0.005 ... done (54.3s)
[8/9] Evaluating: LR=0.0005, VALUE_LAMBDA=0.95, ACTOR_LR=0.001 ... done (54.3s)
[9/9] Evaluating: LR=0.0005, VALUE_LAMBDA=0.95, ACTOR_LR=0.0005 ... done (54.3s)

Tuning summary saved to results/lambda_sweep/20260915_230741/Whirlpool/ppo/exact_E_lambda_0.95/tuning/20260915_235350/Whirlpool/tuning_summary.csv
Best configuration saved to results/lambda_sweep/20260915_230741/Whirlpool/ppo/exact_E_lambda_0.95/tuning/20260915_235350/Whirlpool/best_config.json

============================================================
★ TOP CONFIGURATION: LR=0.005, VALUE_LAMBDA=0.95, ACTOR_LR=0.005 (Ranked by auc [higher is better])
  AUC V_start:          6.8986e-02
  Final Window (750 steps): 7.6055e-02
  Final V_start:         7.6046e-02 (±1.0084e-05)
  Min V_start:           7.0677e-04
============================================================

Top 5 Configurations:
 rank  config_idx     LR  VALUE_LAMBDA  ACTOR_LR  auc_V_start  final_window_V_start  final_V_start_mean  final_V_start_std  min_V_start  max_V_start  mean_V_start
    1           0 0.0050          0.95     0.005     0.068986              0.076055            0.076046           0.000010     0.000707     0.080009      0.068986
    2           3 0.0010          0.95     0.005     0.066095              0.076014            0.076031           0.000010     0.000707     0.076062      0.066095
    3           6 0.0005          0.95     0.005     0.062340              0.075547            0.076025           0.000004     0.000707     0.076049      0.062340
    4           1 0.0050          0.95     0.001     0.059997              0.074391            0.075847           0.000075     0.000707     0.075847      0.059997
    5           4 0.0010          0.95     0.001     0.058759              0.074233            0.075889           0.000075     0.000707     0.075890      0.058759
============================================================

Results saved to results/lambda_sweep/20260915_230741/Whirlpool/ppo/exact_E_lambda_0.95/tuning/20260915_235350/Whirlpool/out.pkl
Config saved to results/lambda_sweep/20260915_230741/Whirlpool/ppo/exact_E_lambda_0.95/tuning/20260915_235350/Whirlpool/config.json
Config saved to results/lambda_sweep/20260915_230741/Whirlpool/ppo/exact_E_lambda_0.95/tuning/20260915_235350/Whirlpool/config.json
Sweep plot saved to results/lambda_sweep/20260915_230741/Whirlpool/ppo/exact_E_lambda_0.95/tuning/20260915_235350/Whirlpool/hyperparameter_sweep_V_start.png
Best config seeds plot saved to results/lambda_sweep/20260915_230741/Whirlpool/ppo/exact_E_lambda_0.95/tuning/20260915_235350/Whirlpool/best_config_seeds.png
All configs seed grid saved to results/lambda_sweep/20260915_230741/Whirlpool/ppo/exact_E_lambda_0.95/tuning/20260915_235350/Whirlpool/all_configs_seeds_grid.png
Successfully completed tuning for exact_E_lambda_0.95

---> Running sweep for pseudo-algorithm: exact_E_lambda_0.99
Env: Whirlpool
Default Obs Shape: (21, 21, 2)
Obs Shape: (21, 21, 2)
Action Shape: ()

============================================================
RUNNING SWEEP: 9 configs x 5 seeds = 45 runs
Environment: Whirlpool | Primary Metric: V_start
Hyperparameters: ['LR', 'VALUE_LAMBDA', 'ACTOR_LR']
Ranking By: auc (higher is better)
============================================================

[1/9] Evaluating: LR=0.005, VALUE_LAMBDA=0.99, ACTOR_LR=0.005 ...- obs shape for initialization is  (21, 21, 2)
number of features is  16
 done (59.9s)
[2/9] Evaluating: LR=0.005, VALUE_LAMBDA=0.99, ACTOR_LR=0.001 ... done (54.2s)
[3/9] Evaluating: LR=0.005, VALUE_LAMBDA=0.99, ACTOR_LR=0.0005 ... done (54.2s)
[4/9] Evaluating: LR=0.001, VALUE_LAMBDA=0.99, ACTOR_LR=0.005 ... done (54.2s)
[5/9] Evaluating: LR=0.001, VALUE_LAMBDA=0.99, ACTOR_LR=0.001 ... done (54.3s)
[6/9] Evaluating: LR=0.001, VALUE_LAMBDA=0.99, ACTOR_LR=0.0005 ... done (54.3s)
[7/9] Evaluating: LR=0.0005, VALUE_LAMBDA=0.99, ACTOR_LR=0.005 ... done (54.3s)
[8/9] Evaluating: LR=0.0005, VALUE_LAMBDA=0.99, ACTOR_LR=0.001 ... done (54.3s)
[9/9] Evaluating: LR=0.0005, VALUE_LAMBDA=0.99, ACTOR_LR=0.0005 ... done (54.3s)

Tuning summary saved to results/lambda_sweep/20260915_230741/Whirlpool/ppo/exact_E_lambda_0.99/tuning/20260916_000217/Whirlpool/tuning_summary.csv
Best configuration saved to results/lambda_sweep/20260915_230741/Whirlpool/ppo/exact_E_lambda_0.99/tuning/20260916_000217/Whirlpool/best_config.json

============================================================
★ TOP CONFIGURATION: LR=0.005, VALUE_LAMBDA=0.99, ACTOR_LR=0.005 (Ranked by auc [higher is better])
  AUC V_start:          6.9164e-02
  Final Window (750 steps): 7.6054e-02
  Final V_start:         7.6030e-02 (±3.3384e-05)
  Min V_start:           7.0677e-04
============================================================

Top 5 Configurations:
 rank  config_idx     LR  VALUE_LAMBDA  ACTOR_LR  auc_V_start  final_window_V_start  final_V_start_mean  final_V_start_std  min_V_start  max_V_start  mean_V_start
    1           0 0.0050          0.99     0.005     0.069164              0.076054            0.076030           0.000033     0.000707     0.079375      0.069164
    2           3 0.0010          0.99     0.005     0.067031              0.075984            0.076027           0.000010     0.000707     0.076042      0.067031
    3           6 0.0005          0.99     0.005     0.063952              0.075582            0.076014           0.000039     0.000707     0.076169      0.063952
    4           1 0.0050          0.99     0.001     0.060053              0.074420            0.075848           0.000076     0.000707     0.075848      0.060053
    5           4 0.0010          0.99     0.001     0.059342              0.074518            0.075912           0.000085     0.000707     0.075912      0.059342
============================================================

Results saved to results/lambda_sweep/20260915_230741/Whirlpool/ppo/exact_E_lambda_0.99/tuning/20260916_000217/Whirlpool/out.pkl
Config saved to results/lambda_sweep/20260915_230741/Whirlpool/ppo/exact_E_lambda_0.99/tuning/20260916_000217/Whirlpool/config.json
Config saved to results/lambda_sweep/20260915_230741/Whirlpool/ppo/exact_E_lambda_0.99/tuning/20260916_000217/Whirlpool/config.json
Sweep plot saved to results/lambda_sweep/20260915_230741/Whirlpool/ppo/exact_E_lambda_0.99/tuning/20260916_000217/Whirlpool/hyperparameter_sweep_V_start.png
Best config seeds plot saved to results/lambda_sweep/20260915_230741/Whirlpool/ppo/exact_E_lambda_0.99/tuning/20260916_000217/Whirlpool/best_config_seeds.png
All configs seed grid saved to results/lambda_sweep/20260915_230741/Whirlpool/ppo/exact_E_lambda_0.99/tuning/20260916_000217/Whirlpool/all_configs_seeds_grid.png
Successfully completed tuning for exact_E_lambda_0.99
Sweep pipeline completed successfully for Whirlpool / exact_E_lambda
