======================================================================
Starting SLURM Lambda Sweep Worker
Environment: MountainCar-v0
Policy:      random
Algorithm:   exact_E_lambda
Sweep ID:    20260915_230741
======================================================================
======================================================================
Starting Lambda Sweep Worker
Sweep ID: 20260915_230741 | Env: MountainCar-v0 | Policy: random | Algo: exact_E_lambda
Lambdas: [0.0, 0.5, 0.9, 0.95, 0.99]
======================================================================

---> Running sweep for pseudo-algorithm: exact_E_lambda_0.0
Env: MountainCar-v0
Default Obs Shape: (2,)
Obs Shape: (2,)
Action Shape: ()

============================================================
RUNNING SWEEP: 3 configs x 5 seeds = 15 runs
Environment: MountainCar-v0 | Primary Metric: nn_weighted_VE
Hyperparameters: ['LR', 'VALUE_LAMBDA']
Ranking By: auc (lower is better)
============================================================

[1/3] Evaluating: LR=0.005, VALUE_LAMBDA=0.0 ...- obs shape for initialization is  (2,)
number of features is  16
 done (59.0s)
[2/3] Evaluating: LR=0.001, VALUE_LAMBDA=0.0 ... done (19.7s)
[3/3] Evaluating: LR=0.0005, VALUE_LAMBDA=0.0 ... done (19.9s)

Tuning summary saved to results/lambda_sweep/20260915_230741/MountainCar-v0/random/exact_E_lambda_0.0/tuning/20260915_233605/MountainCar-v0/tuning_summary.csv
Best configuration saved to results/lambda_sweep/20260915_230741/MountainCar-v0/random/exact_E_lambda_0.0/tuning/20260915_233605/MountainCar-v0/best_config.json

============================================================
★ TOP CONFIGURATION: LR=0.005, VALUE_LAMBDA=0.0 (Ranked by auc [lower is better])
  AUC nn_weighted_VE:          1.8255e-03
  Final Window (750 steps): 2.2488e-04
  Final nn_weighted_VE:         3.8260e-05 (±9.2325e-06)
  Min nn_weighted_VE:           3.7933e-05
============================================================

Top 5 Configurations:
 rank  config_idx     LR  VALUE_LAMBDA  auc_nn_weighted_VE  final_window_nn_weighted_VE  final_nn_weighted_VE_mean  final_nn_weighted_VE_std  min_nn_weighted_VE  max_nn_weighted_VE  mean_nn_weighted_VE
    1           0 0.0050           0.0            0.001825                     0.000225                   0.000038                  0.000009            0.000038             0.02736             0.001825
    2           1 0.0010           0.0            0.004217                     0.001025                   0.000669                  0.000040            0.000669             0.02736             0.004217
    3           2 0.0005           0.0            0.006441                     0.002825                   0.000835                  0.000045            0.000835             0.02736             0.006441
============================================================

Results saved to results/lambda_sweep/20260915_230741/MountainCar-v0/random/exact_E_lambda_0.0/tuning/20260915_233605/MountainCar-v0/out.pkl
Config saved to results/lambda_sweep/20260915_230741/MountainCar-v0/random/exact_E_lambda_0.0/tuning/20260915_233605/MountainCar-v0/config.json
Config saved to results/lambda_sweep/20260915_230741/MountainCar-v0/random/exact_E_lambda_0.0/tuning/20260915_233605/MountainCar-v0/config.json
Sweep plot saved to results/lambda_sweep/20260915_230741/MountainCar-v0/random/exact_E_lambda_0.0/tuning/20260915_233605/MountainCar-v0/hyperparameter_sweep_nn_weighted_VE.png
Best config seeds plot saved to results/lambda_sweep/20260915_230741/MountainCar-v0/random/exact_E_lambda_0.0/tuning/20260915_233605/MountainCar-v0/best_config_seeds.png
All configs seed grid saved to results/lambda_sweep/20260915_230741/MountainCar-v0/random/exact_E_lambda_0.0/tuning/20260915_233605/MountainCar-v0/all_configs_seeds_grid.png
Successfully completed tuning for exact_E_lambda_0.0

---> Running sweep for pseudo-algorithm: exact_E_lambda_0.5
Env: MountainCar-v0
Default Obs Shape: (2,)
Obs Shape: (2,)
Action Shape: ()

============================================================
RUNNING SWEEP: 3 configs x 5 seeds = 15 runs
Environment: MountainCar-v0 | Primary Metric: nn_weighted_VE
Hyperparameters: ['LR', 'VALUE_LAMBDA']
Ranking By: auc (lower is better)
============================================================

[1/3] Evaluating: LR=0.005, VALUE_LAMBDA=0.5 ...- obs shape for initialization is  (2,)
number of features is  16
 done (28.5s)
[2/3] Evaluating: LR=0.001, VALUE_LAMBDA=0.5 ... done (19.9s)
[3/3] Evaluating: LR=0.0005, VALUE_LAMBDA=0.5 ... done (19.8s)

Tuning summary saved to results/lambda_sweep/20260915_230741/MountainCar-v0/random/exact_E_lambda_0.5/tuning/20260915_233747/MountainCar-v0/tuning_summary.csv
Best configuration saved to results/lambda_sweep/20260915_230741/MountainCar-v0/random/exact_E_lambda_0.5/tuning/20260915_233747/MountainCar-v0/best_config.json

============================================================
★ TOP CONFIGURATION: LR=0.005, VALUE_LAMBDA=0.5 (Ranked by auc [lower is better])
  AUC nn_weighted_VE:          1.6671e-03
  Final Window (750 steps): 1.8536e-04
  Final nn_weighted_VE:         2.5551e-05 (±5.4377e-06)
  Min nn_weighted_VE:           2.3634e-05
============================================================

Top 5 Configurations:
 rank  config_idx     LR  VALUE_LAMBDA  auc_nn_weighted_VE  final_window_nn_weighted_VE  final_nn_weighted_VE_mean  final_nn_weighted_VE_std  min_nn_weighted_VE  max_nn_weighted_VE  mean_nn_weighted_VE
    1           0 0.0050           0.5            0.001667                     0.000185                   0.000026                  0.000005            0.000024             0.02736             0.001667
    2           1 0.0010           0.5            0.003694                     0.000709                   0.000453                  0.000095            0.000453             0.02736             0.003694
    3           2 0.0005           0.5            0.005555                     0.001900                   0.000638                  0.000045            0.000638             0.02736             0.005555
============================================================

Results saved to results/lambda_sweep/20260915_230741/MountainCar-v0/random/exact_E_lambda_0.5/tuning/20260915_233747/MountainCar-v0/out.pkl
Config saved to results/lambda_sweep/20260915_230741/MountainCar-v0/random/exact_E_lambda_0.5/tuning/20260915_233747/MountainCar-v0/config.json
Config saved to results/lambda_sweep/20260915_230741/MountainCar-v0/random/exact_E_lambda_0.5/tuning/20260915_233747/MountainCar-v0/config.json
Sweep plot saved to results/lambda_sweep/20260915_230741/MountainCar-v0/random/exact_E_lambda_0.5/tuning/20260915_233747/MountainCar-v0/hyperparameter_sweep_nn_weighted_VE.png
Best config seeds plot saved to results/lambda_sweep/20260915_230741/MountainCar-v0/random/exact_E_lambda_0.5/tuning/20260915_233747/MountainCar-v0/best_config_seeds.png
All configs seed grid saved to results/lambda_sweep/20260915_230741/MountainCar-v0/random/exact_E_lambda_0.5/tuning/20260915_233747/MountainCar-v0/all_configs_seeds_grid.png
Successfully completed tuning for exact_E_lambda_0.5

---> Running sweep for pseudo-algorithm: exact_E_lambda_0.9
Env: MountainCar-v0
Default Obs Shape: (2,)
Obs Shape: (2,)
Action Shape: ()

============================================================
RUNNING SWEEP: 3 configs x 5 seeds = 15 runs
Environment: MountainCar-v0 | Primary Metric: nn_weighted_VE
Hyperparameters: ['LR', 'VALUE_LAMBDA']
Ranking By: auc (lower is better)
============================================================

[1/3] Evaluating: LR=0.005, VALUE_LAMBDA=0.9 ...- obs shape for initialization is  (2,)
number of features is  16
 done (28.0s)
[2/3] Evaluating: LR=0.001, VALUE_LAMBDA=0.9 ... done (19.9s)
[3/3] Evaluating: LR=0.0005, VALUE_LAMBDA=0.9 ... done (19.8s)

Tuning summary saved to results/lambda_sweep/20260915_230741/MountainCar-v0/random/exact_E_lambda_0.9/tuning/20260915_233858/MountainCar-v0/tuning_summary.csv
Best configuration saved to results/lambda_sweep/20260915_230741/MountainCar-v0/random/exact_E_lambda_0.9/tuning/20260915_233858/MountainCar-v0/best_config.json

============================================================
★ TOP CONFIGURATION: LR=0.005, VALUE_LAMBDA=0.9 (Ranked by auc [lower is better])
  AUC nn_weighted_VE:          1.3890e-03
  Final Window (750 steps): 6.5468e-05
  Final nn_weighted_VE:         2.1945e-05 (±9.5498e-06)
  Min nn_weighted_VE:           1.8344e-05
============================================================

Top 5 Configurations:
 rank  config_idx     LR  VALUE_LAMBDA  auc_nn_weighted_VE  final_window_nn_weighted_VE  final_nn_weighted_VE_mean  final_nn_weighted_VE_std  min_nn_weighted_VE  max_nn_weighted_VE  mean_nn_weighted_VE
    1           0 0.0050           0.9            0.001389                     0.000065                   0.000022                  0.000010            0.000018             0.02736             0.001389
    2           1 0.0010           0.9            0.003032                     0.000423                   0.000244                  0.000097            0.000244             0.02736             0.003032
    3           2 0.0005           0.9            0.004465                     0.000967                   0.000438                  0.000076            0.000438             0.02736             0.004465
============================================================

Results saved to results/lambda_sweep/20260915_230741/MountainCar-v0/random/exact_E_lambda_0.9/tuning/20260915_233858/MountainCar-v0/out.pkl
Config saved to results/lambda_sweep/20260915_230741/MountainCar-v0/random/exact_E_lambda_0.9/tuning/20260915_233858/MountainCar-v0/config.json
Config saved to results/lambda_sweep/20260915_230741/MountainCar-v0/random/exact_E_lambda_0.9/tuning/20260915_233858/MountainCar-v0/config.json
Sweep plot saved to results/lambda_sweep/20260915_230741/MountainCar-v0/random/exact_E_lambda_0.9/tuning/20260915_233858/MountainCar-v0/hyperparameter_sweep_nn_weighted_VE.png
Best config seeds plot saved to results/lambda_sweep/20260915_230741/MountainCar-v0/random/exact_E_lambda_0.9/tuning/20260915_233858/MountainCar-v0/best_config_seeds.png
All configs seed grid saved to results/lambda_sweep/20260915_230741/MountainCar-v0/random/exact_E_lambda_0.9/tuning/20260915_233858/MountainCar-v0/all_configs_seeds_grid.png
Successfully completed tuning for exact_E_lambda_0.9

---> Running sweep for pseudo-algorithm: exact_E_lambda_0.95
Env: MountainCar-v0
Default Obs Shape: (2,)
Obs Shape: (2,)
Action Shape: ()

============================================================
RUNNING SWEEP: 3 configs x 5 seeds = 15 runs
Environment: MountainCar-v0 | Primary Metric: nn_weighted_VE
Hyperparameters: ['LR', 'VALUE_LAMBDA']
Ranking By: auc (lower is better)
============================================================

[1/3] Evaluating: LR=0.005, VALUE_LAMBDA=0.95 ...- obs shape for initialization is  (2,)
number of features is  16
 done (27.9s)
[2/3] Evaluating: LR=0.001, VALUE_LAMBDA=0.95 ... done (19.9s)
[3/3] Evaluating: LR=0.0005, VALUE_LAMBDA=0.95 ... done (19.8s)

Tuning summary saved to results/lambda_sweep/20260915_230741/MountainCar-v0/random/exact_E_lambda_0.95/tuning/20260915_234008/MountainCar-v0/tuning_summary.csv
Best configuration saved to results/lambda_sweep/20260915_230741/MountainCar-v0/random/exact_E_lambda_0.95/tuning/20260915_234008/MountainCar-v0/best_config.json

============================================================
★ TOP CONFIGURATION: LR=0.005, VALUE_LAMBDA=0.95 (Ranked by auc [lower is better])
  AUC nn_weighted_VE:          1.3527e-03
  Final Window (750 steps): 7.4689e-05
  Final nn_weighted_VE:         2.0335e-05 (±6.2340e-06)
  Min nn_weighted_VE:           1.9853e-05
============================================================

Top 5 Configurations:
 rank  config_idx     LR  VALUE_LAMBDA  auc_nn_weighted_VE  final_window_nn_weighted_VE  final_nn_weighted_VE_mean  final_nn_weighted_VE_std  min_nn_weighted_VE  max_nn_weighted_VE  mean_nn_weighted_VE
    1           0 0.0050          0.95            0.001353                     0.000075                   0.000020                  0.000006            0.000020             0.02736             0.001353
    2           1 0.0010          0.95            0.002897                     0.000374                   0.000184                  0.000093            0.000184             0.02736             0.002897
    3           2 0.0005          0.95            0.004271                     0.000863                   0.000389                  0.000059            0.000389             0.02736             0.004271
============================================================

Results saved to results/lambda_sweep/20260915_230741/MountainCar-v0/random/exact_E_lambda_0.95/tuning/20260915_234008/MountainCar-v0/out.pkl
Config saved to results/lambda_sweep/20260915_230741/MountainCar-v0/random/exact_E_lambda_0.95/tuning/20260915_234008/MountainCar-v0/config.json
Config saved to results/lambda_sweep/20260915_230741/MountainCar-v0/random/exact_E_lambda_0.95/tuning/20260915_234008/MountainCar-v0/config.json
Sweep plot saved to results/lambda_sweep/20260915_230741/MountainCar-v0/random/exact_E_lambda_0.95/tuning/20260915_234008/MountainCar-v0/hyperparameter_sweep_nn_weighted_VE.png
Best config seeds plot saved to results/lambda_sweep/20260915_230741/MountainCar-v0/random/exact_E_lambda_0.95/tuning/20260915_234008/MountainCar-v0/best_config_seeds.png
All configs seed grid saved to results/lambda_sweep/20260915_230741/MountainCar-v0/random/exact_E_lambda_0.95/tuning/20260915_234008/MountainCar-v0/all_configs_seeds_grid.png
Successfully completed tuning for exact_E_lambda_0.95

---> Running sweep for pseudo-algorithm: exact_E_lambda_0.99
Env: MountainCar-v0
Default Obs Shape: (2,)
Obs Shape: (2,)
Action Shape: ()

============================================================
RUNNING SWEEP: 3 configs x 5 seeds = 15 runs
Environment: MountainCar-v0 | Primary Metric: nn_weighted_VE
Hyperparameters: ['LR', 'VALUE_LAMBDA']
Ranking By: auc (lower is better)
============================================================

[1/3] Evaluating: LR=0.005, VALUE_LAMBDA=0.99 ...2026-09-15 23:41:21.902074: E external/xla/xla/service/slow_operation_alarm.cc:65] Constant folding an instruction is taking > 1s:

  %reduce.74 = f32[1025,1025]{1,0} reduce(f32[1025,1025,3]{1,2,0} %constant.1075, f32[] %constant.619), dimensions={2}, to_apply=%scalar_add_computation, metadata={op_name="jit(train)/jit(main)/vmap(sa,sam->sm)/dot_general" source_file="/usr/project/xtmp/ds541/bellman_error/random_policy/exact_E_lambda.py" source_line=67}

This isn't necessarily a bug; constant-folding is inherently a trade-off between compilation time and speed at runtime. XLA has some guards that attempt to keep constant folding from taking too long, but fundamentally you'll always be able to come up with an input program that takes a long time.

If you'd like to file a bug, run with envvar XLA_FLAGS=--xla_dump_to=/tmp/foo and attach the results.
2026-09-15 23:41:21.948661: E external/xla/xla/service/slow_operation_alarm.cc:133] The operation took 1.0466745s
Constant folding an instruction is taking > 1s:

  %reduce.74 = f32[1025,1025]{1,0} reduce(f32[1025,1025,3]{1,2,0} %constant.1075, f32[] %constant.619), dimensions={2}, to_apply=%scalar_add_computation, metadata={op_name="jit(train)/jit(main)/vmap(sa,sam->sm)/dot_general" source_file="/usr/project/xtmp/ds541/bellman_error/random_policy/exact_E_lambda.py" source_line=67}

This isn't necessarily a bug; constant-folding is inherently a trade-off between compilation time and speed at runtime. XLA has some guards that attempt to keep constant folding from taking too long, but fundamentally you'll always be able to come up with an input program that takes a long time.

If you'd like to file a bug, run with envvar XLA_FLAGS=--xla_dump_to=/tmp/foo and attach the results.
- obs shape for initialization is  (2,)
number of features is  16
 done (28.3s)
[2/3] Evaluating: LR=0.001, VALUE_LAMBDA=0.99 ... done (19.8s)
[3/3] Evaluating: LR=0.0005, VALUE_LAMBDA=0.99 ... done (19.9s)

Tuning summary saved to results/lambda_sweep/20260915_230741/MountainCar-v0/random/exact_E_lambda_0.99/tuning/20260915_234118/MountainCar-v0/tuning_summary.csv
Best configuration saved to results/lambda_sweep/20260915_230741/MountainCar-v0/random/exact_E_lambda_0.99/tuning/20260915_234118/MountainCar-v0/best_config.json

============================================================
★ TOP CONFIGURATION: LR=0.005, VALUE_LAMBDA=0.99 (Ranked by auc [lower is better])
  AUC nn_weighted_VE:          1.3781e-03
  Final Window (750 steps): 1.2812e-04
  Final nn_weighted_VE:         3.0382e-05 (±4.0865e-06)
  Min nn_weighted_VE:           2.7701e-05
============================================================

Top 5 Configurations:
 rank  config_idx     LR  VALUE_LAMBDA  auc_nn_weighted_VE  final_window_nn_weighted_VE  final_nn_weighted_VE_mean  final_nn_weighted_VE_std  min_nn_weighted_VE  max_nn_weighted_VE  mean_nn_weighted_VE
    1           0 0.0050          0.99            0.001378                     0.000128                   0.000030                  0.000004            0.000028             0.02736             0.001378
    2           1 0.0010          0.99            0.002937                     0.000484                   0.000342                  0.000074            0.000342             0.02736             0.002937
    3           2 0.0005          0.99            0.004242                     0.000947                   0.000459                  0.000045            0.000459             0.02736             0.004242
============================================================

Results saved to results/lambda_sweep/20260915_230741/MountainCar-v0/random/exact_E_lambda_0.99/tuning/20260915_234118/MountainCar-v0/out.pkl
Config saved to results/lambda_sweep/20260915_230741/MountainCar-v0/random/exact_E_lambda_0.99/tuning/20260915_234118/MountainCar-v0/config.json
Config saved to results/lambda_sweep/20260915_230741/MountainCar-v0/random/exact_E_lambda_0.99/tuning/20260915_234118/MountainCar-v0/config.json
Sweep plot saved to results/lambda_sweep/20260915_230741/MountainCar-v0/random/exact_E_lambda_0.99/tuning/20260915_234118/MountainCar-v0/hyperparameter_sweep_nn_weighted_VE.png
Best config seeds plot saved to results/lambda_sweep/20260915_230741/MountainCar-v0/random/exact_E_lambda_0.99/tuning/20260915_234118/MountainCar-v0/best_config_seeds.png
All configs seed grid saved to results/lambda_sweep/20260915_230741/MountainCar-v0/random/exact_E_lambda_0.99/tuning/20260915_234118/MountainCar-v0/all_configs_seeds_grid.png
Successfully completed tuning for exact_E_lambda_0.99
Sweep pipeline completed successfully for MountainCar-v0 / exact_E_lambda
